2026-08-13T09:16:50.057567+00:00   INFO pegaflow_server: lib.rs:480 Starting pega-engine-server v0.23.3
2026-08-13T09:16:50.326038+00:00   INFO pegaflow_server: lib.rs:319 Ascend ACL runtime initialized, device 0 set as current
2026-08-13T09:16:50.326132+00:00   INFO pegaflow_server::check_ascend_version: check_ascend_version.rs:40 Ascend preflight: minimum required version 1.16.0
2026-08-13T09:16:50.326195+00:00   INFO pegaflow_server::check_ascend_version: check_ascend_version.rs:52 Ascend preflight: runtime version 1.16.0 detected
2026-08-13T09:16:50.326204+00:00   INFO pegaflow_server: lib.rs:498 Using specified device(s): [3, 4, 5, 6, 7]
2026-08-13T09:16:58.604012+00:00   INFO pegaflow_server: lib.rs:397 Initialized context for device 3 in 0.23s
2026-08-13T09:16:58.835940+00:00   INFO pegaflow_server: lib.rs:397 Initialized context for device 4 in 0.23s
2026-08-13T09:16:59.060182+00:00   INFO pegaflow_server: lib.rs:397 Initialized context for device 5 in 0.22s
2026-08-13T09:16:59.292466+00:00   INFO pegaflow_server: lib.rs:397 Initialized context for device 6 in 0.23s
2026-08-13T09:16:59.527202+00:00   INFO pegaflow_server: lib.rs:397 Initialized context for device 7 in 0.23s
2026-08-13T09:16:59.527288+00:00   INFO pegaflow_server: lib.rs:507 Device runtime initialized for 5 device(s): [3, 4, 5, 6, 7]
2026-08-13T09:16:59.527517+00:00   INFO pegaflow_server: lib.rs:528 Creating PegaEngine with pinned memory pool: 16.00 GiB (17179869184 bytes), hugepages=false
2026-08-13T09:16:59.601432+00:00   INFO pegaflow_server: lib.rs:446 Prometheus metrics exporter enabled
2026-08-13T09:16:59.601542+00:00   INFO opentelemetry: metrics.rs:29  name="MeterProvider.GlobalSet" message=Global meter provider is set. Meters can now be created using global::meter() or global::meter_with_scope().
2026-08-13T09:17:05.099668+00:00   INFO pegaflow_common::numa: numa.rs:650 === Device-NUMA Topology ===
2026-08-13T09:17:05.099740+00:00   INFO pegaflow_common::numa: numa.rs:651 NUMA nodes: 8
2026-08-13T09:17:05.099750+00:00   INFO pegaflow_common::numa: numa.rs:659   Device 0 -> NUMA6
2026-08-13T09:17:05.099758+00:00   INFO pegaflow_common::numa: numa.rs:659   Device 1 -> NUMA6
2026-08-13T09:17:05.099765+00:00   INFO pegaflow_common::numa: numa.rs:659   Device 2 -> NUMA4
2026-08-13T09:17:05.099771+00:00   INFO pegaflow_common::numa: numa.rs:659   Device 3 -> NUMA4
2026-08-13T09:17:05.099778+00:00   INFO pegaflow_common::numa: numa.rs:659   Device 4 -> NUMA0
2026-08-13T09:17:05.099784+00:00   INFO pegaflow_common::numa: numa.rs:659   Device 5 -> NUMA0
2026-08-13T09:17:05.099790+00:00   INFO pegaflow_common::numa: numa.rs:659   Device 6 -> NUMA2
2026-08-13T09:17:05.099796+00:00   INFO pegaflow_common::numa: numa.rs:659   Device 7 -> NUMA2
2026-08-13T09:17:05.099805+00:00   INFO pegaflow_core: lib.rs:163 Auto-enabling NUMA-aware memory allocation for 4 GPU-local NUMA nodes (8 CPU NUMA nodes detected)
2026-08-13T09:17:05.099837+00:00   INFO pegaflow_core::storage: mod.rs:150 Creating NUMA-aware pinned pools for 4 nodes
2026-08-13T09:17:05.099845+00:00   INFO pegaflow_core::pinned_pool: pinned_pool.rs:547 Creating NUMA-aware pools: total=16.0 GiB, nodes=4, per_node=4.0 GiB, shards_per_node=1
2026-08-13T09:17:05.100782+00:00   INFO pegaflow_core::pinned_pool: pinned_pool.rs:203 Allocating pinned memory pool with aclrtMallocHost mapped pages
2026-08-13T09:17:05.100892+00:00   INFO pegaflow_core::pinned_pool: pinned_pool.rs:262 Ascend pinned pool on NUMA node NUMA0 → using device 5
2026-08-13T09:17:05.125774+00:00   INFO pegaflow_core::pinned_pool: pinned_pool.rs:213 Pinned pool: backing_size=4.0 GiB, unit_size=512 B, max_units=8388608, allocatable_size=4.0 GiB
2026-08-13T09:17:05.186228+00:00   INFO pegaflow_core::pinned_pool: pinned_pool.rs:580 Created pinned pool on NUMA0: capacity=4.0 GiB
2026-08-13T09:17:05.186831+00:00   INFO pegaflow_core::pinned_pool: pinned_pool.rs:203 Allocating pinned memory pool with aclrtMallocHost mapped pages
2026-08-13T09:17:05.186874+00:00   INFO pegaflow_core::pinned_pool: pinned_pool.rs:262 Ascend pinned pool on NUMA node NUMA2 → using device 7
2026-08-13T09:17:05.211391+00:00   INFO pegaflow_core::pinned_pool: pinned_pool.rs:213 Pinned pool: backing_size=4.0 GiB, unit_size=512 B, max_units=8388608, allocatable_size=4.0 GiB
2026-08-13T09:17:05.270361+00:00   INFO pegaflow_core::pinned_pool: pinned_pool.rs:580 Created pinned pool on NUMA2: capacity=4.0 GiB
2026-08-13T09:17:05.271005+00:00   INFO pegaflow_core::pinned_pool: pinned_pool.rs:203 Allocating pinned memory pool with aclrtMallocHost mapped pages
2026-08-13T09:17:05.271087+00:00   INFO pegaflow_core::pinned_pool: pinned_pool.rs:262 Ascend pinned pool on NUMA node NUMA4 → using device 3
2026-08-13T09:17:05.296171+00:00   INFO pegaflow_core::pinned_pool: pinned_pool.rs:213 Pinned pool: backing_size=4.0 GiB, unit_size=512 B, max_units=8388608, allocatable_size=4.0 GiB
2026-08-13T09:17:05.362846+00:00   INFO pegaflow_core::pinned_pool: pinned_pool.rs:580 Created pinned pool on NUMA4: capacity=4.0 GiB
2026-08-13T09:17:05.363410+00:00   INFO pegaflow_core::pinned_pool: pinned_pool.rs:203 Allocating pinned memory pool with aclrtMallocHost mapped pages
2026-08-13T09:17:05.363499+00:00   INFO pegaflow_core::pinned_pool: pinned_pool.rs:262 Ascend pinned pool on NUMA node NUMA6 → using device 0
2026-08-13T09:17:05.388262+00:00   INFO pegaflow_core::pinned_pool: pinned_pool.rs:213 Pinned pool: backing_size=4.0 GiB, unit_size=512 B, max_units=8388608, allocatable_size=4.0 GiB
2026-08-13T09:17:05.443854+00:00   INFO pegaflow_core::pinned_pool: pinned_pool.rs:580 Created pinned pool on NUMA6: capacity=4.0 GiB
2026-08-13T09:17:05.444349+00:00   INFO pegaflow_server: lib.rs:688 Background GC task started (interval=60s, inflight_max_age=5m, failed_remote_max_age=5m)
2026-08-13T09:17:05.444469+00:00   INFO pegaflow_server::http_server: http_server.rs:187 Starting HTTP server on 0.0.0.0:9091 (/health, /metrics, /instances, /instances/cleanup, /cache/memory/cleanup)
2026-08-13T09:17:05.444510+00:00   INFO pegaflow_server: lib.rs:716 PegaEngine gRPC server listening on 0.0.0.0:50080
2026-08-13T09:19:04.304366+00:00   INFO pegaflow_core::gpu_worker: gpu_worker.rs:338 GPU worker initialized: device=6 backend=ascend_batch device_id=6
2026-08-13T09:19:04.304782+00:00   INFO pegaflow_core::gpu_worker: gpu_worker.rs:338 GPU worker initialized: device=6 backend=ascend_batch device_id=6
2026-08-13T09:19:04.304891+00:00   INFO pegaflow_core::gpu_worker: gpu_worker.rs:200 GPU worker pool started: device=6, numa_node=NUMA2, transfer_mode=AscendDirect
2026-08-13T09:19:04.304984+00:00   INFO pegaflow_core::instance: instance.rs:706 Sealed instance topology: instance=5ef30895-cb0b-4d91-b715-ef27edb68556-4d6d503cd1b24e7eb6bad13df8aabe51, num_layers=72, tp_size=1, world_size=1, total_slots=72
2026-08-13T09:19:04.304995+00:00   INFO pegaflow_core::instance: instance.rs:719 Initialized GPU context: device_id=6, numa_node=NUMA2
2026-08-13T09:19:04.305001+00:00   INFO pegaflow_core: lib.rs:452 Registered context batch: instance=5ef30895-cb0b-4d91-b715-ef27edb68556-4d6d503cd1b24e7eb6bad13df8aabe51, namespace=audit-iso-c2-6, device=6, layers=72, tp_rank=0/1, pp_rank=0
2026-08-13T09:19:06.110256+00:00   INFO pegaflow_core::gpu_worker: gpu_worker.rs:338 GPU worker initialized: device=7 backend=ascend_batch device_id=7
2026-08-13T09:19:06.110543+00:00   INFO pegaflow_core::gpu_worker: gpu_worker.rs:338 GPU worker initialized: device=7 backend=ascend_batch device_id=7
2026-08-13T09:19:06.110626+00:00   INFO pegaflow_core::gpu_worker: gpu_worker.rs:200 GPU worker pool started: device=7, numa_node=NUMA2, transfer_mode=AscendDirect
2026-08-13T09:19:06.110728+00:00   INFO pegaflow_core::instance: instance.rs:706 Sealed instance topology: instance=b9fb2380-9949-475c-a579-a048aca2c519-a8516a0744594691a9a9b79d6a782c43, num_layers=72, tp_size=1, world_size=1, total_slots=72
2026-08-13T09:19:06.110751+00:00   INFO pegaflow_core::instance: instance.rs:719 Initialized GPU context: device_id=7, numa_node=NUMA2
2026-08-13T09:19:06.110759+00:00   INFO pegaflow_core: lib.rs:452 Registered context batch: instance=b9fb2380-9949-475c-a579-a048aca2c519-a8516a0744594691a9a9b79d6a782c43, namespace=audit-iso-c2-7, device=7, layers=72, tp_rank=0/1, pp_rank=0
2026-08-13T09:19:09.503096+00:00   INFO pegaflow_core::gpu_worker: gpu_worker.rs:338 GPU worker initialized: device=4 backend=ascend_batch device_id=4
2026-08-13T09:19:09.503714+00:00   INFO pegaflow_core::gpu_worker: gpu_worker.rs:338 GPU worker initialized: device=4 backend=ascend_batch device_id=4
2026-08-13T09:19:09.503790+00:00   INFO pegaflow_core::gpu_worker: gpu_worker.rs:200 GPU worker pool started: device=4, numa_node=NUMA0, transfer_mode=AscendDirect
2026-08-13T09:19:09.503901+00:00   INFO pegaflow_core::instance: instance.rs:706 Sealed instance topology: instance=164692ff-52ed-4d05-a989-3a815ce10baf-e4d4b3bee19a474e8a831193ae4a2e52, num_layers=72, tp_size=1, world_size=1, total_slots=72
2026-08-13T09:19:09.503917+00:00   INFO pegaflow_core::instance: instance.rs:719 Initialized GPU context: device_id=4, numa_node=NUMA0
2026-08-13T09:19:09.503924+00:00   INFO pegaflow_core: lib.rs:452 Registered context batch: instance=164692ff-52ed-4d05-a989-3a815ce10baf-e4d4b3bee19a474e8a831193ae4a2e52, namespace=audit-iso-c2-4, device=4, layers=72, tp_rank=0/1, pp_rank=0
2026-08-13T09:19:11.445327+00:00   INFO pegaflow_server::service: service.rs:931 Session opened: instance_id=5ef30895-cb0b-4d91-b715-ef27edb68556-4d6d503cd1b24e7eb6bad13df8aabe51 namespace=audit-iso-c2-6 tp_size=1 world_size=1 token=1
2026-08-13T09:19:13.452365+00:00   INFO pegaflow_server::service: service.rs:931 Session opened: instance_id=b9fb2380-9949-475c-a579-a048aca2c519-a8516a0744594691a9a9b79d6a782c43 namespace=audit-iso-c2-7 tp_size=1 world_size=1 token=2
2026-08-13T09:19:14.439031+00:00   INFO pegaflow_core::gpu_worker: gpu_worker.rs:338 GPU worker initialized: device=3 backend=ascend_batch device_id=3
2026-08-13T09:19:14.439636+00:00   INFO pegaflow_core::gpu_worker: gpu_worker.rs:338 GPU worker initialized: device=3 backend=ascend_batch device_id=3
2026-08-13T09:19:14.439741+00:00   INFO pegaflow_core::gpu_worker: gpu_worker.rs:200 GPU worker pool started: device=3, numa_node=NUMA4, transfer_mode=AscendDirect
2026-08-13T09:19:14.439912+00:00   INFO pegaflow_core::instance: instance.rs:706 Sealed instance topology: instance=3b912e10-d4da-4533-8285-21af61386de1-e2963ff881f1456fa43b7ba7a1273ea3, num_layers=72, tp_size=1, world_size=1, total_slots=72
2026-08-13T09:19:14.439936+00:00   INFO pegaflow_core::instance: instance.rs:719 Initialized GPU context: device_id=3, numa_node=NUMA4
2026-08-13T09:19:14.439944+00:00   INFO pegaflow_core: lib.rs:452 Registered context batch: instance=3b912e10-d4da-4533-8285-21af61386de1-e2963ff881f1456fa43b7ba7a1273ea3, namespace=audit-iso-c2-3, device=3, layers=72, tp_rank=0/1, pp_rank=0
2026-08-13T09:19:14.666335+00:00   INFO pegaflow_core::gpu_worker: gpu_worker.rs:338 GPU worker initialized: device=5 backend=ascend_batch device_id=5
2026-08-13T09:19:14.666507+00:00   INFO pegaflow_core::gpu_worker: gpu_worker.rs:338 GPU worker initialized: device=5 backend=ascend_batch device_id=5
2026-08-13T09:19:14.666595+00:00   INFO pegaflow_core::gpu_worker: gpu_worker.rs:200 GPU worker pool started: device=5, numa_node=NUMA0, transfer_mode=AscendDirect
2026-08-13T09:19:14.666789+00:00   INFO pegaflow_core::instance: instance.rs:706 Sealed instance topology: instance=acdea157-5f19-4a8b-821e-5bdf1c6da25f-f901d37999994cedbeaf875cda32f885, num_layers=72, tp_size=1, world_size=1, total_slots=72
2026-08-13T09:19:14.666808+00:00   INFO pegaflow_core::instance: instance.rs:719 Initialized GPU context: device_id=5, numa_node=NUMA0
2026-08-13T09:19:14.666815+00:00   INFO pegaflow_core: lib.rs:452 Registered context batch: instance=acdea157-5f19-4a8b-821e-5bdf1c6da25f-f901d37999994cedbeaf875cda32f885, namespace=audit-iso-c2-5, device=5, layers=72, tp_rank=0/1, pp_rank=0
2026-08-13T09:19:17.354215+00:00   INFO pegaflow_server::service: service.rs:931 Session opened: instance_id=164692ff-52ed-4d05-a989-3a815ce10baf-e4d4b3bee19a474e8a831193ae4a2e52 namespace=audit-iso-c2-4 tp_size=1 world_size=1 token=3
2026-08-13T09:19:23.038896+00:00   INFO pegaflow_server::service: service.rs:931 Session opened: instance_id=3b912e10-d4da-4533-8285-21af61386de1-e2963ff881f1456fa43b7ba7a1273ea3 namespace=audit-iso-c2-3 tp_size=1 world_size=1 token=4
2026-08-13T09:19:23.202964+00:00   INFO pegaflow_server::service: service.rs:931 Session opened: instance_id=acdea157-5f19-4a8b-821e-5bdf1c6da25f-f901d37999994cedbeaf875cda32f885 namespace=audit-iso-c2-5 tp_size=1 world_size=1 token=5
2026-08-13T09:19:32.972452+00:00   INFO pegaflow_core::storage::prefetch: prefetch.rs:316 Prefetch local-hit timing: req_id=cmpl-trace-d4004f68ebd3-0-8809f275 total_keys=76 hit=0 missing=76 key_build=9.11µs cache_scan=1.67µs task_schedule=870ns total=44.841µs
2026-08-13T09:20:07.433467+00:00   INFO pegaflow_core::storage::prefetch: prefetch.rs:316 Prefetch local-hit timing: req_id=cmpl-trace-81a98f76b9b8-0-bd86c859 total_keys=76 hit=0 missing=76 key_build=5.39µs cache_scan=1.78µs task_schedule=750ns total=21.45µs
2026-08-13T09:20:10.313822+00:00   INFO pegaflow_core::storage::prefetch: prefetch.rs:316 Prefetch local-hit timing: req_id=cmpl-trace-cac67ebe12c4-0-ad117b7d total_keys=76 hit=0 missing=76 key_build=7.69µs cache_scan=8.381µs task_schedule=1.09µs total=25.811µs
2026-08-13T09:20:13.336710+00:00   INFO pegaflow_core::storage::prefetch: prefetch.rs:316 Prefetch local-hit timing: req_id=cmpl-trace-d3b66b9e1963-0-a157f50b total_keys=76 hit=0 missing=76 key_build=11.28µs cache_scan=3.1µs task_schedule=1.77µs total=31.94µs
2026-08-13T09:20:17.479996+00:00   INFO pegaflow_core::storage::prefetch: prefetch.rs:316 Prefetch local-hit timing: req_id=cmpl-trace-1d5e11f082fa-0-96bf172f total_keys=76 hit=0 missing=76 key_build=9.5µs cache_scan=3.21µs task_schedule=2.17µs total=41.81µs
2026-08-13T09:20:30.353815+00:00   INFO pegaflow_core::storage::prefetch: prefetch.rs:316 Prefetch local-hit timing: req_id=cmpl-trace-06612b683783-0-b86aa7c7 total_keys=1 hit=0 missing=1 key_build=1.58µs cache_scan=1.98µs task_schedule=810ns total=14.71µs
2026-08-13T09:20:32.295491+00:00   INFO pegaflow_core::storage::prefetch: prefetch.rs:316 Prefetch local-hit timing: req_id=cmpl-trace-f6cac49c031b-0-84e7a6b8 total_keys=1 hit=0 missing=1 key_build=1.96µs cache_scan=5.91µs task_schedule=860ns total=16.62µs
2026-08-13T09:20:34.210700+00:00   INFO pegaflow_core::storage::prefetch: prefetch.rs:316 Prefetch local-hit timing: req_id=cmpl-trace-a4136effa717-0-92c7d2ed total_keys=1 hit=0 missing=1 key_build=480ns cache_scan=1.68µs task_schedule=790ns total=11.3µs
2026-08-13T09:20:36.133418+00:00   INFO pegaflow_core::storage::prefetch: prefetch.rs:316 Prefetch local-hit timing: req_id=cmpl-trace-e7b747be93ad-0-a3aa3393 total_keys=1 hit=0 missing=1 key_build=36.271µs cache_scan=1.76µs task_schedule=1.11µs total=44.901µs
2026-08-13T09:20:38.072016+00:00   INFO pegaflow_core::storage::prefetch: prefetch.rs:316 Prefetch local-hit timing: req_id=cmpl-trace-ab1078aa998a-0-9ef7b39e total_keys=1 hit=0 missing=1 key_build=570ns cache_scan=2.14µs task_schedule=770ns total=9.86µs
2026-08-13T09:20:42.870177+00:00   INFO pegaflow_server::service: service.rs:955 Session closed: instance_id=5ef30895-cb0b-4d91-b715-ef27edb68556-4d6d503cd1b24e7eb6bad13df8aabe51 token=1 — running cleanup
2026-08-13T09:20:43.360520+00:00   INFO pegaflow_core: lib.rs:471 Unregistered instance: 5ef30895-cb0b-4d91-b715-ef27edb68556-4d6d503cd1b24e7eb6bad13df8aabe51
2026-08-13T09:20:44.174971+00:00   INFO pegaflow_server::service: service.rs:955 Session closed: instance_id=b9fb2380-9949-475c-a579-a048aca2c519-a8516a0744594691a9a9b79d6a782c43 token=2 — running cleanup
2026-08-13T09:20:44.873081+00:00   INFO pegaflow_core: lib.rs:471 Unregistered instance: b9fb2380-9949-475c-a579-a048aca2c519-a8516a0744594691a9a9b79d6a782c43
2026-08-13T09:20:45.692041+00:00   INFO pegaflow_server::service: service.rs:955 Session closed: instance_id=164692ff-52ed-4d05-a989-3a815ce10baf-e4d4b3bee19a474e8a831193ae4a2e52 token=3 — running cleanup
2026-08-13T09:20:46.545167+00:00   INFO pegaflow_core: lib.rs:471 Unregistered instance: 164692ff-52ed-4d05-a989-3a815ce10baf-e4d4b3bee19a474e8a831193ae4a2e52
2026-08-13T09:20:47.125900+00:00   INFO pegaflow_server::service: service.rs:955 Session closed: instance_id=3b912e10-d4da-4533-8285-21af61386de1-e2963ff881f1456fa43b7ba7a1273ea3 token=4 — running cleanup
2026-08-13T09:20:48.637511+00:00   INFO pegaflow_server::service: service.rs:955 Session closed: instance_id=acdea157-5f19-4a8b-821e-5bdf1c6da25f-f901d37999994cedbeaf875cda32f885 token=5 — running cleanup
2026-08-13T09:20:49.847865+00:00   INFO pegaflow_core: lib.rs:471 Unregistered instance: 3b912e10-d4da-4533-8285-21af61386de1-e2963ff881f1456fa43b7ba7a1273ea3
