2026-08-19T08:44:25.462792+00:00   INFO pegaflow_server: lib.rs:480 Starting pega-engine-server v0.23.3
2026-08-19T08:44:26.294757+00:00   INFO pegaflow_server: lib.rs:319 Ascend ACL runtime initialized, device 0 set as current
2026-08-19T08:44:26.294965+00:00   INFO pegaflow_server::check_ascend_version: check_ascend_version.rs:40 Ascend preflight: minimum required version 1.16.0
2026-08-19T08:44:26.295048+00:00   INFO pegaflow_server::check_ascend_version: check_ascend_version.rs:52 Ascend preflight: runtime version 1.17.0 detected
2026-08-19T08:44:26.295091+00:00   INFO pegaflow_server: lib.rs:498 Using specified device(s): [0, 1, 2, 3]
2026-08-19T08:44:35.344596+00:00   INFO pegaflow_server: lib.rs:397 Initialized context for device 0 in 0.01s
2026-08-19T08:44:36.091607+00:00   INFO pegaflow_server: lib.rs:397 Initialized context for device 1 in 0.74s
2026-08-19T08:44:36.829531+00:00   INFO pegaflow_server: lib.rs:397 Initialized context for device 2 in 0.74s
2026-08-19T08:44:37.586483+00:00   INFO pegaflow_server: lib.rs:397 Initialized context for device 3 in 0.76s
2026-08-19T08:44:37.586726+00:00   INFO pegaflow_server: lib.rs:507 Device runtime initialized for 4 device(s): [0, 1, 2, 3]
2026-08-19T08:44:37.587051+00:00   INFO pegaflow_server: lib.rs:528 Creating PegaEngine with pinned memory pool: 16.00 GiB (17179869184 bytes), hugepages=false
2026-08-19T08:44:37.616901+00:00   INFO pegaflow_server: lib.rs:446 Prometheus metrics exporter enabled
2026-08-19T08:44:37.617195+00:00   INFO opentelemetry: metrics.rs:29  name="MeterProvider.GlobalSet" message=Global meter provider is set. Meters can now be created using global::meter() or global::meter_with_scope().
2026-08-19T08:44:43.024686+00:00   INFO pegaflow_common::numa: numa.rs:650 === Device-NUMA Topology ===
2026-08-19T08:44:43.024833+00:00   INFO pegaflow_common::numa: numa.rs:651 NUMA nodes: 8
2026-08-19T08:44:43.024882+00:00   INFO pegaflow_common::numa: numa.rs:659   Device 0 -> NUMA6
2026-08-19T08:44:43.024907+00:00   INFO pegaflow_common::numa: numa.rs:659   Device 1 -> NUMA0
2026-08-19T08:44:43.024926+00:00   INFO pegaflow_common::numa: numa.rs:659   Device 2 -> NUMA6
2026-08-19T08:44:43.024945+00:00   INFO pegaflow_common::numa: numa.rs:659   Device 3 -> NUMA0
2026-08-19T08:44:43.024964+00:00   INFO pegaflow_common::numa: numa.rs:659   Device 4 -> NUMA4
2026-08-19T08:44:43.024982+00:00   INFO pegaflow_common::numa: numa.rs:659   Device 5 -> NUMA2
2026-08-19T08:44:43.025000+00:00   INFO pegaflow_common::numa: numa.rs:659   Device 6 -> NUMA4
2026-08-19T08:44:43.025019+00:00   INFO pegaflow_common::numa: numa.rs:659   Device 7 -> NUMA2
2026-08-19T08:44:43.025077+00:00   INFO pegaflow_core: lib.rs:163 Auto-enabling NUMA-aware memory allocation for 4 GPU-local NUMA nodes (8 CPU NUMA nodes detected)
2026-08-19T08:44:43.025102+00:00   INFO pegaflow_core::storage: mod.rs:150 Creating NUMA-aware pinned pools for 4 nodes
2026-08-19T08:44:43.025138+00:00   INFO pegaflow_core::pinned_pool: pinned_pool.rs:547 Creating NUMA-aware pools: total=16.0 GiB, nodes=4, per_node=4.0 GiB, shards_per_node=1
2026-08-19T08:44:43.026650+00:00   INFO pegaflow_core::pinned_pool: pinned_pool.rs:203 Allocating pinned memory pool with aclrtMallocHost mapped pages
2026-08-19T08:44:43.026842+00:00   INFO pegaflow_core::pinned_pool: pinned_pool.rs:262 Ascend pinned pool on NUMA node NUMA0 → using device 1
2026-08-19T08:44:43.198085+00:00   INFO pegaflow_core::pinned_pool: pinned_pool.rs:213 Pinned pool: backing_size=4.0 GiB, unit_size=512 B, max_units=8388608, allocatable_size=4.0 GiB
2026-08-19T08:44:43.544117+00:00   INFO pegaflow_core::pinned_pool: pinned_pool.rs:580 Created pinned pool on NUMA0: capacity=4.0 GiB
2026-08-19T08:44:43.545298+00:00   INFO pegaflow_core::pinned_pool: pinned_pool.rs:203 Allocating pinned memory pool with aclrtMallocHost mapped pages
2026-08-19T08:44:43.545471+00:00   INFO pegaflow_core::pinned_pool: pinned_pool.rs:262 Ascend pinned pool on NUMA node NUMA2 → using device 7
2026-08-19T08:44:44.481022+00:00   INFO pegaflow_core::pinned_pool: pinned_pool.rs:213 Pinned pool: backing_size=4.0 GiB, unit_size=512 B, max_units=8388608, allocatable_size=4.0 GiB
2026-08-19T08:44:44.827294+00:00   INFO pegaflow_core::pinned_pool: pinned_pool.rs:580 Created pinned pool on NUMA2: capacity=4.0 GiB
2026-08-19T08:44:44.828302+00:00   INFO pegaflow_core::pinned_pool: pinned_pool.rs:203 Allocating pinned memory pool with aclrtMallocHost mapped pages
2026-08-19T08:44:44.828390+00:00   INFO pegaflow_core::pinned_pool: pinned_pool.rs:262 Ascend pinned pool on NUMA node NUMA4 → using device 4
2026-08-19T08:44:45.736062+00:00   INFO pegaflow_core::pinned_pool: pinned_pool.rs:213 Pinned pool: backing_size=4.0 GiB, unit_size=512 B, max_units=8388608, allocatable_size=4.0 GiB
2026-08-19T08:44:46.074541+00:00   INFO pegaflow_core::pinned_pool: pinned_pool.rs:580 Created pinned pool on NUMA4: capacity=4.0 GiB
2026-08-19T08:44:46.075902+00:00   INFO pegaflow_core::pinned_pool: pinned_pool.rs:203 Allocating pinned memory pool with aclrtMallocHost mapped pages
2026-08-19T08:44:46.076094+00:00   INFO pegaflow_core::pinned_pool: pinned_pool.rs:262 Ascend pinned pool on NUMA node NUMA6 → using device 2
2026-08-19T08:44:46.240537+00:00   INFO pegaflow_core::pinned_pool: pinned_pool.rs:213 Pinned pool: backing_size=4.0 GiB, unit_size=512 B, max_units=8388608, allocatable_size=4.0 GiB
2026-08-19T08:44:46.577841+00:00   INFO pegaflow_core::pinned_pool: pinned_pool.rs:580 Created pinned pool on NUMA6: capacity=4.0 GiB
2026-08-19T08:44:46.578694+00:00   INFO pegaflow_server: lib.rs:688 Background GC task started (interval=60s, inflight_max_age=5m, failed_remote_max_age=5m)
2026-08-19T08:44:46.579193+00:00   INFO pegaflow_server::http_server: http_server.rs:187 Starting HTTP server on 0.0.0.0:9091 (/health, /metrics, /instances, /instances/cleanup, /cache/memory/cleanup)
2026-08-19T08:44:46.579315+00:00   INFO pegaflow_server: lib.rs:716 PegaEngine gRPC server listening on 0.0.0.0:50080
2026-08-19T08:46:46.803723+00:00   INFO pegaflow_server::registry: registry.rs:217 IPC import timing: device_id=1 size_bytes=624427008 import_ms=12.90 (perf-t1)
2026-08-19T08:46:46.810057+00:00   INFO pegaflow_server::registry: registry.rs:217 IPC import timing: device_id=1 size_bytes=624427008 import_ms=4.21 (perf-t1)
2026-08-19T08:46:46.814125+00:00   INFO pegaflow_server::registry: registry.rs:217 IPC import timing: device_id=1 size_bytes=624427008 import_ms=3.38 (perf-t1)
2026-08-19T08:46:46.821185+00:00   INFO pegaflow_server::registry: registry.rs:217 IPC import timing: device_id=1 size_bytes=624427008 import_ms=6.44 (perf-t1)
2026-08-19T08:46:46.825479+00:00   INFO pegaflow_server::registry: registry.rs:217 IPC import timing: device_id=1 size_bytes=624427008 import_ms=3.53 (perf-t1)
2026-08-19T08:46:46.829555+00:00   INFO pegaflow_server::registry: registry.rs:217 IPC import timing: device_id=1 size_bytes=624427008 import_ms=3.46 (perf-t1)
2026-08-19T08:46:46.833465+00:00   INFO pegaflow_server::registry: registry.rs:217 IPC import timing: device_id=1 size_bytes=624427008 import_ms=3.30 (perf-t1)
2026-08-19T08:46:46.837568+00:00   INFO pegaflow_server::registry: registry.rs:217 IPC import timing: device_id=1 size_bytes=624427008 import_ms=3.43 (perf-t1)
2026-08-19T08:46:46.841582+00:00   INFO pegaflow_server::registry: registry.rs:217 IPC import timing: device_id=1 size_bytes=624427008 import_ms=3.39 (perf-t1)
2026-08-19T08:46:46.845593+00:00   INFO pegaflow_server::registry: registry.rs:217 IPC import timing: device_id=1 size_bytes=624427008 import_ms=3.41 (perf-t1)
2026-08-19T08:46:46.851233+00:00   INFO pegaflow_server::registry: registry.rs:217 IPC import timing: device_id=1 size_bytes=624427008 import_ms=4.97 (perf-t1)
2026-08-19T08:46:46.894908+00:00   INFO pegaflow_server::registry: registry.rs:217 IPC import timing: device_id=1 size_bytes=624427008 import_ms=43.06 (perf-t1)
2026-08-19T08:46:46.900484+00:00   INFO pegaflow_server::registry: registry.rs:217 IPC import timing: device_id=1 size_bytes=624427008 import_ms=4.78 (perf-t1)
2026-08-19T08:46:46.942762+00:00   INFO pegaflow_server::registry: registry.rs:217 IPC import timing: device_id=1 size_bytes=624427008 import_ms=41.53 (perf-t1)
2026-08-19T08:46:46.947606+00:00   INFO pegaflow_server::registry: registry.rs:217 IPC import timing: device_id=1 size_bytes=624427008 import_ms=3.52 (perf-t1)
2026-08-19T08:46:46.993613+00:00   INFO pegaflow_server::registry: registry.rs:217 IPC import timing: device_id=1 size_bytes=624427008 import_ms=45.21 (perf-t1)
2026-08-19T08:46:47.042666+00:00   INFO pegaflow_server::registry: registry.rs:217 IPC import timing: device_id=1 size_bytes=624427008 import_ms=47.94 (perf-t1)
2026-08-19T08:46:47.047637+00:00   INFO pegaflow_server::registry: registry.rs:217 IPC import timing: device_id=1 size_bytes=624427008 import_ms=3.90 (perf-t1)
2026-08-19T08:46:47.051841+00:00   INFO pegaflow_server::registry: registry.rs:217 IPC import timing: device_id=1 size_bytes=624427008 import_ms=3.53 (perf-t1)
2026-08-19T08:46:47.095002+00:00   INFO pegaflow_server::registry: registry.rs:217 IPC import timing: device_id=1 size_bytes=624427008 import_ms=42.38 (perf-t1)
2026-08-19T08:46:47.100441+00:00   INFO pegaflow_server::registry: registry.rs:217 IPC import timing: device_id=1 size_bytes=624427008 import_ms=4.39 (perf-t1)
2026-08-19T08:46:47.142890+00:00   INFO pegaflow_server::registry: registry.rs:217 IPC import timing: device_id=1 size_bytes=624427008 import_ms=41.70 (perf-t1)
2026-08-19T08:46:47.147570+00:00   INFO pegaflow_server::registry: registry.rs:217 IPC import timing: device_id=1 size_bytes=624427008 import_ms=3.60 (perf-t1)
2026-08-19T08:46:47.191074+00:00   INFO pegaflow_server::registry: registry.rs:217 IPC import timing: device_id=1 size_bytes=624427008 import_ms=42.80 (perf-t1)
2026-08-19T08:46:47.238872+00:00   INFO pegaflow_server::registry: registry.rs:217 IPC import timing: device_id=1 size_bytes=624427008 import_ms=46.77 (perf-t1)
2026-08-19T08:46:47.243639+00:00   INFO pegaflow_server::registry: registry.rs:217 IPC import timing: device_id=1 size_bytes=624427008 import_ms=3.70 (perf-t1)
2026-08-19T08:46:47.287129+00:00   INFO pegaflow_server::registry: registry.rs:217 IPC import timing: device_id=1 size_bytes=624427008 import_ms=42.81 (perf-t1)
2026-08-19T08:46:47.291787+00:00   INFO pegaflow_server::registry: registry.rs:217 IPC import timing: device_id=1 size_bytes=624427008 import_ms=3.65 (perf-t1)
2026-08-19T08:46:47.364743+00:00   INFO pegaflow_server::registry: registry.rs:217 IPC import timing: device_id=1 size_bytes=624427008 import_ms=72.18 (perf-t1)
2026-08-19T08:46:47.370884+00:00   INFO pegaflow_server::registry: registry.rs:217 IPC import timing: device_id=1 size_bytes=624427008 import_ms=5.02 (perf-t1)
2026-08-19T08:46:47.411243+00:00   INFO pegaflow_server::registry: registry.rs:217 IPC import timing: device_id=1 size_bytes=624427008 import_ms=39.70 (perf-t1)
2026-08-19T08:46:47.458588+00:00   INFO pegaflow_server::registry: registry.rs:217 IPC import timing: device_id=1 size_bytes=624427008 import_ms=46.53 (perf-t1)
2026-08-19T08:46:47.466078+00:00   INFO pegaflow_server::registry: registry.rs:217 IPC import timing: device_id=1 size_bytes=624427008 import_ms=6.49 (perf-t1)
2026-08-19T08:46:47.506975+00:00   INFO pegaflow_server::registry: registry.rs:217 IPC import timing: device_id=1 size_bytes=624427008 import_ms=40.16 (perf-t1)
2026-08-19T08:46:47.560056+00:00   INFO pegaflow_server::registry: registry.rs:217 IPC import timing: device_id=1 size_bytes=624427008 import_ms=51.96 (perf-t1)
2026-08-19T08:46:47.602572+00:00   INFO pegaflow_server::registry: registry.rs:217 IPC import timing: device_id=1 size_bytes=624427008 import_ms=41.51 (perf-t1)
2026-08-19T08:46:47.607468+00:00   INFO pegaflow_server::registry: registry.rs:217 IPC import timing: device_id=1 size_bytes=624427008 import_ms=3.88 (perf-t1)
2026-08-19T08:46:47.651566+00:00   INFO pegaflow_server::registry: registry.rs:217 IPC import timing: device_id=1 size_bytes=624427008 import_ms=43.33 (perf-t1)
2026-08-19T08:46:47.656669+00:00   INFO pegaflow_server::registry: registry.rs:217 IPC import timing: device_id=1 size_bytes=624427008 import_ms=4.03 (perf-t1)
2026-08-19T08:46:47.702558+00:00   INFO pegaflow_server::registry: registry.rs:217 IPC import timing: device_id=1 size_bytes=624427008 import_ms=45.21 (perf-t1)
2026-08-19T08:46:47.707368+00:00   INFO pegaflow_server::registry: registry.rs:217 IPC import timing: device_id=1 size_bytes=624427008 import_ms=3.65 (perf-t1)
2026-08-19T08:46:47.750445+00:00   INFO pegaflow_server::registry: registry.rs:217 IPC import timing: device_id=1 size_bytes=624427008 import_ms=42.46 (perf-t1)
2026-08-19T08:46:47.755068+00:00   INFO pegaflow_server::registry: registry.rs:217 IPC import timing: device_id=1 size_bytes=624427008 import_ms=3.66 (perf-t1)
2026-08-19T08:46:47.798548+00:00   INFO pegaflow_server::registry: registry.rs:217 IPC import timing: device_id=1 size_bytes=624427008 import_ms=42.72 (perf-t1)
2026-08-19T08:46:47.803138+00:00   INFO pegaflow_server::registry: registry.rs:217 IPC import timing: device_id=1 size_bytes=624427008 import_ms=3.58 (perf-t1)
2026-08-19T08:46:47.848023+00:00   INFO pegaflow_server::registry: registry.rs:217 IPC import timing: device_id=1 size_bytes=624427008 import_ms=44.20 (perf-t1)
2026-08-19T08:46:47.894520+00:00   INFO pegaflow_server::registry: registry.rs:217 IPC import timing: device_id=1 size_bytes=624427008 import_ms=45.33 (perf-t1)
2026-08-19T08:46:47.899353+00:00   INFO pegaflow_server::registry: registry.rs:217 IPC import timing: device_id=1 size_bytes=624427008 import_ms=3.81 (perf-t1)
2026-08-19T08:46:47.948773+00:00   INFO pegaflow_server::registry: registry.rs:217 IPC import timing: device_id=1 size_bytes=624427008 import_ms=48.77 (perf-t1)
2026-08-19T08:46:47.994327+00:00   INFO pegaflow_server::registry: registry.rs:217 IPC import timing: device_id=1 size_bytes=624427008 import_ms=44.40 (perf-t1)
2026-08-19T08:46:47.999353+00:00   INFO pegaflow_server::registry: registry.rs:217 IPC import timing: device_id=1 size_bytes=624427008 import_ms=3.99 (perf-t1)
2026-08-19T08:46:48.042404+00:00   INFO pegaflow_server::registry: registry.rs:217 IPC import timing: device_id=1 size_bytes=624427008 import_ms=42.38 (perf-t1)
2026-08-19T08:46:48.047282+00:00   INFO pegaflow_server::registry: registry.rs:217 IPC import timing: device_id=1 size_bytes=624427008 import_ms=3.71 (perf-t1)
2026-08-19T08:46:48.090768+00:00   INFO pegaflow_server::registry: registry.rs:217 IPC import timing: device_id=1 size_bytes=624427008 import_ms=42.82 (perf-t1)
2026-08-19T08:46:48.095472+00:00   INFO pegaflow_server::registry: registry.rs:217 IPC import timing: device_id=1 size_bytes=624427008 import_ms=3.65 (perf-t1)
2026-08-19T08:46:48.138624+00:00   INFO pegaflow_server::registry: registry.rs:217 IPC import timing: device_id=1 size_bytes=624427008 import_ms=42.34 (perf-t1)
2026-08-19T08:46:48.143257+00:00   INFO pegaflow_server::registry: registry.rs:217 IPC import timing: device_id=1 size_bytes=624427008 import_ms=3.61 (perf-t1)
2026-08-19T08:46:48.195718+00:00   INFO pegaflow_server::registry: registry.rs:217 IPC import timing: device_id=1 size_bytes=624427008 import_ms=51.62 (perf-t1)
2026-08-19T08:46:48.234501+00:00   INFO pegaflow_server::registry: registry.rs:217 IPC import timing: device_id=1 size_bytes=624427008 import_ms=37.65 (perf-t1)
2026-08-19T08:46:48.239546+00:00   INFO pegaflow_server::registry: registry.rs:217 IPC import timing: device_id=1 size_bytes=624427008 import_ms=4.01 (perf-t1)
2026-08-19T08:46:48.286625+00:00   INFO pegaflow_server::registry: registry.rs:217 IPC import timing: device_id=1 size_bytes=624427008 import_ms=46.40 (perf-t1)
2026-08-19T08:46:48.335996+00:00   INFO pegaflow_server::registry: registry.rs:217 IPC import timing: device_id=1 size_bytes=624427008 import_ms=48.35 (perf-t1)
2026-08-19T08:46:48.353245+00:00   INFO pegaflow_server::registry: registry.rs:217 IPC import timing: device_id=1 size_bytes=624427008 import_ms=16.25 (perf-t1)
2026-08-19T08:46:48.357571+00:00   INFO pegaflow_server::registry: registry.rs:217 IPC import timing: device_id=1 size_bytes=624427008 import_ms=3.57 (perf-t1)
2026-08-19T08:46:48.398891+00:00   INFO pegaflow_server::registry: registry.rs:217 IPC import timing: device_id=1 size_bytes=624427008 import_ms=40.67 (perf-t1)
2026-08-19T08:46:48.403134+00:00   INFO pegaflow_server::registry: registry.rs:217 IPC import timing: device_id=1 size_bytes=624427008 import_ms=3.36 (perf-t1)
2026-08-19T08:46:48.446773+00:00   INFO pegaflow_server::registry: registry.rs:217 IPC import timing: device_id=1 size_bytes=624427008 import_ms=43.09 (perf-t1)
2026-08-19T08:46:48.494271+00:00   INFO pegaflow_server::registry: registry.rs:217 IPC import timing: device_id=1 size_bytes=624427008 import_ms=46.59 (perf-t1)
2026-08-19T08:46:48.541292+00:00   INFO pegaflow_server::registry: registry.rs:217 IPC import timing: device_id=1 size_bytes=624427008 import_ms=46.36 (perf-t1)
2026-08-19T08:46:48.545413+00:00   INFO pegaflow_server::registry: registry.rs:217 IPC import timing: device_id=1 size_bytes=624427008 import_ms=3.52 (perf-t1)
2026-08-19T08:46:48.589508+00:00   INFO pegaflow_server::registry: registry.rs:217 IPC import timing: device_id=1 size_bytes=624427008 import_ms=43.51 (perf-t1)
2026-08-19T08:46:48.594128+00:00   INFO pegaflow_server::registry: registry.rs:217 IPC import timing: device_id=1 size_bytes=624427008 import_ms=4.02 (perf-t1)
2026-08-19T08:46:48.599107+00:00   INFO pegaflow_core::gpu_worker: gpu_worker.rs:338 GPU worker initialized: device=1 backend=ascend_batch device_id=1
2026-08-19T08:46:48.599568+00:00   INFO pegaflow_core::gpu_worker: gpu_worker.rs:338 GPU worker initialized: device=1 backend=ascend_batch device_id=1
2026-08-19T08:46:48.599747+00:00   INFO pegaflow_core::gpu_worker: gpu_worker.rs:200 GPU worker pool started: device=1, numa_node=NUMA0, transfer_mode=AscendDirect
2026-08-19T08:46:48.600600+00:00   INFO pegaflow_core::instance: instance.rs:706 Sealed instance topology: instance=eb528856-1654-40f1-a2e8-eb5101c41031-00b89c4f5a7d40b5af6da0421f82a77a, num_layers=72, tp_size=1, world_size=1, total_slots=72
2026-08-19T08:46:48.600678+00:00   INFO pegaflow_core::instance: instance.rs:719 Initialized GPU context: device_id=1, numa_node=NUMA0
2026-08-19T08:46:48.600713+00:00   INFO pegaflow_core: lib.rs:452 Registered context batch: instance=eb528856-1654-40f1-a2e8-eb5101c41031-00b89c4f5a7d40b5af6da0421f82a77a, namespace=perf-t5-d-iso-c2-1, device=1, layers=72, tp_rank=0/1, pp_rank=0
2026-08-19T08:46:48.781149+00:00   INFO pegaflow_server::registry: registry.rs:217 IPC import timing: device_id=2 size_bytes=624427008 import_ms=13.11 (perf-t1)
2026-08-19T08:46:48.824981+00:00   INFO pegaflow_server::registry: registry.rs:217 IPC import timing: device_id=2 size_bytes=624427008 import_ms=43.22 (perf-t1)
2026-08-19T08:46:48.828808+00:00   INFO pegaflow_server::registry: registry.rs:217 IPC import timing: device_id=2 size_bytes=624427008 import_ms=3.24 (perf-t1)
2026-08-19T08:46:48.892558+00:00   INFO pegaflow_server::registry: registry.rs:217 IPC import timing: device_id=2 size_bytes=624427008 import_ms=63.25 (perf-t1)
2026-08-19T08:46:48.896729+00:00   INFO pegaflow_server::registry: registry.rs:217 IPC import timing: device_id=2 size_bytes=624427008 import_ms=3.63 (perf-t1)
2026-08-19T08:46:48.945525+00:00   INFO pegaflow_server::registry: registry.rs:217 IPC import timing: device_id=2 size_bytes=624427008 import_ms=48.26 (perf-t1)
2026-08-19T08:46:48.949134+00:00   INFO pegaflow_server::registry: registry.rs:217 IPC import timing: device_id=2 size_bytes=624427008 import_ms=3.06 (perf-t1)
2026-08-19T08:46:49.015203+00:00   INFO pegaflow_server::registry: registry.rs:217 IPC import timing: device_id=2 size_bytes=624427008 import_ms=65.55 (perf-t1)
2026-08-19T08:46:49.037086+00:00   INFO pegaflow_server::registry: registry.rs:217 IPC import timing: device_id=2 size_bytes=624427008 import_ms=17.92 (perf-t1)
2026-08-19T08:46:49.040894+00:00   INFO pegaflow_server::registry: registry.rs:217 IPC import timing: device_id=2 size_bytes=624427008 import_ms=3.28 (perf-t1)
2026-08-19T08:46:49.085036+00:00   INFO pegaflow_server::registry: registry.rs:217 IPC import timing: device_id=2 size_bytes=624427008 import_ms=43.63 (perf-t1)
2026-08-19T08:46:49.089068+00:00   INFO pegaflow_server::registry: registry.rs:217 IPC import timing: device_id=2 size_bytes=624427008 import_ms=3.49 (perf-t1)
2026-08-19T08:46:49.128950+00:00   INFO pegaflow_server::registry: registry.rs:217 IPC import timing: device_id=2 size_bytes=624427008 import_ms=39.36 (perf-t1)
2026-08-19T08:46:49.132827+00:00   INFO pegaflow_server::registry: registry.rs:217 IPC import timing: device_id=2 size_bytes=624427008 import_ms=3.33 (perf-t1)
2026-08-19T08:46:49.176789+00:00   INFO pegaflow_server::registry: registry.rs:217 IPC import timing: device_id=2 size_bytes=624427008 import_ms=43.40 (perf-t1)
2026-08-19T08:46:49.180791+00:00   INFO pegaflow_server::registry: registry.rs:217 IPC import timing: device_id=2 size_bytes=624427008 import_ms=3.46 (perf-t1)
2026-08-19T08:46:49.224749+00:00   INFO pegaflow_server::registry: registry.rs:217 IPC import timing: device_id=2 size_bytes=624427008 import_ms=43.44 (perf-t1)
2026-08-19T08:46:49.228532+00:00   INFO pegaflow_server::registry: registry.rs:217 IPC import timing: device_id=2 size_bytes=624427008 import_ms=3.24 (perf-t1)
2026-08-19T08:46:49.272739+00:00   INFO pegaflow_server::registry: registry.rs:217 IPC import timing: device_id=2 size_bytes=624427008 import_ms=43.71 (perf-t1)
2026-08-19T08:46:49.276544+00:00   INFO pegaflow_server::registry: registry.rs:217 IPC import timing: device_id=2 size_bytes=624427008 import_ms=3.30 (perf-t1)
2026-08-19T08:46:49.323858+00:00   INFO pegaflow_server::registry: registry.rs:217 IPC import timing: device_id=2 size_bytes=624427008 import_ms=46.78 (perf-t1)
2026-08-19T08:46:49.328437+00:00   INFO pegaflow_server::registry: registry.rs:217 IPC import timing: device_id=2 size_bytes=624427008 import_ms=4.00 (perf-t1)
2026-08-19T08:46:49.368808+00:00   INFO pegaflow_server::registry: registry.rs:217 IPC import timing: device_id=2 size_bytes=624427008 import_ms=39.85 (perf-t1)
2026-08-19T08:46:49.372631+00:00   INFO pegaflow_server::registry: registry.rs:217 IPC import timing: device_id=2 size_bytes=624427008 import_ms=3.28 (perf-t1)
2026-08-19T08:46:49.435019+00:00   INFO pegaflow_server::registry: registry.rs:217 IPC import timing: device_id=2 size_bytes=624427008 import_ms=61.87 (perf-t1)
2026-08-19T08:46:49.438813+00:00   INFO pegaflow_server::registry: registry.rs:217 IPC import timing: device_id=2 size_bytes=624427008 import_ms=3.26 (perf-t1)
2026-08-19T08:46:49.480975+00:00   INFO pegaflow_server::registry: registry.rs:217 IPC import timing: device_id=2 size_bytes=624427008 import_ms=41.62 (perf-t1)
2026-08-19T08:46:49.485071+00:00   INFO pegaflow_server::registry: registry.rs:217 IPC import timing: device_id=2 size_bytes=624427008 import_ms=3.58 (perf-t1)
2026-08-19T08:46:49.529062+00:00   INFO pegaflow_server::registry: registry.rs:217 IPC import timing: device_id=2 size_bytes=624427008 import_ms=43.48 (perf-t1)
2026-08-19T08:46:49.534043+00:00   INFO pegaflow_server::registry: registry.rs:217 IPC import timing: device_id=2 size_bytes=624427008 import_ms=4.38 (perf-t1)
2026-08-19T08:46:49.576862+00:00   INFO pegaflow_server::registry: registry.rs:217 IPC import timing: device_id=2 size_bytes=624427008 import_ms=42.28 (perf-t1)
2026-08-19T08:46:49.580626+00:00   INFO pegaflow_server::registry: registry.rs:217 IPC import timing: device_id=2 size_bytes=624427008 import_ms=3.25 (perf-t1)
2026-08-19T08:46:49.624819+00:00   INFO pegaflow_server::registry: registry.rs:217 IPC import timing: device_id=2 size_bytes=624427008 import_ms=43.66 (perf-t1)
2026-08-19T08:46:49.628522+00:00   INFO pegaflow_server::registry: registry.rs:217 IPC import timing: device_id=2 size_bytes=624427008 import_ms=3.19 (perf-t1)
2026-08-19T08:46:49.672803+00:00   INFO pegaflow_server::registry: registry.rs:217 IPC import timing: device_id=2 size_bytes=624427008 import_ms=43.78 (perf-t1)
2026-08-19T08:46:49.676557+00:00   INFO pegaflow_server::registry: registry.rs:217 IPC import timing: device_id=2 size_bytes=624427008 import_ms=3.20 (perf-t1)
2026-08-19T08:46:49.723828+00:00   INFO pegaflow_server::registry: registry.rs:217 IPC import timing: device_id=2 size_bytes=624427008 import_ms=46.75 (perf-t1)
2026-08-19T08:46:49.727574+00:00   INFO pegaflow_server::registry: registry.rs:217 IPC import timing: device_id=2 size_bytes=624427008 import_ms=3.15 (perf-t1)
2026-08-19T08:46:49.768821+00:00   INFO pegaflow_server::registry: registry.rs:217 IPC import timing: device_id=2 size_bytes=624427008 import_ms=40.69 (perf-t1)
2026-08-19T08:46:49.772575+00:00   INFO pegaflow_server::registry: registry.rs:217 IPC import timing: device_id=2 size_bytes=624427008 import_ms=3.24 (perf-t1)
2026-08-19T08:46:49.816760+00:00   INFO pegaflow_server::registry: registry.rs:217 IPC import timing: device_id=2 size_bytes=624427008 import_ms=43.67 (perf-t1)
2026-08-19T08:46:49.820525+00:00   INFO pegaflow_server::registry: registry.rs:217 IPC import timing: device_id=2 size_bytes=624427008 import_ms=3.22 (perf-t1)
2026-08-19T08:46:49.864787+00:00   INFO pegaflow_server::registry: registry.rs:217 IPC import timing: device_id=2 size_bytes=624427008 import_ms=43.75 (perf-t1)
2026-08-19T08:46:49.868674+00:00   INFO pegaflow_server::registry: registry.rs:217 IPC import timing: device_id=2 size_bytes=624427008 import_ms=3.38 (perf-t1)
2026-08-19T08:46:49.912010+00:00   INFO pegaflow_server::registry: registry.rs:217 IPC import timing: device_id=2 size_bytes=624427008 import_ms=42.79 (perf-t1)
2026-08-19T08:46:49.958640+00:00   INFO pegaflow_server::registry: registry.rs:217 IPC import timing: device_id=2 size_bytes=624427008 import_ms=46.09 (perf-t1)
2026-08-19T08:46:50.001070+00:00   INFO pegaflow_server::registry: registry.rs:217 IPC import timing: device_id=2 size_bytes=624427008 import_ms=41.87 (perf-t1)
2026-08-19T08:46:50.044795+00:00   INFO pegaflow_server::registry: registry.rs:217 IPC import timing: device_id=2 size_bytes=624427008 import_ms=43.18 (perf-t1)
2026-08-19T08:46:50.050299+00:00   INFO pegaflow_server::registry: registry.rs:217 IPC import timing: device_id=2 size_bytes=624427008 import_ms=4.98 (perf-t1)
2026-08-19T08:46:50.092890+00:00   INFO pegaflow_server::registry: registry.rs:217 IPC import timing: device_id=2 size_bytes=624427008 import_ms=42.09 (perf-t1)
2026-08-19T08:46:50.096637+00:00   INFO pegaflow_server::registry: registry.rs:217 IPC import timing: device_id=2 size_bytes=624427008 import_ms=3.19 (perf-t1)
2026-08-19T08:46:50.100632+00:00   INFO pegaflow_server::registry: registry.rs:217 IPC import timing: device_id=2 size_bytes=624427008 import_ms=3.48 (perf-t1)
2026-08-19T08:46:50.104457+00:00   INFO pegaflow_server::registry: registry.rs:217 IPC import timing: device_id=2 size_bytes=624427008 import_ms=3.31 (perf-t1)
2026-08-19T08:46:50.108227+00:00   INFO pegaflow_server::registry: registry.rs:217 IPC import timing: device_id=2 size_bytes=624427008 import_ms=3.24 (perf-t1)
2026-08-19T08:46:50.112071+00:00   INFO pegaflow_server::registry: registry.rs:217 IPC import timing: device_id=2 size_bytes=624427008 import_ms=3.33 (perf-t1)
2026-08-19T08:46:50.116697+00:00   INFO pegaflow_server::registry: registry.rs:217 IPC import timing: device_id=2 size_bytes=624427008 import_ms=4.12 (perf-t1)
2026-08-19T08:46:50.120955+00:00   INFO pegaflow_server::registry: registry.rs:217 IPC import timing: device_id=2 size_bytes=624427008 import_ms=3.74 (perf-t1)
2026-08-19T08:46:50.124852+00:00   INFO pegaflow_server::registry: registry.rs:217 IPC import timing: device_id=2 size_bytes=624427008 import_ms=3.25 (perf-t1)
2026-08-19T08:46:50.128901+00:00   INFO pegaflow_server::registry: registry.rs:217 IPC import timing: device_id=2 size_bytes=624427008 import_ms=3.52 (perf-t1)
2026-08-19T08:46:50.132781+00:00   INFO pegaflow_server::registry: registry.rs:217 IPC import timing: device_id=2 size_bytes=624427008 import_ms=3.36 (perf-t1)
2026-08-19T08:46:50.136539+00:00   INFO pegaflow_server::registry: registry.rs:217 IPC import timing: device_id=2 size_bytes=624427008 import_ms=3.21 (perf-t1)
2026-08-19T08:46:50.141829+00:00   INFO pegaflow_server::registry: registry.rs:217 IPC import timing: device_id=2 size_bytes=624427008 import_ms=4.77 (perf-t1)
2026-08-19T08:46:50.145804+00:00   INFO pegaflow_server::registry: registry.rs:217 IPC import timing: device_id=2 size_bytes=624427008 import_ms=3.46 (perf-t1)
2026-08-19T08:46:50.149901+00:00   INFO pegaflow_server::registry: registry.rs:217 IPC import timing: device_id=2 size_bytes=624427008 import_ms=3.53 (perf-t1)
2026-08-19T08:46:50.153614+00:00   INFO pegaflow_server::registry: registry.rs:217 IPC import timing: device_id=2 size_bytes=624427008 import_ms=3.20 (perf-t1)
2026-08-19T08:46:50.157296+00:00   INFO pegaflow_server::registry: registry.rs:217 IPC import timing: device_id=2 size_bytes=624427008 import_ms=3.18 (perf-t1)
2026-08-19T08:46:50.161061+00:00   INFO pegaflow_server::registry: registry.rs:217 IPC import timing: device_id=2 size_bytes=624427008 import_ms=3.21 (perf-t1)
2026-08-19T08:46:50.164848+00:00   INFO pegaflow_server::registry: registry.rs:217 IPC import timing: device_id=2 size_bytes=624427008 import_ms=3.26 (perf-t1)
2026-08-19T08:46:50.168596+00:00   INFO pegaflow_server::registry: registry.rs:217 IPC import timing: device_id=2 size_bytes=624427008 import_ms=3.21 (perf-t1)
2026-08-19T08:46:50.172525+00:00   INFO pegaflow_server::registry: registry.rs:217 IPC import timing: device_id=2 size_bytes=624427008 import_ms=3.38 (perf-t1)
2026-08-19T08:46:50.176259+00:00   INFO pegaflow_server::registry: registry.rs:217 IPC import timing: device_id=2 size_bytes=624427008 import_ms=3.22 (perf-t1)
2026-08-19T08:46:50.220917+00:00   INFO pegaflow_server::registry: registry.rs:217 IPC import timing: device_id=2 size_bytes=624427008 import_ms=44.12 (perf-t1)
2026-08-19T08:46:50.225055+00:00   INFO pegaflow_core::gpu_worker: gpu_worker.rs:338 GPU worker initialized: device=2 backend=ascend_batch device_id=2
2026-08-19T08:46:50.225369+00:00   INFO pegaflow_core::gpu_worker: gpu_worker.rs:338 GPU worker initialized: device=2 backend=ascend_batch device_id=2
2026-08-19T08:46:50.225538+00:00   INFO pegaflow_core::gpu_worker: gpu_worker.rs:200 GPU worker pool started: device=2, numa_node=NUMA6, transfer_mode=AscendDirect
2026-08-19T08:46:50.226203+00:00   INFO pegaflow_core::instance: instance.rs:706 Sealed instance topology: instance=02f0bcbe-35d8-4bad-9f6c-c3785d1bf21b-537f2b415e9547ada9d77d44f6e7fe3a, num_layers=72, tp_size=1, world_size=1, total_slots=72
2026-08-19T08:46:50.226251+00:00   INFO pegaflow_core::instance: instance.rs:719 Initialized GPU context: device_id=2, numa_node=NUMA6
2026-08-19T08:46:50.226278+00:00   INFO pegaflow_core: lib.rs:452 Registered context batch: instance=02f0bcbe-35d8-4bad-9f6c-c3785d1bf21b-537f2b415e9547ada9d77d44f6e7fe3a, namespace=perf-t5-d-iso-c2-2, device=2, layers=72, tp_rank=0/1, pp_rank=0
2026-08-19T08:46:50.321260+00:00   INFO pegaflow_server::registry: registry.rs:217 IPC import timing: device_id=3 size_bytes=624427008 import_ms=27.35 (perf-t1)
2026-08-19T08:46:50.325572+00:00   INFO pegaflow_server::registry: registry.rs:217 IPC import timing: device_id=3 size_bytes=624427008 import_ms=3.47 (perf-t1)
2026-08-19T08:46:50.364743+00:00   INFO pegaflow_server::registry: registry.rs:217 IPC import timing: device_id=3 size_bytes=624427008 import_ms=38.61 (perf-t1)
2026-08-19T08:46:50.369417+00:00   INFO pegaflow_server::registry: registry.rs:217 IPC import timing: device_id=3 size_bytes=624427008 import_ms=3.65 (perf-t1)
2026-08-19T08:46:50.408177+00:00   INFO pegaflow_server::registry: registry.rs:217 IPC import timing: device_id=3 size_bytes=624427008 import_ms=38.18 (perf-t1)
2026-08-19T08:46:50.430346+00:00   INFO pegaflow_server::registry: registry.rs:217 IPC import timing: device_id=3 size_bytes=624427008 import_ms=21.19 (perf-t1)
2026-08-19T08:46:50.456045+00:00   INFO pegaflow_server::registry: registry.rs:217 IPC import timing: device_id=3 size_bytes=624427008 import_ms=25.05 (perf-t1)
2026-08-19T08:46:50.460062+00:00   INFO pegaflow_server::registry: registry.rs:217 IPC import timing: device_id=3 size_bytes=624427008 import_ms=3.46 (perf-t1)
2026-08-19T08:46:50.508239+00:00   INFO pegaflow_server::registry: registry.rs:217 IPC import timing: device_id=3 size_bytes=624427008 import_ms=47.61 (perf-t1)
2026-08-19T08:46:50.556164+00:00   INFO pegaflow_server::registry: registry.rs:217 IPC import timing: device_id=3 size_bytes=624427008 import_ms=47.25 (perf-t1)
2026-08-19T08:46:50.560692+00:00   INFO pegaflow_server::registry: registry.rs:217 IPC import timing: device_id=3 size_bytes=624427008 import_ms=3.53 (perf-t1)
2026-08-19T08:46:50.604096+00:00   INFO pegaflow_server::registry: registry.rs:217 IPC import timing: device_id=3 size_bytes=624427008 import_ms=42.85 (perf-t1)
2026-08-19T08:46:50.608661+00:00   INFO pegaflow_server::registry: registry.rs:217 IPC import timing: device_id=3 size_bytes=624427008 import_ms=3.66 (perf-t1)
2026-08-19T08:46:50.651947+00:00   INFO pegaflow_server::registry: registry.rs:217 IPC import timing: device_id=3 size_bytes=624427008 import_ms=42.74 (perf-t1)
2026-08-19T08:46:50.655945+00:00   INFO pegaflow_server::registry: registry.rs:217 IPC import timing: device_id=3 size_bytes=624427008 import_ms=3.37 (perf-t1)
2026-08-19T08:46:50.700231+00:00   INFO pegaflow_server::registry: registry.rs:217 IPC import timing: device_id=3 size_bytes=624427008 import_ms=43.66 (perf-t1)
2026-08-19T08:46:50.704691+00:00   INFO pegaflow_server::registry: registry.rs:217 IPC import timing: device_id=3 size_bytes=624427008 import_ms=3.86 (perf-t1)
2026-08-19T08:46:50.760171+00:00   INFO pegaflow_server::registry: registry.rs:217 IPC import timing: device_id=3 size_bytes=624427008 import_ms=54.91 (perf-t1)
2026-08-19T08:46:50.799901+00:00   INFO pegaflow_server::registry: registry.rs:217 IPC import timing: device_id=3 size_bytes=624427008 import_ms=39.08 (perf-t1)
2026-08-19T08:46:50.803771+00:00   INFO pegaflow_server::registry: registry.rs:217 IPC import timing: device_id=3 size_bytes=624427008 import_ms=3.28 (perf-t1)
2026-08-19T08:46:50.843647+00:00   INFO pegaflow_server::registry: registry.rs:217 IPC import timing: device_id=3 size_bytes=624427008 import_ms=39.35 (perf-t1)
2026-08-19T08:46:50.847804+00:00   INFO pegaflow_server::registry: registry.rs:217 IPC import timing: device_id=3 size_bytes=624427008 import_ms=3.57 (perf-t1)
2026-08-19T08:46:50.892784+00:00   INFO pegaflow_server::registry: registry.rs:217 IPC import timing: device_id=3 size_bytes=624427008 import_ms=44.45 (perf-t1)
2026-08-19T08:46:50.896783+00:00   INFO pegaflow_server::registry: registry.rs:217 IPC import timing: device_id=3 size_bytes=624427008 import_ms=3.44 (perf-t1)
2026-08-19T08:46:50.940638+00:00   INFO pegaflow_server::registry: registry.rs:217 IPC import timing: device_id=3 size_bytes=624427008 import_ms=43.28 (perf-t1)
2026-08-19T08:46:50.952756+00:00   INFO pegaflow_server::registry: registry.rs:217 IPC import timing: device_id=3 size_bytes=624427008 import_ms=11.52 (perf-t1)
2026-08-19T08:46:50.987834+00:00   INFO pegaflow_server::registry: registry.rs:217 IPC import timing: device_id=3 size_bytes=624427008 import_ms=34.52 (perf-t1)
2026-08-19T08:46:50.992198+00:00   INFO pegaflow_server::registry: registry.rs:217 IPC import timing: device_id=3 size_bytes=624427008 import_ms=3.75 (perf-t1)
2026-08-19T08:46:51.035776+00:00   INFO pegaflow_server::registry: registry.rs:217 IPC import timing: device_id=3 size_bytes=624427008 import_ms=43.02 (perf-t1)
2026-08-19T08:46:51.040972+00:00   INFO pegaflow_server::registry: registry.rs:217 IPC import timing: device_id=3 size_bytes=624427008 import_ms=4.56 (perf-t1)
2026-08-19T08:46:51.083926+00:00   INFO pegaflow_server::registry: registry.rs:217 IPC import timing: device_id=3 size_bytes=624427008 import_ms=42.37 (perf-t1)
2026-08-19T08:46:51.087846+00:00   INFO pegaflow_server::registry: registry.rs:217 IPC import timing: device_id=3 size_bytes=624427008 import_ms=3.34 (perf-t1)
2026-08-19T08:46:51.132211+00:00   INFO pegaflow_server::registry: registry.rs:217 IPC import timing: device_id=3 size_bytes=624427008 import_ms=43.81 (perf-t1)
2026-08-19T08:46:51.183588+00:00   INFO pegaflow_server::registry: registry.rs:217 IPC import timing: device_id=3 size_bytes=624427008 import_ms=50.56 (perf-t1)
2026-08-19T08:46:51.223861+00:00   INFO pegaflow_server::registry: registry.rs:217 IPC import timing: device_id=3 size_bytes=624427008 import_ms=39.62 (perf-t1)
2026-08-19T08:46:51.228268+00:00   INFO pegaflow_server::registry: registry.rs:217 IPC import timing: device_id=3 size_bytes=624427008 import_ms=3.51 (perf-t1)
2026-08-19T08:46:51.274797+00:00   INFO pegaflow_server::registry: registry.rs:217 IPC import timing: device_id=3 size_bytes=624427008 import_ms=45.91 (perf-t1)
2026-08-19T08:46:51.278759+00:00   INFO pegaflow_server::registry: registry.rs:217 IPC import timing: device_id=3 size_bytes=624427008 import_ms=3.38 (perf-t1)
2026-08-19T08:46:51.327919+00:00   INFO pegaflow_server::registry: registry.rs:217 IPC import timing: device_id=3 size_bytes=624427008 import_ms=48.65 (perf-t1)
2026-08-19T08:46:51.332223+00:00   INFO pegaflow_server::registry: registry.rs:217 IPC import timing: device_id=3 size_bytes=624427008 import_ms=3.61 (perf-t1)
2026-08-19T08:46:51.394229+00:00   INFO pegaflow_server::registry: registry.rs:217 IPC import timing: device_id=3 size_bytes=624427008 import_ms=61.43 (perf-t1)
2026-08-19T08:46:51.398329+00:00   INFO pegaflow_server::registry: registry.rs:217 IPC import timing: device_id=3 size_bytes=624427008 import_ms=3.55 (perf-t1)
2026-08-19T08:46:51.440194+00:00   INFO pegaflow_server::registry: registry.rs:217 IPC import timing: device_id=3 size_bytes=624427008 import_ms=41.30 (perf-t1)
2026-08-19T08:46:51.444228+00:00   INFO pegaflow_server::registry: registry.rs:217 IPC import timing: device_id=3 size_bytes=624427008 import_ms=3.46 (perf-t1)
2026-08-19T08:46:51.484097+00:00   INFO pegaflow_server::registry: registry.rs:217 IPC import timing: device_id=3 size_bytes=624427008 import_ms=39.33 (perf-t1)
2026-08-19T08:46:51.489458+00:00   INFO pegaflow_server::registry: registry.rs:217 IPC import timing: device_id=3 size_bytes=624427008 import_ms=4.75 (perf-t1)
2026-08-19T08:46:51.532367+00:00   INFO pegaflow_server::registry: registry.rs:217 IPC import timing: device_id=3 size_bytes=624427008 import_ms=42.37 (perf-t1)
2026-08-19T08:46:51.536536+00:00   INFO pegaflow_server::registry: registry.rs:217 IPC import timing: device_id=3 size_bytes=624427008 import_ms=3.56 (perf-t1)
2026-08-19T08:46:51.540493+00:00   INFO pegaflow_server::registry: registry.rs:217 IPC import timing: device_id=3 size_bytes=624427008 import_ms=3.39 (perf-t1)
2026-08-19T08:46:51.584169+00:00   INFO pegaflow_server::registry: registry.rs:217 IPC import timing: device_id=3 size_bytes=624427008 import_ms=43.14 (perf-t1)
2026-08-19T08:46:51.588198+00:00   INFO pegaflow_server::registry: registry.rs:217 IPC import timing: device_id=3 size_bytes=624427008 import_ms=3.47 (perf-t1)
2026-08-19T08:46:51.632320+00:00   INFO pegaflow_server::registry: registry.rs:217 IPC import timing: device_id=3 size_bytes=624427008 import_ms=43.60 (perf-t1)
2026-08-19T08:46:51.638516+00:00   INFO pegaflow_server::registry: registry.rs:217 IPC import timing: device_id=3 size_bytes=624427008 import_ms=5.63 (perf-t1)
2026-08-19T08:46:51.684080+00:00   INFO pegaflow_server::registry: registry.rs:217 IPC import timing: device_id=3 size_bytes=624427008 import_ms=45.05 (perf-t1)
2026-08-19T08:46:51.687989+00:00   INFO pegaflow_server::registry: registry.rs:217 IPC import timing: device_id=3 size_bytes=624427008 import_ms=3.35 (perf-t1)
2026-08-19T08:46:51.728677+00:00   INFO pegaflow_server::registry: registry.rs:217 IPC import timing: device_id=3 size_bytes=624427008 import_ms=40.11 (perf-t1)
2026-08-19T08:46:51.732805+00:00   INFO pegaflow_server::registry: registry.rs:217 IPC import timing: device_id=3 size_bytes=624427008 import_ms=3.53 (perf-t1)
2026-08-19T08:46:51.775949+00:00   INFO pegaflow_server::registry: registry.rs:217 IPC import timing: device_id=3 size_bytes=624427008 import_ms=42.51 (perf-t1)
2026-08-19T08:46:51.780104+00:00   INFO pegaflow_server::registry: registry.rs:217 IPC import timing: device_id=3 size_bytes=624427008 import_ms=3.54 (perf-t1)
2026-08-19T08:46:51.827945+00:00   INFO pegaflow_server::registry: registry.rs:217 IPC import timing: device_id=3 size_bytes=624427008 import_ms=47.30 (perf-t1)
2026-08-19T08:46:51.831828+00:00   INFO pegaflow_server::registry: registry.rs:217 IPC import timing: device_id=3 size_bytes=624427008 import_ms=3.31 (perf-t1)
2026-08-19T08:46:51.837300+00:00   INFO pegaflow_server::registry: registry.rs:217 IPC import timing: device_id=3 size_bytes=624427008 import_ms=4.89 (perf-t1)
2026-08-19T08:46:51.841477+00:00   INFO pegaflow_server::registry: registry.rs:217 IPC import timing: device_id=3 size_bytes=624427008 import_ms=3.63 (perf-t1)
2026-08-19T08:46:51.845289+00:00   INFO pegaflow_server::registry: registry.rs:217 IPC import timing: device_id=3 size_bytes=624427008 import_ms=3.29 (perf-t1)
2026-08-19T08:46:51.849251+00:00   INFO pegaflow_server::registry: registry.rs:217 IPC import timing: device_id=3 size_bytes=624427008 import_ms=3.41 (perf-t1)
2026-08-19T08:46:51.853107+00:00   INFO pegaflow_server::registry: registry.rs:217 IPC import timing: device_id=3 size_bytes=624427008 import_ms=3.33 (perf-t1)
2026-08-19T08:46:51.856964+00:00   INFO pegaflow_server::registry: registry.rs:217 IPC import timing: device_id=3 size_bytes=624427008 import_ms=3.35 (perf-t1)
2026-08-19T08:46:51.860983+00:00   INFO pegaflow_server::registry: registry.rs:217 IPC import timing: device_id=3 size_bytes=624427008 import_ms=3.48 (perf-t1)
2026-08-19T08:46:51.864884+00:00   INFO pegaflow_server::registry: registry.rs:217 IPC import timing: device_id=3 size_bytes=624427008 import_ms=3.39 (perf-t1)
2026-08-19T08:46:51.871014+00:00   INFO pegaflow_server::registry: registry.rs:217 IPC import timing: device_id=3 size_bytes=624427008 import_ms=5.61 (perf-t1)
2026-08-19T08:46:51.874966+00:00   INFO pegaflow_server::registry: registry.rs:217 IPC import timing: device_id=3 size_bytes=624427008 import_ms=3.40 (perf-t1)
2026-08-19T08:46:51.879074+00:00   INFO pegaflow_server::registry: registry.rs:217 IPC import timing: device_id=3 size_bytes=624427008 import_ms=3.59 (perf-t1)
2026-08-19T08:46:51.884043+00:00   INFO pegaflow_core::gpu_worker: gpu_worker.rs:338 GPU worker initialized: device=3 backend=ascend_batch device_id=3
2026-08-19T08:46:51.884555+00:00   INFO pegaflow_core::gpu_worker: gpu_worker.rs:338 GPU worker initialized: device=3 backend=ascend_batch device_id=3
2026-08-19T08:46:51.884751+00:00   INFO pegaflow_core::gpu_worker: gpu_worker.rs:200 GPU worker pool started: device=3, numa_node=NUMA0, transfer_mode=AscendDirect
2026-08-19T08:46:51.885490+00:00   INFO pegaflow_core::instance: instance.rs:706 Sealed instance topology: instance=f831fc71-c9aa-43b3-9fd8-52a790309400-e7a4effb8b3c4ff6bd8b7bb7d19af042, num_layers=72, tp_size=1, world_size=1, total_slots=72
2026-08-19T08:46:51.885543+00:00   INFO pegaflow_core::instance: instance.rs:719 Initialized GPU context: device_id=3, numa_node=NUMA0
2026-08-19T08:46:51.885574+00:00   INFO pegaflow_core: lib.rs:452 Registered context batch: instance=f831fc71-c9aa-43b3-9fd8-52a790309400-e7a4effb8b3c4ff6bd8b7bb7d19af042, namespace=perf-t5-d-iso-c2-3, device=3, layers=72, tp_rank=0/1, pp_rank=0
2026-08-19T08:46:52.025718+00:00   INFO pegaflow_server::registry: registry.rs:217 IPC import timing: device_id=0 size_bytes=624427008 import_ms=3.95 (perf-t1)
2026-08-19T08:46:52.030505+00:00   INFO pegaflow_server::registry: registry.rs:217 IPC import timing: device_id=0 size_bytes=624427008 import_ms=3.78 (perf-t1)
2026-08-19T08:46:52.034945+00:00   INFO pegaflow_server::registry: registry.rs:217 IPC import timing: device_id=0 size_bytes=624427008 import_ms=3.79 (perf-t1)
2026-08-19T08:46:52.038941+00:00   INFO pegaflow_server::registry: registry.rs:217 IPC import timing: device_id=0 size_bytes=624427008 import_ms=3.39 (perf-t1)
2026-08-19T08:46:52.043010+00:00   INFO pegaflow_server::registry: registry.rs:217 IPC import timing: device_id=0 size_bytes=624427008 import_ms=3.39 (perf-t1)
2026-08-19T08:46:52.046977+00:00   INFO pegaflow_server::registry: registry.rs:217 IPC import timing: device_id=0 size_bytes=624427008 import_ms=3.39 (perf-t1)
2026-08-19T08:46:52.050806+00:00   INFO pegaflow_server::registry: registry.rs:217 IPC import timing: device_id=0 size_bytes=624427008 import_ms=3.24 (perf-t1)
2026-08-19T08:46:52.055199+00:00   INFO pegaflow_server::registry: registry.rs:217 IPC import timing: device_id=0 size_bytes=624427008 import_ms=3.71 (perf-t1)
2026-08-19T08:46:52.059125+00:00   INFO pegaflow_server::registry: registry.rs:217 IPC import timing: device_id=0 size_bytes=624427008 import_ms=3.33 (perf-t1)
2026-08-19T08:46:52.068891+00:00   INFO pegaflow_server::registry: registry.rs:217 IPC import timing: device_id=0 size_bytes=624427008 import_ms=9.13 (perf-t1)
2026-08-19T08:46:52.073438+00:00   INFO pegaflow_server::registry: registry.rs:217 IPC import timing: device_id=0 size_bytes=624427008 import_ms=3.62 (perf-t1)
2026-08-19T08:46:52.078907+00:00   INFO pegaflow_server::registry: registry.rs:217 IPC import timing: device_id=0 size_bytes=624427008 import_ms=4.84 (perf-t1)
2026-08-19T08:46:52.083392+00:00   INFO pegaflow_server::registry: registry.rs:217 IPC import timing: device_id=0 size_bytes=624427008 import_ms=3.77 (perf-t1)
2026-08-19T08:46:52.087571+00:00   INFO pegaflow_server::registry: registry.rs:217 IPC import timing: device_id=0 size_bytes=624427008 import_ms=3.45 (perf-t1)
2026-08-19T08:46:52.091520+00:00   INFO pegaflow_server::registry: registry.rs:217 IPC import timing: device_id=0 size_bytes=624427008 import_ms=3.32 (perf-t1)
2026-08-19T08:46:52.095545+00:00   INFO pegaflow_server::registry: registry.rs:217 IPC import timing: device_id=0 size_bytes=624427008 import_ms=3.36 (perf-t1)
2026-08-19T08:46:52.100227+00:00   INFO pegaflow_server::registry: registry.rs:217 IPC import timing: device_id=0 size_bytes=624427008 import_ms=3.99 (perf-t1)
2026-08-19T08:46:52.104129+00:00   INFO pegaflow_server::registry: registry.rs:217 IPC import timing: device_id=0 size_bytes=624427008 import_ms=3.26 (perf-t1)
2026-08-19T08:46:52.108023+00:00   INFO pegaflow_server::registry: registry.rs:217 IPC import timing: device_id=0 size_bytes=624427008 import_ms=3.26 (perf-t1)
2026-08-19T08:46:52.111940+00:00   INFO pegaflow_server::registry: registry.rs:217 IPC import timing: device_id=0 size_bytes=624427008 import_ms=3.23 (perf-t1)
2026-08-19T08:46:52.115765+00:00   INFO pegaflow_server::registry: registry.rs:217 IPC import timing: device_id=0 size_bytes=624427008 import_ms=3.18 (perf-t1)
2026-08-19T08:46:52.120762+00:00   INFO pegaflow_server::registry: registry.rs:217 IPC import timing: device_id=0 size_bytes=624427008 import_ms=4.37 (perf-t1)
2026-08-19T08:46:52.124915+00:00   INFO pegaflow_server::registry: registry.rs:217 IPC import timing: device_id=0 size_bytes=624427008 import_ms=3.48 (perf-t1)
2026-08-19T08:46:52.128810+00:00   INFO pegaflow_server::registry: registry.rs:217 IPC import timing: device_id=0 size_bytes=624427008 import_ms=3.28 (perf-t1)
2026-08-19T08:46:52.132683+00:00   INFO pegaflow_server::registry: registry.rs:217 IPC import timing: device_id=0 size_bytes=624427008 import_ms=3.19 (perf-t1)
2026-08-19T08:46:52.136920+00:00   INFO pegaflow_server::registry: registry.rs:217 IPC import timing: device_id=0 size_bytes=624427008 import_ms=3.54 (perf-t1)
2026-08-19T08:46:52.142636+00:00   INFO pegaflow_server::registry: registry.rs:217 IPC import timing: device_id=0 size_bytes=624427008 import_ms=5.09 (perf-t1)
2026-08-19T08:46:52.146721+00:00   INFO pegaflow_server::registry: registry.rs:217 IPC import timing: device_id=0 size_bytes=624427008 import_ms=3.46 (perf-t1)
2026-08-19T08:46:52.150904+00:00   INFO pegaflow_server::registry: registry.rs:217 IPC import timing: device_id=0 size_bytes=624427008 import_ms=3.50 (perf-t1)
2026-08-19T08:46:52.155908+00:00   INFO pegaflow_server::registry: registry.rs:217 IPC import timing: device_id=0 size_bytes=624427008 import_ms=4.35 (perf-t1)
2026-08-19T08:46:52.161385+00:00   INFO pegaflow_server::registry: registry.rs:217 IPC import timing: device_id=0 size_bytes=624427008 import_ms=4.84 (perf-t1)
2026-08-19T08:46:52.165338+00:00   INFO pegaflow_server::registry: registry.rs:217 IPC import timing: device_id=0 size_bytes=624427008 import_ms=3.27 (perf-t1)
2026-08-19T08:46:52.169847+00:00   INFO pegaflow_server::registry: registry.rs:217 IPC import timing: device_id=0 size_bytes=624427008 import_ms=3.91 (perf-t1)
2026-08-19T08:46:52.183081+00:00   INFO pegaflow_server::registry: registry.rs:217 IPC import timing: device_id=0 size_bytes=624427008 import_ms=12.60 (perf-t1)
2026-08-19T08:46:52.187407+00:00   INFO pegaflow_server::registry: registry.rs:217 IPC import timing: device_id=0 size_bytes=624427008 import_ms=3.57 (perf-t1)
2026-08-19T08:46:52.191357+00:00   INFO pegaflow_server::registry: registry.rs:217 IPC import timing: device_id=0 size_bytes=624427008 import_ms=3.32 (perf-t1)
2026-08-19T08:46:52.195381+00:00   INFO pegaflow_server::registry: registry.rs:217 IPC import timing: device_id=0 size_bytes=624427008 import_ms=3.41 (perf-t1)
2026-08-19T08:46:52.199257+00:00   INFO pegaflow_server::registry: registry.rs:217 IPC import timing: device_id=0 size_bytes=624427008 import_ms=3.19 (perf-t1)
2026-08-19T08:46:52.203200+00:00   INFO pegaflow_server::registry: registry.rs:217 IPC import timing: device_id=0 size_bytes=624427008 import_ms=3.31 (perf-t1)
2026-08-19T08:46:52.207085+00:00   INFO pegaflow_server::registry: registry.rs:217 IPC import timing: device_id=0 size_bytes=624427008 import_ms=3.26 (perf-t1)
2026-08-19T08:46:52.211744+00:00   INFO pegaflow_server::registry: registry.rs:217 IPC import timing: device_id=0 size_bytes=624427008 import_ms=3.96 (perf-t1)
2026-08-19T08:46:52.215739+00:00   INFO pegaflow_server::registry: registry.rs:217 IPC import timing: device_id=0 size_bytes=624427008 import_ms=3.33 (perf-t1)
2026-08-19T08:46:52.219564+00:00   INFO pegaflow_server::registry: registry.rs:217 IPC import timing: device_id=0 size_bytes=624427008 import_ms=3.20 (perf-t1)
2026-08-19T08:46:52.223500+00:00   INFO pegaflow_server::registry: registry.rs:217 IPC import timing: device_id=0 size_bytes=624427008 import_ms=3.26 (perf-t1)
2026-08-19T08:46:52.227418+00:00   INFO pegaflow_server::registry: registry.rs:217 IPC import timing: device_id=0 size_bytes=624427008 import_ms=3.31 (perf-t1)
2026-08-19T08:46:52.232506+00:00   INFO pegaflow_server::registry: registry.rs:217 IPC import timing: device_id=0 size_bytes=624427008 import_ms=4.47 (perf-t1)
2026-08-19T08:46:52.236518+00:00   INFO pegaflow_server::registry: registry.rs:217 IPC import timing: device_id=0 size_bytes=624427008 import_ms=3.40 (perf-t1)
2026-08-19T08:46:52.240428+00:00   INFO pegaflow_server::registry: registry.rs:217 IPC import timing: device_id=0 size_bytes=624427008 import_ms=3.23 (perf-t1)
2026-08-19T08:46:52.244790+00:00   INFO pegaflow_server::registry: registry.rs:217 IPC import timing: device_id=0 size_bytes=624427008 import_ms=3.75 (perf-t1)
2026-08-19T08:46:52.250603+00:00   INFO pegaflow_server::registry: registry.rs:217 IPC import timing: device_id=0 size_bytes=624427008 import_ms=5.21 (perf-t1)
2026-08-19T08:46:52.254611+00:00   INFO pegaflow_server::registry: registry.rs:217 IPC import timing: device_id=0 size_bytes=624427008 import_ms=3.33 (perf-t1)
2026-08-19T08:46:52.258463+00:00   INFO pegaflow_server::registry: registry.rs:217 IPC import timing: device_id=0 size_bytes=624427008 import_ms=3.24 (perf-t1)
2026-08-19T08:46:52.262327+00:00   INFO pegaflow_server::registry: registry.rs:217 IPC import timing: device_id=0 size_bytes=624427008 import_ms=3.25 (perf-t1)
2026-08-19T08:46:52.269381+00:00   INFO pegaflow_server::registry: registry.rs:217 IPC import timing: device_id=0 size_bytes=624427008 import_ms=6.36 (perf-t1)
2026-08-19T08:46:52.273253+00:00   INFO pegaflow_server::registry: registry.rs:217 IPC import timing: device_id=0 size_bytes=624427008 import_ms=3.25 (perf-t1)
2026-08-19T08:46:52.277088+00:00   INFO pegaflow_server::registry: registry.rs:217 IPC import timing: device_id=0 size_bytes=624427008 import_ms=3.22 (perf-t1)
2026-08-19T08:46:52.281040+00:00   INFO pegaflow_server::registry: registry.rs:217 IPC import timing: device_id=0 size_bytes=624427008 import_ms=3.27 (perf-t1)
2026-08-19T08:46:52.285050+00:00   INFO pegaflow_server::registry: registry.rs:217 IPC import timing: device_id=0 size_bytes=624427008 import_ms=3.30 (perf-t1)
2026-08-19T08:46:52.288920+00:00   INFO pegaflow_server::registry: registry.rs:217 IPC import timing: device_id=0 size_bytes=624427008 import_ms=3.25 (perf-t1)
2026-08-19T08:46:52.292817+00:00   INFO pegaflow_server::registry: registry.rs:217 IPC import timing: device_id=0 size_bytes=624427008 import_ms=3.20 (perf-t1)
2026-08-19T08:46:52.296559+00:00   INFO pegaflow_server::registry: registry.rs:217 IPC import timing: device_id=0 size_bytes=624427008 import_ms=3.12 (perf-t1)
2026-08-19T08:46:52.301734+00:00   INFO pegaflow_server::registry: registry.rs:217 IPC import timing: device_id=0 size_bytes=624427008 import_ms=4.55 (perf-t1)
2026-08-19T08:46:52.305799+00:00   INFO pegaflow_server::registry: registry.rs:217 IPC import timing: device_id=0 size_bytes=624427008 import_ms=3.36 (perf-t1)
2026-08-19T08:46:52.309639+00:00   INFO pegaflow_server::registry: registry.rs:217 IPC import timing: device_id=0 size_bytes=624427008 import_ms=3.23 (perf-t1)
2026-08-19T08:46:52.313420+00:00   INFO pegaflow_server::registry: registry.rs:217 IPC import timing: device_id=0 size_bytes=624427008 import_ms=3.16 (perf-t1)
2026-08-19T08:46:52.317442+00:00   INFO pegaflow_server::registry: registry.rs:217 IPC import timing: device_id=0 size_bytes=624427008 import_ms=3.35 (perf-t1)
2026-08-19T08:46:52.321350+00:00   INFO pegaflow_server::registry: registry.rs:217 IPC import timing: device_id=0 size_bytes=624427008 import_ms=3.29 (perf-t1)
2026-08-19T08:46:52.325220+00:00   INFO pegaflow_server::registry: registry.rs:217 IPC import timing: device_id=0 size_bytes=624427008 import_ms=3.27 (perf-t1)
2026-08-19T08:46:52.329197+00:00   INFO pegaflow_server::registry: registry.rs:217 IPC import timing: device_id=0 size_bytes=624427008 import_ms=3.31 (perf-t1)
2026-08-19T08:46:52.332974+00:00   INFO pegaflow_server::registry: registry.rs:217 IPC import timing: device_id=0 size_bytes=624427008 import_ms=3.13 (perf-t1)
2026-08-19T08:46:52.336800+00:00   INFO pegaflow_server::registry: registry.rs:217 IPC import timing: device_id=0 size_bytes=624427008 import_ms=3.21 (perf-t1)
2026-08-19T08:46:52.340675+00:00   INFO pegaflow_server::registry: registry.rs:217 IPC import timing: device_id=0 size_bytes=624427008 import_ms=3.21 (perf-t1)
2026-08-19T08:46:52.345336+00:00   INFO pegaflow_core::gpu_worker: gpu_worker.rs:338 GPU worker initialized: device=0 backend=ascend_batch device_id=0
2026-08-19T08:46:52.346020+00:00   INFO pegaflow_core::gpu_worker: gpu_worker.rs:338 GPU worker initialized: device=0 backend=ascend_batch device_id=0
2026-08-19T08:46:52.346214+00:00   INFO pegaflow_core::gpu_worker: gpu_worker.rs:200 GPU worker pool started: device=0, numa_node=NUMA6, transfer_mode=AscendDirect
2026-08-19T08:46:52.346952+00:00   INFO pegaflow_core::instance: instance.rs:706 Sealed instance topology: instance=8353a08d-ad3a-447d-abfc-a3e521575cfe-59efadeb12df4a02b1ff9d0b5b0df841, num_layers=72, tp_size=1, world_size=1, total_slots=72
2026-08-19T08:46:52.347003+00:00   INFO pegaflow_core::instance: instance.rs:719 Initialized GPU context: device_id=0, numa_node=NUMA6
2026-08-19T08:46:52.347037+00:00   INFO pegaflow_core: lib.rs:452 Registered context batch: instance=8353a08d-ad3a-447d-abfc-a3e521575cfe-59efadeb12df4a02b1ff9d0b5b0df841, namespace=perf-t5-d-iso-c2-0, device=0, layers=72, tp_rank=0/1, pp_rank=0
2026-08-19T08:47:01.979146+00:00   INFO pegaflow_server::service: service.rs:931 Session opened: instance_id=eb528856-1654-40f1-a2e8-eb5101c41031-00b89c4f5a7d40b5af6da0421f82a77a namespace=perf-t5-d-iso-c2-1 tp_size=1 world_size=1 token=1
2026-08-19T08:47:10.733245+00:00   INFO pegaflow_server::service: service.rs:931 Session opened: instance_id=f831fc71-c9aa-43b3-9fd8-52a790309400-e7a4effb8b3c4ff6bd8b7bb7d19af042 namespace=perf-t5-d-iso-c2-3 tp_size=1 world_size=1 token=2
2026-08-19T08:47:11.713394+00:00   INFO pegaflow_server::service: service.rs:931 Session opened: instance_id=8353a08d-ad3a-447d-abfc-a3e521575cfe-59efadeb12df4a02b1ff9d0b5b0df841 namespace=perf-t5-d-iso-c2-0 tp_size=1 world_size=1 token=3
2026-08-19T08:47:17.072786+00:00   INFO pegaflow_server::service: service.rs:931 Session opened: instance_id=02f0bcbe-35d8-4bad-9f6c-c3785d1bf21b-537f2b415e9547ada9d77d44f6e7fe3a namespace=perf-t5-d-iso-c2-2 tp_size=1 world_size=1 token=4
2026-08-19T08:47:23.748063+00:00   INFO pegaflow_core::storage::prefetch: prefetch.rs:316 Prefetch local-hit timing: req_id=cmpl-perf-628bc656fd7f-0-88df1b3d total_keys=76 hit=0 missing=76 key_build=54.732µs cache_scan=20.49µs task_schedule=6.49µs total=148.364µs
2026-08-19T08:47:57.609838+00:00   INFO pegaflow_core::storage::prefetch: prefetch.rs:316 Prefetch local-hit timing: req_id=cmpl-perf-d6186241e2ee-0-a87928ba total_keys=76 hit=0 missing=76 key_build=99.572µs cache_scan=19.731µs task_schedule=7.1µs total=156.893µs
2026-08-19T08:48:00.185366+00:00   INFO pegaflow_core::storage::prefetch: prefetch.rs:316 Prefetch local-hit timing: req_id=cmpl-perf-bafc54352212-0-ab19a8a7 total_keys=76 hit=0 missing=76 key_build=43.551µs cache_scan=18.96µs task_schedule=6.44µs total=93.912µs
2026-08-19T08:48:02.746265+00:00   INFO pegaflow_core::storage::prefetch: prefetch.rs:316 Prefetch local-hit timing: req_id=cmpl-perf-5bd9889c7c0c-0-84e2ccc3 total_keys=76 hit=0 missing=76 key_build=51.722µs cache_scan=20.79µs task_schedule=6.02µs total=109.093µs
2026-08-19T08:48:12.379607+00:00   INFO pegaflow_core::storage::prefetch: prefetch.rs:316 Prefetch local-hit timing: req_id=cmpl-perf-4bae27bef0d5-0-af9367e6 total_keys=1 hit=0 missing=1 key_build=9.35µs cache_scan=19.491µs task_schedule=6.04µs total=61.471µs
2026-08-19T08:48:14.172477+00:00   INFO pegaflow_core::storage::prefetch: prefetch.rs:316 Prefetch local-hit timing: req_id=cmpl-perf-c535ea8ae064-0-9b6dad2c total_keys=1 hit=0 missing=1 key_build=8.56µs cache_scan=20.131µs task_schedule=6.44µs total=71.902µs
2026-08-19T08:48:15.962238+00:00   INFO pegaflow_core::storage::prefetch: prefetch.rs:316 Prefetch local-hit timing: req_id=cmpl-perf-6231c886d7ab-0-aec1c1fe total_keys=1 hit=0 missing=1 key_build=9.44µs cache_scan=21.221µs task_schedule=6.78µs total=65.812µs
2026-08-19T08:48:17.732233+00:00   INFO pegaflow_core::storage::prefetch: prefetch.rs:316 Prefetch local-hit timing: req_id=cmpl-perf-941c2336cdcd-0-a29e9773 total_keys=1 hit=0 missing=1 key_build=8.86µs cache_scan=20.561µs task_schedule=6.53µs total=63.252µs
2026-08-19T08:48:22.729736+00:00   INFO pegaflow_server::service: service.rs:955 Session closed: instance_id=eb528856-1654-40f1-a2e8-eb5101c41031-00b89c4f5a7d40b5af6da0421f82a77a token=1 — running cleanup
2026-08-19T08:48:23.262828+00:00   INFO pegaflow_server::service: service.rs:59 Session cleanup (stream closed): dropped 72 device tensors for instance eb528856-1654-40f1-a2e8-eb5101c41031-00b89c4f5a7d40b5af6da0421f82a77a
2026-08-19T08:48:23.263076+00:00   INFO pegaflow_core: lib.rs:471 Unregistered instance: eb528856-1654-40f1-a2e8-eb5101c41031-00b89c4f5a7d40b5af6da0421f82a77a
2026-08-19T08:48:23.984594+00:00   INFO pegaflow_server::service: service.rs:955 Session closed: instance_id=f831fc71-c9aa-43b3-9fd8-52a790309400-e7a4effb8b3c4ff6bd8b7bb7d19af042 token=2 — running cleanup
2026-08-19T08:48:24.571290+00:00   INFO pegaflow_server::service: service.rs:59 Session cleanup (stream closed): dropped 72 device tensors for instance f831fc71-c9aa-43b3-9fd8-52a790309400-e7a4effb8b3c4ff6bd8b7bb7d19af042
2026-08-19T08:48:24.571537+00:00   INFO pegaflow_core: lib.rs:471 Unregistered instance: f831fc71-c9aa-43b3-9fd8-52a790309400-e7a4effb8b3c4ff6bd8b7bb7d19af042
2026-08-19T08:48:25.289560+00:00   INFO pegaflow_server::service: service.rs:955 Session closed: instance_id=8353a08d-ad3a-447d-abfc-a3e521575cfe-59efadeb12df4a02b1ff9d0b5b0df841 token=3 — running cleanup
2026-08-19T08:48:25.986139+00:00   INFO pegaflow_core: lib.rs:471 Unregistered instance: 8353a08d-ad3a-447d-abfc-a3e521575cfe-59efadeb12df4a02b1ff9d0b5b0df841
2026-08-19T08:48:26.706226+00:00   INFO pegaflow_server::service: service.rs:955 Session closed: instance_id=02f0bcbe-35d8-4bad-9f6c-c3785d1bf21b-537f2b415e9547ada9d77d44f6e7fe3a token=4 — running cleanup
2026-08-19T08:48:27.362165+00:00   INFO pegaflow_core: lib.rs:471 Unregistered instance: 02f0bcbe-35d8-4bad-9f6c-c3785d1bf21b-537f2b415e9547ada9d77d44f6e7fe3a
