2026-08-19T07:52:06.937045+00:00   INFO pegaflow_server: lib.rs:480 Starting pega-engine-server v0.23.3
2026-08-19T07:52:07.772224+00:00   INFO pegaflow_server: lib.rs:319 Ascend ACL runtime initialized, device 0 set as current
2026-08-19T07:52:07.772455+00:00   INFO pegaflow_server::check_ascend_version: check_ascend_version.rs:40 Ascend preflight: minimum required version 1.16.0
2026-08-19T07:52:07.772535+00:00   INFO pegaflow_server::check_ascend_version: check_ascend_version.rs:52 Ascend preflight: runtime version 1.17.0 detected
2026-08-19T07:52:07.772577+00:00   INFO pegaflow_server: lib.rs:498 Using specified device(s): [0, 1, 2, 3]
2026-08-19T07:52:16.805751+00:00   INFO pegaflow_server: lib.rs:397 Initialized context for device 0 in 0.01s
2026-08-19T07:52:17.567364+00:00   INFO pegaflow_server: lib.rs:397 Initialized context for device 1 in 0.76s
2026-08-19T07:52:18.323754+00:00   INFO pegaflow_server: lib.rs:397 Initialized context for device 2 in 0.76s
2026-08-19T07:52:19.072926+00:00   INFO pegaflow_server: lib.rs:397 Initialized context for device 3 in 0.75s
2026-08-19T07:52:19.073165+00:00   INFO pegaflow_server: lib.rs:507 Device runtime initialized for 4 device(s): [0, 1, 2, 3]
2026-08-19T07:52:19.073561+00:00   INFO pegaflow_server: lib.rs:528 Creating PegaEngine with pinned memory pool: 16.00 GiB (17179869184 bytes), hugepages=false
2026-08-19T07:52:19.104118+00:00   INFO pegaflow_server: lib.rs:446 Prometheus metrics exporter enabled
2026-08-19T07:52:19.104442+00:00   INFO opentelemetry: metrics.rs:29  name="MeterProvider.GlobalSet" message=Global meter provider is set. Meters can now be created using global::meter() or global::meter_with_scope().
2026-08-19T07:52:24.462067+00:00   INFO pegaflow_common::numa: numa.rs:650 === Device-NUMA Topology ===
2026-08-19T07:52:24.462236+00:00   INFO pegaflow_common::numa: numa.rs:651 NUMA nodes: 8
2026-08-19T07:52:24.462284+00:00   INFO pegaflow_common::numa: numa.rs:659   Device 0 -> NUMA6
2026-08-19T07:52:24.462309+00:00   INFO pegaflow_common::numa: numa.rs:659   Device 1 -> NUMA0
2026-08-19T07:52:24.462329+00:00   INFO pegaflow_common::numa: numa.rs:659   Device 2 -> NUMA6
2026-08-19T07:52:24.462349+00:00   INFO pegaflow_common::numa: numa.rs:659   Device 3 -> NUMA0
2026-08-19T07:52:24.462368+00:00   INFO pegaflow_common::numa: numa.rs:659   Device 4 -> NUMA4
2026-08-19T07:52:24.462388+00:00   INFO pegaflow_common::numa: numa.rs:659   Device 5 -> NUMA2
2026-08-19T07:52:24.462407+00:00   INFO pegaflow_common::numa: numa.rs:659   Device 6 -> NUMA4
2026-08-19T07:52:24.462426+00:00   INFO pegaflow_common::numa: numa.rs:659   Device 7 -> NUMA2
2026-08-19T07:52:24.462486+00:00   INFO pegaflow_core: lib.rs:163 Auto-enabling NUMA-aware memory allocation for 4 GPU-local NUMA nodes (8 CPU NUMA nodes detected)
2026-08-19T07:52:24.462512+00:00   INFO pegaflow_core::storage: mod.rs:150 Creating NUMA-aware pinned pools for 4 nodes
2026-08-19T07:52:24.462548+00:00   INFO pegaflow_core::pinned_pool: pinned_pool.rs:547 Creating NUMA-aware pools: total=16.0 GiB, nodes=4, per_node=4.0 GiB, shards_per_node=1
2026-08-19T07:52:24.463998+00:00   INFO pegaflow_core::pinned_pool: pinned_pool.rs:203 Allocating pinned memory pool with aclrtMallocHost mapped pages
2026-08-19T07:52:24.464182+00:00   INFO pegaflow_core::pinned_pool: pinned_pool.rs:262 Ascend pinned pool on NUMA node NUMA0 → using device 1
2026-08-19T07:52:24.635129+00:00   INFO pegaflow_core::pinned_pool: pinned_pool.rs:213 Pinned pool: backing_size=4.0 GiB, unit_size=512 B, max_units=8388608, allocatable_size=4.0 GiB
2026-08-19T07:52:24.979508+00:00   INFO pegaflow_core::pinned_pool: pinned_pool.rs:580 Created pinned pool on NUMA0: capacity=4.0 GiB
2026-08-19T07:52:24.980624+00:00   INFO pegaflow_core::pinned_pool: pinned_pool.rs:203 Allocating pinned memory pool with aclrtMallocHost mapped pages
2026-08-19T07:52:24.980779+00:00   INFO pegaflow_core::pinned_pool: pinned_pool.rs:262 Ascend pinned pool on NUMA node NUMA2 → using device 7
2026-08-19T07:52:25.903539+00:00   INFO pegaflow_core::pinned_pool: pinned_pool.rs:213 Pinned pool: backing_size=4.0 GiB, unit_size=512 B, max_units=8388608, allocatable_size=4.0 GiB
2026-08-19T07:52:26.245156+00:00   INFO pegaflow_core::pinned_pool: pinned_pool.rs:580 Created pinned pool on NUMA2: capacity=4.0 GiB
2026-08-19T07:52:26.246202+00:00   INFO pegaflow_core::pinned_pool: pinned_pool.rs:203 Allocating pinned memory pool with aclrtMallocHost mapped pages
2026-08-19T07:52:26.246267+00:00   INFO pegaflow_core::pinned_pool: pinned_pool.rs:262 Ascend pinned pool on NUMA node NUMA4 → using device 6
2026-08-19T07:52:27.161743+00:00   INFO pegaflow_core::pinned_pool: pinned_pool.rs:213 Pinned pool: backing_size=4.0 GiB, unit_size=512 B, max_units=8388608, allocatable_size=4.0 GiB
2026-08-19T07:52:27.499469+00:00   INFO pegaflow_core::pinned_pool: pinned_pool.rs:580 Created pinned pool on NUMA4: capacity=4.0 GiB
2026-08-19T07:52:27.500889+00:00   INFO pegaflow_core::pinned_pool: pinned_pool.rs:203 Allocating pinned memory pool with aclrtMallocHost mapped pages
2026-08-19T07:52:27.501091+00:00   INFO pegaflow_core::pinned_pool: pinned_pool.rs:262 Ascend pinned pool on NUMA node NUMA6 → using device 0
2026-08-19T07:52:27.665323+00:00   INFO pegaflow_core::pinned_pool: pinned_pool.rs:213 Pinned pool: backing_size=4.0 GiB, unit_size=512 B, max_units=8388608, allocatable_size=4.0 GiB
2026-08-19T07:52:28.000705+00:00   INFO pegaflow_core::pinned_pool: pinned_pool.rs:580 Created pinned pool on NUMA6: capacity=4.0 GiB
2026-08-19T07:52:28.001578+00:00   INFO pegaflow_server: lib.rs:688 Background GC task started (interval=60s, inflight_max_age=5m, failed_remote_max_age=5m)
2026-08-19T07:52:28.002071+00:00   INFO pegaflow_server::http_server: http_server.rs:187 Starting HTTP server on 0.0.0.0:9091 (/health, /metrics, /instances, /instances/cleanup, /cache/memory/cleanup)
2026-08-19T07:52:28.002193+00:00   INFO pegaflow_server: lib.rs:716 PegaEngine gRPC server listening on 0.0.0.0:50080
2026-08-19T07:54:27.126865+00:00   INFO pegaflow_server::registry: registry.rs:217 IPC import timing: device_id=1 size_bytes=624427008 import_ms=47.32 (perf-t1)
2026-08-19T07:54:27.171309+00:00   INFO pegaflow_server::registry: registry.rs:217 IPC import timing: device_id=1 size_bytes=624427008 import_ms=42.44 (perf-t1)
2026-08-19T07:54:27.175316+00:00   INFO pegaflow_server::registry: registry.rs:217 IPC import timing: device_id=1 size_bytes=624427008 import_ms=3.32 (perf-t1)
2026-08-19T07:54:27.218775+00:00   INFO pegaflow_server::registry: registry.rs:217 IPC import timing: device_id=1 size_bytes=624427008 import_ms=42.91 (perf-t1)
2026-08-19T07:54:27.263249+00:00   INFO pegaflow_server::registry: registry.rs:217 IPC import timing: device_id=1 size_bytes=624427008 import_ms=43.42 (perf-t1)
2026-08-19T07:54:27.267206+00:00   INFO pegaflow_server::registry: registry.rs:217 IPC import timing: device_id=1 size_bytes=624427008 import_ms=3.40 (perf-t1)
2026-08-19T07:54:27.307330+00:00   INFO pegaflow_server::registry: registry.rs:217 IPC import timing: device_id=1 size_bytes=624427008 import_ms=39.58 (perf-t1)
2026-08-19T07:54:27.311580+00:00   INFO pegaflow_server::registry: registry.rs:217 IPC import timing: device_id=1 size_bytes=624427008 import_ms=3.56 (perf-t1)
2026-08-19T07:54:27.355653+00:00   INFO pegaflow_server::registry: registry.rs:217 IPC import timing: device_id=1 size_bytes=624427008 import_ms=43.51 (perf-t1)
2026-08-19T07:54:27.359612+00:00   INFO pegaflow_server::registry: registry.rs:217 IPC import timing: device_id=1 size_bytes=624427008 import_ms=3.39 (perf-t1)
2026-08-19T07:54:27.399262+00:00   INFO pegaflow_server::registry: registry.rs:217 IPC import timing: device_id=1 size_bytes=624427008 import_ms=39.07 (perf-t1)
2026-08-19T07:54:27.403381+00:00   INFO pegaflow_server::registry: registry.rs:217 IPC import timing: device_id=1 size_bytes=624427008 import_ms=3.49 (perf-t1)
2026-08-19T07:54:27.451395+00:00   INFO pegaflow_server::registry: registry.rs:217 IPC import timing: device_id=1 size_bytes=624427008 import_ms=47.46 (perf-t1)
2026-08-19T07:54:27.455295+00:00   INFO pegaflow_server::registry: registry.rs:217 IPC import timing: device_id=1 size_bytes=624427008 import_ms=3.30 (perf-t1)
2026-08-19T07:54:27.503768+00:00   INFO pegaflow_server::registry: registry.rs:217 IPC import timing: device_id=1 size_bytes=624427008 import_ms=47.91 (perf-t1)
2026-08-19T07:54:27.508588+00:00   INFO pegaflow_server::registry: registry.rs:217 IPC import timing: device_id=1 size_bytes=624427008 import_ms=3.36 (perf-t1)
2026-08-19T07:54:27.551530+00:00   INFO pegaflow_server::registry: registry.rs:217 IPC import timing: device_id=1 size_bytes=624427008 import_ms=42.27 (perf-t1)
2026-08-19T07:54:27.599074+00:00   INFO pegaflow_server::registry: registry.rs:217 IPC import timing: device_id=1 size_bytes=624427008 import_ms=46.45 (perf-t1)
2026-08-19T07:54:27.603227+00:00   INFO pegaflow_server::registry: registry.rs:217 IPC import timing: device_id=1 size_bytes=624427008 import_ms=3.53 (perf-t1)
2026-08-19T07:54:27.647195+00:00   INFO pegaflow_server::registry: registry.rs:217 IPC import timing: device_id=1 size_bytes=624427008 import_ms=43.36 (perf-t1)
2026-08-19T07:54:27.651128+00:00   INFO pegaflow_server::registry: registry.rs:217 IPC import timing: device_id=1 size_bytes=624427008 import_ms=3.36 (perf-t1)
2026-08-19T07:54:27.695763+00:00   INFO pegaflow_server::registry: registry.rs:217 IPC import timing: device_id=1 size_bytes=624427008 import_ms=44.08 (perf-t1)
2026-08-19T07:54:27.747031+00:00   INFO pegaflow_server::registry: registry.rs:217 IPC import timing: device_id=1 size_bytes=624427008 import_ms=50.61 (perf-t1)
2026-08-19T07:54:27.751099+00:00   INFO pegaflow_server::registry: registry.rs:217 IPC import timing: device_id=1 size_bytes=624427008 import_ms=3.48 (perf-t1)
2026-08-19T07:54:27.795090+00:00   INFO pegaflow_server::registry: registry.rs:217 IPC import timing: device_id=1 size_bytes=624427008 import_ms=43.44 (perf-t1)
2026-08-19T07:54:27.798995+00:00   INFO pegaflow_server::registry: registry.rs:217 IPC import timing: device_id=1 size_bytes=624427008 import_ms=3.30 (perf-t1)
2026-08-19T07:54:27.848508+00:00   INFO pegaflow_server::registry: registry.rs:217 IPC import timing: device_id=1 size_bytes=624427008 import_ms=48.89 (perf-t1)
2026-08-19T07:54:27.899110+00:00   INFO pegaflow_server::registry: registry.rs:217 IPC import timing: device_id=1 size_bytes=624427008 import_ms=50.01 (perf-t1)
2026-08-19T07:54:27.903246+00:00   INFO pegaflow_server::registry: registry.rs:217 IPC import timing: device_id=1 size_bytes=624427008 import_ms=3.52 (perf-t1)
2026-08-19T07:54:27.952566+00:00   INFO pegaflow_server::registry: registry.rs:217 IPC import timing: device_id=1 size_bytes=624427008 import_ms=48.62 (perf-t1)
2026-08-19T07:54:27.956895+00:00   INFO pegaflow_server::registry: registry.rs:217 IPC import timing: device_id=1 size_bytes=624427008 import_ms=3.53 (perf-t1)
2026-08-19T07:54:27.963775+00:00   INFO pegaflow_server::registry: registry.rs:217 IPC import timing: device_id=1 size_bytes=624427008 import_ms=6.25 (perf-t1)
2026-08-19T07:54:27.967885+00:00   INFO pegaflow_server::registry: registry.rs:217 IPC import timing: device_id=1 size_bytes=624427008 import_ms=3.43 (perf-t1)
2026-08-19T07:54:27.971731+00:00   INFO pegaflow_server::registry: registry.rs:217 IPC import timing: device_id=1 size_bytes=624427008 import_ms=3.26 (perf-t1)
2026-08-19T07:54:27.975659+00:00   INFO pegaflow_server::registry: registry.rs:217 IPC import timing: device_id=1 size_bytes=624427008 import_ms=3.34 (perf-t1)
2026-08-19T07:54:27.979809+00:00   INFO pegaflow_server::registry: registry.rs:217 IPC import timing: device_id=1 size_bytes=624427008 import_ms=3.59 (perf-t1)
2026-08-19T07:54:27.983703+00:00   INFO pegaflow_server::registry: registry.rs:217 IPC import timing: device_id=1 size_bytes=624427008 import_ms=3.32 (perf-t1)
2026-08-19T07:54:27.987743+00:00   INFO pegaflow_server::registry: registry.rs:217 IPC import timing: device_id=1 size_bytes=624427008 import_ms=3.48 (perf-t1)
2026-08-19T07:54:28.009530+00:00   INFO pegaflow_server::registry: registry.rs:217 IPC import timing: device_id=1 size_bytes=624427008 import_ms=21.25 (perf-t1)
2026-08-19T07:54:28.016553+00:00   INFO pegaflow_server::registry: registry.rs:217 IPC import timing: device_id=1 size_bytes=624427008 import_ms=6.35 (perf-t1)
2026-08-19T07:54:28.020454+00:00   INFO pegaflow_server::registry: registry.rs:217 IPC import timing: device_id=1 size_bytes=624427008 import_ms=3.27 (perf-t1)
2026-08-19T07:54:28.024240+00:00   INFO pegaflow_server::registry: registry.rs:217 IPC import timing: device_id=1 size_bytes=624427008 import_ms=3.24 (perf-t1)
2026-08-19T07:54:28.028018+00:00   INFO pegaflow_server::registry: registry.rs:217 IPC import timing: device_id=1 size_bytes=624427008 import_ms=3.19 (perf-t1)
2026-08-19T07:54:28.032049+00:00   INFO pegaflow_server::registry: registry.rs:217 IPC import timing: device_id=1 size_bytes=624427008 import_ms=3.43 (perf-t1)
2026-08-19T07:54:28.035842+00:00   INFO pegaflow_server::registry: registry.rs:217 IPC import timing: device_id=1 size_bytes=624427008 import_ms=3.22 (perf-t1)
2026-08-19T07:54:28.041502+00:00   INFO pegaflow_server::registry: registry.rs:217 IPC import timing: device_id=1 size_bytes=624427008 import_ms=5.10 (perf-t1)
2026-08-19T07:54:28.045346+00:00   INFO pegaflow_server::registry: registry.rs:217 IPC import timing: device_id=1 size_bytes=624427008 import_ms=3.25 (perf-t1)
2026-08-19T07:54:28.049170+00:00   INFO pegaflow_server::registry: registry.rs:217 IPC import timing: device_id=1 size_bytes=624427008 import_ms=3.27 (perf-t1)
2026-08-19T07:54:28.053006+00:00   INFO pegaflow_server::registry: registry.rs:217 IPC import timing: device_id=1 size_bytes=624427008 import_ms=3.30 (perf-t1)
2026-08-19T07:54:28.056979+00:00   INFO pegaflow_server::registry: registry.rs:217 IPC import timing: device_id=1 size_bytes=624427008 import_ms=3.41 (perf-t1)
2026-08-19T07:54:28.060998+00:00   INFO pegaflow_server::registry: registry.rs:217 IPC import timing: device_id=1 size_bytes=624427008 import_ms=3.48 (perf-t1)
2026-08-19T07:54:28.066410+00:00   INFO pegaflow_server::registry: registry.rs:217 IPC import timing: device_id=1 size_bytes=624427008 import_ms=4.86 (perf-t1)
2026-08-19T07:54:28.070360+00:00   INFO pegaflow_server::registry: registry.rs:217 IPC import timing: device_id=1 size_bytes=624427008 import_ms=3.39 (perf-t1)
2026-08-19T07:54:28.074217+00:00   INFO pegaflow_server::registry: registry.rs:217 IPC import timing: device_id=1 size_bytes=624427008 import_ms=3.31 (perf-t1)
2026-08-19T07:54:28.078101+00:00   INFO pegaflow_server::registry: registry.rs:217 IPC import timing: device_id=1 size_bytes=624427008 import_ms=3.33 (perf-t1)
2026-08-19T07:54:28.082262+00:00   INFO pegaflow_server::registry: registry.rs:217 IPC import timing: device_id=1 size_bytes=624427008 import_ms=3.58 (perf-t1)
2026-08-19T07:54:28.086178+00:00   INFO pegaflow_server::registry: registry.rs:217 IPC import timing: device_id=1 size_bytes=624427008 import_ms=3.37 (perf-t1)
2026-08-19T07:54:28.090175+00:00   INFO pegaflow_server::registry: registry.rs:217 IPC import timing: device_id=1 size_bytes=624427008 import_ms=3.29 (perf-t1)
2026-08-19T07:54:28.095526+00:00   INFO pegaflow_server::registry: registry.rs:217 IPC import timing: device_id=1 size_bytes=624427008 import_ms=4.76 (perf-t1)
2026-08-19T07:54:28.099324+00:00   INFO pegaflow_server::registry: registry.rs:217 IPC import timing: device_id=1 size_bytes=624427008 import_ms=3.26 (perf-t1)
2026-08-19T07:54:28.103087+00:00   INFO pegaflow_server::registry: registry.rs:217 IPC import timing: device_id=1 size_bytes=624427008 import_ms=3.22 (perf-t1)
2026-08-19T07:54:28.108473+00:00   INFO pegaflow_server::registry: registry.rs:217 IPC import timing: device_id=1 size_bytes=624427008 import_ms=4.86 (perf-t1)
2026-08-19T07:54:28.112427+00:00   INFO pegaflow_server::registry: registry.rs:217 IPC import timing: device_id=1 size_bytes=624427008 import_ms=3.36 (perf-t1)
2026-08-19T07:54:28.116194+00:00   INFO pegaflow_server::registry: registry.rs:217 IPC import timing: device_id=1 size_bytes=624427008 import_ms=3.23 (perf-t1)
2026-08-19T07:54:28.120016+00:00   INFO pegaflow_server::registry: registry.rs:217 IPC import timing: device_id=1 size_bytes=624427008 import_ms=3.25 (perf-t1)
2026-08-19T07:54:28.123904+00:00   INFO pegaflow_server::registry: registry.rs:217 IPC import timing: device_id=1 size_bytes=624427008 import_ms=3.24 (perf-t1)
2026-08-19T07:54:28.127737+00:00   INFO pegaflow_server::registry: registry.rs:217 IPC import timing: device_id=1 size_bytes=624427008 import_ms=3.25 (perf-t1)
2026-08-19T07:54:28.131664+00:00   INFO pegaflow_server::registry: registry.rs:217 IPC import timing: device_id=1 size_bytes=624427008 import_ms=3.40 (perf-t1)
2026-08-19T07:54:28.135656+00:00   INFO pegaflow_server::registry: registry.rs:217 IPC import timing: device_id=1 size_bytes=624427008 import_ms=3.40 (perf-t1)
2026-08-19T07:54:28.139864+00:00   INFO pegaflow_server::registry: registry.rs:217 IPC import timing: device_id=1 size_bytes=624427008 import_ms=3.67 (perf-t1)
2026-08-19T07:54:28.143707+00:00   INFO pegaflow_server::registry: registry.rs:217 IPC import timing: device_id=1 size_bytes=624427008 import_ms=3.24 (perf-t1)
2026-08-19T07:54:28.149850+00:00   INFO pegaflow_server::registry: registry.rs:217 IPC import timing: device_id=1 size_bytes=624427008 import_ms=3.30 (perf-t1)
2026-08-19T07:54:28.154725+00:00   INFO pegaflow_core::gpu_worker: gpu_worker.rs:338 GPU worker initialized: device=1 backend=ascend_batch device_id=1
2026-08-19T07:54:28.155197+00:00   INFO pegaflow_core::gpu_worker: gpu_worker.rs:338 GPU worker initialized: device=1 backend=ascend_batch device_id=1
2026-08-19T07:54:28.155395+00:00   INFO pegaflow_core::gpu_worker: gpu_worker.rs:200 GPU worker pool started: device=1, numa_node=NUMA0, transfer_mode=AscendDirect
2026-08-19T07:54:28.156277+00:00   INFO pegaflow_core::instance: instance.rs:706 Sealed instance topology: instance=ba896bc6-0f1b-4955-b0db-e59ecc8dfef1-4c7eafa4c531401298a56993498eac27, num_layers=72, tp_size=1, world_size=1, total_slots=72
2026-08-19T07:54:28.156352+00:00   INFO pegaflow_core::instance: instance.rs:719 Initialized GPU context: device_id=1, numa_node=NUMA0
2026-08-19T07:54:28.156514+00:00   INFO pegaflow_core: lib.rs:452 Registered context batch: instance=ba896bc6-0f1b-4955-b0db-e59ecc8dfef1-4c7eafa4c531401298a56993498eac27, namespace=perf-t5-c-shared-c3, device=1, layers=72, tp_rank=0/1, pp_rank=0
2026-08-19T07:54:28.159327+00:00   INFO pegaflow_server::registry: registry.rs:217 IPC import timing: device_id=0 size_bytes=624427008 import_ms=3.28 (perf-t1)
2026-08-19T07:54:28.163209+00:00   INFO pegaflow_server::registry: registry.rs:217 IPC import timing: device_id=0 size_bytes=624427008 import_ms=3.30 (perf-t1)
2026-08-19T07:54:28.167020+00:00   INFO pegaflow_server::registry: registry.rs:217 IPC import timing: device_id=0 size_bytes=624427008 import_ms=3.23 (perf-t1)
2026-08-19T07:54:28.170796+00:00   INFO pegaflow_server::registry: registry.rs:217 IPC import timing: device_id=0 size_bytes=624427008 import_ms=3.25 (perf-t1)
2026-08-19T07:54:28.174766+00:00   INFO pegaflow_server::registry: registry.rs:217 IPC import timing: device_id=0 size_bytes=624427008 import_ms=3.43 (perf-t1)
2026-08-19T07:54:28.178570+00:00   INFO pegaflow_server::registry: registry.rs:217 IPC import timing: device_id=0 size_bytes=624427008 import_ms=3.24 (perf-t1)
2026-08-19T07:54:28.182264+00:00   INFO pegaflow_server::registry: registry.rs:217 IPC import timing: device_id=0 size_bytes=624427008 import_ms=3.17 (perf-t1)
2026-08-19T07:54:28.186043+00:00   INFO pegaflow_server::registry: registry.rs:217 IPC import timing: device_id=0 size_bytes=624427008 import_ms=3.26 (perf-t1)
2026-08-19T07:54:28.189910+00:00   INFO pegaflow_server::registry: registry.rs:217 IPC import timing: device_id=0 size_bytes=624427008 import_ms=3.30 (perf-t1)
2026-08-19T07:54:28.193708+00:00   INFO pegaflow_server::registry: registry.rs:217 IPC import timing: device_id=0 size_bytes=624427008 import_ms=3.27 (perf-t1)
2026-08-19T07:54:28.197465+00:00   INFO pegaflow_server::registry: registry.rs:217 IPC import timing: device_id=0 size_bytes=624427008 import_ms=3.24 (perf-t1)
2026-08-19T07:54:28.201264+00:00   INFO pegaflow_server::registry: registry.rs:217 IPC import timing: device_id=0 size_bytes=624427008 import_ms=3.25 (perf-t1)
2026-08-19T07:54:28.205196+00:00   INFO pegaflow_server::registry: registry.rs:217 IPC import timing: device_id=0 size_bytes=624427008 import_ms=3.27 (perf-t1)
2026-08-19T07:54:28.208958+00:00   INFO pegaflow_server::registry: registry.rs:217 IPC import timing: device_id=0 size_bytes=624427008 import_ms=3.22 (perf-t1)
2026-08-19T07:54:28.212622+00:00   INFO pegaflow_server::registry: registry.rs:217 IPC import timing: device_id=0 size_bytes=624427008 import_ms=3.10 (perf-t1)
2026-08-19T07:54:28.219147+00:00   INFO pegaflow_server::registry: registry.rs:217 IPC import timing: device_id=0 size_bytes=624427008 import_ms=5.96 (perf-t1)
2026-08-19T07:54:28.223617+00:00   INFO pegaflow_server::registry: registry.rs:217 IPC import timing: device_id=0 size_bytes=624427008 import_ms=3.31 (perf-t1)
2026-08-19T07:54:28.227888+00:00   INFO pegaflow_server::registry: registry.rs:217 IPC import timing: device_id=0 size_bytes=624427008 import_ms=3.26 (perf-t1)
2026-08-19T07:54:28.231628+00:00   INFO pegaflow_server::registry: registry.rs:217 IPC import timing: device_id=0 size_bytes=624427008 import_ms=3.15 (perf-t1)
2026-08-19T07:54:28.235358+00:00   INFO pegaflow_server::registry: registry.rs:217 IPC import timing: device_id=0 size_bytes=624427008 import_ms=3.22 (perf-t1)
2026-08-19T07:54:28.239180+00:00   INFO pegaflow_server::registry: registry.rs:217 IPC import timing: device_id=0 size_bytes=624427008 import_ms=3.26 (perf-t1)
2026-08-19T07:54:28.242877+00:00   INFO pegaflow_server::registry: registry.rs:217 IPC import timing: device_id=0 size_bytes=624427008 import_ms=3.18 (perf-t1)
2026-08-19T07:54:28.246599+00:00   INFO pegaflow_server::registry: registry.rs:217 IPC import timing: device_id=0 size_bytes=624427008 import_ms=3.21 (perf-t1)
2026-08-19T07:54:28.250734+00:00   INFO pegaflow_server::registry: registry.rs:217 IPC import timing: device_id=0 size_bytes=624427008 import_ms=3.60 (perf-t1)
2026-08-19T07:54:28.254353+00:00   INFO pegaflow_server::registry: registry.rs:217 IPC import timing: device_id=0 size_bytes=624427008 import_ms=3.11 (perf-t1)
2026-08-19T07:54:28.258085+00:00   INFO pegaflow_server::registry: registry.rs:217 IPC import timing: device_id=0 size_bytes=624427008 import_ms=3.21 (perf-t1)
2026-08-19T07:54:28.265040+00:00   INFO pegaflow_server::registry: registry.rs:217 IPC import timing: device_id=0 size_bytes=624427008 import_ms=6.41 (perf-t1)
2026-08-19T07:54:28.275382+00:00   INFO pegaflow_server::registry: registry.rs:217 IPC import timing: device_id=0 size_bytes=624427008 import_ms=9.82 (perf-t1)
2026-08-19T07:54:28.279031+00:00   INFO pegaflow_server::registry: registry.rs:217 IPC import timing: device_id=0 size_bytes=624427008 import_ms=3.14 (perf-t1)
2026-08-19T07:54:28.283819+00:00   INFO pegaflow_server::registry: registry.rs:217 IPC import timing: device_id=0 size_bytes=624427008 import_ms=4.21 (perf-t1)
2026-08-19T07:54:28.287928+00:00   INFO pegaflow_server::registry: registry.rs:217 IPC import timing: device_id=0 size_bytes=624427008 import_ms=3.56 (perf-t1)
2026-08-19T07:54:28.291636+00:00   INFO pegaflow_server::registry: registry.rs:217 IPC import timing: device_id=0 size_bytes=624427008 import_ms=3.18 (perf-t1)
2026-08-19T07:54:28.295488+00:00   INFO pegaflow_server::registry: registry.rs:217 IPC import timing: device_id=0 size_bytes=624427008 import_ms=3.31 (perf-t1)
2026-08-19T07:54:28.299054+00:00   INFO pegaflow_server::registry: registry.rs:217 IPC import timing: device_id=0 size_bytes=624427008 import_ms=3.07 (perf-t1)
2026-08-19T07:54:28.302689+00:00   INFO pegaflow_server::registry: registry.rs:217 IPC import timing: device_id=0 size_bytes=624427008 import_ms=3.12 (perf-t1)
2026-08-19T07:54:28.344563+00:00   INFO pegaflow_server::registry: registry.rs:217 IPC import timing: device_id=0 size_bytes=624427008 import_ms=41.34 (perf-t1)
2026-08-19T07:54:28.348250+00:00   INFO pegaflow_server::registry: registry.rs:217 IPC import timing: device_id=0 size_bytes=624427008 import_ms=3.16 (perf-t1)
2026-08-19T07:54:28.351868+00:00   INFO pegaflow_server::registry: registry.rs:217 IPC import timing: device_id=0 size_bytes=624427008 import_ms=3.05 (perf-t1)
2026-08-19T07:54:28.355904+00:00   INFO pegaflow_server::registry: registry.rs:217 IPC import timing: device_id=0 size_bytes=624427008 import_ms=3.46 (perf-t1)
2026-08-19T07:54:28.359576+00:00   INFO pegaflow_server::registry: registry.rs:217 IPC import timing: device_id=0 size_bytes=624427008 import_ms=3.14 (perf-t1)
2026-08-19T07:54:28.364171+00:00   INFO pegaflow_server::registry: registry.rs:217 IPC import timing: device_id=0 size_bytes=624427008 import_ms=4.07 (perf-t1)
2026-08-19T07:54:28.369951+00:00   INFO pegaflow_server::registry: registry.rs:217 IPC import timing: device_id=0 size_bytes=624427008 import_ms=5.21 (perf-t1)
2026-08-19T07:54:28.380536+00:00   INFO pegaflow_server::registry: registry.rs:217 IPC import timing: device_id=0 size_bytes=624427008 import_ms=10.07 (perf-t1)
2026-08-19T07:54:28.384647+00:00   INFO pegaflow_server::registry: registry.rs:217 IPC import timing: device_id=0 size_bytes=624427008 import_ms=3.60 (perf-t1)
2026-08-19T07:54:28.388472+00:00   INFO pegaflow_server::registry: registry.rs:217 IPC import timing: device_id=0 size_bytes=624427008 import_ms=3.29 (perf-t1)
2026-08-19T07:54:28.393593+00:00   INFO pegaflow_server::registry: registry.rs:217 IPC import timing: device_id=0 size_bytes=624427008 import_ms=4.62 (perf-t1)
2026-08-19T07:54:28.397371+00:00   INFO pegaflow_server::registry: registry.rs:217 IPC import timing: device_id=0 size_bytes=624427008 import_ms=3.26 (perf-t1)
2026-08-19T07:54:28.401190+00:00   INFO pegaflow_server::registry: registry.rs:217 IPC import timing: device_id=0 size_bytes=624427008 import_ms=3.28 (perf-t1)
2026-08-19T07:54:28.404900+00:00   INFO pegaflow_server::registry: registry.rs:217 IPC import timing: device_id=0 size_bytes=624427008 import_ms=3.15 (perf-t1)
2026-08-19T07:54:28.408799+00:00   INFO pegaflow_server::registry: registry.rs:217 IPC import timing: device_id=0 size_bytes=624427008 import_ms=3.39 (perf-t1)
2026-08-19T07:54:28.412427+00:00   INFO pegaflow_server::registry: registry.rs:217 IPC import timing: device_id=0 size_bytes=624427008 import_ms=3.08 (perf-t1)
2026-08-19T07:54:28.418642+00:00   INFO pegaflow_server::registry: registry.rs:217 IPC import timing: device_id=0 size_bytes=624427008 import_ms=5.73 (perf-t1)
2026-08-19T07:54:28.422328+00:00   INFO pegaflow_server::registry: registry.rs:217 IPC import timing: device_id=0 size_bytes=624427008 import_ms=3.18 (perf-t1)
2026-08-19T07:54:28.426005+00:00   INFO pegaflow_server::registry: registry.rs:217 IPC import timing: device_id=0 size_bytes=624427008 import_ms=3.13 (perf-t1)
2026-08-19T07:54:28.429686+00:00   INFO pegaflow_server::registry: registry.rs:217 IPC import timing: device_id=0 size_bytes=624427008 import_ms=3.17 (perf-t1)
2026-08-19T07:54:28.433268+00:00   INFO pegaflow_server::registry: registry.rs:217 IPC import timing: device_id=0 size_bytes=624427008 import_ms=3.09 (perf-t1)
2026-08-19T07:54:28.437038+00:00   INFO pegaflow_server::registry: registry.rs:217 IPC import timing: device_id=0 size_bytes=624427008 import_ms=3.27 (perf-t1)
2026-08-19T07:54:28.440832+00:00   INFO pegaflow_server::registry: registry.rs:217 IPC import timing: device_id=0 size_bytes=624427008 import_ms=3.14 (perf-t1)
2026-08-19T07:54:28.444466+00:00   INFO pegaflow_server::registry: registry.rs:217 IPC import timing: device_id=0 size_bytes=624427008 import_ms=3.14 (perf-t1)
2026-08-19T07:54:28.448105+00:00   INFO pegaflow_server::registry: registry.rs:217 IPC import timing: device_id=0 size_bytes=624427008 import_ms=3.13 (perf-t1)
2026-08-19T07:54:28.451757+00:00   INFO pegaflow_server::registry: registry.rs:217 IPC import timing: device_id=0 size_bytes=624427008 import_ms=3.09 (perf-t1)
2026-08-19T07:54:28.457441+00:00   INFO pegaflow_server::registry: registry.rs:217 IPC import timing: device_id=0 size_bytes=624427008 import_ms=5.17 (perf-t1)
2026-08-19T07:54:28.464155+00:00   INFO pegaflow_server::registry: registry.rs:217 IPC import timing: device_id=0 size_bytes=624427008 import_ms=6.22 (perf-t1)
2026-08-19T07:54:28.470141+00:00   INFO pegaflow_server::registry: registry.rs:217 IPC import timing: device_id=0 size_bytes=624427008 import_ms=5.41 (perf-t1)
2026-08-19T07:54:28.474807+00:00   INFO pegaflow_server::registry: registry.rs:217 IPC import timing: device_id=0 size_bytes=624427008 import_ms=4.16 (perf-t1)
2026-08-19T07:54:28.479330+00:00   INFO pegaflow_server::registry: registry.rs:217 IPC import timing: device_id=0 size_bytes=624427008 import_ms=4.01 (perf-t1)
2026-08-19T07:54:28.483027+00:00   INFO pegaflow_server::registry: registry.rs:217 IPC import timing: device_id=0 size_bytes=624427008 import_ms=3.15 (perf-t1)
2026-08-19T07:54:28.486696+00:00   INFO pegaflow_server::registry: registry.rs:217 IPC import timing: device_id=0 size_bytes=624427008 import_ms=3.18 (perf-t1)
2026-08-19T07:54:28.490294+00:00   INFO pegaflow_server::registry: registry.rs:217 IPC import timing: device_id=0 size_bytes=624427008 import_ms=3.11 (perf-t1)
2026-08-19T07:54:28.495352+00:00   INFO pegaflow_server::registry: registry.rs:217 IPC import timing: device_id=0 size_bytes=624427008 import_ms=4.54 (perf-t1)
2026-08-19T07:54:28.498999+00:00   INFO pegaflow_server::registry: registry.rs:217 IPC import timing: device_id=0 size_bytes=624427008 import_ms=3.15 (perf-t1)
2026-08-19T07:54:28.502659+00:00   INFO pegaflow_server::registry: registry.rs:217 IPC import timing: device_id=0 size_bytes=624427008 import_ms=3.16 (perf-t1)
2026-08-19T07:54:28.506880+00:00   INFO pegaflow_core::gpu_worker: gpu_worker.rs:338 GPU worker initialized: device=0 backend=ascend_batch device_id=0
2026-08-19T07:54:28.507254+00:00   INFO pegaflow_core::gpu_worker: gpu_worker.rs:338 GPU worker initialized: device=0 backend=ascend_batch device_id=0
2026-08-19T07:54:28.507425+00:00   INFO pegaflow_core::gpu_worker: gpu_worker.rs:200 GPU worker pool started: device=0, numa_node=NUMA6, transfer_mode=AscendDirect
2026-08-19T07:54:28.508180+00:00   INFO pegaflow_core::instance: instance.rs:706 Sealed instance topology: instance=9e7bb215-257f-4f4e-8864-da3b8cc69140-9c0b1577e69d4bafbad0976ad9c04e93, num_layers=72, tp_size=1, world_size=1, total_slots=72
2026-08-19T07:54:28.508234+00:00   INFO pegaflow_core::instance: instance.rs:719 Initialized GPU context: device_id=0, numa_node=NUMA6
2026-08-19T07:54:28.508263+00:00   INFO pegaflow_core: lib.rs:452 Registered context batch: instance=9e7bb215-257f-4f4e-8864-da3b8cc69140-9c0b1577e69d4bafbad0976ad9c04e93, namespace=perf-t5-c-shared-c3, device=0, layers=72, tp_rank=0/1, pp_rank=0
2026-08-19T07:54:31.136988+00:00   INFO pegaflow_server::registry: registry.rs:217 IPC import timing: device_id=2 size_bytes=624427008 import_ms=37.42 (perf-t1)
2026-08-19T07:54:31.147431+00:00   INFO pegaflow_server::registry: registry.rs:217 IPC import timing: device_id=2 size_bytes=624427008 import_ms=9.51 (perf-t1)
2026-08-19T07:54:31.184790+00:00   INFO pegaflow_server::registry: registry.rs:217 IPC import timing: device_id=2 size_bytes=624427008 import_ms=36.83 (perf-t1)
2026-08-19T07:54:31.189024+00:00   INFO pegaflow_server::registry: registry.rs:217 IPC import timing: device_id=2 size_bytes=624427008 import_ms=3.62 (perf-t1)
2026-08-19T07:54:31.192957+00:00   INFO pegaflow_server::registry: registry.rs:217 IPC import timing: device_id=2 size_bytes=624427008 import_ms=3.40 (perf-t1)
2026-08-19T07:54:31.240755+00:00   INFO pegaflow_server::registry: registry.rs:217 IPC import timing: device_id=2 size_bytes=624427008 import_ms=47.27 (perf-t1)
2026-08-19T07:54:31.244567+00:00   INFO pegaflow_server::registry: registry.rs:217 IPC import timing: device_id=2 size_bytes=624427008 import_ms=3.18 (perf-t1)
2026-08-19T07:54:31.286051+00:00   INFO pegaflow_server::registry: registry.rs:217 IPC import timing: device_id=2 size_bytes=624427008 import_ms=40.98 (perf-t1)
2026-08-19T07:54:31.290099+00:00   INFO pegaflow_server::registry: registry.rs:217 IPC import timing: device_id=2 size_bytes=624427008 import_ms=3.48 (perf-t1)
2026-08-19T07:54:31.332768+00:00   INFO pegaflow_server::registry: registry.rs:217 IPC import timing: device_id=2 size_bytes=624427008 import_ms=42.13 (perf-t1)
2026-08-19T07:54:31.345143+00:00   INFO pegaflow_server::registry: registry.rs:217 IPC import timing: device_id=2 size_bytes=624427008 import_ms=11.86 (perf-t1)
2026-08-19T07:54:31.352172+00:00   INFO pegaflow_server::registry: registry.rs:217 IPC import timing: device_id=2 size_bytes=624427008 import_ms=6.52 (perf-t1)
2026-08-19T07:54:31.357090+00:00   INFO pegaflow_server::registry: registry.rs:217 IPC import timing: device_id=2 size_bytes=624427008 import_ms=4.35 (perf-t1)
2026-08-19T07:54:31.400844+00:00   INFO pegaflow_server::registry: registry.rs:217 IPC import timing: device_id=2 size_bytes=624427008 import_ms=43.25 (perf-t1)
2026-08-19T07:54:31.404996+00:00   INFO pegaflow_server::registry: registry.rs:217 IPC import timing: device_id=2 size_bytes=624427008 import_ms=3.63 (perf-t1)
2026-08-19T07:54:31.448261+00:00   INFO pegaflow_server::registry: registry.rs:217 IPC import timing: device_id=2 size_bytes=624427008 import_ms=42.71 (perf-t1)
2026-08-19T07:54:31.452483+00:00   INFO pegaflow_server::registry: registry.rs:217 IPC import timing: device_id=2 size_bytes=624427008 import_ms=3.64 (perf-t1)
2026-08-19T07:54:31.492747+00:00   INFO pegaflow_server::registry: registry.rs:217 IPC import timing: device_id=2 size_bytes=624427008 import_ms=39.70 (perf-t1)
2026-08-19T07:54:31.496690+00:00   INFO pegaflow_server::registry: registry.rs:217 IPC import timing: device_id=2 size_bytes=624427008 import_ms=3.37 (perf-t1)
2026-08-19T07:54:31.544623+00:00   INFO pegaflow_server::registry: registry.rs:217 IPC import timing: device_id=2 size_bytes=624427008 import_ms=47.41 (perf-t1)
2026-08-19T07:54:31.548761+00:00   INFO pegaflow_server::registry: registry.rs:217 IPC import timing: device_id=2 size_bytes=624427008 import_ms=3.60 (perf-t1)
2026-08-19T07:54:31.592136+00:00   INFO pegaflow_server::registry: registry.rs:217 IPC import timing: device_id=2 size_bytes=624427008 import_ms=42.84 (perf-t1)
2026-08-19T07:54:31.596397+00:00   INFO pegaflow_server::registry: registry.rs:217 IPC import timing: device_id=2 size_bytes=624427008 import_ms=3.70 (perf-t1)
2026-08-19T07:54:31.640585+00:00   INFO pegaflow_server::registry: registry.rs:217 IPC import timing: device_id=2 size_bytes=624427008 import_ms=43.68 (perf-t1)
2026-08-19T07:54:31.644726+00:00   INFO pegaflow_server::registry: registry.rs:217 IPC import timing: device_id=2 size_bytes=624427008 import_ms=3.55 (perf-t1)
2026-08-19T07:54:31.688483+00:00   INFO pegaflow_server::registry: registry.rs:217 IPC import timing: device_id=2 size_bytes=624427008 import_ms=43.26 (perf-t1)
2026-08-19T07:54:31.692353+00:00   INFO pegaflow_server::registry: registry.rs:217 IPC import timing: device_id=2 size_bytes=624427008 import_ms=3.32 (perf-t1)
2026-08-19T07:54:31.736928+00:00   INFO pegaflow_server::registry: registry.rs:217 IPC import timing: device_id=2 size_bytes=624427008 import_ms=44.04 (perf-t1)
2026-08-19T07:54:31.740911+00:00   INFO pegaflow_server::registry: registry.rs:217 IPC import timing: device_id=2 size_bytes=624427008 import_ms=3.48 (perf-t1)
2026-08-19T07:54:31.785807+00:00   INFO pegaflow_server::registry: registry.rs:217 IPC import timing: device_id=2 size_bytes=624427008 import_ms=44.36 (perf-t1)
2026-08-19T07:54:31.789678+00:00   INFO pegaflow_server::registry: registry.rs:217 IPC import timing: device_id=2 size_bytes=624427008 import_ms=3.32 (perf-t1)
2026-08-19T07:54:31.832509+00:00   INFO pegaflow_server::registry: registry.rs:217 IPC import timing: device_id=2 size_bytes=624427008 import_ms=42.33 (perf-t1)
2026-08-19T07:54:31.836603+00:00   INFO pegaflow_server::registry: registry.rs:217 IPC import timing: device_id=2 size_bytes=624427008 import_ms=3.54 (perf-t1)
2026-08-19T07:54:31.884606+00:00   INFO pegaflow_server::registry: registry.rs:217 IPC import timing: device_id=2 size_bytes=624427008 import_ms=47.43 (perf-t1)
2026-08-19T07:54:31.888553+00:00   INFO pegaflow_server::registry: registry.rs:217 IPC import timing: device_id=2 size_bytes=624427008 import_ms=3.40 (perf-t1)
2026-08-19T07:54:31.932235+00:00   INFO pegaflow_server::registry: registry.rs:217 IPC import timing: device_id=2 size_bytes=624427008 import_ms=42.72 (perf-t1)
2026-08-19T07:54:31.936216+00:00   INFO pegaflow_server::registry: registry.rs:217 IPC import timing: device_id=2 size_bytes=624427008 import_ms=3.39 (perf-t1)
2026-08-19T07:54:31.980445+00:00   INFO pegaflow_server::registry: registry.rs:217 IPC import timing: device_id=2 size_bytes=624427008 import_ms=43.70 (perf-t1)
2026-08-19T07:54:31.985139+00:00   INFO pegaflow_server::registry: registry.rs:217 IPC import timing: device_id=2 size_bytes=624427008 import_ms=4.15 (perf-t1)
2026-08-19T07:54:32.032606+00:00   INFO pegaflow_server::registry: registry.rs:217 IPC import timing: device_id=2 size_bytes=624427008 import_ms=46.91 (perf-t1)
2026-08-19T07:54:32.036698+00:00   INFO pegaflow_server::registry: registry.rs:217 IPC import timing: device_id=2 size_bytes=624427008 import_ms=3.54 (perf-t1)
2026-08-19T07:54:32.076549+00:00   INFO pegaflow_server::registry: registry.rs:217 IPC import timing: device_id=2 size_bytes=624427008 import_ms=39.34 (perf-t1)
2026-08-19T07:54:32.080540+00:00   INFO pegaflow_server::registry: registry.rs:217 IPC import timing: device_id=2 size_bytes=624427008 import_ms=3.42 (perf-t1)
2026-08-19T07:54:32.124574+00:00   INFO pegaflow_server::registry: registry.rs:217 IPC import timing: device_id=2 size_bytes=624427008 import_ms=43.53 (perf-t1)
2026-08-19T07:54:32.128393+00:00   INFO pegaflow_server::registry: registry.rs:217 IPC import timing: device_id=2 size_bytes=624427008 import_ms=3.30 (perf-t1)
2026-08-19T07:54:32.173867+00:00   INFO pegaflow_server::registry: registry.rs:217 IPC import timing: device_id=2 size_bytes=624427008 import_ms=44.93 (perf-t1)
2026-08-19T07:54:32.216150+00:00   INFO pegaflow_server::registry: registry.rs:217 IPC import timing: device_id=2 size_bytes=624427008 import_ms=41.79 (perf-t1)
2026-08-19T07:54:32.220533+00:00   INFO pegaflow_server::registry: registry.rs:217 IPC import timing: device_id=2 size_bytes=624427008 import_ms=3.78 (perf-t1)
2026-08-19T07:54:32.264357+00:00   INFO pegaflow_server::registry: registry.rs:217 IPC import timing: device_id=2 size_bytes=624427008 import_ms=43.26 (perf-t1)
2026-08-19T07:54:32.270498+00:00   INFO pegaflow_server::registry: registry.rs:217 IPC import timing: device_id=2 size_bytes=624427008 import_ms=5.58 (perf-t1)
2026-08-19T07:54:32.319379+00:00   INFO pegaflow_server::registry: registry.rs:217 IPC import timing: device_id=2 size_bytes=624427008 import_ms=48.36 (perf-t1)
2026-08-19T07:54:32.357102+00:00   INFO pegaflow_server::registry: registry.rs:217 IPC import timing: device_id=2 size_bytes=624427008 import_ms=37.20 (perf-t1)
2026-08-19T07:54:32.361671+00:00   INFO pegaflow_server::registry: registry.rs:217 IPC import timing: device_id=2 size_bytes=624427008 import_ms=4.02 (perf-t1)
2026-08-19T07:54:32.404401+00:00   INFO pegaflow_server::registry: registry.rs:217 IPC import timing: device_id=2 size_bytes=624427008 import_ms=42.21 (perf-t1)
2026-08-19T07:54:32.408295+00:00   INFO pegaflow_server::registry: registry.rs:217 IPC import timing: device_id=2 size_bytes=624427008 import_ms=3.37 (perf-t1)
2026-08-19T07:54:32.452377+00:00   INFO pegaflow_server::registry: registry.rs:217 IPC import timing: device_id=2 size_bytes=624427008 import_ms=43.51 (perf-t1)
2026-08-19T07:54:32.459322+00:00   INFO pegaflow_server::registry: registry.rs:217 IPC import timing: device_id=2 size_bytes=624427008 import_ms=6.40 (perf-t1)
2026-08-19T07:54:32.496192+00:00   INFO pegaflow_server::registry: registry.rs:217 IPC import timing: device_id=2 size_bytes=624427008 import_ms=36.27 (perf-t1)
2026-08-19T07:54:32.500255+00:00   INFO pegaflow_server::registry: registry.rs:217 IPC import timing: device_id=2 size_bytes=624427008 import_ms=3.49 (perf-t1)
2026-08-19T07:54:32.540459+00:00   INFO pegaflow_server::registry: registry.rs:217 IPC import timing: device_id=2 size_bytes=624427008 import_ms=39.68 (perf-t1)
2026-08-19T07:54:32.544152+00:00   INFO pegaflow_server::registry: registry.rs:217 IPC import timing: device_id=2 size_bytes=624427008 import_ms=3.19 (perf-t1)
2026-08-19T07:54:32.549456+00:00   INFO pegaflow_server::registry: registry.rs:217 IPC import timing: device_id=2 size_bytes=624427008 import_ms=4.71 (perf-t1)
2026-08-19T07:54:32.553513+00:00   INFO pegaflow_server::registry: registry.rs:217 IPC import timing: device_id=2 size_bytes=624427008 import_ms=3.53 (perf-t1)
2026-08-19T07:54:32.557692+00:00   INFO pegaflow_server::registry: registry.rs:217 IPC import timing: device_id=2 size_bytes=624427008 import_ms=3.67 (perf-t1)
2026-08-19T07:54:32.561574+00:00   INFO pegaflow_server::registry: registry.rs:217 IPC import timing: device_id=2 size_bytes=624427008 import_ms=3.34 (perf-t1)
2026-08-19T07:54:32.565702+00:00   INFO pegaflow_server::registry: registry.rs:217 IPC import timing: device_id=2 size_bytes=624427008 import_ms=3.61 (perf-t1)
2026-08-19T07:54:32.569630+00:00   INFO pegaflow_server::registry: registry.rs:217 IPC import timing: device_id=2 size_bytes=624427008 import_ms=3.43 (perf-t1)
2026-08-19T07:54:32.573848+00:00   INFO pegaflow_server::registry: registry.rs:217 IPC import timing: device_id=2 size_bytes=624427008 import_ms=3.67 (perf-t1)
2026-08-19T07:54:32.577925+00:00   INFO pegaflow_server::registry: registry.rs:217 IPC import timing: device_id=2 size_bytes=624427008 import_ms=3.56 (perf-t1)
2026-08-19T07:54:32.581907+00:00   INFO pegaflow_server::registry: registry.rs:217 IPC import timing: device_id=2 size_bytes=624427008 import_ms=3.47 (perf-t1)
2026-08-19T07:54:32.586161+00:00   INFO pegaflow_server::registry: registry.rs:217 IPC import timing: device_id=2 size_bytes=624427008 import_ms=3.69 (perf-t1)
2026-08-19T07:54:32.590257+00:00   INFO pegaflow_server::registry: registry.rs:217 IPC import timing: device_id=2 size_bytes=624427008 import_ms=3.60 (perf-t1)
2026-08-19T07:54:32.594836+00:00   INFO pegaflow_core::gpu_worker: gpu_worker.rs:338 GPU worker initialized: device=2 backend=ascend_batch device_id=2
2026-08-19T07:54:32.595253+00:00   INFO pegaflow_core::gpu_worker: gpu_worker.rs:338 GPU worker initialized: device=2 backend=ascend_batch device_id=2
2026-08-19T07:54:32.595431+00:00   INFO pegaflow_core::gpu_worker: gpu_worker.rs:200 GPU worker pool started: device=2, numa_node=NUMA6, transfer_mode=AscendDirect
2026-08-19T07:54:32.596171+00:00   INFO pegaflow_core::instance: instance.rs:706 Sealed instance topology: instance=6b1835f9-0a29-4dca-882e-b9782fa5935e-8506cb9715f94ce084e514434ff89281, num_layers=72, tp_size=1, world_size=1, total_slots=72
2026-08-19T07:54:32.596222+00:00   INFO pegaflow_core::instance: instance.rs:719 Initialized GPU context: device_id=2, numa_node=NUMA6
2026-08-19T07:54:32.596250+00:00   INFO pegaflow_core: lib.rs:452 Registered context batch: instance=6b1835f9-0a29-4dca-882e-b9782fa5935e-8506cb9715f94ce084e514434ff89281, namespace=perf-t5-c-shared-c3, device=2, layers=72, tp_rank=0/1, pp_rank=0
2026-08-19T07:54:32.781968+00:00   INFO pegaflow_server::registry: registry.rs:217 IPC import timing: device_id=3 size_bytes=624427008 import_ms=3.39 (perf-t1)
2026-08-19T07:54:32.785968+00:00   INFO pegaflow_server::registry: registry.rs:217 IPC import timing: device_id=3 size_bytes=624427008 import_ms=3.32 (perf-t1)
2026-08-19T07:54:32.789687+00:00   INFO pegaflow_server::registry: registry.rs:217 IPC import timing: device_id=3 size_bytes=624427008 import_ms=3.19 (perf-t1)
2026-08-19T07:54:32.793587+00:00   INFO pegaflow_server::registry: registry.rs:217 IPC import timing: device_id=3 size_bytes=624427008 import_ms=3.37 (perf-t1)
2026-08-19T07:54:32.814825+00:00   INFO pegaflow_server::registry: registry.rs:217 IPC import timing: device_id=3 size_bytes=624427008 import_ms=20.68 (perf-t1)
2026-08-19T07:54:32.818815+00:00   INFO pegaflow_server::registry: registry.rs:217 IPC import timing: device_id=3 size_bytes=624427008 import_ms=3.43 (perf-t1)
2026-08-19T07:54:32.822643+00:00   INFO pegaflow_server::registry: registry.rs:217 IPC import timing: device_id=3 size_bytes=624427008 import_ms=3.30 (perf-t1)
2026-08-19T07:54:32.826541+00:00   INFO pegaflow_server::registry: registry.rs:217 IPC import timing: device_id=3 size_bytes=624427008 import_ms=3.35 (perf-t1)
2026-08-19T07:54:32.830499+00:00   INFO pegaflow_server::registry: registry.rs:217 IPC import timing: device_id=3 size_bytes=624427008 import_ms=3.42 (perf-t1)
2026-08-19T07:54:32.834195+00:00   INFO pegaflow_server::registry: registry.rs:217 IPC import timing: device_id=3 size_bytes=624427008 import_ms=3.18 (perf-t1)
2026-08-19T07:54:32.838025+00:00   INFO pegaflow_server::registry: registry.rs:217 IPC import timing: device_id=3 size_bytes=624427008 import_ms=3.29 (perf-t1)
2026-08-19T07:54:32.841828+00:00   INFO pegaflow_server::registry: registry.rs:217 IPC import timing: device_id=3 size_bytes=624427008 import_ms=3.30 (perf-t1)
2026-08-19T07:54:32.847492+00:00   INFO pegaflow_server::registry: registry.rs:217 IPC import timing: device_id=3 size_bytes=624427008 import_ms=5.15 (perf-t1)
2026-08-19T07:54:32.851489+00:00   INFO pegaflow_server::registry: registry.rs:217 IPC import timing: device_id=3 size_bytes=624427008 import_ms=3.45 (perf-t1)
2026-08-19T07:54:32.855202+00:00   INFO pegaflow_server::registry: registry.rs:217 IPC import timing: device_id=3 size_bytes=624427008 import_ms=3.20 (perf-t1)
2026-08-19T07:54:32.860910+00:00   INFO pegaflow_server::registry: registry.rs:217 IPC import timing: device_id=3 size_bytes=624427008 import_ms=5.18 (perf-t1)
2026-08-19T07:54:32.866475+00:00   INFO pegaflow_server::registry: registry.rs:217 IPC import timing: device_id=3 size_bytes=624427008 import_ms=4.99 (perf-t1)
2026-08-19T07:54:32.870246+00:00   INFO pegaflow_server::registry: registry.rs:217 IPC import timing: device_id=3 size_bytes=624427008 import_ms=3.25 (perf-t1)
2026-08-19T07:54:32.873857+00:00   INFO pegaflow_server::registry: registry.rs:217 IPC import timing: device_id=3 size_bytes=624427008 import_ms=3.11 (perf-t1)
2026-08-19T07:54:32.877644+00:00   INFO pegaflow_server::registry: registry.rs:217 IPC import timing: device_id=3 size_bytes=624427008 import_ms=3.24 (perf-t1)
2026-08-19T07:54:32.881315+00:00   INFO pegaflow_server::registry: registry.rs:217 IPC import timing: device_id=3 size_bytes=624427008 import_ms=3.17 (perf-t1)
2026-08-19T07:54:32.885005+00:00   INFO pegaflow_server::registry: registry.rs:217 IPC import timing: device_id=3 size_bytes=624427008 import_ms=3.19 (perf-t1)
2026-08-19T07:54:32.888724+00:00   INFO pegaflow_server::registry: registry.rs:217 IPC import timing: device_id=3 size_bytes=624427008 import_ms=3.17 (perf-t1)
2026-08-19T07:54:32.892465+00:00   INFO pegaflow_server::registry: registry.rs:217 IPC import timing: device_id=3 size_bytes=624427008 import_ms=3.22 (perf-t1)
2026-08-19T07:54:32.896190+00:00   INFO pegaflow_server::registry: registry.rs:217 IPC import timing: device_id=3 size_bytes=624427008 import_ms=3.23 (perf-t1)
2026-08-19T07:54:32.899909+00:00   INFO pegaflow_server::registry: registry.rs:217 IPC import timing: device_id=3 size_bytes=624427008 import_ms=3.17 (perf-t1)
2026-08-19T07:54:32.903584+00:00   INFO pegaflow_server::registry: registry.rs:217 IPC import timing: device_id=3 size_bytes=624427008 import_ms=3.15 (perf-t1)
2026-08-19T07:54:32.907312+00:00   INFO pegaflow_server::registry: registry.rs:217 IPC import timing: device_id=3 size_bytes=624427008 import_ms=3.22 (perf-t1)
2026-08-19T07:54:32.914052+00:00   INFO pegaflow_server::registry: registry.rs:217 IPC import timing: device_id=3 size_bytes=624427008 import_ms=6.20 (perf-t1)
2026-08-19T07:54:32.917719+00:00   INFO pegaflow_server::registry: registry.rs:217 IPC import timing: device_id=3 size_bytes=624427008 import_ms=3.12 (perf-t1)
2026-08-19T07:54:32.921392+00:00   INFO pegaflow_server::registry: registry.rs:217 IPC import timing: device_id=3 size_bytes=624427008 import_ms=3.17 (perf-t1)
2026-08-19T07:54:32.925076+00:00   INFO pegaflow_server::registry: registry.rs:217 IPC import timing: device_id=3 size_bytes=624427008 import_ms=3.14 (perf-t1)
2026-08-19T07:54:32.928730+00:00   INFO pegaflow_server::registry: registry.rs:217 IPC import timing: device_id=3 size_bytes=624427008 import_ms=3.15 (perf-t1)
2026-08-19T07:54:32.932391+00:00   INFO pegaflow_server::registry: registry.rs:217 IPC import timing: device_id=3 size_bytes=624427008 import_ms=3.13 (perf-t1)
2026-08-19T07:54:32.936065+00:00   INFO pegaflow_server::registry: registry.rs:217 IPC import timing: device_id=3 size_bytes=624427008 import_ms=3.14 (perf-t1)
2026-08-19T07:54:32.939932+00:00   INFO pegaflow_server::registry: registry.rs:217 IPC import timing: device_id=3 size_bytes=624427008 import_ms=3.33 (perf-t1)
2026-08-19T07:54:32.943730+00:00   INFO pegaflow_server::registry: registry.rs:217 IPC import timing: device_id=3 size_bytes=624427008 import_ms=3.26 (perf-t1)
2026-08-19T07:54:32.947519+00:00   INFO pegaflow_server::registry: registry.rs:217 IPC import timing: device_id=3 size_bytes=624427008 import_ms=3.23 (perf-t1)
2026-08-19T07:54:32.951256+00:00   INFO pegaflow_server::registry: registry.rs:217 IPC import timing: device_id=3 size_bytes=624427008 import_ms=3.23 (perf-t1)
2026-08-19T07:54:32.955005+00:00   INFO pegaflow_server::registry: registry.rs:217 IPC import timing: device_id=3 size_bytes=624427008 import_ms=3.24 (perf-t1)
2026-08-19T07:54:32.958906+00:00   INFO pegaflow_server::registry: registry.rs:217 IPC import timing: device_id=3 size_bytes=624427008 import_ms=3.34 (perf-t1)
2026-08-19T07:54:32.962712+00:00   INFO pegaflow_server::registry: registry.rs:217 IPC import timing: device_id=3 size_bytes=624427008 import_ms=3.23 (perf-t1)
2026-08-19T07:54:32.966365+00:00   INFO pegaflow_server::registry: registry.rs:217 IPC import timing: device_id=3 size_bytes=624427008 import_ms=3.12 (perf-t1)
2026-08-19T07:54:32.970085+00:00   INFO pegaflow_server::registry: registry.rs:217 IPC import timing: device_id=3 size_bytes=624427008 import_ms=3.17 (perf-t1)
2026-08-19T07:54:32.975213+00:00   INFO pegaflow_server::registry: registry.rs:217 IPC import timing: device_id=3 size_bytes=624427008 import_ms=4.62 (perf-t1)
2026-08-19T07:54:32.980477+00:00   INFO pegaflow_server::registry: registry.rs:217 IPC import timing: device_id=3 size_bytes=624427008 import_ms=4.74 (perf-t1)
2026-08-19T07:54:32.984571+00:00   INFO pegaflow_server::registry: registry.rs:217 IPC import timing: device_id=3 size_bytes=624427008 import_ms=3.57 (perf-t1)
2026-08-19T07:54:32.988317+00:00   INFO pegaflow_server::registry: registry.rs:217 IPC import timing: device_id=3 size_bytes=624427008 import_ms=3.19 (perf-t1)
2026-08-19T07:54:32.992003+00:00   INFO pegaflow_server::registry: registry.rs:217 IPC import timing: device_id=3 size_bytes=624427008 import_ms=3.14 (perf-t1)
2026-08-19T07:54:32.995827+00:00   INFO pegaflow_server::registry: registry.rs:217 IPC import timing: device_id=3 size_bytes=624427008 import_ms=3.29 (perf-t1)
2026-08-19T07:54:32.999683+00:00   INFO pegaflow_server::registry: registry.rs:217 IPC import timing: device_id=3 size_bytes=624427008 import_ms=3.27 (perf-t1)
2026-08-19T07:54:33.003358+00:00   INFO pegaflow_server::registry: registry.rs:217 IPC import timing: device_id=3 size_bytes=624427008 import_ms=3.17 (perf-t1)
2026-08-19T07:54:33.007032+00:00   INFO pegaflow_server::registry: registry.rs:217 IPC import timing: device_id=3 size_bytes=624427008 import_ms=3.17 (perf-t1)
2026-08-19T07:54:33.010760+00:00   INFO pegaflow_server::registry: registry.rs:217 IPC import timing: device_id=3 size_bytes=624427008 import_ms=3.17 (perf-t1)
2026-08-19T07:54:33.014420+00:00   INFO pegaflow_server::registry: registry.rs:217 IPC import timing: device_id=3 size_bytes=624427008 import_ms=3.16 (perf-t1)
2026-08-19T07:54:33.018581+00:00   INFO pegaflow_server::registry: registry.rs:217 IPC import timing: device_id=3 size_bytes=624427008 import_ms=3.55 (perf-t1)
2026-08-19T07:54:33.022707+00:00   INFO pegaflow_server::registry: registry.rs:217 IPC import timing: device_id=3 size_bytes=624427008 import_ms=3.56 (perf-t1)
2026-08-19T07:54:33.026642+00:00   INFO pegaflow_server::registry: registry.rs:217 IPC import timing: device_id=3 size_bytes=624427008 import_ms=3.30 (perf-t1)
2026-08-19T07:54:33.030492+00:00   INFO pegaflow_server::registry: registry.rs:217 IPC import timing: device_id=3 size_bytes=624427008 import_ms=3.33 (perf-t1)
2026-08-19T07:54:33.034591+00:00   INFO pegaflow_server::registry: registry.rs:217 IPC import timing: device_id=3 size_bytes=624427008 import_ms=3.53 (perf-t1)
2026-08-19T07:54:33.039885+00:00   INFO pegaflow_server::registry: registry.rs:217 IPC import timing: device_id=3 size_bytes=624427008 import_ms=4.76 (perf-t1)
2026-08-19T07:54:33.043722+00:00   INFO pegaflow_server::registry: registry.rs:217 IPC import timing: device_id=3 size_bytes=624427008 import_ms=3.28 (perf-t1)
2026-08-19T07:54:33.047663+00:00   INFO pegaflow_server::registry: registry.rs:217 IPC import timing: device_id=3 size_bytes=624427008 import_ms=3.38 (perf-t1)
2026-08-19T07:54:33.051753+00:00   INFO pegaflow_server::registry: registry.rs:217 IPC import timing: device_id=3 size_bytes=624427008 import_ms=3.57 (perf-t1)
2026-08-19T07:54:33.055644+00:00   INFO pegaflow_server::registry: registry.rs:217 IPC import timing: device_id=3 size_bytes=624427008 import_ms=3.36 (perf-t1)
2026-08-19T07:54:33.061027+00:00   INFO pegaflow_server::registry: registry.rs:217 IPC import timing: device_id=3 size_bytes=624427008 import_ms=4.84 (perf-t1)
2026-08-19T07:54:33.084269+00:00   INFO pegaflow_server::registry: registry.rs:217 IPC import timing: device_id=3 size_bytes=624427008 import_ms=22.72 (perf-t1)
2026-08-19T07:54:33.088738+00:00   INFO pegaflow_server::registry: registry.rs:217 IPC import timing: device_id=3 size_bytes=624427008 import_ms=3.93 (perf-t1)
2026-08-19T07:54:33.092484+00:00   INFO pegaflow_server::registry: registry.rs:217 IPC import timing: device_id=3 size_bytes=624427008 import_ms=3.20 (perf-t1)
2026-08-19T07:54:33.096194+00:00   INFO pegaflow_server::registry: registry.rs:217 IPC import timing: device_id=3 size_bytes=624427008 import_ms=3.20 (perf-t1)
2026-08-19T07:54:33.100035+00:00   INFO pegaflow_server::registry: registry.rs:217 IPC import timing: device_id=3 size_bytes=624427008 import_ms=3.32 (perf-t1)
2026-08-19T07:54:33.103831+00:00   INFO pegaflow_server::registry: registry.rs:217 IPC import timing: device_id=3 size_bytes=624427008 import_ms=3.24 (perf-t1)
2026-08-19T07:54:33.108308+00:00   INFO pegaflow_core::gpu_worker: gpu_worker.rs:338 GPU worker initialized: device=3 backend=ascend_batch device_id=3
2026-08-19T07:54:33.108840+00:00   INFO pegaflow_core::gpu_worker: gpu_worker.rs:338 GPU worker initialized: device=3 backend=ascend_batch device_id=3
2026-08-19T07:54:33.109033+00:00   INFO pegaflow_core::gpu_worker: gpu_worker.rs:200 GPU worker pool started: device=3, numa_node=NUMA0, transfer_mode=AscendDirect
2026-08-19T07:54:33.109785+00:00   INFO pegaflow_core::instance: instance.rs:706 Sealed instance topology: instance=53f2e066-0cc7-45f1-98d8-d7f9763f2434-1a9918849967463d82fa87bf1f3698f8, num_layers=72, tp_size=1, world_size=1, total_slots=72
2026-08-19T07:54:33.109851+00:00   INFO pegaflow_core::instance: instance.rs:719 Initialized GPU context: device_id=3, numa_node=NUMA0
2026-08-19T07:54:33.109888+00:00   INFO pegaflow_core: lib.rs:452 Registered context batch: instance=53f2e066-0cc7-45f1-98d8-d7f9763f2434-1a9918849967463d82fa87bf1f3698f8, namespace=perf-t5-c-shared-c3, device=3, layers=72, tp_rank=0/1, pp_rank=0
2026-08-19T07:54:47.091246+00:00   INFO pegaflow_server::service: service.rs:931 Session opened: instance_id=9e7bb215-257f-4f4e-8864-da3b8cc69140-9c0b1577e69d4bafbad0976ad9c04e93 namespace=perf-t5-c-shared-c3 tp_size=1 world_size=1 token=1
2026-08-19T07:54:48.840325+00:00   INFO pegaflow_server::service: service.rs:931 Session opened: instance_id=ba896bc6-0f1b-4955-b0db-e59ecc8dfef1-4c7eafa4c531401298a56993498eac27 namespace=perf-t5-c-shared-c3 tp_size=1 world_size=1 token=2
2026-08-19T07:54:55.023660+00:00   INFO pegaflow_server::service: service.rs:931 Session opened: instance_id=53f2e066-0cc7-45f1-98d8-d7f9763f2434-1a9918849967463d82fa87bf1f3698f8 namespace=perf-t5-c-shared-c3 tp_size=1 world_size=1 token=3
2026-08-19T07:54:59.974291+00:00   INFO pegaflow_server::service: service.rs:931 Session opened: instance_id=6b1835f9-0a29-4dca-882e-b9782fa5935e-8506cb9715f94ce084e514434ff89281 namespace=perf-t5-c-shared-c3 tp_size=1 world_size=1 token=4
2026-08-19T07:55:08.436289+00:00   INFO pegaflow_core::storage::prefetch: prefetch.rs:316 Prefetch local-hit timing: req_id=cmpl-perf-890ba2f066c8-0-83b1cc99 total_keys=76 hit=0 missing=76 key_build=55.531µs cache_scan=20.91µs task_schedule=6.68µs total=162.893µs
2026-08-19T07:55:42.262429+00:00   INFO pegaflow_core::storage::prefetch: prefetch.rs:316 Prefetch local-hit timing: req_id=cmpl-perf-fe01d7c3eb21-0-a4ba636b total_keys=76 hit=76 missing=0 key_build=54.431µs cache_scan=126.492µs task_schedule=250ns total=260.435µs
2026-08-19T07:55:42.346871+00:00   INFO pegaflow_core::gpu_worker: gpu_worker.rs:508 Load task completed: layers=72 blocks=76 copies=5472 bytes=1434451968 elapsed_ms=76.71 bandwidth_gbps=18.70 backend=ascend_batch device_id=1
2026-08-19T07:55:44.209618+00:00   INFO pegaflow_core::storage::prefetch: prefetch.rs:316 Prefetch local-hit timing: req_id=cmpl-perf-2b24553d081a-0-a026ffe7 total_keys=76 hit=76 missing=0 key_build=91.842µs cache_scan=111.202µs task_schedule=370ns total=225.174µs
2026-08-19T07:55:44.295696+00:00   INFO pegaflow_core::gpu_worker: gpu_worker.rs:508 Load task completed: layers=72 blocks=76 copies=5472 bytes=1434451968 elapsed_ms=78.59 bandwidth_gbps=18.25 backend=ascend_batch device_id=3
2026-08-19T07:55:46.149520+00:00   INFO pegaflow_core::storage::prefetch: prefetch.rs:316 Prefetch local-hit timing: req_id=cmpl-perf-c766f20cd158-0-90b22eef total_keys=76 hit=76 missing=0 key_build=48.601µs cache_scan=124.813µs task_schedule=220ns total=201.354µs
2026-08-19T07:55:46.250222+00:00   INFO pegaflow_core::gpu_worker: gpu_worker.rs:508 Load task completed: layers=72 blocks=76 copies=5472 bytes=1434451968 elapsed_ms=92.64 bandwidth_gbps=15.48 backend=ascend_batch device_id=2
2026-08-19T07:55:55.122323+00:00   INFO pegaflow_core::storage::prefetch: prefetch.rs:316 Prefetch local-hit timing: req_id=cmpl-perf-9d73a70bfba8-0-83338758 total_keys=1 hit=0 missing=1 key_build=8.841µs cache_scan=19.85µs task_schedule=6.18µs total=69.942µs
2026-08-19T07:55:56.880982+00:00   INFO pegaflow_core::storage::prefetch: prefetch.rs:316 Prefetch local-hit timing: req_id=cmpl-perf-f30c48526896-0-b32a4a41 total_keys=1 hit=1 missing=0 key_build=9µs cache_scan=23.92µs task_schedule=670ns total=68.941µs
2026-08-19T07:55:56.889030+00:00   INFO pegaflow_core::gpu_worker: gpu_worker.rs:508 Load task completed: layers=72 blocks=1 copies=72 bytes=18874368 elapsed_ms=2.33 bandwidth_gbps=8.08 backend=ascend_batch device_id=1
2026-08-19T07:55:58.595670+00:00   INFO pegaflow_core::storage::prefetch: prefetch.rs:316 Prefetch local-hit timing: req_id=cmpl-perf-eff38415df2f-0-a7718903 total_keys=1 hit=1 missing=0 key_build=10.05µs cache_scan=27.96µs task_schedule=170ns total=67.261µs
2026-08-19T07:55:58.603833+00:00   INFO pegaflow_core::gpu_worker: gpu_worker.rs:508 Load task completed: layers=72 blocks=1 copies=72 bytes=18874368 elapsed_ms=1.93 bandwidth_gbps=9.80 backend=ascend_batch device_id=3
2026-08-19T07:56:00.312111+00:00   INFO pegaflow_core::storage::prefetch: prefetch.rs:316 Prefetch local-hit timing: req_id=cmpl-perf-fecb96bf091e-0-b02289fa total_keys=1 hit=1 missing=0 key_build=8.86µs cache_scan=29.181µs task_schedule=170ns total=67.172µs
2026-08-19T07:56:00.321188+00:00   INFO pegaflow_core::gpu_worker: gpu_worker.rs:508 Load task completed: layers=72 blocks=1 copies=72 bytes=18874368 elapsed_ms=2.35 bandwidth_gbps=8.05 backend=ascend_batch device_id=2
2026-08-19T07:56:05.118035+00:00   INFO pegaflow_server::service: service.rs:955 Session closed: instance_id=9e7bb215-257f-4f4e-8864-da3b8cc69140-9c0b1577e69d4bafbad0976ad9c04e93 token=1 — running cleanup
2026-08-19T07:56:05.733694+00:00   INFO pegaflow_core: lib.rs:471 Unregistered instance: 9e7bb215-257f-4f4e-8864-da3b8cc69140-9c0b1577e69d4bafbad0976ad9c04e93
2026-08-19T07:56:06.432676+00:00   INFO pegaflow_server::service: service.rs:955 Session closed: instance_id=ba896bc6-0f1b-4955-b0db-e59ecc8dfef1-4c7eafa4c531401298a56993498eac27 token=2 — running cleanup
2026-08-19T07:56:07.069198+00:00   INFO pegaflow_server::service: service.rs:59 Session cleanup (stream closed): dropped 72 device tensors for instance ba896bc6-0f1b-4955-b0db-e59ecc8dfef1-4c7eafa4c531401298a56993498eac27
2026-08-19T07:56:07.069450+00:00   INFO pegaflow_core: lib.rs:471 Unregistered instance: ba896bc6-0f1b-4955-b0db-e59ecc8dfef1-4c7eafa4c531401298a56993498eac27
2026-08-19T07:56:07.799505+00:00   INFO pegaflow_server::service: service.rs:955 Session closed: instance_id=53f2e066-0cc7-45f1-98d8-d7f9763f2434-1a9918849967463d82fa87bf1f3698f8 token=3 — running cleanup
2026-08-19T07:56:08.442731+00:00   INFO pegaflow_server::service: service.rs:59 Session cleanup (stream closed): dropped 72 device tensors for instance 53f2e066-0cc7-45f1-98d8-d7f9763f2434-1a9918849967463d82fa87bf1f3698f8
2026-08-19T07:56:08.442984+00:00   INFO pegaflow_core: lib.rs:471 Unregistered instance: 53f2e066-0cc7-45f1-98d8-d7f9763f2434-1a9918849967463d82fa87bf1f3698f8
2026-08-19T07:56:09.165283+00:00   INFO pegaflow_server::service: service.rs:955 Session closed: instance_id=6b1835f9-0a29-4dca-882e-b9782fa5935e-8506cb9715f94ce084e514434ff89281 token=4 — running cleanup
2026-08-19T07:56:09.817045+00:00   INFO pegaflow_server::service: service.rs:59 Session cleanup (stream closed): dropped 72 device tensors for instance 6b1835f9-0a29-4dca-882e-b9782fa5935e-8506cb9715f94ce084e514434ff89281
2026-08-19T07:56:09.817288+00:00   INFO pegaflow_core: lib.rs:471 Unregistered instance: 6b1835f9-0a29-4dca-882e-b9782fa5935e-8506cb9715f94ce084e514434ff89281
