2026-08-13T09:21:01.151561+00:00   INFO pegaflow_server: lib.rs:480 Starting pega-engine-server v0.23.3
2026-08-13T09:21:01.411636+00:00   INFO pegaflow_server: lib.rs:319 Ascend ACL runtime initialized, device 0 set as current
2026-08-13T09:21:01.411736+00:00   INFO pegaflow_server::check_ascend_version: check_ascend_version.rs:40 Ascend preflight: minimum required version 1.16.0
2026-08-13T09:21:01.411815+00:00   INFO pegaflow_server::check_ascend_version: check_ascend_version.rs:52 Ascend preflight: runtime version 1.16.0 detected
2026-08-13T09:21:01.411824+00:00   INFO pegaflow_server: lib.rs:498 Using specified device(s): [3, 4, 5, 6, 7]
2026-08-13T09:21:10.969492+00:00   INFO pegaflow_server: lib.rs:397 Initialized context for device 3 in 0.25s
2026-08-13T09:21:11.191501+00:00   INFO pegaflow_server: lib.rs:397 Initialized context for device 4 in 0.22s
2026-08-13T09:21:11.426412+00:00   INFO pegaflow_server: lib.rs:397 Initialized context for device 5 in 0.23s
2026-08-13T09:21:11.668091+00:00   INFO pegaflow_server: lib.rs:397 Initialized context for device 6 in 0.24s
2026-08-13T09:21:11.905530+00:00   INFO pegaflow_server: lib.rs:397 Initialized context for device 7 in 0.24s
2026-08-13T09:21:11.905646+00:00   INFO pegaflow_server: lib.rs:507 Device runtime initialized for 5 device(s): [3, 4, 5, 6, 7]
2026-08-13T09:21:11.906367+00:00   INFO pegaflow_server: lib.rs:528 Creating PegaEngine with pinned memory pool: 16.00 GiB (17179869184 bytes), hugepages=false
2026-08-13T09:21:11.974513+00:00   INFO pegaflow_server: lib.rs:446 Prometheus metrics exporter enabled
2026-08-13T09:21:11.974702+00:00   INFO opentelemetry: metrics.rs:29  name="MeterProvider.GlobalSet" message=Global meter provider is set. Meters can now be created using global::meter() or global::meter_with_scope().
2026-08-13T09:21:17.789606+00:00   INFO pegaflow_common::numa: numa.rs:650 === Device-NUMA Topology ===
2026-08-13T09:21:17.789667+00:00   INFO pegaflow_common::numa: numa.rs:651 NUMA nodes: 8
2026-08-13T09:21:17.789678+00:00   INFO pegaflow_common::numa: numa.rs:659   Device 0 -> NUMA6
2026-08-13T09:21:17.789688+00:00   INFO pegaflow_common::numa: numa.rs:659   Device 1 -> NUMA6
2026-08-13T09:21:17.789693+00:00   INFO pegaflow_common::numa: numa.rs:659   Device 2 -> NUMA4
2026-08-13T09:21:17.789697+00:00   INFO pegaflow_common::numa: numa.rs:659   Device 3 -> NUMA4
2026-08-13T09:21:17.789702+00:00   INFO pegaflow_common::numa: numa.rs:659   Device 4 -> NUMA0
2026-08-13T09:21:17.789706+00:00   INFO pegaflow_common::numa: numa.rs:659   Device 5 -> NUMA0
2026-08-13T09:21:17.789710+00:00   INFO pegaflow_common::numa: numa.rs:659   Device 6 -> NUMA2
2026-08-13T09:21:17.789714+00:00   INFO pegaflow_common::numa: numa.rs:659   Device 7 -> NUMA2
2026-08-13T09:21:17.789722+00:00   INFO pegaflow_core: lib.rs:163 Auto-enabling NUMA-aware memory allocation for 4 GPU-local NUMA nodes (8 CPU NUMA nodes detected)
2026-08-13T09:21:17.789761+00:00   INFO pegaflow_core::storage: mod.rs:150 Creating NUMA-aware pinned pools for 4 nodes
2026-08-13T09:21:17.789770+00:00   INFO pegaflow_core::pinned_pool: pinned_pool.rs:547 Creating NUMA-aware pools: total=16.0 GiB, nodes=4, per_node=4.0 GiB, shards_per_node=1
2026-08-13T09:21:17.790744+00:00   INFO pegaflow_core::pinned_pool: pinned_pool.rs:203 Allocating pinned memory pool with aclrtMallocHost mapped pages
2026-08-13T09:21:17.790811+00:00   INFO pegaflow_core::pinned_pool: pinned_pool.rs:262 Ascend pinned pool on NUMA node NUMA0 → using device 5
2026-08-13T09:21:17.819817+00:00   INFO pegaflow_core::pinned_pool: pinned_pool.rs:213 Pinned pool: backing_size=4.0 GiB, unit_size=512 B, max_units=8388608, allocatable_size=4.0 GiB
2026-08-13T09:21:17.882849+00:00   INFO pegaflow_core::pinned_pool: pinned_pool.rs:580 Created pinned pool on NUMA0: capacity=4.0 GiB
2026-08-13T09:21:17.883448+00:00   INFO pegaflow_core::pinned_pool: pinned_pool.rs:203 Allocating pinned memory pool with aclrtMallocHost mapped pages
2026-08-13T09:21:17.883530+00:00   INFO pegaflow_core::pinned_pool: pinned_pool.rs:262 Ascend pinned pool on NUMA node NUMA2 → using device 6
2026-08-13T09:21:17.909127+00:00   INFO pegaflow_core::pinned_pool: pinned_pool.rs:213 Pinned pool: backing_size=4.0 GiB, unit_size=512 B, max_units=8388608, allocatable_size=4.0 GiB
2026-08-13T09:21:17.971797+00:00   INFO pegaflow_core::pinned_pool: pinned_pool.rs:580 Created pinned pool on NUMA2: capacity=4.0 GiB
2026-08-13T09:21:17.972225+00:00   INFO pegaflow_core::pinned_pool: pinned_pool.rs:203 Allocating pinned memory pool with aclrtMallocHost mapped pages
2026-08-13T09:21:17.972321+00:00   INFO pegaflow_core::pinned_pool: pinned_pool.rs:262 Ascend pinned pool on NUMA node NUMA4 → using device 3
2026-08-13T09:21:17.997295+00:00   INFO pegaflow_core::pinned_pool: pinned_pool.rs:213 Pinned pool: backing_size=4.0 GiB, unit_size=512 B, max_units=8388608, allocatable_size=4.0 GiB
2026-08-13T09:21:18.060614+00:00   INFO pegaflow_core::pinned_pool: pinned_pool.rs:580 Created pinned pool on NUMA4: capacity=4.0 GiB
2026-08-13T09:21:18.061036+00:00   INFO pegaflow_core::pinned_pool: pinned_pool.rs:203 Allocating pinned memory pool with aclrtMallocHost mapped pages
2026-08-13T09:21:18.061123+00:00   INFO pegaflow_core::pinned_pool: pinned_pool.rs:262 Ascend pinned pool on NUMA node NUMA6 → using device 0
2026-08-13T09:21:18.087001+00:00   INFO pegaflow_core::pinned_pool: pinned_pool.rs:213 Pinned pool: backing_size=4.0 GiB, unit_size=512 B, max_units=8388608, allocatable_size=4.0 GiB
2026-08-13T09:21:18.150282+00:00   INFO pegaflow_core::pinned_pool: pinned_pool.rs:580 Created pinned pool on NUMA6: capacity=4.0 GiB
2026-08-13T09:21:18.150732+00:00   INFO pegaflow_server: lib.rs:688 Background GC task started (interval=60s, inflight_max_age=5m, failed_remote_max_age=5m)
2026-08-13T09:21:18.150894+00:00   INFO pegaflow_server::http_server: http_server.rs:187 Starting HTTP server on 0.0.0.0:9091 (/health, /metrics, /instances, /instances/cleanup, /cache/memory/cleanup)
2026-08-13T09:21:18.150948+00:00   INFO pegaflow_server: lib.rs:716 PegaEngine gRPC server listening on 0.0.0.0:50080
2026-08-13T09:23:23.747886+00:00   INFO pegaflow_core::gpu_worker: gpu_worker.rs:338 GPU worker initialized: device=6 backend=ascend_batch device_id=6
2026-08-13T09:23:23.748597+00:00   INFO pegaflow_core::gpu_worker: gpu_worker.rs:338 GPU worker initialized: device=6 backend=ascend_batch device_id=6
2026-08-13T09:23:23.748749+00:00   INFO pegaflow_core::gpu_worker: gpu_worker.rs:200 GPU worker pool started: device=6, numa_node=NUMA2, transfer_mode=AscendDirect
2026-08-13T09:23:23.748912+00:00   INFO pegaflow_core::instance: instance.rs:706 Sealed instance topology: instance=b2f8cc71-b469-4fae-8efd-1df2b1d1596e-9d5c7b408b224056bc2df1fb2cf7570d, num_layers=72, tp_size=1, world_size=1, total_slots=72
2026-08-13T09:23:23.748934+00:00   INFO pegaflow_core::instance: instance.rs:719 Initialized GPU context: device_id=6, numa_node=NUMA2
2026-08-13T09:23:23.748943+00:00   INFO pegaflow_core: lib.rs:452 Registered context batch: instance=b2f8cc71-b469-4fae-8efd-1df2b1d1596e-9d5c7b408b224056bc2df1fb2cf7570d, namespace=audit-shared-c2, device=6, layers=72, tp_rank=0/1, pp_rank=0
2026-08-13T09:23:23.925180+00:00   INFO pegaflow_core::gpu_worker: gpu_worker.rs:338 GPU worker initialized: device=7 backend=ascend_batch device_id=7
2026-08-13T09:23:23.925623+00:00   INFO pegaflow_core::gpu_worker: gpu_worker.rs:338 GPU worker initialized: device=7 backend=ascend_batch device_id=7
2026-08-13T09:23:23.925725+00:00   INFO pegaflow_core::gpu_worker: gpu_worker.rs:200 GPU worker pool started: device=7, numa_node=NUMA2, transfer_mode=AscendDirect
2026-08-13T09:23:23.925899+00:00   INFO pegaflow_core::instance: instance.rs:706 Sealed instance topology: instance=2517fdfb-6ded-4e55-91f9-1cf44dc4a7ad-91c81b8a52c3451c8e7786af815b693a, num_layers=72, tp_size=1, world_size=1, total_slots=72
2026-08-13T09:23:23.925921+00:00   INFO pegaflow_core::instance: instance.rs:719 Initialized GPU context: device_id=7, numa_node=NUMA2
2026-08-13T09:23:23.925930+00:00   INFO pegaflow_core: lib.rs:452 Registered context batch: instance=2517fdfb-6ded-4e55-91f9-1cf44dc4a7ad-91c81b8a52c3451c8e7786af815b693a, namespace=audit-shared-c2, device=7, layers=72, tp_rank=0/1, pp_rank=0
2026-08-13T09:23:24.106638+00:00   INFO pegaflow_core::gpu_worker: gpu_worker.rs:338 GPU worker initialized: device=4 backend=ascend_batch device_id=4
2026-08-13T09:23:24.107407+00:00   INFO pegaflow_core::gpu_worker: gpu_worker.rs:338 GPU worker initialized: device=4 backend=ascend_batch device_id=4
2026-08-13T09:23:24.107543+00:00   INFO pegaflow_core::gpu_worker: gpu_worker.rs:200 GPU worker pool started: device=4, numa_node=NUMA0, transfer_mode=AscendDirect
2026-08-13T09:23:24.107681+00:00   INFO pegaflow_core::instance: instance.rs:706 Sealed instance topology: instance=8e1edbec-a435-4b49-8f09-7ae43487fa80-241c7b022c4a491ba537e1174a32343a, num_layers=72, tp_size=1, world_size=1, total_slots=72
2026-08-13T09:23:24.107701+00:00   INFO pegaflow_core::instance: instance.rs:719 Initialized GPU context: device_id=4, numa_node=NUMA0
2026-08-13T09:23:24.107709+00:00   INFO pegaflow_core: lib.rs:452 Registered context batch: instance=8e1edbec-a435-4b49-8f09-7ae43487fa80-241c7b022c4a491ba537e1174a32343a, namespace=audit-shared-c2, device=4, layers=72, tp_rank=0/1, pp_rank=0
2026-08-13T09:23:26.900422+00:00   INFO pegaflow_core::gpu_worker: gpu_worker.rs:338 GPU worker initialized: device=5 backend=ascend_batch device_id=5
2026-08-13T09:23:26.904605+00:00   INFO pegaflow_core::gpu_worker: gpu_worker.rs:338 GPU worker initialized: device=5 backend=ascend_batch device_id=5
2026-08-13T09:23:26.904735+00:00   INFO pegaflow_core::gpu_worker: gpu_worker.rs:200 GPU worker pool started: device=5, numa_node=NUMA0, transfer_mode=AscendDirect
2026-08-13T09:23:26.904948+00:00   INFO pegaflow_core::instance: instance.rs:706 Sealed instance topology: instance=74e7e4af-ec22-4387-b0cb-f1036f9b26ae-4198447d347d498899b805e7b0e0790a, num_layers=72, tp_size=1, world_size=1, total_slots=72
2026-08-13T09:23:26.904970+00:00   INFO pegaflow_core::instance: instance.rs:719 Initialized GPU context: device_id=5, numa_node=NUMA0
2026-08-13T09:23:26.904979+00:00   INFO pegaflow_core: lib.rs:452 Registered context batch: instance=74e7e4af-ec22-4387-b0cb-f1036f9b26ae-4198447d347d498899b805e7b0e0790a, namespace=audit-shared-c2, device=5, layers=72, tp_rank=0/1, pp_rank=0
2026-08-13T09:23:28.470935+00:00   INFO pegaflow_core::gpu_worker: gpu_worker.rs:338 GPU worker initialized: device=3 backend=ascend_batch device_id=3
2026-08-13T09:23:28.480471+00:00   INFO pegaflow_core::gpu_worker: gpu_worker.rs:338 GPU worker initialized: device=3 backend=ascend_batch device_id=3
2026-08-13T09:23:28.480623+00:00   INFO pegaflow_core::gpu_worker: gpu_worker.rs:200 GPU worker pool started: device=3, numa_node=NUMA4, transfer_mode=AscendDirect
2026-08-13T09:23:28.480752+00:00   INFO pegaflow_core::instance: instance.rs:706 Sealed instance topology: instance=25346970-df8e-400e-8461-3dd4da2695ce-ef055cfe5d8845e0a9b6d69600a5e952, num_layers=72, tp_size=1, world_size=1, total_slots=72
2026-08-13T09:23:28.480778+00:00   INFO pegaflow_core::instance: instance.rs:719 Initialized GPU context: device_id=3, numa_node=NUMA4
2026-08-13T09:23:28.480786+00:00   INFO pegaflow_core: lib.rs:452 Registered context batch: instance=25346970-df8e-400e-8461-3dd4da2695ce-ef055cfe5d8845e0a9b6d69600a5e952, namespace=audit-shared-c2, device=3, layers=72, tp_rank=0/1, pp_rank=0
2026-08-13T09:23:31.960164+00:00   INFO pegaflow_server::service: service.rs:931 Session opened: instance_id=b2f8cc71-b469-4fae-8efd-1df2b1d1596e-9d5c7b408b224056bc2df1fb2cf7570d namespace=audit-shared-c2 tp_size=1 world_size=1 token=1
2026-08-13T09:23:32.307506+00:00   INFO pegaflow_server::service: service.rs:931 Session opened: instance_id=8e1edbec-a435-4b49-8f09-7ae43487fa80-241c7b022c4a491ba537e1174a32343a namespace=audit-shared-c2 tp_size=1 world_size=1 token=2
2026-08-13T09:23:32.401567+00:00   INFO pegaflow_server::service: service.rs:931 Session opened: instance_id=2517fdfb-6ded-4e55-91f9-1cf44dc4a7ad-91c81b8a52c3451c8e7786af815b693a namespace=audit-shared-c2 tp_size=1 world_size=1 token=3
2026-08-13T09:23:34.925302+00:00   INFO pegaflow_server::service: service.rs:931 Session opened: instance_id=74e7e4af-ec22-4387-b0cb-f1036f9b26ae-4198447d347d498899b805e7b0e0790a namespace=audit-shared-c2 tp_size=1 world_size=1 token=4
2026-08-13T09:23:36.566027+00:00   INFO pegaflow_server::service: service.rs:931 Session opened: instance_id=25346970-df8e-400e-8461-3dd4da2695ce-ef055cfe5d8845e0a9b6d69600a5e952 namespace=audit-shared-c2 tp_size=1 world_size=1 token=5
2026-08-13T09:23:43.514824+00:00   INFO pegaflow_core::storage::prefetch: prefetch.rs:316 Prefetch local-hit timing: req_id=cmpl-trace-39fb709c4dc3-0-a9d2a54a total_keys=76 hit=0 missing=76 key_build=4.82µs cache_scan=2.41µs task_schedule=2.13µs total=126.101µs
2026-08-13T09:24:18.010469+00:00   INFO pegaflow_core::storage::prefetch: prefetch.rs:316 Prefetch local-hit timing: req_id=cmpl-trace-b3a093172d1c-0-8a7d9dae total_keys=76 hit=76 missing=0 key_build=9.22µs cache_scan=30.37µs task_schedule=260ns total=63.031µs
2026-08-13T09:24:18.100392+00:00   INFO pegaflow_core::gpu_worker: gpu_worker.rs:508 Load task completed: layers=72 blocks=76 copies=5472 bytes=1434451968 elapsed_ms=84.88 bandwidth_gbps=16.90 backend=ascend_batch device_id=6
2026-08-13T09:24:20.404867+00:00   INFO pegaflow_core::storage::prefetch: prefetch.rs:316 Prefetch local-hit timing: req_id=cmpl-trace-8757f38c6121-0-af2ca484 total_keys=76 hit=76 missing=0 key_build=7.14µs cache_scan=21.59µs task_schedule=590ns total=38.501µs
2026-08-13T09:24:20.488669+00:00   INFO pegaflow_core::gpu_worker: gpu_worker.rs:508 Load task completed: layers=72 blocks=76 copies=5472 bytes=1434451968 elapsed_ms=79.27 bandwidth_gbps=18.10 backend=ascend_batch device_id=7
2026-08-13T09:24:22.632564+00:00   INFO pegaflow_core::storage::prefetch: prefetch.rs:316 Prefetch local-hit timing: req_id=cmpl-trace-3a3f35e4966d-0-83021b40 total_keys=76 hit=76 missing=0 key_build=7.32µs cache_scan=22.88µs task_schedule=220ns total=37.61µs
2026-08-13T09:24:22.708512+00:00   INFO pegaflow_core::gpu_worker: gpu_worker.rs:508 Load task completed: layers=72 blocks=76 copies=5472 bytes=1434451968 elapsed_ms=69.07 bandwidth_gbps=20.77 backend=ascend_batch device_id=5
2026-08-13T09:24:24.852369+00:00   INFO pegaflow_core::storage::prefetch: prefetch.rs:316 Prefetch local-hit timing: req_id=cmpl-trace-bba087f459db-0-862f3ad3 total_keys=76 hit=76 missing=0 key_build=7.98µs cache_scan=22.14µs task_schedule=200ns total=38.03µs
2026-08-13T09:24:24.948665+00:00   INFO pegaflow_core::gpu_worker: gpu_worker.rs:508 Load task completed: layers=72 blocks=76 copies=5472 bytes=1434451968 elapsed_ms=76.96 bandwidth_gbps=18.64 backend=ascend_batch device_id=3
2026-08-13T09:24:37.972104+00:00   INFO pegaflow_core::storage::prefetch: prefetch.rs:316 Prefetch local-hit timing: req_id=cmpl-trace-9be32a36bfde-0-901c1620 total_keys=1 hit=0 missing=1 key_build=990ns cache_scan=2.65µs task_schedule=1.64µs total=18.73µs
2026-08-13T09:24:40.161182+00:00   INFO pegaflow_core::storage::prefetch: prefetch.rs:316 Prefetch local-hit timing: req_id=cmpl-trace-5af4c84e1287-0-b4bee53c total_keys=1 hit=1 missing=0 key_build=1.04µs cache_scan=3.12µs task_schedule=250ns total=18.42µs
2026-08-13T09:24:40.166251+00:00   INFO pegaflow_core::gpu_worker: gpu_worker.rs:508 Load task completed: layers=72 blocks=1 copies=72 bytes=18874368 elapsed_ms=1.95 bandwidth_gbps=9.70 backend=ascend_batch device_id=6
2026-08-13T09:24:42.320228+00:00   INFO pegaflow_core::storage::prefetch: prefetch.rs:316 Prefetch local-hit timing: req_id=cmpl-trace-730da7f31f72-0-ad9be013 total_keys=1 hit=1 missing=0 key_build=1.61µs cache_scan=3.281µs task_schedule=270ns total=13.761µs
2026-08-13T09:24:42.333850+00:00   INFO pegaflow_core::gpu_worker: gpu_worker.rs:508 Load task completed: layers=72 blocks=1 copies=72 bytes=18874368 elapsed_ms=9.72 bandwidth_gbps=1.94 backend=ascend_batch device_id=7
2026-08-13T09:24:44.290123+00:00   INFO pegaflow_core::storage::prefetch: prefetch.rs:316 Prefetch local-hit timing: req_id=cmpl-trace-ff108c0497bb-0-8d9048c0 total_keys=1 hit=1 missing=0 key_build=1.05µs cache_scan=3.27µs task_schedule=210ns total=12.94µs
2026-08-13T09:24:44.301867+00:00   INFO pegaflow_core::gpu_worker: gpu_worker.rs:508 Load task completed: layers=72 blocks=1 copies=72 bytes=18874368 elapsed_ms=3.69 bandwidth_gbps=5.11 backend=ascend_batch device_id=5
2026-08-13T09:24:46.283077+00:00   INFO pegaflow_core::storage::prefetch: prefetch.rs:316 Prefetch local-hit timing: req_id=cmpl-trace-592a9b597622-0-892a1687 total_keys=1 hit=1 missing=0 key_build=1.29µs cache_scan=3.82µs task_schedule=210ns total=13.97µs
2026-08-13T09:24:46.295377+00:00   INFO pegaflow_core::gpu_worker: gpu_worker.rs:508 Load task completed: layers=72 blocks=1 copies=72 bytes=18874368 elapsed_ms=2.15 bandwidth_gbps=8.79 backend=ascend_batch device_id=3
2026-08-13T09:24:50.577078+00:00   INFO pegaflow_server::service: service.rs:955 Session closed: instance_id=8e1edbec-a435-4b49-8f09-7ae43487fa80-241c7b022c4a491ba537e1174a32343a token=2 — running cleanup
2026-08-13T09:24:51.144330+00:00   INFO pegaflow_core: lib.rs:471 Unregistered instance: 8e1edbec-a435-4b49-8f09-7ae43487fa80-241c7b022c4a491ba537e1174a32343a
2026-08-13T09:24:51.731199+00:00   INFO pegaflow_server::service: service.rs:955 Session closed: instance_id=b2f8cc71-b469-4fae-8efd-1df2b1d1596e-9d5c7b408b224056bc2df1fb2cf7570d token=1 — running cleanup
2026-08-13T09:24:52.293249+00:00   INFO pegaflow_core: lib.rs:471 Unregistered instance: b2f8cc71-b469-4fae-8efd-1df2b1d1596e-9d5c7b408b224056bc2df1fb2cf7570d
2026-08-13T09:24:52.896838+00:00   INFO pegaflow_server::service: service.rs:955 Session closed: instance_id=2517fdfb-6ded-4e55-91f9-1cf44dc4a7ad-91c81b8a52c3451c8e7786af815b693a token=3 — running cleanup
2026-08-13T09:24:54.228050+00:00   INFO pegaflow_server::service: service.rs:955 Session closed: instance_id=74e7e4af-ec22-4387-b0cb-f1036f9b26ae-4198447d347d498899b805e7b0e0790a token=4 — running cleanup
2026-08-13T09:24:55.539349+00:00   INFO pegaflow_server::service: service.rs:955 Session closed: instance_id=25346970-df8e-400e-8461-3dd4da2695ce-ef055cfe5d8845e0a9b6d69600a5e952 token=5 — running cleanup
2026-08-13T09:24:57.071819+00:00   INFO pegaflow_core: lib.rs:471 Unregistered instance: 2517fdfb-6ded-4e55-91f9-1cf44dc4a7ad-91c81b8a52c3451c8e7786af815b693a
