2026-08-19T07:39:32.884548+00:00   INFO pegaflow_server: lib.rs:480 Starting pega-engine-server v0.23.3
2026-08-19T07:39:33.724408+00:00   INFO pegaflow_server: lib.rs:319 Ascend ACL runtime initialized, device 0 set as current
2026-08-19T07:39:33.724616+00:00   INFO pegaflow_server::check_ascend_version: check_ascend_version.rs:40 Ascend preflight: minimum required version 1.16.0
2026-08-19T07:39:33.724698+00:00   INFO pegaflow_server::check_ascend_version: check_ascend_version.rs:52 Ascend preflight: runtime version 1.17.0 detected
2026-08-19T07:39:33.724741+00:00   INFO pegaflow_server: lib.rs:498 Using specified device(s): [0, 1, 2, 3]
2026-08-19T07:39:42.831817+00:00   INFO pegaflow_server: lib.rs:397 Initialized context for device 0 in 0.01s
2026-08-19T07:39:43.579539+00:00   INFO pegaflow_server: lib.rs:397 Initialized context for device 1 in 0.75s
2026-08-19T07:39:44.344365+00:00   INFO pegaflow_server: lib.rs:397 Initialized context for device 2 in 0.76s
2026-08-19T07:39:45.107507+00:00   INFO pegaflow_server: lib.rs:397 Initialized context for device 3 in 0.76s
2026-08-19T07:39:45.107751+00:00   INFO pegaflow_server: lib.rs:507 Device runtime initialized for 4 device(s): [0, 1, 2, 3]
2026-08-19T07:39:45.108081+00:00   INFO pegaflow_server: lib.rs:528 Creating PegaEngine with pinned memory pool: 16.00 GiB (17179869184 bytes), hugepages=false
2026-08-19T07:39:45.137104+00:00   INFO pegaflow_server: lib.rs:446 Prometheus metrics exporter enabled
2026-08-19T07:39:45.137403+00:00   INFO opentelemetry: metrics.rs:29  name="MeterProvider.GlobalSet" message=Global meter provider is set. Meters can now be created using global::meter() or global::meter_with_scope().
2026-08-19T07:39:50.579322+00:00   INFO pegaflow_common::numa: numa.rs:650 === Device-NUMA Topology ===
2026-08-19T07:39:50.579492+00:00   INFO pegaflow_common::numa: numa.rs:651 NUMA nodes: 8
2026-08-19T07:39:50.579542+00:00   INFO pegaflow_common::numa: numa.rs:659   Device 0 -> NUMA6
2026-08-19T07:39:50.579567+00:00   INFO pegaflow_common::numa: numa.rs:659   Device 1 -> NUMA0
2026-08-19T07:39:50.579587+00:00   INFO pegaflow_common::numa: numa.rs:659   Device 2 -> NUMA6
2026-08-19T07:39:50.579606+00:00   INFO pegaflow_common::numa: numa.rs:659   Device 3 -> NUMA0
2026-08-19T07:39:50.579625+00:00   INFO pegaflow_common::numa: numa.rs:659   Device 4 -> NUMA4
2026-08-19T07:39:50.579644+00:00   INFO pegaflow_common::numa: numa.rs:659   Device 5 -> NUMA2
2026-08-19T07:39:50.579664+00:00   INFO pegaflow_common::numa: numa.rs:659   Device 6 -> NUMA4
2026-08-19T07:39:50.579682+00:00   INFO pegaflow_common::numa: numa.rs:659   Device 7 -> NUMA2
2026-08-19T07:39:50.579741+00:00   INFO pegaflow_core: lib.rs:163 Auto-enabling NUMA-aware memory allocation for 4 GPU-local NUMA nodes (8 CPU NUMA nodes detected)
2026-08-19T07:39:50.579767+00:00   INFO pegaflow_core::storage: mod.rs:150 Creating NUMA-aware pinned pools for 4 nodes
2026-08-19T07:39:50.579803+00:00   INFO pegaflow_core::pinned_pool: pinned_pool.rs:547 Creating NUMA-aware pools: total=16.0 GiB, nodes=4, per_node=4.0 GiB, shards_per_node=1
2026-08-19T07:39:50.581292+00:00   INFO pegaflow_core::pinned_pool: pinned_pool.rs:203 Allocating pinned memory pool with aclrtMallocHost mapped pages
2026-08-19T07:39:50.581511+00:00   INFO pegaflow_core::pinned_pool: pinned_pool.rs:262 Ascend pinned pool on NUMA node NUMA0 → using device 1
2026-08-19T07:39:50.752797+00:00   INFO pegaflow_core::pinned_pool: pinned_pool.rs:213 Pinned pool: backing_size=4.0 GiB, unit_size=512 B, max_units=8388608, allocatable_size=4.0 GiB
2026-08-19T07:39:51.094347+00:00   INFO pegaflow_core::pinned_pool: pinned_pool.rs:580 Created pinned pool on NUMA0: capacity=4.0 GiB
2026-08-19T07:39:51.095277+00:00   INFO pegaflow_core::pinned_pool: pinned_pool.rs:203 Allocating pinned memory pool with aclrtMallocHost mapped pages
2026-08-19T07:39:51.095420+00:00   INFO pegaflow_core::pinned_pool: pinned_pool.rs:262 Ascend pinned pool on NUMA node NUMA2 → using device 7
2026-08-19T07:39:52.050789+00:00   INFO pegaflow_core::pinned_pool: pinned_pool.rs:213 Pinned pool: backing_size=4.0 GiB, unit_size=512 B, max_units=8388608, allocatable_size=4.0 GiB
2026-08-19T07:39:52.391221+00:00   INFO pegaflow_core::pinned_pool: pinned_pool.rs:580 Created pinned pool on NUMA2: capacity=4.0 GiB
2026-08-19T07:39:52.392240+00:00   INFO pegaflow_core::pinned_pool: pinned_pool.rs:203 Allocating pinned memory pool with aclrtMallocHost mapped pages
2026-08-19T07:39:52.392296+00:00   INFO pegaflow_core::pinned_pool: pinned_pool.rs:262 Ascend pinned pool on NUMA node NUMA4 → using device 4
2026-08-19T07:39:53.316851+00:00   INFO pegaflow_core::pinned_pool: pinned_pool.rs:213 Pinned pool: backing_size=4.0 GiB, unit_size=512 B, max_units=8388608, allocatable_size=4.0 GiB
2026-08-19T07:39:53.649695+00:00   INFO pegaflow_core::pinned_pool: pinned_pool.rs:580 Created pinned pool on NUMA4: capacity=4.0 GiB
2026-08-19T07:39:53.650958+00:00   INFO pegaflow_core::pinned_pool: pinned_pool.rs:203 Allocating pinned memory pool with aclrtMallocHost mapped pages
2026-08-19T07:39:53.651150+00:00   INFO pegaflow_core::pinned_pool: pinned_pool.rs:262 Ascend pinned pool on NUMA node NUMA6 → using device 2
2026-08-19T07:39:53.815809+00:00   INFO pegaflow_core::pinned_pool: pinned_pool.rs:213 Pinned pool: backing_size=4.0 GiB, unit_size=512 B, max_units=8388608, allocatable_size=4.0 GiB
2026-08-19T07:39:54.151102+00:00   INFO pegaflow_core::pinned_pool: pinned_pool.rs:580 Created pinned pool on NUMA6: capacity=4.0 GiB
2026-08-19T07:39:54.152020+00:00   INFO pegaflow_server: lib.rs:688 Background GC task started (interval=60s, inflight_max_age=5m, failed_remote_max_age=5m)
2026-08-19T07:39:54.152547+00:00   INFO pegaflow_server::http_server: http_server.rs:187 Starting HTTP server on 0.0.0.0:9091 (/health, /metrics, /instances, /instances/cleanup, /cache/memory/cleanup)
2026-08-19T07:39:54.152678+00:00   INFO pegaflow_server: lib.rs:716 PegaEngine gRPC server listening on 0.0.0.0:50080
2026-08-19T07:41:54.085686+00:00   INFO pegaflow_server::registry: registry.rs:217 IPC import timing: device_id=2 size_bytes=624427008 import_ms=64.84 (perf-t1)
2026-08-19T07:41:54.131584+00:00   INFO pegaflow_server::registry: registry.rs:217 IPC import timing: device_id=2 size_bytes=624427008 import_ms=43.91 (perf-t1)
2026-08-19T07:41:54.136131+00:00   INFO pegaflow_server::registry: registry.rs:217 IPC import timing: device_id=2 size_bytes=624427008 import_ms=3.58 (perf-t1)
2026-08-19T07:41:54.179108+00:00   INFO pegaflow_server::registry: registry.rs:217 IPC import timing: device_id=2 size_bytes=624427008 import_ms=42.38 (perf-t1)
2026-08-19T07:41:54.183354+00:00   INFO pegaflow_server::registry: registry.rs:217 IPC import timing: device_id=2 size_bytes=624427008 import_ms=3.62 (perf-t1)
2026-08-19T07:41:54.227208+00:00   INFO pegaflow_server::registry: registry.rs:217 IPC import timing: device_id=2 size_bytes=624427008 import_ms=43.35 (perf-t1)
2026-08-19T07:41:54.231075+00:00   INFO pegaflow_server::registry: registry.rs:217 IPC import timing: device_id=2 size_bytes=624427008 import_ms=3.34 (perf-t1)
2026-08-19T07:41:54.271345+00:00   INFO pegaflow_server::registry: registry.rs:217 IPC import timing: device_id=2 size_bytes=624427008 import_ms=39.74 (perf-t1)
2026-08-19T07:41:54.275257+00:00   INFO pegaflow_server::registry: registry.rs:217 IPC import timing: device_id=2 size_bytes=624427008 import_ms=3.34 (perf-t1)
2026-08-19T07:41:54.315991+00:00   INFO pegaflow_server::registry: registry.rs:217 IPC import timing: device_id=2 size_bytes=624427008 import_ms=40.22 (perf-t1)
2026-08-19T07:41:54.320244+00:00   INFO pegaflow_server::registry: registry.rs:217 IPC import timing: device_id=2 size_bytes=624427008 import_ms=3.67 (perf-t1)
2026-08-19T07:41:54.363777+00:00   INFO pegaflow_server::registry: registry.rs:217 IPC import timing: device_id=2 size_bytes=624427008 import_ms=42.97 (perf-t1)
2026-08-19T07:41:54.367924+00:00   INFO pegaflow_server::registry: registry.rs:217 IPC import timing: device_id=2 size_bytes=624427008 import_ms=3.57 (perf-t1)
2026-08-19T07:41:54.411104+00:00   INFO pegaflow_server::registry: registry.rs:217 IPC import timing: device_id=2 size_bytes=624427008 import_ms=42.62 (perf-t1)
2026-08-19T07:41:54.427045+00:00   INFO pegaflow_server::registry: registry.rs:217 IPC import timing: device_id=2 size_bytes=624427008 import_ms=15.38 (perf-t1)
2026-08-19T07:41:54.431054+00:00   INFO pegaflow_server::registry: registry.rs:217 IPC import timing: device_id=2 size_bytes=624427008 import_ms=3.39 (perf-t1)
2026-08-19T07:41:54.435070+00:00   INFO pegaflow_server::registry: registry.rs:217 IPC import timing: device_id=2 size_bytes=624427008 import_ms=3.47 (perf-t1)
2026-08-19T07:41:54.475313+00:00   INFO pegaflow_server::registry: registry.rs:217 IPC import timing: device_id=2 size_bytes=624427008 import_ms=39.72 (perf-t1)
2026-08-19T07:41:54.479244+00:00   INFO pegaflow_server::registry: registry.rs:217 IPC import timing: device_id=2 size_bytes=624427008 import_ms=3.39 (perf-t1)
2026-08-19T07:41:54.523595+00:00   INFO pegaflow_server::registry: registry.rs:217 IPC import timing: device_id=2 size_bytes=624427008 import_ms=43.79 (perf-t1)
2026-08-19T07:41:54.527461+00:00   INFO pegaflow_server::registry: registry.rs:217 IPC import timing: device_id=2 size_bytes=624427008 import_ms=3.30 (perf-t1)
2026-08-19T07:41:54.571841+00:00   INFO pegaflow_server::registry: registry.rs:217 IPC import timing: device_id=2 size_bytes=624427008 import_ms=43.85 (perf-t1)
2026-08-19T07:41:54.575739+00:00   INFO pegaflow_server::registry: registry.rs:217 IPC import timing: device_id=2 size_bytes=624427008 import_ms=3.29 (perf-t1)
2026-08-19T07:41:54.620084+00:00   INFO pegaflow_server::registry: registry.rs:217 IPC import timing: device_id=2 size_bytes=624427008 import_ms=43.82 (perf-t1)
2026-08-19T07:41:54.623842+00:00   INFO pegaflow_server::registry: registry.rs:217 IPC import timing: device_id=2 size_bytes=624427008 import_ms=3.19 (perf-t1)
2026-08-19T07:41:54.667119+00:00   INFO pegaflow_server::registry: registry.rs:217 IPC import timing: device_id=2 size_bytes=624427008 import_ms=42.72 (perf-t1)
2026-08-19T07:41:54.673486+00:00   INFO pegaflow_server::registry: registry.rs:217 IPC import timing: device_id=2 size_bytes=624427008 import_ms=5.83 (perf-t1)
2026-08-19T07:41:54.715286+00:00   INFO pegaflow_server::registry: registry.rs:217 IPC import timing: device_id=2 size_bytes=624427008 import_ms=41.30 (perf-t1)
2026-08-19T07:41:54.719272+00:00   INFO pegaflow_server::registry: registry.rs:217 IPC import timing: device_id=2 size_bytes=624427008 import_ms=3.43 (perf-t1)
2026-08-19T07:41:54.779843+00:00   INFO pegaflow_server::registry: registry.rs:217 IPC import timing: device_id=2 size_bytes=624427008 import_ms=59.94 (perf-t1)
2026-08-19T07:41:54.832309+00:00   INFO pegaflow_server::registry: registry.rs:217 IPC import timing: device_id=2 size_bytes=624427008 import_ms=51.87 (perf-t1)
2026-08-19T07:41:54.836645+00:00   INFO pegaflow_server::registry: registry.rs:217 IPC import timing: device_id=2 size_bytes=624427008 import_ms=3.74 (perf-t1)
2026-08-19T07:41:54.879450+00:00   INFO pegaflow_server::registry: registry.rs:217 IPC import timing: device_id=2 size_bytes=624427008 import_ms=42.28 (perf-t1)
2026-08-19T07:41:54.883308+00:00   INFO pegaflow_server::registry: registry.rs:217 IPC import timing: device_id=2 size_bytes=624427008 import_ms=3.32 (perf-t1)
2026-08-19T07:41:54.927709+00:00   INFO pegaflow_server::registry: registry.rs:217 IPC import timing: device_id=2 size_bytes=624427008 import_ms=43.85 (perf-t1)
2026-08-19T07:41:54.931521+00:00   INFO pegaflow_server::registry: registry.rs:217 IPC import timing: device_id=2 size_bytes=624427008 import_ms=3.24 (perf-t1)
2026-08-19T07:41:54.975212+00:00   INFO pegaflow_server::registry: registry.rs:217 IPC import timing: device_id=2 size_bytes=624427008 import_ms=43.14 (perf-t1)
2026-08-19T07:41:54.979045+00:00   INFO pegaflow_server::registry: registry.rs:217 IPC import timing: device_id=2 size_bytes=624427008 import_ms=3.27 (perf-t1)
2026-08-19T07:41:55.023295+00:00   INFO pegaflow_server::registry: registry.rs:217 IPC import timing: device_id=2 size_bytes=624427008 import_ms=43.72 (perf-t1)
2026-08-19T07:41:55.027130+00:00   INFO pegaflow_server::registry: registry.rs:217 IPC import timing: device_id=2 size_bytes=624427008 import_ms=3.30 (perf-t1)
2026-08-19T07:41:55.030903+00:00   INFO pegaflow_server::registry: registry.rs:217 IPC import timing: device_id=2 size_bytes=624427008 import_ms=3.22 (perf-t1)
2026-08-19T07:41:55.071410+00:00   INFO pegaflow_server::registry: registry.rs:217 IPC import timing: device_id=2 size_bytes=624427008 import_ms=40.01 (perf-t1)
2026-08-19T07:41:55.075178+00:00   INFO pegaflow_server::registry: registry.rs:217 IPC import timing: device_id=2 size_bytes=624427008 import_ms=3.24 (perf-t1)
2026-08-19T07:41:55.119181+00:00   INFO pegaflow_server::registry: registry.rs:217 IPC import timing: device_id=2 size_bytes=624427008 import_ms=43.47 (perf-t1)
2026-08-19T07:41:55.123039+00:00   INFO pegaflow_server::registry: registry.rs:217 IPC import timing: device_id=2 size_bytes=624427008 import_ms=3.33 (perf-t1)
2026-08-19T07:41:55.168678+00:00   INFO pegaflow_server::registry: registry.rs:217 IPC import timing: device_id=2 size_bytes=624427008 import_ms=45.11 (perf-t1)
2026-08-19T07:41:55.172589+00:00   INFO pegaflow_server::registry: registry.rs:217 IPC import timing: device_id=2 size_bytes=624427008 import_ms=3.31 (perf-t1)
2026-08-19T07:41:55.215412+00:00   INFO pegaflow_server::registry: registry.rs:217 IPC import timing: device_id=2 size_bytes=624427008 import_ms=42.29 (perf-t1)
2026-08-19T07:41:55.219413+00:00   INFO pegaflow_server::registry: registry.rs:217 IPC import timing: device_id=2 size_bytes=624427008 import_ms=3.45 (perf-t1)
2026-08-19T07:41:55.263067+00:00   INFO pegaflow_server::registry: registry.rs:217 IPC import timing: device_id=2 size_bytes=624427008 import_ms=43.08 (perf-t1)
2026-08-19T07:41:55.267194+00:00   INFO pegaflow_server::registry: registry.rs:217 IPC import timing: device_id=2 size_bytes=624427008 import_ms=3.59 (perf-t1)
2026-08-19T07:41:55.314696+00:00   INFO pegaflow_server::registry: registry.rs:217 IPC import timing: device_id=2 size_bytes=624427008 import_ms=46.98 (perf-t1)
2026-08-19T07:41:55.352011+00:00   INFO pegaflow_server::registry: registry.rs:217 IPC import timing: device_id=2 size_bytes=624427008 import_ms=36.74 (perf-t1)
2026-08-19T07:41:55.394473+00:00   INFO pegaflow_server::registry: registry.rs:217 IPC import timing: device_id=2 size_bytes=624427008 import_ms=41.86 (perf-t1)
2026-08-19T07:41:55.399939+00:00   INFO pegaflow_server::registry: registry.rs:217 IPC import timing: device_id=2 size_bytes=624427008 import_ms=4.87 (perf-t1)
2026-08-19T07:41:55.404182+00:00   INFO pegaflow_server::registry: registry.rs:217 IPC import timing: device_id=2 size_bytes=624427008 import_ms=3.49 (perf-t1)
2026-08-19T07:41:55.447204+00:00   INFO pegaflow_server::registry: registry.rs:217 IPC import timing: device_id=2 size_bytes=624427008 import_ms=42.40 (perf-t1)
2026-08-19T07:41:55.454307+00:00   INFO pegaflow_server::registry: registry.rs:217 IPC import timing: device_id=2 size_bytes=624427008 import_ms=6.38 (perf-t1)
2026-08-19T07:41:55.498731+00:00   INFO pegaflow_server::registry: registry.rs:217 IPC import timing: device_id=2 size_bytes=624427008 import_ms=43.84 (perf-t1)
2026-08-19T07:41:55.502662+00:00   INFO pegaflow_server::registry: registry.rs:217 IPC import timing: device_id=2 size_bytes=624427008 import_ms=3.40 (perf-t1)
2026-08-19T07:41:55.542327+00:00   INFO pegaflow_server::registry: registry.rs:217 IPC import timing: device_id=2 size_bytes=624427008 import_ms=39.11 (perf-t1)
2026-08-19T07:41:55.547751+00:00   INFO pegaflow_server::registry: registry.rs:217 IPC import timing: device_id=2 size_bytes=624427008 import_ms=4.79 (perf-t1)
2026-08-19T07:41:55.590453+00:00   INFO pegaflow_server::registry: registry.rs:217 IPC import timing: device_id=2 size_bytes=624427008 import_ms=42.13 (perf-t1)
2026-08-19T07:41:55.594355+00:00   INFO pegaflow_server::registry: registry.rs:217 IPC import timing: device_id=2 size_bytes=624427008 import_ms=3.38 (perf-t1)
2026-08-19T07:41:55.641143+00:00   INFO pegaflow_server::registry: registry.rs:217 IPC import timing: device_id=2 size_bytes=624427008 import_ms=46.24 (perf-t1)
2026-08-19T07:41:55.682381+00:00   INFO pegaflow_server::registry: registry.rs:217 IPC import timing: device_id=2 size_bytes=624427008 import_ms=40.65 (perf-t1)
2026-08-19T07:41:55.686327+00:00   INFO pegaflow_server::registry: registry.rs:217 IPC import timing: device_id=2 size_bytes=624427008 import_ms=3.41 (perf-t1)
2026-08-19T07:41:55.730329+00:00   INFO pegaflow_server::registry: registry.rs:217 IPC import timing: device_id=2 size_bytes=624427008 import_ms=43.48 (perf-t1)
2026-08-19T07:41:55.734204+00:00   INFO pegaflow_server::registry: registry.rs:217 IPC import timing: device_id=2 size_bytes=624427008 import_ms=3.29 (perf-t1)
2026-08-19T07:41:55.778131+00:00   INFO pegaflow_server::registry: registry.rs:217 IPC import timing: device_id=2 size_bytes=624427008 import_ms=43.38 (perf-t1)
2026-08-19T07:41:55.818140+00:00   INFO pegaflow_server::registry: registry.rs:217 IPC import timing: device_id=2 size_bytes=624427008 import_ms=39.46 (perf-t1)
2026-08-19T07:41:55.825963+00:00   INFO pegaflow_server::registry: registry.rs:217 IPC import timing: device_id=2 size_bytes=624427008 import_ms=7.27 (perf-t1)
2026-08-19T07:41:55.830254+00:00   INFO pegaflow_server::registry: registry.rs:217 IPC import timing: device_id=3 size_bytes=624427008 import_ms=3.50 (perf-t1)
2026-08-19T07:41:55.871514+00:00   INFO pegaflow_core::gpu_worker: gpu_worker.rs:338 GPU worker initialized: device=2 backend=ascend_batch device_id=2
2026-08-19T07:41:55.871514+00:00   INFO pegaflow_core::gpu_worker: gpu_worker.rs:338 GPU worker initialized: device=2 backend=ascend_batch device_id=2
2026-08-19T07:41:55.871979+00:00   INFO pegaflow_core::gpu_worker: gpu_worker.rs:200 GPU worker pool started: device=2, numa_node=NUMA6, transfer_mode=AscendDirect
2026-08-19T07:41:55.872758+00:00   INFO pegaflow_core::instance: instance.rs:706 Sealed instance topology: instance=37712469-6889-4cb6-9878-26b83d284f21-856e331546ca4c66b33eea060eacec15, num_layers=72, tp_size=1, world_size=1, total_slots=72
2026-08-19T07:41:55.872823+00:00   INFO pegaflow_core::instance: instance.rs:719 Initialized GPU context: device_id=2, numa_node=NUMA6
2026-08-19T07:41:55.872858+00:00   INFO pegaflow_core: lib.rs:452 Registered context batch: instance=37712469-6889-4cb6-9878-26b83d284f21-856e331546ca4c66b33eea060eacec15, namespace=perf-t5-c-iso-c1-2, device=2, layers=72, tp_rank=0/1, pp_rank=0
2026-08-19T07:41:55.874261+00:00   INFO pegaflow_server::registry: registry.rs:217 IPC import timing: device_id=3 size_bytes=624427008 import_ms=43.47 (perf-t1)
2026-08-19T07:41:55.878934+00:00   INFO pegaflow_server::registry: registry.rs:217 IPC import timing: device_id=3 size_bytes=624427008 import_ms=4.11 (perf-t1)
2026-08-19T07:41:55.922466+00:00   INFO pegaflow_server::registry: registry.rs:217 IPC import timing: device_id=3 size_bytes=624427008 import_ms=43.01 (perf-t1)
2026-08-19T07:41:55.966109+00:00   INFO pegaflow_server::registry: registry.rs:217 IPC import timing: device_id=3 size_bytes=624427008 import_ms=43.10 (perf-t1)
2026-08-19T07:41:55.970285+00:00   INFO pegaflow_server::registry: registry.rs:217 IPC import timing: device_id=3 size_bytes=624427008 import_ms=3.54 (perf-t1)
2026-08-19T07:41:56.013958+00:00   INFO pegaflow_server::registry: registry.rs:217 IPC import timing: device_id=3 size_bytes=624427008 import_ms=43.12 (perf-t1)
2026-08-19T07:41:56.017923+00:00   INFO pegaflow_server::registry: registry.rs:217 IPC import timing: device_id=3 size_bytes=624427008 import_ms=3.43 (perf-t1)
2026-08-19T07:41:56.065745+00:00   INFO pegaflow_server::registry: registry.rs:217 IPC import timing: device_id=3 size_bytes=624427008 import_ms=47.26 (perf-t1)
2026-08-19T07:41:56.069873+00:00   INFO pegaflow_server::registry: registry.rs:217 IPC import timing: device_id=3 size_bytes=624427008 import_ms=3.59 (perf-t1)
2026-08-19T07:41:56.118099+00:00   INFO pegaflow_server::registry: registry.rs:217 IPC import timing: device_id=3 size_bytes=624427008 import_ms=47.71 (perf-t1)
2026-08-19T07:41:56.166177+00:00   INFO pegaflow_server::registry: registry.rs:217 IPC import timing: device_id=3 size_bytes=624427008 import_ms=45.45 (perf-t1)
2026-08-19T07:41:56.170219+00:00   INFO pegaflow_server::registry: registry.rs:217 IPC import timing: device_id=3 size_bytes=624427008 import_ms=3.44 (perf-t1)
2026-08-19T07:41:56.214195+00:00   INFO pegaflow_server::registry: registry.rs:217 IPC import timing: device_id=3 size_bytes=624427008 import_ms=43.45 (perf-t1)
2026-08-19T07:41:56.218062+00:00   INFO pegaflow_server::registry: registry.rs:217 IPC import timing: device_id=3 size_bytes=624427008 import_ms=3.31 (perf-t1)
2026-08-19T07:41:56.265230+00:00   INFO pegaflow_server::registry: registry.rs:217 IPC import timing: device_id=3 size_bytes=624427008 import_ms=46.61 (perf-t1)
2026-08-19T07:41:56.269144+00:00   INFO pegaflow_server::registry: registry.rs:217 IPC import timing: device_id=3 size_bytes=624427008 import_ms=3.40 (perf-t1)
2026-08-19T07:41:56.311285+00:00   INFO pegaflow_server::registry: registry.rs:217 IPC import timing: device_id=3 size_bytes=624427008 import_ms=41.61 (perf-t1)
2026-08-19T07:41:56.315231+00:00   INFO pegaflow_server::registry: registry.rs:217 IPC import timing: device_id=3 size_bytes=624427008 import_ms=3.42 (perf-t1)
2026-08-19T07:41:56.358181+00:00   INFO pegaflow_server::registry: registry.rs:217 IPC import timing: device_id=3 size_bytes=624427008 import_ms=42.45 (perf-t1)
2026-08-19T07:41:56.362132+00:00   INFO pegaflow_server::registry: registry.rs:217 IPC import timing: device_id=3 size_bytes=624427008 import_ms=3.31 (perf-t1)
2026-08-19T07:41:56.366494+00:00   INFO pegaflow_server::registry: registry.rs:217 IPC import timing: device_id=3 size_bytes=624427008 import_ms=3.82 (perf-t1)
2026-08-19T07:41:56.401858+00:00   INFO pegaflow_server::registry: registry.rs:217 IPC import timing: device_id=3 size_bytes=624427008 import_ms=34.85 (perf-t1)
2026-08-19T07:41:56.405859+00:00   INFO pegaflow_server::registry: registry.rs:217 IPC import timing: device_id=3 size_bytes=624427008 import_ms=3.46 (perf-t1)
2026-08-19T07:41:56.449859+00:00   INFO pegaflow_server::registry: registry.rs:217 IPC import timing: device_id=3 size_bytes=624427008 import_ms=43.48 (perf-t1)
2026-08-19T07:41:56.455871+00:00   INFO pegaflow_server::registry: registry.rs:217 IPC import timing: device_id=3 size_bytes=624427008 import_ms=5.44 (perf-t1)
2026-08-19T07:41:56.494354+00:00   INFO pegaflow_server::registry: registry.rs:217 IPC import timing: device_id=3 size_bytes=624427008 import_ms=37.92 (perf-t1)
2026-08-19T07:41:56.498179+00:00   INFO pegaflow_server::registry: registry.rs:217 IPC import timing: device_id=3 size_bytes=624427008 import_ms=3.30 (perf-t1)
2026-08-19T07:41:56.541944+00:00   INFO pegaflow_server::registry: registry.rs:217 IPC import timing: device_id=3 size_bytes=624427008 import_ms=43.23 (perf-t1)
2026-08-19T07:41:56.547231+00:00   INFO pegaflow_server::registry: registry.rs:217 IPC import timing: device_id=3 size_bytes=624427008 import_ms=4.65 (perf-t1)
2026-08-19T07:41:56.586539+00:00   INFO pegaflow_server::registry: registry.rs:217 IPC import timing: device_id=3 size_bytes=624427008 import_ms=38.77 (perf-t1)
2026-08-19T07:41:56.591688+00:00   INFO pegaflow_server::registry: registry.rs:217 IPC import timing: device_id=3 size_bytes=624427008 import_ms=4.60 (perf-t1)
2026-08-19T07:41:56.634070+00:00   INFO pegaflow_server::registry: registry.rs:217 IPC import timing: device_id=3 size_bytes=624427008 import_ms=41.84 (perf-t1)
2026-08-19T07:41:56.640440+00:00   INFO pegaflow_server::registry: registry.rs:217 IPC import timing: device_id=3 size_bytes=624427008 import_ms=5.83 (perf-t1)
2026-08-19T07:41:56.685386+00:00   INFO pegaflow_server::registry: registry.rs:217 IPC import timing: device_id=3 size_bytes=624427008 import_ms=44.43 (perf-t1)
2026-08-19T07:41:56.690357+00:00   INFO pegaflow_server::registry: registry.rs:217 IPC import timing: device_id=3 size_bytes=624427008 import_ms=4.43 (perf-t1)
2026-08-19T07:41:56.728379+00:00   INFO pegaflow_server::registry: registry.rs:217 IPC import timing: device_id=3 size_bytes=624427008 import_ms=37.50 (perf-t1)
2026-08-19T07:41:56.732182+00:00   INFO pegaflow_server::registry: registry.rs:217 IPC import timing: device_id=3 size_bytes=624427008 import_ms=3.27 (perf-t1)
2026-08-19T07:41:56.770252+00:00   INFO pegaflow_server::registry: registry.rs:217 IPC import timing: device_id=3 size_bytes=624427008 import_ms=37.47 (perf-t1)
2026-08-19T07:41:56.774109+00:00   INFO pegaflow_server::registry: registry.rs:217 IPC import timing: device_id=3 size_bytes=624427008 import_ms=3.32 (perf-t1)
2026-08-19T07:41:56.818418+00:00   INFO pegaflow_server::registry: registry.rs:217 IPC import timing: device_id=3 size_bytes=624427008 import_ms=43.79 (perf-t1)
2026-08-19T07:41:56.822245+00:00   INFO pegaflow_server::registry: registry.rs:217 IPC import timing: device_id=3 size_bytes=624427008 import_ms=3.26 (perf-t1)
2026-08-19T07:41:56.866086+00:00   INFO pegaflow_server::registry: registry.rs:217 IPC import timing: device_id=3 size_bytes=624427008 import_ms=43.32 (perf-t1)
2026-08-19T07:41:56.869973+00:00   INFO pegaflow_server::registry: registry.rs:217 IPC import timing: device_id=3 size_bytes=624427008 import_ms=3.32 (perf-t1)
2026-08-19T07:41:56.918050+00:00   INFO pegaflow_server::registry: registry.rs:217 IPC import timing: device_id=3 size_bytes=624427008 import_ms=47.53 (perf-t1)
2026-08-19T07:41:56.923281+00:00   INFO pegaflow_server::registry: registry.rs:217 IPC import timing: device_id=3 size_bytes=624427008 import_ms=4.70 (perf-t1)
2026-08-19T07:41:56.927305+00:00   INFO pegaflow_server::registry: registry.rs:217 IPC import timing: device_id=3 size_bytes=624427008 import_ms=3.50 (perf-t1)
2026-08-19T07:41:56.931255+00:00   INFO pegaflow_server::registry: registry.rs:217 IPC import timing: device_id=3 size_bytes=624427008 import_ms=3.41 (perf-t1)
2026-08-19T07:41:56.935402+00:00   INFO pegaflow_server::registry: registry.rs:217 IPC import timing: device_id=3 size_bytes=624427008 import_ms=3.59 (perf-t1)
2026-08-19T07:41:56.939171+00:00   INFO pegaflow_server::registry: registry.rs:217 IPC import timing: device_id=3 size_bytes=624427008 import_ms=3.22 (perf-t1)
2026-08-19T07:41:56.943151+00:00   INFO pegaflow_server::registry: registry.rs:217 IPC import timing: device_id=3 size_bytes=624427008 import_ms=3.41 (perf-t1)
2026-08-19T07:41:56.946953+00:00   INFO pegaflow_server::registry: registry.rs:217 IPC import timing: device_id=3 size_bytes=624427008 import_ms=3.27 (perf-t1)
2026-08-19T07:41:56.950919+00:00   INFO pegaflow_server::registry: registry.rs:217 IPC import timing: device_id=3 size_bytes=624427008 import_ms=3.44 (perf-t1)
2026-08-19T07:41:56.954929+00:00   INFO pegaflow_server::registry: registry.rs:217 IPC import timing: device_id=3 size_bytes=624427008 import_ms=3.45 (perf-t1)
2026-08-19T07:41:56.958761+00:00   INFO pegaflow_server::registry: registry.rs:217 IPC import timing: device_id=3 size_bytes=624427008 import_ms=3.32 (perf-t1)
2026-08-19T07:41:56.962957+00:00   INFO pegaflow_server::registry: registry.rs:217 IPC import timing: device_id=3 size_bytes=624427008 import_ms=3.67 (perf-t1)
2026-08-19T07:41:56.967031+00:00   INFO pegaflow_server::registry: registry.rs:217 IPC import timing: device_id=3 size_bytes=624427008 import_ms=3.55 (perf-t1)
2026-08-19T07:41:56.970936+00:00   INFO pegaflow_server::registry: registry.rs:217 IPC import timing: device_id=3 size_bytes=624427008 import_ms=3.23 (perf-t1)
2026-08-19T07:41:56.975047+00:00   INFO pegaflow_server::registry: registry.rs:217 IPC import timing: device_id=3 size_bytes=624427008 import_ms=3.57 (perf-t1)
2026-08-19T07:41:56.978945+00:00   INFO pegaflow_server::registry: registry.rs:217 IPC import timing: device_id=3 size_bytes=624427008 import_ms=3.36 (perf-t1)
2026-08-19T07:41:56.982983+00:00   INFO pegaflow_server::registry: registry.rs:217 IPC import timing: device_id=3 size_bytes=624427008 import_ms=3.49 (perf-t1)
2026-08-19T07:41:56.988352+00:00   INFO pegaflow_server::registry: registry.rs:217 IPC import timing: device_id=3 size_bytes=624427008 import_ms=4.83 (perf-t1)
2026-08-19T07:41:56.992302+00:00   INFO pegaflow_server::registry: registry.rs:217 IPC import timing: device_id=3 size_bytes=624427008 import_ms=3.42 (perf-t1)
2026-08-19T07:41:56.996137+00:00   INFO pegaflow_server::registry: registry.rs:217 IPC import timing: device_id=3 size_bytes=624427008 import_ms=3.24 (perf-t1)
2026-08-19T07:41:56.999765+00:00   INFO pegaflow_server::registry: registry.rs:217 IPC import timing: device_id=3 size_bytes=624427008 import_ms=3.07 (perf-t1)
2026-08-19T07:41:57.003537+00:00   INFO pegaflow_server::registry: registry.rs:217 IPC import timing: device_id=3 size_bytes=624427008 import_ms=3.27 (perf-t1)
2026-08-19T07:41:57.007374+00:00   INFO pegaflow_server::registry: registry.rs:217 IPC import timing: device_id=3 size_bytes=624427008 import_ms=3.27 (perf-t1)
2026-08-19T07:41:57.013587+00:00   INFO pegaflow_server::registry: registry.rs:217 IPC import timing: device_id=3 size_bytes=624427008 import_ms=5.67 (perf-t1)
2026-08-19T07:41:57.017363+00:00   INFO pegaflow_server::registry: registry.rs:217 IPC import timing: device_id=3 size_bytes=624427008 import_ms=3.24 (perf-t1)
2026-08-19T07:41:57.021022+00:00   INFO pegaflow_server::registry: registry.rs:217 IPC import timing: device_id=3 size_bytes=624427008 import_ms=3.10 (perf-t1)
2026-08-19T07:41:57.024831+00:00   INFO pegaflow_server::registry: registry.rs:217 IPC import timing: device_id=3 size_bytes=624427008 import_ms=3.29 (perf-t1)
2026-08-19T07:41:57.028588+00:00   INFO pegaflow_server::registry: registry.rs:217 IPC import timing: device_id=3 size_bytes=624427008 import_ms=3.23 (perf-t1)
2026-08-19T07:41:57.033201+00:00   INFO pegaflow_core::gpu_worker: gpu_worker.rs:338 GPU worker initialized: device=3 backend=ascend_batch device_id=3
2026-08-19T07:41:57.033776+00:00   INFO pegaflow_core::gpu_worker: gpu_worker.rs:338 GPU worker initialized: device=3 backend=ascend_batch device_id=3
2026-08-19T07:41:57.033951+00:00   INFO pegaflow_core::gpu_worker: gpu_worker.rs:200 GPU worker pool started: device=3, numa_node=NUMA0, transfer_mode=AscendDirect
2026-08-19T07:41:57.034623+00:00   INFO pegaflow_core::instance: instance.rs:706 Sealed instance topology: instance=947626a7-4296-4e72-843b-61c4881257a6-b923014bdf584bd2b366c93eb21617f5, num_layers=72, tp_size=1, world_size=1, total_slots=72
2026-08-19T07:41:57.034674+00:00   INFO pegaflow_core::instance: instance.rs:719 Initialized GPU context: device_id=3, numa_node=NUMA0
2026-08-19T07:41:57.034700+00:00   INFO pegaflow_core: lib.rs:452 Registered context batch: instance=947626a7-4296-4e72-843b-61c4881257a6-b923014bdf584bd2b366c93eb21617f5, namespace=perf-t5-c-iso-c1-3, device=3, layers=72, tp_rank=0/1, pp_rank=0
2026-08-19T07:41:57.132172+00:00   INFO pegaflow_server::registry: registry.rs:217 IPC import timing: device_id=0 size_bytes=624427008 import_ms=3.34 (perf-t1)
2026-08-19T07:41:57.136098+00:00   INFO pegaflow_server::registry: registry.rs:217 IPC import timing: device_id=0 size_bytes=624427008 import_ms=3.29 (perf-t1)
2026-08-19T07:41:57.139847+00:00   INFO pegaflow_server::registry: registry.rs:217 IPC import timing: device_id=0 size_bytes=624427008 import_ms=3.18 (perf-t1)
2026-08-19T07:41:57.143586+00:00   INFO pegaflow_server::registry: registry.rs:217 IPC import timing: device_id=0 size_bytes=624427008 import_ms=3.17 (perf-t1)
2026-08-19T07:41:57.147292+00:00   INFO pegaflow_server::registry: registry.rs:217 IPC import timing: device_id=0 size_bytes=624427008 import_ms=3.18 (perf-t1)
2026-08-19T07:41:57.151023+00:00   INFO pegaflow_server::registry: registry.rs:217 IPC import timing: device_id=0 size_bytes=624427008 import_ms=3.20 (perf-t1)
2026-08-19T07:41:57.154626+00:00   INFO pegaflow_server::registry: registry.rs:217 IPC import timing: device_id=0 size_bytes=624427008 import_ms=3.05 (perf-t1)
2026-08-19T07:41:57.158288+00:00   INFO pegaflow_server::registry: registry.rs:217 IPC import timing: device_id=0 size_bytes=624427008 import_ms=3.15 (perf-t1)
2026-08-19T07:41:57.162242+00:00   INFO pegaflow_server::registry: registry.rs:217 IPC import timing: device_id=0 size_bytes=624427008 import_ms=3.42 (perf-t1)
2026-08-19T07:41:57.165871+00:00   INFO pegaflow_server::registry: registry.rs:217 IPC import timing: device_id=0 size_bytes=624427008 import_ms=3.08 (perf-t1)
2026-08-19T07:41:57.169649+00:00   INFO pegaflow_server::registry: registry.rs:217 IPC import timing: device_id=0 size_bytes=624427008 import_ms=3.25 (perf-t1)
2026-08-19T07:41:57.173256+00:00   INFO pegaflow_server::registry: registry.rs:217 IPC import timing: device_id=0 size_bytes=624427008 import_ms=3.10 (perf-t1)
2026-08-19T07:41:57.177041+00:00   INFO pegaflow_server::registry: registry.rs:217 IPC import timing: device_id=0 size_bytes=624427008 import_ms=3.26 (perf-t1)
2026-08-19T07:41:57.180646+00:00   INFO pegaflow_server::registry: registry.rs:217 IPC import timing: device_id=0 size_bytes=624427008 import_ms=3.11 (perf-t1)
2026-08-19T07:41:57.184505+00:00   INFO pegaflow_server::registry: registry.rs:217 IPC import timing: device_id=0 size_bytes=624427008 import_ms=3.34 (perf-t1)
2026-08-19T07:41:57.188065+00:00   INFO pegaflow_server::registry: registry.rs:217 IPC import timing: device_id=0 size_bytes=624427008 import_ms=2.99 (perf-t1)
2026-08-19T07:41:57.191679+00:00   INFO pegaflow_server::registry: registry.rs:217 IPC import timing: device_id=0 size_bytes=624427008 import_ms=3.09 (perf-t1)
2026-08-19T07:41:57.195324+00:00   INFO pegaflow_server::registry: registry.rs:217 IPC import timing: device_id=0 size_bytes=624427008 import_ms=3.09 (perf-t1)
2026-08-19T07:41:57.198949+00:00   INFO pegaflow_server::registry: registry.rs:217 IPC import timing: device_id=0 size_bytes=624427008 import_ms=3.08 (perf-t1)
2026-08-19T07:41:57.202518+00:00   INFO pegaflow_server::registry: registry.rs:217 IPC import timing: device_id=0 size_bytes=624427008 import_ms=3.06 (perf-t1)
2026-08-19T07:41:57.206147+00:00   INFO pegaflow_server::registry: registry.rs:217 IPC import timing: device_id=0 size_bytes=624427008 import_ms=3.11 (perf-t1)
2026-08-19T07:41:57.210206+00:00   INFO pegaflow_server::registry: registry.rs:217 IPC import timing: device_id=0 size_bytes=624427008 import_ms=3.52 (perf-t1)
2026-08-19T07:41:57.213833+00:00   INFO pegaflow_server::registry: registry.rs:217 IPC import timing: device_id=0 size_bytes=624427008 import_ms=3.12 (perf-t1)
2026-08-19T07:41:57.217570+00:00   INFO pegaflow_server::registry: registry.rs:217 IPC import timing: device_id=0 size_bytes=624427008 import_ms=3.23 (perf-t1)
2026-08-19T07:41:57.221189+00:00   INFO pegaflow_server::registry: registry.rs:217 IPC import timing: device_id=0 size_bytes=624427008 import_ms=3.07 (perf-t1)
2026-08-19T07:41:57.224827+00:00   INFO pegaflow_server::registry: registry.rs:217 IPC import timing: device_id=0 size_bytes=624427008 import_ms=3.11 (perf-t1)
2026-08-19T07:41:57.228468+00:00   INFO pegaflow_server::registry: registry.rs:217 IPC import timing: device_id=0 size_bytes=624427008 import_ms=3.12 (perf-t1)
2026-08-19T07:41:57.232170+00:00   INFO pegaflow_server::registry: registry.rs:217 IPC import timing: device_id=0 size_bytes=624427008 import_ms=3.17 (perf-t1)
2026-08-19T07:41:57.237265+00:00   INFO pegaflow_server::registry: registry.rs:217 IPC import timing: device_id=0 size_bytes=624427008 import_ms=4.57 (perf-t1)
2026-08-19T07:41:57.240957+00:00   INFO pegaflow_server::registry: registry.rs:217 IPC import timing: device_id=0 size_bytes=624427008 import_ms=3.14 (perf-t1)
2026-08-19T07:41:57.244620+00:00   INFO pegaflow_server::registry: registry.rs:217 IPC import timing: device_id=0 size_bytes=624427008 import_ms=3.12 (perf-t1)
2026-08-19T07:41:57.248440+00:00   INFO pegaflow_server::registry: registry.rs:217 IPC import timing: device_id=0 size_bytes=624427008 import_ms=3.31 (perf-t1)
2026-08-19T07:41:57.252221+00:00   INFO pegaflow_server::registry: registry.rs:217 IPC import timing: device_id=0 size_bytes=624427008 import_ms=3.26 (perf-t1)
2026-08-19T07:41:57.259457+00:00   INFO pegaflow_server::registry: registry.rs:217 IPC import timing: device_id=0 size_bytes=624427008 import_ms=6.66 (perf-t1)
2026-08-19T07:41:57.263061+00:00   INFO pegaflow_server::registry: registry.rs:217 IPC import timing: device_id=0 size_bytes=624427008 import_ms=3.09 (perf-t1)
2026-08-19T07:41:57.266878+00:00   INFO pegaflow_server::registry: registry.rs:217 IPC import timing: device_id=0 size_bytes=624427008 import_ms=3.09 (perf-t1)
2026-08-19T07:41:57.270481+00:00   INFO pegaflow_server::registry: registry.rs:217 IPC import timing: device_id=0 size_bytes=624427008 import_ms=3.06 (perf-t1)
2026-08-19T07:41:57.274043+00:00   INFO pegaflow_server::registry: registry.rs:217 IPC import timing: device_id=0 size_bytes=624427008 import_ms=3.06 (perf-t1)
2026-08-19T07:41:57.277673+00:00   INFO pegaflow_server::registry: registry.rs:217 IPC import timing: device_id=0 size_bytes=624427008 import_ms=3.11 (perf-t1)
2026-08-19T07:41:57.281417+00:00   INFO pegaflow_server::registry: registry.rs:217 IPC import timing: device_id=0 size_bytes=624427008 import_ms=3.21 (perf-t1)
2026-08-19T07:41:57.285012+00:00   INFO pegaflow_server::registry: registry.rs:217 IPC import timing: device_id=0 size_bytes=624427008 import_ms=3.07 (perf-t1)
2026-08-19T07:41:57.290483+00:00   INFO pegaflow_server::registry: registry.rs:217 IPC import timing: device_id=0 size_bytes=624427008 import_ms=4.97 (perf-t1)
2026-08-19T07:41:57.294505+00:00   INFO pegaflow_server::registry: registry.rs:217 IPC import timing: device_id=0 size_bytes=624427008 import_ms=3.47 (perf-t1)
2026-08-19T07:41:57.298131+00:00   INFO pegaflow_server::registry: registry.rs:217 IPC import timing: device_id=0 size_bytes=624427008 import_ms=3.11 (perf-t1)
2026-08-19T07:41:57.303261+00:00   INFO pegaflow_server::registry: registry.rs:217 IPC import timing: device_id=0 size_bytes=624427008 import_ms=4.62 (perf-t1)
2026-08-19T07:41:57.306950+00:00   INFO pegaflow_server::registry: registry.rs:217 IPC import timing: device_id=0 size_bytes=624427008 import_ms=3.15 (perf-t1)
2026-08-19T07:41:57.310856+00:00   INFO pegaflow_server::registry: registry.rs:217 IPC import timing: device_id=0 size_bytes=624427008 import_ms=3.40 (perf-t1)
2026-08-19T07:41:57.314885+00:00   INFO pegaflow_server::registry: registry.rs:217 IPC import timing: device_id=0 size_bytes=624427008 import_ms=3.51 (perf-t1)
2026-08-19T07:41:57.318544+00:00   INFO pegaflow_server::registry: registry.rs:217 IPC import timing: device_id=0 size_bytes=624427008 import_ms=3.12 (perf-t1)
2026-08-19T07:41:57.322209+00:00   INFO pegaflow_server::registry: registry.rs:217 IPC import timing: device_id=0 size_bytes=624427008 import_ms=3.14 (perf-t1)
2026-08-19T07:41:57.325969+00:00   INFO pegaflow_server::registry: registry.rs:217 IPC import timing: device_id=0 size_bytes=624427008 import_ms=3.23 (perf-t1)
2026-08-19T07:41:57.329992+00:00   INFO pegaflow_server::registry: registry.rs:217 IPC import timing: device_id=0 size_bytes=624427008 import_ms=3.51 (perf-t1)
2026-08-19T07:41:57.339527+00:00   INFO pegaflow_server::registry: registry.rs:217 IPC import timing: device_id=0 size_bytes=624427008 import_ms=8.97 (perf-t1)
2026-08-19T07:41:57.343295+00:00   INFO pegaflow_server::registry: registry.rs:217 IPC import timing: device_id=0 size_bytes=624427008 import_ms=3.18 (perf-t1)
2026-08-19T07:41:57.346977+00:00   INFO pegaflow_server::registry: registry.rs:217 IPC import timing: device_id=0 size_bytes=624427008 import_ms=3.15 (perf-t1)
2026-08-19T07:41:57.350717+00:00   INFO pegaflow_server::registry: registry.rs:217 IPC import timing: device_id=0 size_bytes=624427008 import_ms=3.20 (perf-t1)
2026-08-19T07:41:57.355185+00:00   INFO pegaflow_server::registry: registry.rs:217 IPC import timing: device_id=0 size_bytes=624427008 import_ms=3.94 (perf-t1)
2026-08-19T07:41:57.359593+00:00   INFO pegaflow_server::registry: registry.rs:217 IPC import timing: device_id=0 size_bytes=624427008 import_ms=3.81 (perf-t1)
2026-08-19T07:41:57.363808+00:00   INFO pegaflow_server::registry: registry.rs:217 IPC import timing: device_id=0 size_bytes=624427008 import_ms=3.68 (perf-t1)
2026-08-19T07:41:57.367428+00:00   INFO pegaflow_server::registry: registry.rs:217 IPC import timing: device_id=0 size_bytes=624427008 import_ms=3.09 (perf-t1)
2026-08-19T07:41:57.372438+00:00   INFO pegaflow_server::registry: registry.rs:217 IPC import timing: device_id=0 size_bytes=624427008 import_ms=4.50 (perf-t1)
2026-08-19T07:41:57.376209+00:00   INFO pegaflow_server::registry: registry.rs:217 IPC import timing: device_id=0 size_bytes=624427008 import_ms=3.22 (perf-t1)
2026-08-19T07:41:57.379960+00:00   INFO pegaflow_server::registry: registry.rs:217 IPC import timing: device_id=0 size_bytes=624427008 import_ms=3.22 (perf-t1)
2026-08-19T07:41:57.383680+00:00   INFO pegaflow_server::registry: registry.rs:217 IPC import timing: device_id=0 size_bytes=624427008 import_ms=3.16 (perf-t1)
2026-08-19T07:41:57.387237+00:00   INFO pegaflow_server::registry: registry.rs:217 IPC import timing: device_id=0 size_bytes=624427008 import_ms=3.02 (perf-t1)
2026-08-19T07:41:57.390934+00:00   INFO pegaflow_server::registry: registry.rs:217 IPC import timing: device_id=0 size_bytes=624427008 import_ms=3.17 (perf-t1)
2026-08-19T07:41:57.394570+00:00   INFO pegaflow_server::registry: registry.rs:217 IPC import timing: device_id=0 size_bytes=624427008 import_ms=3.13 (perf-t1)
2026-08-19T07:41:57.398222+00:00   INFO pegaflow_server::registry: registry.rs:217 IPC import timing: device_id=0 size_bytes=624427008 import_ms=3.11 (perf-t1)
2026-08-19T07:41:57.402005+00:00   INFO pegaflow_server::registry: registry.rs:217 IPC import timing: device_id=0 size_bytes=624427008 import_ms=3.28 (perf-t1)
2026-08-19T07:41:57.405550+00:00   INFO pegaflow_server::registry: registry.rs:217 IPC import timing: device_id=0 size_bytes=624427008 import_ms=3.03 (perf-t1)
2026-08-19T07:41:57.409243+00:00   INFO pegaflow_server::registry: registry.rs:217 IPC import timing: device_id=0 size_bytes=624427008 import_ms=3.16 (perf-t1)
2026-08-19T07:41:57.414587+00:00   INFO pegaflow_server::registry: registry.rs:217 IPC import timing: device_id=0 size_bytes=624427008 import_ms=4.84 (perf-t1)
2026-08-19T07:41:57.418700+00:00   INFO pegaflow_core::gpu_worker: gpu_worker.rs:338 GPU worker initialized: device=0 backend=ascend_batch device_id=0
2026-08-19T07:41:57.419032+00:00   INFO pegaflow_core::gpu_worker: gpu_worker.rs:338 GPU worker initialized: device=0 backend=ascend_batch device_id=0
2026-08-19T07:41:57.419208+00:00   INFO pegaflow_core::gpu_worker: gpu_worker.rs:200 GPU worker pool started: device=0, numa_node=NUMA6, transfer_mode=AscendDirect
2026-08-19T07:41:57.419934+00:00   INFO pegaflow_core::instance: instance.rs:706 Sealed instance topology: instance=acc7a8da-8f54-40bf-909a-96aee7f24269-a6c38cca563a4a878a418c51dcd5b717, num_layers=72, tp_size=1, world_size=1, total_slots=72
2026-08-19T07:41:57.419985+00:00   INFO pegaflow_core::instance: instance.rs:719 Initialized GPU context: device_id=0, numa_node=NUMA6
2026-08-19T07:41:57.420015+00:00   INFO pegaflow_core: lib.rs:452 Registered context batch: instance=acc7a8da-8f54-40bf-909a-96aee7f24269-a6c38cca563a4a878a418c51dcd5b717, namespace=perf-t5-c-iso-c1-0, device=0, layers=72, tp_rank=0/1, pp_rank=0
2026-08-19T07:41:59.965212+00:00   INFO pegaflow_server::registry: registry.rs:217 IPC import timing: device_id=1 size_bytes=624427008 import_ms=3.51 (perf-t1)
2026-08-19T07:41:59.969454+00:00   INFO pegaflow_server::registry: registry.rs:217 IPC import timing: device_id=1 size_bytes=624427008 import_ms=3.46 (perf-t1)
2026-08-19T07:41:59.973250+00:00   INFO pegaflow_server::registry: registry.rs:217 IPC import timing: device_id=1 size_bytes=624427008 import_ms=3.26 (perf-t1)
2026-08-19T07:41:59.977122+00:00   INFO pegaflow_server::registry: registry.rs:217 IPC import timing: device_id=1 size_bytes=624427008 import_ms=3.35 (perf-t1)
2026-08-19T07:41:59.980993+00:00   INFO pegaflow_server::registry: registry.rs:217 IPC import timing: device_id=1 size_bytes=624427008 import_ms=3.32 (perf-t1)
2026-08-19T07:41:59.984860+00:00   INFO pegaflow_server::registry: registry.rs:217 IPC import timing: device_id=1 size_bytes=624427008 import_ms=3.35 (perf-t1)
2026-08-19T07:41:59.988566+00:00   INFO pegaflow_server::registry: registry.rs:217 IPC import timing: device_id=1 size_bytes=624427008 import_ms=3.20 (perf-t1)
2026-08-19T07:41:59.992437+00:00   INFO pegaflow_server::registry: registry.rs:217 IPC import timing: device_id=1 size_bytes=624427008 import_ms=3.33 (perf-t1)
2026-08-19T07:41:59.996368+00:00   INFO pegaflow_server::registry: registry.rs:217 IPC import timing: device_id=1 size_bytes=624427008 import_ms=3.36 (perf-t1)
2026-08-19T07:42:00.000240+00:00   INFO pegaflow_server::registry: registry.rs:217 IPC import timing: device_id=1 size_bytes=624427008 import_ms=3.34 (perf-t1)
2026-08-19T07:42:00.004269+00:00   INFO pegaflow_server::registry: registry.rs:217 IPC import timing: device_id=1 size_bytes=624427008 import_ms=3.46 (perf-t1)
2026-08-19T07:42:00.007984+00:00   INFO pegaflow_server::registry: registry.rs:217 IPC import timing: device_id=1 size_bytes=624427008 import_ms=3.18 (perf-t1)
2026-08-19T07:42:00.014079+00:00   INFO pegaflow_server::registry: registry.rs:217 IPC import timing: device_id=1 size_bytes=624427008 import_ms=5.54 (perf-t1)
2026-08-19T07:42:00.017971+00:00   INFO pegaflow_server::registry: registry.rs:217 IPC import timing: device_id=1 size_bytes=624427008 import_ms=3.34 (perf-t1)
2026-08-19T07:42:00.021822+00:00   INFO pegaflow_server::registry: registry.rs:217 IPC import timing: device_id=1 size_bytes=624427008 import_ms=3.35 (perf-t1)
2026-08-19T07:42:00.025506+00:00   INFO pegaflow_server::registry: registry.rs:217 IPC import timing: device_id=1 size_bytes=624427008 import_ms=3.15 (perf-t1)
2026-08-19T07:42:00.029618+00:00   INFO pegaflow_server::registry: registry.rs:217 IPC import timing: device_id=1 size_bytes=624427008 import_ms=3.59 (perf-t1)
2026-08-19T07:42:00.033304+00:00   INFO pegaflow_server::registry: registry.rs:217 IPC import timing: device_id=1 size_bytes=624427008 import_ms=3.18 (perf-t1)
2026-08-19T07:42:00.037373+00:00   INFO pegaflow_server::registry: registry.rs:217 IPC import timing: device_id=1 size_bytes=624427008 import_ms=3.57 (perf-t1)
2026-08-19T07:42:00.041103+00:00   INFO pegaflow_server::registry: registry.rs:217 IPC import timing: device_id=1 size_bytes=624427008 import_ms=3.19 (perf-t1)
2026-08-19T07:42:00.045529+00:00   INFO pegaflow_server::registry: registry.rs:217 IPC import timing: device_id=1 size_bytes=624427008 import_ms=3.92 (perf-t1)
2026-08-19T07:42:00.049306+00:00   INFO pegaflow_server::registry: registry.rs:217 IPC import timing: device_id=1 size_bytes=624427008 import_ms=3.28 (perf-t1)
2026-08-19T07:42:00.053077+00:00   INFO pegaflow_server::registry: registry.rs:217 IPC import timing: device_id=1 size_bytes=624427008 import_ms=3.22 (perf-t1)
2026-08-19T07:42:00.056972+00:00   INFO pegaflow_server::registry: registry.rs:217 IPC import timing: device_id=1 size_bytes=624427008 import_ms=3.39 (perf-t1)
2026-08-19T07:42:00.061416+00:00   INFO pegaflow_server::registry: registry.rs:217 IPC import timing: device_id=1 size_bytes=624427008 import_ms=3.94 (perf-t1)
2026-08-19T07:42:00.065173+00:00   INFO pegaflow_server::registry: registry.rs:217 IPC import timing: device_id=1 size_bytes=624427008 import_ms=3.22 (perf-t1)
2026-08-19T07:42:00.068866+00:00   INFO pegaflow_server::registry: registry.rs:217 IPC import timing: device_id=1 size_bytes=624427008 import_ms=3.19 (perf-t1)
2026-08-19T07:42:00.072868+00:00   INFO pegaflow_server::registry: registry.rs:217 IPC import timing: device_id=1 size_bytes=624427008 import_ms=3.48 (perf-t1)
2026-08-19T07:42:00.076824+00:00   INFO pegaflow_server::registry: registry.rs:217 IPC import timing: device_id=1 size_bytes=624427008 import_ms=3.31 (perf-t1)
2026-08-19T07:42:00.081854+00:00   INFO pegaflow_server::registry: registry.rs:217 IPC import timing: device_id=1 size_bytes=624427008 import_ms=4.44 (perf-t1)
2026-08-19T07:42:00.085938+00:00   INFO pegaflow_server::registry: registry.rs:217 IPC import timing: device_id=1 size_bytes=624427008 import_ms=3.52 (perf-t1)
2026-08-19T07:42:00.090475+00:00   INFO pegaflow_server::registry: registry.rs:217 IPC import timing: device_id=1 size_bytes=624427008 import_ms=3.94 (perf-t1)
2026-08-19T07:42:00.094220+00:00   INFO pegaflow_server::registry: registry.rs:217 IPC import timing: device_id=1 size_bytes=624427008 import_ms=3.22 (perf-t1)
2026-08-19T07:42:00.097821+00:00   INFO pegaflow_server::registry: registry.rs:217 IPC import timing: device_id=1 size_bytes=624427008 import_ms=3.06 (perf-t1)
2026-08-19T07:42:00.101727+00:00   INFO pegaflow_server::registry: registry.rs:217 IPC import timing: device_id=1 size_bytes=624427008 import_ms=3.37 (perf-t1)
2026-08-19T07:42:00.105566+00:00   INFO pegaflow_server::registry: registry.rs:217 IPC import timing: device_id=1 size_bytes=624427008 import_ms=3.30 (perf-t1)
2026-08-19T07:42:00.111072+00:00   INFO pegaflow_server::registry: registry.rs:217 IPC import timing: device_id=1 size_bytes=624427008 import_ms=4.99 (perf-t1)
2026-08-19T07:42:00.114866+00:00   INFO pegaflow_server::registry: registry.rs:217 IPC import timing: device_id=1 size_bytes=624427008 import_ms=3.23 (perf-t1)
2026-08-19T07:42:00.119520+00:00   INFO pegaflow_server::registry: registry.rs:217 IPC import timing: device_id=1 size_bytes=624427008 import_ms=4.14 (perf-t1)
2026-08-19T07:42:00.123276+00:00   INFO pegaflow_server::registry: registry.rs:217 IPC import timing: device_id=1 size_bytes=624427008 import_ms=3.25 (perf-t1)
2026-08-19T07:42:00.127313+00:00   INFO pegaflow_server::registry: registry.rs:217 IPC import timing: device_id=1 size_bytes=624427008 import_ms=3.47 (perf-t1)
2026-08-19T07:42:00.131063+00:00   INFO pegaflow_server::registry: registry.rs:217 IPC import timing: device_id=1 size_bytes=624427008 import_ms=3.18 (perf-t1)
2026-08-19T07:42:00.134652+00:00   INFO pegaflow_server::registry: registry.rs:217 IPC import timing: device_id=1 size_bytes=624427008 import_ms=3.08 (perf-t1)
2026-08-19T07:42:00.138422+00:00   INFO pegaflow_server::registry: registry.rs:217 IPC import timing: device_id=1 size_bytes=624427008 import_ms=3.23 (perf-t1)
2026-08-19T07:42:00.142194+00:00   INFO pegaflow_server::registry: registry.rs:217 IPC import timing: device_id=1 size_bytes=624427008 import_ms=3.27 (perf-t1)
2026-08-19T07:42:00.147545+00:00   INFO pegaflow_server::registry: registry.rs:217 IPC import timing: device_id=1 size_bytes=624427008 import_ms=4.73 (perf-t1)
2026-08-19T07:42:00.151802+00:00   INFO pegaflow_server::registry: registry.rs:217 IPC import timing: device_id=1 size_bytes=624427008 import_ms=3.71 (perf-t1)
2026-08-19T07:42:00.155816+00:00   INFO pegaflow_server::registry: registry.rs:217 IPC import timing: device_id=1 size_bytes=624427008 import_ms=3.41 (perf-t1)
2026-08-19T07:42:00.160106+00:00   INFO pegaflow_server::registry: registry.rs:217 IPC import timing: device_id=1 size_bytes=624427008 import_ms=3.75 (perf-t1)
2026-08-19T07:42:00.163800+00:00   INFO pegaflow_server::registry: registry.rs:217 IPC import timing: device_id=1 size_bytes=624427008 import_ms=3.17 (perf-t1)
2026-08-19T07:42:00.167594+00:00   INFO pegaflow_server::registry: registry.rs:217 IPC import timing: device_id=1 size_bytes=624427008 import_ms=3.27 (perf-t1)
2026-08-19T07:42:00.171157+00:00   INFO pegaflow_server::registry: registry.rs:217 IPC import timing: device_id=1 size_bytes=624427008 import_ms=3.06 (perf-t1)
2026-08-19T07:42:00.174883+00:00   INFO pegaflow_server::registry: registry.rs:217 IPC import timing: device_id=1 size_bytes=624427008 import_ms=3.23 (perf-t1)
2026-08-19T07:42:00.178591+00:00   INFO pegaflow_server::registry: registry.rs:217 IPC import timing: device_id=1 size_bytes=624427008 import_ms=3.16 (perf-t1)
2026-08-19T07:42:00.182352+00:00   INFO pegaflow_server::registry: registry.rs:217 IPC import timing: device_id=1 size_bytes=624427008 import_ms=3.27 (perf-t1)
2026-08-19T07:42:00.187794+00:00   INFO pegaflow_server::registry: registry.rs:217 IPC import timing: device_id=1 size_bytes=624427008 import_ms=4.95 (perf-t1)
2026-08-19T07:42:00.191479+00:00   INFO pegaflow_server::registry: registry.rs:217 IPC import timing: device_id=1 size_bytes=624427008 import_ms=3.15 (perf-t1)
2026-08-19T07:42:00.195250+00:00   INFO pegaflow_server::registry: registry.rs:217 IPC import timing: device_id=1 size_bytes=624427008 import_ms=3.20 (perf-t1)
2026-08-19T07:42:00.198893+00:00   INFO pegaflow_server::registry: registry.rs:217 IPC import timing: device_id=1 size_bytes=624427008 import_ms=3.14 (perf-t1)
2026-08-19T07:42:00.202545+00:00   INFO pegaflow_server::registry: registry.rs:217 IPC import timing: device_id=1 size_bytes=624427008 import_ms=3.11 (perf-t1)
2026-08-19T07:42:00.206259+00:00   INFO pegaflow_server::registry: registry.rs:217 IPC import timing: device_id=1 size_bytes=624427008 import_ms=3.21 (perf-t1)
2026-08-19T07:42:00.214496+00:00   INFO pegaflow_server::registry: registry.rs:217 IPC import timing: device_id=1 size_bytes=624427008 import_ms=7.75 (perf-t1)
2026-08-19T07:42:00.218204+00:00   INFO pegaflow_server::registry: registry.rs:217 IPC import timing: device_id=1 size_bytes=624427008 import_ms=3.16 (perf-t1)
2026-08-19T07:42:00.221982+00:00   INFO pegaflow_server::registry: registry.rs:217 IPC import timing: device_id=1 size_bytes=624427008 import_ms=3.27 (perf-t1)
2026-08-19T07:42:00.225588+00:00   INFO pegaflow_server::registry: registry.rs:217 IPC import timing: device_id=1 size_bytes=624427008 import_ms=3.09 (perf-t1)
2026-08-19T07:42:00.229310+00:00   INFO pegaflow_server::registry: registry.rs:217 IPC import timing: device_id=1 size_bytes=624427008 import_ms=3.21 (perf-t1)
2026-08-19T07:42:00.232978+00:00   INFO pegaflow_server::registry: registry.rs:217 IPC import timing: device_id=1 size_bytes=624427008 import_ms=3.16 (perf-t1)
2026-08-19T07:42:00.236693+00:00   INFO pegaflow_server::registry: registry.rs:217 IPC import timing: device_id=1 size_bytes=624427008 import_ms=3.20 (perf-t1)
2026-08-19T07:42:00.240714+00:00   INFO pegaflow_server::registry: registry.rs:217 IPC import timing: device_id=1 size_bytes=624427008 import_ms=3.49 (perf-t1)
2026-08-19T07:42:00.250633+00:00   INFO pegaflow_server::registry: registry.rs:217 IPC import timing: device_id=1 size_bytes=624427008 import_ms=9.38 (perf-t1)
2026-08-19T07:42:00.259478+00:00   INFO pegaflow_server::registry: registry.rs:217 IPC import timing: device_id=1 size_bytes=624427008 import_ms=8.31 (perf-t1)
2026-08-19T07:42:00.263245+00:00   INFO pegaflow_server::registry: registry.rs:217 IPC import timing: device_id=1 size_bytes=624427008 import_ms=3.23 (perf-t1)
2026-08-19T07:42:00.267610+00:00   INFO pegaflow_core::gpu_worker: gpu_worker.rs:338 GPU worker initialized: device=1 backend=ascend_batch device_id=1
2026-08-19T07:42:00.268045+00:00   INFO pegaflow_core::gpu_worker: gpu_worker.rs:338 GPU worker initialized: device=1 backend=ascend_batch device_id=1
2026-08-19T07:42:00.268213+00:00   INFO pegaflow_core::gpu_worker: gpu_worker.rs:200 GPU worker pool started: device=1, numa_node=NUMA0, transfer_mode=AscendDirect
2026-08-19T07:42:00.268899+00:00   INFO pegaflow_core::instance: instance.rs:706 Sealed instance topology: instance=721e64b6-a00e-4ea8-a769-611a913bd809-6f71ca45a19f4b58888f2bbddbbe4014, num_layers=72, tp_size=1, world_size=1, total_slots=72
2026-08-19T07:42:00.268962+00:00   INFO pegaflow_core::instance: instance.rs:719 Initialized GPU context: device_id=1, numa_node=NUMA0
2026-08-19T07:42:00.268996+00:00   INFO pegaflow_core: lib.rs:452 Registered context batch: instance=721e64b6-a00e-4ea8-a769-611a913bd809-6f71ca45a19f4b58888f2bbddbbe4014, namespace=perf-t5-c-iso-c1-1, device=1, layers=72, tp_rank=0/1, pp_rank=0
2026-08-19T07:42:14.822830+00:00   INFO pegaflow_server::service: service.rs:931 Session opened: instance_id=acc7a8da-8f54-40bf-909a-96aee7f24269-a6c38cca563a4a878a418c51dcd5b717 namespace=perf-t5-c-iso-c1-0 tp_size=1 world_size=1 token=1
2026-08-19T07:42:15.134982+00:00   INFO pegaflow_server::service: service.rs:931 Session opened: instance_id=37712469-6889-4cb6-9878-26b83d284f21-856e331546ca4c66b33eea060eacec15 namespace=perf-t5-c-iso-c1-2 tp_size=1 world_size=1 token=2
2026-08-19T07:42:15.609522+00:00   INFO pegaflow_server::service: service.rs:931 Session opened: instance_id=721e64b6-a00e-4ea8-a769-611a913bd809-6f71ca45a19f4b58888f2bbddbbe4014 namespace=perf-t5-c-iso-c1-1 tp_size=1 world_size=1 token=3
2026-08-19T07:42:15.999348+00:00   INFO pegaflow_server::service: service.rs:931 Session opened: instance_id=947626a7-4296-4e72-843b-61c4881257a6-b923014bdf584bd2b366c93eb21617f5 namespace=perf-t5-c-iso-c1-3 tp_size=1 world_size=1 token=4
2026-08-19T07:42:22.471500+00:00   INFO pegaflow_core::storage::prefetch: prefetch.rs:316 Prefetch local-hit timing: req_id=cmpl-perf-f813ff2cbcf1-0-89972ecb total_keys=76 hit=0 missing=76 key_build=58.082µs cache_scan=21.2µs task_schedule=6.55µs total=168.374µs
2026-08-19T07:42:56.333618+00:00   INFO pegaflow_core::storage::prefetch: prefetch.rs:316 Prefetch local-hit timing: req_id=cmpl-perf-9d16bae8dd86-0-a307eb7a total_keys=76 hit=0 missing=76 key_build=44.591µs cache_scan=13.52µs task_schedule=6.16µs total=92.392µs
2026-08-19T07:42:58.887144+00:00   INFO pegaflow_core::storage::prefetch: prefetch.rs:316 Prefetch local-hit timing: req_id=cmpl-perf-37178d6d2c60-0-a176f0bb total_keys=76 hit=0 missing=76 key_build=45.061µs cache_scan=17µs task_schedule=6.04µs total=92.672µs
2026-08-19T07:43:01.449957+00:00   INFO pegaflow_core::storage::prefetch: prefetch.rs:316 Prefetch local-hit timing: req_id=cmpl-perf-e6bf83808772-0-bbc4c1f8 total_keys=76 hit=0 missing=76 key_build=42.321µs cache_scan=19.701µs task_schedule=5.95µs total=95.262µs
2026-08-19T07:43:11.040413+00:00   INFO pegaflow_core::storage::prefetch: prefetch.rs:316 Prefetch local-hit timing: req_id=cmpl-perf-38a7684427e6-0-aabb6513 total_keys=1 hit=0 missing=1 key_build=28.861µs cache_scan=20.691µs task_schedule=6.51µs total=82.962µs
2026-08-19T07:43:12.820382+00:00   INFO pegaflow_core::storage::prefetch: prefetch.rs:316 Prefetch local-hit timing: req_id=cmpl-perf-4f214de7a11d-0-8eda5760 total_keys=1 hit=0 missing=1 key_build=9.83µs cache_scan=21.521µs task_schedule=6.11µs total=101.302µs
2026-08-19T07:43:14.584845+00:00   INFO pegaflow_core::storage::prefetch: prefetch.rs:316 Prefetch local-hit timing: req_id=cmpl-perf-1c516d3eee0b-0-b55188c9 total_keys=1 hit=0 missing=1 key_build=9.26µs cache_scan=19.651µs task_schedule=6.16µs total=61.741µs
2026-08-19T07:43:16.345367+00:00   INFO pegaflow_core::storage::prefetch: prefetch.rs:316 Prefetch local-hit timing: req_id=cmpl-perf-19aa8f6142a6-0-99d27e4b total_keys=1 hit=0 missing=1 key_build=8.93µs cache_scan=19.611µs task_schedule=5.94µs total=60.961µs
2026-08-19T07:43:21.176930+00:00   INFO pegaflow_server::service: service.rs:955 Session closed: instance_id=947626a7-4296-4e72-843b-61c4881257a6-b923014bdf584bd2b366c93eb21617f5 token=4 — running cleanup
2026-08-19T07:43:21.804966+00:00   INFO pegaflow_server::service: service.rs:59 Session cleanup (stream closed): dropped 72 device tensors for instance 947626a7-4296-4e72-843b-61c4881257a6-b923014bdf584bd2b366c93eb21617f5
2026-08-19T07:43:21.805238+00:00   INFO pegaflow_core: lib.rs:471 Unregistered instance: 947626a7-4296-4e72-843b-61c4881257a6-b923014bdf584bd2b366c93eb21617f5
2026-08-19T07:43:22.593117+00:00   INFO pegaflow_server::service: service.rs:955 Session closed: instance_id=acc7a8da-8f54-40bf-909a-96aee7f24269-a6c38cca563a4a878a418c51dcd5b717 token=1 — running cleanup
2026-08-19T07:43:23.173634+00:00   INFO pegaflow_core: lib.rs:471 Unregistered instance: acc7a8da-8f54-40bf-909a-96aee7f24269-a6c38cca563a4a878a418c51dcd5b717
2026-08-19T07:43:23.908016+00:00   INFO pegaflow_server::service: service.rs:955 Session closed: instance_id=37712469-6889-4cb6-9878-26b83d284f21-856e331546ca4c66b33eea060eacec15 token=2 — running cleanup
2026-08-19T07:43:24.575339+00:00   INFO pegaflow_core: lib.rs:471 Unregistered instance: 37712469-6889-4cb6-9878-26b83d284f21-856e331546ca4c66b33eea060eacec15
2026-08-19T07:43:25.173034+00:00   INFO pegaflow_server::service: service.rs:955 Session closed: instance_id=721e64b6-a00e-4ea8-a769-611a913bd809-6f71ca45a19f4b58888f2bbddbbe4014 token=3 — running cleanup
2026-08-19T07:43:25.891819+00:00   INFO pegaflow_server::service: service.rs:59 Session cleanup (stream closed): dropped 72 device tensors for instance 721e64b6-a00e-4ea8-a769-611a913bd809-6f71ca45a19f4b58888f2bbddbbe4014
2026-08-19T07:43:25.892075+00:00   INFO pegaflow_core: lib.rs:471 Unregistered instance: 721e64b6-a00e-4ea8-a769-611a913bd809-6f71ca45a19f4b58888f2bbddbbe4014
