2026-08-19T08:40:09.649116+00:00   INFO pegaflow_server: lib.rs:480 Starting pega-engine-server v0.23.3
2026-08-19T08:40:10.490187+00:00   INFO pegaflow_server: lib.rs:319 Ascend ACL runtime initialized, device 0 set as current
2026-08-19T08:40:10.490444+00:00   INFO pegaflow_server::check_ascend_version: check_ascend_version.rs:40 Ascend preflight: minimum required version 1.16.0
2026-08-19T08:40:10.490532+00:00   INFO pegaflow_server::check_ascend_version: check_ascend_version.rs:52 Ascend preflight: runtime version 1.17.0 detected
2026-08-19T08:40:10.490577+00:00   INFO pegaflow_server: lib.rs:498 Using specified device(s): [0, 1, 2, 3]
2026-08-19T08:40:19.935019+00:00   INFO pegaflow_server: lib.rs:397 Initialized context for device 0 in 0.01s
2026-08-19T08:40:20.689615+00:00   INFO pegaflow_server: lib.rs:397 Initialized context for device 1 in 0.75s
2026-08-19T08:40:21.436565+00:00   INFO pegaflow_server: lib.rs:397 Initialized context for device 2 in 0.75s
2026-08-19T08:40:22.200268+00:00   INFO pegaflow_server: lib.rs:397 Initialized context for device 3 in 0.76s
2026-08-19T08:40:22.200526+00:00   INFO pegaflow_server: lib.rs:507 Device runtime initialized for 4 device(s): [0, 1, 2, 3]
2026-08-19T08:40:22.200869+00:00   INFO pegaflow_server: lib.rs:528 Creating PegaEngine with pinned memory pool: 16.00 GiB (17179869184 bytes), hugepages=false
2026-08-19T08:40:22.230783+00:00   INFO pegaflow_server: lib.rs:446 Prometheus metrics exporter enabled
2026-08-19T08:40:22.231077+00:00   INFO opentelemetry: metrics.rs:29  name="MeterProvider.GlobalSet" message=Global meter provider is set. Meters can now be created using global::meter() or global::meter_with_scope().
2026-08-19T08:40:27.593013+00:00   INFO pegaflow_common::numa: numa.rs:650 === Device-NUMA Topology ===
2026-08-19T08:40:27.593188+00:00   INFO pegaflow_common::numa: numa.rs:651 NUMA nodes: 8
2026-08-19T08:40:27.593238+00:00   INFO pegaflow_common::numa: numa.rs:659   Device 0 -> NUMA6
2026-08-19T08:40:27.593262+00:00   INFO pegaflow_common::numa: numa.rs:659   Device 1 -> NUMA0
2026-08-19T08:40:27.593282+00:00   INFO pegaflow_common::numa: numa.rs:659   Device 2 -> NUMA6
2026-08-19T08:40:27.593300+00:00   INFO pegaflow_common::numa: numa.rs:659   Device 3 -> NUMA0
2026-08-19T08:40:27.593319+00:00   INFO pegaflow_common::numa: numa.rs:659   Device 4 -> NUMA4
2026-08-19T08:40:27.593337+00:00   INFO pegaflow_common::numa: numa.rs:659   Device 5 -> NUMA2
2026-08-19T08:40:27.593356+00:00   INFO pegaflow_common::numa: numa.rs:659   Device 6 -> NUMA4
2026-08-19T08:40:27.593374+00:00   INFO pegaflow_common::numa: numa.rs:659   Device 7 -> NUMA2
2026-08-19T08:40:27.593435+00:00   INFO pegaflow_core: lib.rs:163 Auto-enabling NUMA-aware memory allocation for 4 GPU-local NUMA nodes (8 CPU NUMA nodes detected)
2026-08-19T08:40:27.593461+00:00   INFO pegaflow_core::storage: mod.rs:150 Creating NUMA-aware pinned pools for 4 nodes
2026-08-19T08:40:27.593499+00:00   INFO pegaflow_core::pinned_pool: pinned_pool.rs:547 Creating NUMA-aware pools: total=16.0 GiB, nodes=4, per_node=4.0 GiB, shards_per_node=1
2026-08-19T08:40:27.594897+00:00   INFO pegaflow_core::pinned_pool: pinned_pool.rs:203 Allocating pinned memory pool with aclrtMallocHost mapped pages
2026-08-19T08:40:27.595088+00:00   INFO pegaflow_core::pinned_pool: pinned_pool.rs:262 Ascend pinned pool on NUMA node NUMA0 → using device 3
2026-08-19T08:40:27.767118+00:00   INFO pegaflow_core::pinned_pool: pinned_pool.rs:213 Pinned pool: backing_size=4.0 GiB, unit_size=512 B, max_units=8388608, allocatable_size=4.0 GiB
2026-08-19T08:40:28.109028+00:00   INFO pegaflow_core::pinned_pool: pinned_pool.rs:580 Created pinned pool on NUMA0: capacity=4.0 GiB
2026-08-19T08:40:28.110008+00:00   INFO pegaflow_core::pinned_pool: pinned_pool.rs:203 Allocating pinned memory pool with aclrtMallocHost mapped pages
2026-08-19T08:40:28.110157+00:00   INFO pegaflow_core::pinned_pool: pinned_pool.rs:262 Ascend pinned pool on NUMA node NUMA2 → using device 7
2026-08-19T08:40:29.023053+00:00   INFO pegaflow_core::pinned_pool: pinned_pool.rs:213 Pinned pool: backing_size=4.0 GiB, unit_size=512 B, max_units=8388608, allocatable_size=4.0 GiB
2026-08-19T08:40:29.369137+00:00   INFO pegaflow_core::pinned_pool: pinned_pool.rs:580 Created pinned pool on NUMA2: capacity=4.0 GiB
2026-08-19T08:40:29.370354+00:00   INFO pegaflow_core::pinned_pool: pinned_pool.rs:203 Allocating pinned memory pool with aclrtMallocHost mapped pages
2026-08-19T08:40:29.370413+00:00   INFO pegaflow_core::pinned_pool: pinned_pool.rs:262 Ascend pinned pool on NUMA node NUMA4 → using device 4
2026-08-19T08:40:30.271817+00:00   INFO pegaflow_core::pinned_pool: pinned_pool.rs:213 Pinned pool: backing_size=4.0 GiB, unit_size=512 B, max_units=8388608, allocatable_size=4.0 GiB
2026-08-19T08:40:30.609018+00:00   INFO pegaflow_core::pinned_pool: pinned_pool.rs:580 Created pinned pool on NUMA4: capacity=4.0 GiB
2026-08-19T08:40:30.610239+00:00   INFO pegaflow_core::pinned_pool: pinned_pool.rs:203 Allocating pinned memory pool with aclrtMallocHost mapped pages
2026-08-19T08:40:30.613003+00:00   INFO pegaflow_core::pinned_pool: pinned_pool.rs:262 Ascend pinned pool on NUMA node NUMA6 → using device 0
2026-08-19T08:40:30.779395+00:00   INFO pegaflow_core::pinned_pool: pinned_pool.rs:213 Pinned pool: backing_size=4.0 GiB, unit_size=512 B, max_units=8388608, allocatable_size=4.0 GiB
2026-08-19T08:40:31.112323+00:00   INFO pegaflow_core::pinned_pool: pinned_pool.rs:580 Created pinned pool on NUMA6: capacity=4.0 GiB
2026-08-19T08:40:31.113265+00:00   INFO pegaflow_server: lib.rs:688 Background GC task started (interval=60s, inflight_max_age=5m, failed_remote_max_age=5m)
2026-08-19T08:40:31.113764+00:00   INFO pegaflow_server::http_server: http_server.rs:187 Starting HTTP server on 0.0.0.0:9091 (/health, /metrics, /instances, /instances/cleanup, /cache/memory/cleanup)
2026-08-19T08:40:31.113886+00:00   INFO pegaflow_server: lib.rs:716 PegaEngine gRPC server listening on 0.0.0.0:50080
2026-08-19T08:42:31.484748+00:00   INFO pegaflow_server::registry: registry.rs:217 IPC import timing: device_id=2 size_bytes=624427008 import_ms=17.53 (perf-t1)
2026-08-19T08:42:31.529059+00:00   INFO pegaflow_server::registry: registry.rs:217 IPC import timing: device_id=2 size_bytes=624427008 import_ms=42.19 (perf-t1)
2026-08-19T08:42:31.533441+00:00   INFO pegaflow_server::registry: registry.rs:217 IPC import timing: device_id=2 size_bytes=624427008 import_ms=3.37 (perf-t1)
2026-08-19T08:42:31.576997+00:00   INFO pegaflow_server::registry: registry.rs:217 IPC import timing: device_id=2 size_bytes=624427008 import_ms=42.97 (perf-t1)
2026-08-19T08:42:31.581150+00:00   INFO pegaflow_server::registry: registry.rs:217 IPC import timing: device_id=2 size_bytes=624427008 import_ms=3.42 (perf-t1)
2026-08-19T08:42:31.620652+00:00   INFO pegaflow_server::registry: registry.rs:217 IPC import timing: device_id=2 size_bytes=624427008 import_ms=38.96 (perf-t1)
2026-08-19T08:42:31.624662+00:00   INFO pegaflow_server::registry: registry.rs:217 IPC import timing: device_id=2 size_bytes=624427008 import_ms=3.46 (perf-t1)
2026-08-19T08:42:31.671884+00:00   INFO pegaflow_server::registry: registry.rs:217 IPC import timing: device_id=2 size_bytes=624427008 import_ms=46.68 (perf-t1)
2026-08-19T08:42:31.675851+00:00   INFO pegaflow_server::registry: registry.rs:217 IPC import timing: device_id=2 size_bytes=624427008 import_ms=3.38 (perf-t1)
2026-08-19T08:42:31.679606+00:00   INFO pegaflow_server::registry: registry.rs:217 IPC import timing: device_id=2 size_bytes=624427008 import_ms=3.22 (perf-t1)
2026-08-19T08:42:31.725160+00:00   INFO pegaflow_server::registry: registry.rs:217 IPC import timing: device_id=2 size_bytes=624427008 import_ms=45.01 (perf-t1)
2026-08-19T08:42:31.729039+00:00   INFO pegaflow_server::registry: registry.rs:217 IPC import timing: device_id=2 size_bytes=624427008 import_ms=3.27 (perf-t1)
2026-08-19T08:42:31.773211+00:00   INFO pegaflow_server::registry: registry.rs:217 IPC import timing: device_id=2 size_bytes=624427008 import_ms=43.62 (perf-t1)
2026-08-19T08:42:31.777183+00:00   INFO pegaflow_server::registry: registry.rs:217 IPC import timing: device_id=2 size_bytes=624427008 import_ms=3.42 (perf-t1)
2026-08-19T08:42:31.817754+00:00   INFO pegaflow_server::registry: registry.rs:217 IPC import timing: device_id=2 size_bytes=624427008 import_ms=40.02 (perf-t1)
2026-08-19T08:42:31.821770+00:00   INFO pegaflow_server::registry: registry.rs:217 IPC import timing: device_id=2 size_bytes=624427008 import_ms=3.39 (perf-t1)
2026-08-19T08:42:31.860908+00:00   INFO pegaflow_server::registry: registry.rs:217 IPC import timing: device_id=2 size_bytes=624427008 import_ms=38.57 (perf-t1)
2026-08-19T08:42:31.864892+00:00   INFO pegaflow_server::registry: registry.rs:217 IPC import timing: device_id=2 size_bytes=624427008 import_ms=3.44 (perf-t1)
2026-08-19T08:42:31.910622+00:00   INFO pegaflow_server::registry: registry.rs:217 IPC import timing: device_id=2 size_bytes=624427008 import_ms=45.22 (perf-t1)
2026-08-19T08:42:31.916721+00:00   INFO pegaflow_server::registry: registry.rs:217 IPC import timing: device_id=2 size_bytes=624427008 import_ms=5.48 (perf-t1)
2026-08-19T08:42:31.965159+00:00   INFO pegaflow_server::registry: registry.rs:217 IPC import timing: device_id=2 size_bytes=624427008 import_ms=47.88 (perf-t1)
2026-08-19T08:42:31.969164+00:00   INFO pegaflow_server::registry: registry.rs:217 IPC import timing: device_id=2 size_bytes=624427008 import_ms=3.46 (perf-t1)
2026-08-19T08:42:31.973793+00:00   INFO pegaflow_server::registry: registry.rs:217 IPC import timing: device_id=2 size_bytes=624427008 import_ms=4.04 (perf-t1)
2026-08-19T08:42:31.977757+00:00   INFO pegaflow_server::registry: registry.rs:217 IPC import timing: device_id=2 size_bytes=624427008 import_ms=3.42 (perf-t1)
2026-08-19T08:42:31.982142+00:00   INFO pegaflow_server::registry: registry.rs:217 IPC import timing: device_id=2 size_bytes=624427008 import_ms=3.86 (perf-t1)
2026-08-19T08:42:31.986094+00:00   INFO pegaflow_server::registry: registry.rs:217 IPC import timing: device_id=2 size_bytes=624427008 import_ms=3.36 (perf-t1)
2026-08-19T08:42:31.990471+00:00   INFO pegaflow_server::registry: registry.rs:217 IPC import timing: device_id=2 size_bytes=624427008 import_ms=3.83 (perf-t1)
2026-08-19T08:42:32.038401+00:00   INFO pegaflow_server::registry: registry.rs:217 IPC import timing: device_id=2 size_bytes=624427008 import_ms=47.41 (perf-t1)
2026-08-19T08:42:32.044115+00:00   INFO pegaflow_server::registry: registry.rs:217 IPC import timing: device_id=2 size_bytes=624427008 import_ms=5.10 (perf-t1)
2026-08-19T08:42:32.081995+00:00   INFO pegaflow_server::registry: registry.rs:217 IPC import timing: device_id=2 size_bytes=624427008 import_ms=37.20 (perf-t1)
2026-08-19T08:42:32.086217+00:00   INFO pegaflow_server::registry: registry.rs:217 IPC import timing: device_id=2 size_bytes=624427008 import_ms=3.68 (perf-t1)
2026-08-19T08:42:32.130324+00:00   INFO pegaflow_server::registry: registry.rs:217 IPC import timing: device_id=2 size_bytes=624427008 import_ms=43.55 (perf-t1)
2026-08-19T08:42:32.134305+00:00   INFO pegaflow_server::registry: registry.rs:217 IPC import timing: device_id=2 size_bytes=624427008 import_ms=3.36 (perf-t1)
2026-08-19T08:42:32.178394+00:00   INFO pegaflow_server::registry: registry.rs:217 IPC import timing: device_id=2 size_bytes=624427008 import_ms=43.54 (perf-t1)
2026-08-19T08:42:32.182308+00:00   INFO pegaflow_server::registry: registry.rs:217 IPC import timing: device_id=2 size_bytes=624427008 import_ms=3.32 (perf-t1)
2026-08-19T08:42:32.226107+00:00   INFO pegaflow_server::registry: registry.rs:217 IPC import timing: device_id=2 size_bytes=624427008 import_ms=43.27 (perf-t1)
2026-08-19T08:42:32.229942+00:00   INFO pegaflow_server::registry: registry.rs:217 IPC import timing: device_id=2 size_bytes=624427008 import_ms=3.30 (perf-t1)
2026-08-19T08:42:32.274000+00:00   INFO pegaflow_server::registry: registry.rs:217 IPC import timing: device_id=2 size_bytes=624427008 import_ms=43.51 (perf-t1)
2026-08-19T08:42:32.277793+00:00   INFO pegaflow_server::registry: registry.rs:217 IPC import timing: device_id=2 size_bytes=624427008 import_ms=3.25 (perf-t1)
2026-08-19T08:42:32.322215+00:00   INFO pegaflow_server::registry: registry.rs:217 IPC import timing: device_id=2 size_bytes=624427008 import_ms=43.91 (perf-t1)
2026-08-19T08:42:32.326206+00:00   INFO pegaflow_server::registry: registry.rs:217 IPC import timing: device_id=2 size_bytes=624427008 import_ms=3.29 (perf-t1)
2026-08-19T08:42:32.330056+00:00   INFO pegaflow_server::registry: registry.rs:217 IPC import timing: device_id=2 size_bytes=624427008 import_ms=3.28 (perf-t1)
2026-08-19T08:42:32.377864+00:00   INFO pegaflow_server::registry: registry.rs:217 IPC import timing: device_id=2 size_bytes=624427008 import_ms=47.27 (perf-t1)
2026-08-19T08:42:32.381858+00:00   INFO pegaflow_server::registry: registry.rs:217 IPC import timing: device_id=2 size_bytes=624427008 import_ms=3.39 (perf-t1)
2026-08-19T08:42:32.427439+00:00   INFO pegaflow_server::registry: registry.rs:217 IPC import timing: device_id=2 size_bytes=624427008 import_ms=45.04 (perf-t1)
2026-08-19T08:42:32.431322+00:00   INFO pegaflow_server::registry: registry.rs:217 IPC import timing: device_id=2 size_bytes=624427008 import_ms=3.34 (perf-t1)
2026-08-19T08:42:32.473844+00:00   INFO pegaflow_server::registry: registry.rs:217 IPC import timing: device_id=2 size_bytes=624427008 import_ms=41.97 (perf-t1)
2026-08-19T08:42:32.477607+00:00   INFO pegaflow_server::registry: registry.rs:217 IPC import timing: device_id=2 size_bytes=624427008 import_ms=3.22 (perf-t1)
2026-08-19T08:42:32.522100+00:00   INFO pegaflow_server::registry: registry.rs:217 IPC import timing: device_id=2 size_bytes=624427008 import_ms=43.96 (perf-t1)
2026-08-19T08:42:32.526154+00:00   INFO pegaflow_server::registry: registry.rs:217 IPC import timing: device_id=2 size_bytes=624427008 import_ms=3.39 (perf-t1)
2026-08-19T08:42:32.573739+00:00   INFO pegaflow_server::registry: registry.rs:217 IPC import timing: device_id=2 size_bytes=624427008 import_ms=47.04 (perf-t1)
2026-08-19T08:42:32.577520+00:00   INFO pegaflow_server::registry: registry.rs:217 IPC import timing: device_id=2 size_bytes=624427008 import_ms=3.25 (perf-t1)
2026-08-19T08:42:32.623914+00:00   INFO pegaflow_server::registry: registry.rs:217 IPC import timing: device_id=2 size_bytes=624427008 import_ms=45.81 (perf-t1)
2026-08-19T08:42:32.670277+00:00   INFO pegaflow_server::registry: registry.rs:217 IPC import timing: device_id=2 size_bytes=624427008 import_ms=44.97 (perf-t1)
2026-08-19T08:42:32.675097+00:00   INFO pegaflow_server::registry: registry.rs:217 IPC import timing: device_id=2 size_bytes=624427008 import_ms=3.68 (perf-t1)
2026-08-19T08:42:32.720725+00:00   INFO pegaflow_server::registry: registry.rs:217 IPC import timing: device_id=2 size_bytes=624427008 import_ms=44.98 (perf-t1)
2026-08-19T08:42:32.724777+00:00   INFO pegaflow_server::registry: registry.rs:217 IPC import timing: device_id=2 size_bytes=624427008 import_ms=3.43 (perf-t1)
2026-08-19T08:42:32.769800+00:00   INFO pegaflow_server::registry: registry.rs:217 IPC import timing: device_id=2 size_bytes=624427008 import_ms=44.26 (perf-t1)
2026-08-19T08:42:32.773806+00:00   INFO pegaflow_server::registry: registry.rs:217 IPC import timing: device_id=2 size_bytes=624427008 import_ms=3.39 (perf-t1)
2026-08-19T08:42:32.817645+00:00   INFO pegaflow_server::registry: registry.rs:217 IPC import timing: device_id=2 size_bytes=624427008 import_ms=43.29 (perf-t1)
2026-08-19T08:42:32.822797+00:00   INFO pegaflow_server::registry: registry.rs:217 IPC import timing: device_id=2 size_bytes=624427008 import_ms=4.60 (perf-t1)
2026-08-19T08:42:32.865882+00:00   INFO pegaflow_server::registry: registry.rs:217 IPC import timing: device_id=2 size_bytes=624427008 import_ms=42.55 (perf-t1)
2026-08-19T08:42:32.869806+00:00   INFO pegaflow_server::registry: registry.rs:217 IPC import timing: device_id=2 size_bytes=624427008 import_ms=3.34 (perf-t1)
2026-08-19T08:42:32.913814+00:00   INFO pegaflow_server::registry: registry.rs:217 IPC import timing: device_id=2 size_bytes=624427008 import_ms=43.48 (perf-t1)
2026-08-19T08:42:32.917805+00:00   INFO pegaflow_server::registry: registry.rs:217 IPC import timing: device_id=2 size_bytes=624427008 import_ms=3.38 (perf-t1)
2026-08-19T08:42:32.921696+00:00   INFO pegaflow_server::registry: registry.rs:217 IPC import timing: device_id=2 size_bytes=624427008 import_ms=3.26 (perf-t1)
2026-08-19T08:42:32.957946+00:00   INFO pegaflow_server::registry: registry.rs:217 IPC import timing: device_id=2 size_bytes=624427008 import_ms=35.71 (perf-t1)
2026-08-19T08:42:32.961657+00:00   INFO pegaflow_server::registry: registry.rs:217 IPC import timing: device_id=2 size_bytes=624427008 import_ms=3.17 (perf-t1)
2026-08-19T08:42:32.997619+00:00   INFO pegaflow_server::registry: registry.rs:217 IPC import timing: device_id=2 size_bytes=624427008 import_ms=35.39 (perf-t1)
2026-08-19T08:42:33.047251+00:00   INFO pegaflow_server::registry: registry.rs:217 IPC import timing: device_id=2 size_bytes=624427008 import_ms=49.10 (perf-t1)
2026-08-19T08:42:33.051336+00:00   INFO pegaflow_server::registry: registry.rs:217 IPC import timing: device_id=2 size_bytes=624427008 import_ms=3.54 (perf-t1)
2026-08-19T08:42:33.097653+00:00   INFO pegaflow_server::registry: registry.rs:217 IPC import timing: device_id=2 size_bytes=624427008 import_ms=45.75 (perf-t1)
2026-08-19T08:42:33.102081+00:00   INFO pegaflow_server::registry: registry.rs:217 IPC import timing: device_id=0 size_bytes=624427008 import_ms=3.54 (perf-t1)
2026-08-19T08:42:33.102185+00:00   INFO pegaflow_core::gpu_worker: gpu_worker.rs:338 GPU worker initialized: device=2 backend=ascend_batch device_id=2
2026-08-19T08:42:33.102504+00:00   INFO pegaflow_core::gpu_worker: gpu_worker.rs:338 GPU worker initialized: device=2 backend=ascend_batch device_id=2
2026-08-19T08:42:33.102730+00:00   INFO pegaflow_core::gpu_worker: gpu_worker.rs:200 GPU worker pool started: device=2, numa_node=NUMA6, transfer_mode=AscendDirect
2026-08-19T08:42:33.103496+00:00   INFO pegaflow_core::instance: instance.rs:706 Sealed instance topology: instance=e5487ce8-bc5a-44c6-a0c9-e25ee0d56bdf-3a8998245f33451bb8203dfc1a38072d, num_layers=72, tp_size=1, world_size=1, total_slots=72
2026-08-19T08:42:33.103562+00:00   INFO pegaflow_core::instance: instance.rs:719 Initialized GPU context: device_id=2, numa_node=NUMA6
2026-08-19T08:42:33.103594+00:00   INFO pegaflow_core: lib.rs:452 Registered context batch: instance=e5487ce8-bc5a-44c6-a0c9-e25ee0d56bdf-3a8998245f33451bb8203dfc1a38072d, namespace=perf-t5-d-iso-c1-2, device=2, layers=72, tp_rank=0/1, pp_rank=0
2026-08-19T08:42:33.106023+00:00   INFO pegaflow_server::registry: registry.rs:217 IPC import timing: device_id=0 size_bytes=624427008 import_ms=3.36 (perf-t1)
2026-08-19T08:42:33.153657+00:00   INFO pegaflow_server::registry: registry.rs:217 IPC import timing: device_id=0 size_bytes=624427008 import_ms=47.04 (perf-t1)
2026-08-19T08:42:33.157632+00:00   INFO pegaflow_server::registry: registry.rs:217 IPC import timing: device_id=0 size_bytes=624427008 import_ms=3.39 (perf-t1)
2026-08-19T08:42:33.202221+00:00   INFO pegaflow_server::registry: registry.rs:217 IPC import timing: device_id=0 size_bytes=624427008 import_ms=44.03 (perf-t1)
2026-08-19T08:42:33.206107+00:00   INFO pegaflow_server::registry: registry.rs:217 IPC import timing: device_id=0 size_bytes=624427008 import_ms=3.31 (perf-t1)
2026-08-19T08:42:33.249861+00:00   INFO pegaflow_server::registry: registry.rs:217 IPC import timing: device_id=0 size_bytes=624427008 import_ms=43.22 (perf-t1)
2026-08-19T08:42:33.293646+00:00   INFO pegaflow_server::registry: registry.rs:217 IPC import timing: device_id=0 size_bytes=624427008 import_ms=43.24 (perf-t1)
2026-08-19T08:42:33.345707+00:00   INFO pegaflow_server::registry: registry.rs:217 IPC import timing: device_id=0 size_bytes=624427008 import_ms=45.84 (perf-t1)
2026-08-19T08:42:33.349602+00:00   INFO pegaflow_server::registry: registry.rs:217 IPC import timing: device_id=0 size_bytes=624427008 import_ms=3.29 (perf-t1)
2026-08-19T08:42:33.353451+00:00   INFO pegaflow_server::registry: registry.rs:217 IPC import timing: device_id=0 size_bytes=624427008 import_ms=3.30 (perf-t1)
2026-08-19T08:42:33.393539+00:00   INFO pegaflow_server::registry: registry.rs:217 IPC import timing: device_id=0 size_bytes=624427008 import_ms=39.51 (perf-t1)
2026-08-19T08:42:33.397346+00:00   INFO pegaflow_server::registry: registry.rs:217 IPC import timing: device_id=0 size_bytes=624427008 import_ms=3.28 (perf-t1)
2026-08-19T08:42:33.437705+00:00   INFO pegaflow_server::registry: registry.rs:217 IPC import timing: device_id=0 size_bytes=624427008 import_ms=39.85 (perf-t1)
2026-08-19T08:42:33.441520+00:00   INFO pegaflow_server::registry: registry.rs:217 IPC import timing: device_id=0 size_bytes=624427008 import_ms=3.17 (perf-t1)
2026-08-19T08:42:33.485434+00:00   INFO pegaflow_server::registry: registry.rs:217 IPC import timing: device_id=0 size_bytes=624427008 import_ms=43.34 (perf-t1)
2026-08-19T08:42:33.489172+00:00   INFO pegaflow_server::registry: registry.rs:217 IPC import timing: device_id=0 size_bytes=624427008 import_ms=3.18 (perf-t1)
2026-08-19T08:42:33.533584+00:00   INFO pegaflow_server::registry: registry.rs:217 IPC import timing: device_id=0 size_bytes=624427008 import_ms=43.85 (perf-t1)
2026-08-19T08:42:33.537350+00:00   INFO pegaflow_server::registry: registry.rs:217 IPC import timing: device_id=0 size_bytes=624427008 import_ms=3.13 (perf-t1)
2026-08-19T08:42:33.577393+00:00   INFO pegaflow_server::registry: registry.rs:217 IPC import timing: device_id=0 size_bytes=624427008 import_ms=39.50 (perf-t1)
2026-08-19T08:42:33.581053+00:00   INFO pegaflow_server::registry: registry.rs:217 IPC import timing: device_id=0 size_bytes=624427008 import_ms=3.07 (perf-t1)
2026-08-19T08:42:33.625411+00:00   INFO pegaflow_server::registry: registry.rs:217 IPC import timing: device_id=0 size_bytes=624427008 import_ms=43.84 (perf-t1)
2026-08-19T08:42:33.637122+00:00   INFO pegaflow_server::registry: registry.rs:217 IPC import timing: device_id=0 size_bytes=624427008 import_ms=11.17 (perf-t1)
2026-08-19T08:42:33.640812+00:00   INFO pegaflow_server::registry: registry.rs:217 IPC import timing: device_id=0 size_bytes=624427008 import_ms=3.13 (perf-t1)
2026-08-19T08:42:33.647011+00:00   INFO pegaflow_server::registry: registry.rs:217 IPC import timing: device_id=0 size_bytes=624427008 import_ms=5.67 (perf-t1)
2026-08-19T08:42:33.650820+00:00   INFO pegaflow_server::registry: registry.rs:217 IPC import timing: device_id=0 size_bytes=624427008 import_ms=3.23 (perf-t1)
2026-08-19T08:42:33.654556+00:00   INFO pegaflow_server::registry: registry.rs:217 IPC import timing: device_id=0 size_bytes=624427008 import_ms=3.18 (perf-t1)
2026-08-19T08:42:33.658272+00:00   INFO pegaflow_server::registry: registry.rs:217 IPC import timing: device_id=0 size_bytes=624427008 import_ms=3.20 (perf-t1)
2026-08-19T08:42:33.665539+00:00   INFO pegaflow_server::registry: registry.rs:217 IPC import timing: device_id=0 size_bytes=624427008 import_ms=6.73 (perf-t1)
2026-08-19T08:42:33.670536+00:00   INFO pegaflow_server::registry: registry.rs:217 IPC import timing: device_id=0 size_bytes=624427008 import_ms=4.41 (perf-t1)
2026-08-19T08:42:33.674801+00:00   INFO pegaflow_server::registry: registry.rs:217 IPC import timing: device_id=0 size_bytes=624427008 import_ms=3.72 (perf-t1)
2026-08-19T08:42:33.678612+00:00   INFO pegaflow_server::registry: registry.rs:217 IPC import timing: device_id=0 size_bytes=624427008 import_ms=3.29 (perf-t1)
2026-08-19T08:42:33.682356+00:00   INFO pegaflow_server::registry: registry.rs:217 IPC import timing: device_id=0 size_bytes=624427008 import_ms=3.18 (perf-t1)
2026-08-19T08:42:33.685961+00:00   INFO pegaflow_server::registry: registry.rs:217 IPC import timing: device_id=0 size_bytes=624427008 import_ms=3.07 (perf-t1)
2026-08-19T08:42:33.689682+00:00   INFO pegaflow_server::registry: registry.rs:217 IPC import timing: device_id=0 size_bytes=624427008 import_ms=3.18 (perf-t1)
2026-08-19T08:42:33.693447+00:00   INFO pegaflow_server::registry: registry.rs:217 IPC import timing: device_id=0 size_bytes=624427008 import_ms=3.19 (perf-t1)
2026-08-19T08:42:33.697226+00:00   INFO pegaflow_server::registry: registry.rs:217 IPC import timing: device_id=0 size_bytes=624427008 import_ms=3.23 (perf-t1)
2026-08-19T08:42:33.700960+00:00   INFO pegaflow_server::registry: registry.rs:217 IPC import timing: device_id=0 size_bytes=624427008 import_ms=3.10 (perf-t1)
2026-08-19T08:42:33.704754+00:00   INFO pegaflow_server::registry: registry.rs:217 IPC import timing: device_id=0 size_bytes=624427008 import_ms=3.20 (perf-t1)
2026-08-19T08:42:33.708429+00:00   INFO pegaflow_server::registry: registry.rs:217 IPC import timing: device_id=0 size_bytes=624427008 import_ms=3.15 (perf-t1)
2026-08-19T08:42:33.712163+00:00   INFO pegaflow_server::registry: registry.rs:217 IPC import timing: device_id=0 size_bytes=624427008 import_ms=3.19 (perf-t1)
2026-08-19T08:42:33.717506+00:00   INFO pegaflow_server::registry: registry.rs:217 IPC import timing: device_id=0 size_bytes=624427008 import_ms=4.77 (perf-t1)
2026-08-19T08:42:33.721136+00:00   INFO pegaflow_server::registry: registry.rs:217 IPC import timing: device_id=0 size_bytes=624427008 import_ms=3.09 (perf-t1)
2026-08-19T08:42:33.724818+00:00   INFO pegaflow_server::registry: registry.rs:217 IPC import timing: device_id=0 size_bytes=624427008 import_ms=3.17 (perf-t1)
2026-08-19T08:42:33.728562+00:00   INFO pegaflow_server::registry: registry.rs:217 IPC import timing: device_id=0 size_bytes=624427008 import_ms=3.18 (perf-t1)
2026-08-19T08:42:33.733675+00:00   INFO pegaflow_server::registry: registry.rs:217 IPC import timing: device_id=0 size_bytes=624427008 import_ms=4.58 (perf-t1)
2026-08-19T08:42:33.737888+00:00   INFO pegaflow_server::registry: registry.rs:217 IPC import timing: device_id=0 size_bytes=624427008 import_ms=3.66 (perf-t1)
2026-08-19T08:42:33.741639+00:00   INFO pegaflow_server::registry: registry.rs:217 IPC import timing: device_id=0 size_bytes=624427008 import_ms=3.18 (perf-t1)
2026-08-19T08:42:33.745358+00:00   INFO pegaflow_server::registry: registry.rs:217 IPC import timing: device_id=0 size_bytes=624427008 import_ms=3.16 (perf-t1)
2026-08-19T08:42:33.749080+00:00   INFO pegaflow_server::registry: registry.rs:217 IPC import timing: device_id=0 size_bytes=624427008 import_ms=3.18 (perf-t1)
2026-08-19T08:42:33.752806+00:00   INFO pegaflow_server::registry: registry.rs:217 IPC import timing: device_id=0 size_bytes=624427008 import_ms=3.15 (perf-t1)
2026-08-19T08:42:33.756442+00:00   INFO pegaflow_server::registry: registry.rs:217 IPC import timing: device_id=0 size_bytes=624427008 import_ms=3.10 (perf-t1)
2026-08-19T08:42:33.760139+00:00   INFO pegaflow_server::registry: registry.rs:217 IPC import timing: device_id=0 size_bytes=624427008 import_ms=3.16 (perf-t1)
2026-08-19T08:42:33.763921+00:00   INFO pegaflow_server::registry: registry.rs:217 IPC import timing: device_id=0 size_bytes=624427008 import_ms=3.19 (perf-t1)
2026-08-19T08:42:33.767974+00:00   INFO pegaflow_server::registry: registry.rs:217 IPC import timing: device_id=0 size_bytes=624427008 import_ms=3.50 (perf-t1)
2026-08-19T08:42:33.771609+00:00   INFO pegaflow_server::registry: registry.rs:217 IPC import timing: device_id=0 size_bytes=624427008 import_ms=3.07 (perf-t1)
2026-08-19T08:42:33.775420+00:00   INFO pegaflow_server::registry: registry.rs:217 IPC import timing: device_id=0 size_bytes=624427008 import_ms=3.24 (perf-t1)
2026-08-19T08:42:33.779285+00:00   INFO pegaflow_server::registry: registry.rs:217 IPC import timing: device_id=0 size_bytes=624427008 import_ms=3.19 (perf-t1)
2026-08-19T08:42:33.783097+00:00   INFO pegaflow_server::registry: registry.rs:217 IPC import timing: device_id=0 size_bytes=624427008 import_ms=3.26 (perf-t1)
2026-08-19T08:42:33.786881+00:00   INFO pegaflow_server::registry: registry.rs:217 IPC import timing: device_id=0 size_bytes=624427008 import_ms=3.23 (perf-t1)
2026-08-19T08:42:33.790512+00:00   INFO pegaflow_server::registry: registry.rs:217 IPC import timing: device_id=0 size_bytes=624427008 import_ms=3.07 (perf-t1)
2026-08-19T08:42:33.796005+00:00   INFO pegaflow_server::registry: registry.rs:217 IPC import timing: device_id=0 size_bytes=624427008 import_ms=4.95 (perf-t1)
2026-08-19T08:42:33.800309+00:00   INFO pegaflow_server::registry: registry.rs:217 IPC import timing: device_id=0 size_bytes=624427008 import_ms=3.69 (perf-t1)
2026-08-19T08:42:33.804163+00:00   INFO pegaflow_server::registry: registry.rs:217 IPC import timing: device_id=0 size_bytes=624427008 import_ms=3.19 (perf-t1)
2026-08-19T08:42:33.807787+00:00   INFO pegaflow_server::registry: registry.rs:217 IPC import timing: device_id=0 size_bytes=624427008 import_ms=3.05 (perf-t1)
2026-08-19T08:42:33.811489+00:00   INFO pegaflow_server::registry: registry.rs:217 IPC import timing: device_id=0 size_bytes=624427008 import_ms=3.16 (perf-t1)
2026-08-19T08:42:33.815242+00:00   INFO pegaflow_server::registry: registry.rs:217 IPC import timing: device_id=0 size_bytes=624427008 import_ms=3.19 (perf-t1)
2026-08-19T08:42:33.818977+00:00   INFO pegaflow_server::registry: registry.rs:217 IPC import timing: device_id=0 size_bytes=624427008 import_ms=3.20 (perf-t1)
2026-08-19T08:42:33.822661+00:00   INFO pegaflow_server::registry: registry.rs:217 IPC import timing: device_id=0 size_bytes=624427008 import_ms=3.15 (perf-t1)
2026-08-19T08:42:33.826293+00:00   INFO pegaflow_server::registry: registry.rs:217 IPC import timing: device_id=0 size_bytes=624427008 import_ms=3.06 (perf-t1)
2026-08-19T08:42:33.829992+00:00   INFO pegaflow_server::registry: registry.rs:217 IPC import timing: device_id=0 size_bytes=624427008 import_ms=3.15 (perf-t1)
2026-08-19T08:42:33.833657+00:00   INFO pegaflow_server::registry: registry.rs:217 IPC import timing: device_id=0 size_bytes=624427008 import_ms=3.14 (perf-t1)
2026-08-19T08:42:33.837223+00:00   INFO pegaflow_core::gpu_worker: gpu_worker.rs:338 GPU worker initialized: device=0 backend=ascend_batch device_id=0
2026-08-19T08:42:33.837602+00:00   INFO pegaflow_core::gpu_worker: gpu_worker.rs:338 GPU worker initialized: device=0 backend=ascend_batch device_id=0
2026-08-19T08:42:33.837672+00:00   INFO pegaflow_server::registry: registry.rs:217 IPC import timing: device_id=3 size_bytes=624427008 import_ms=3.26 (perf-t1)
2026-08-19T08:42:33.837790+00:00   INFO pegaflow_core::gpu_worker: gpu_worker.rs:200 GPU worker pool started: device=0, numa_node=NUMA6, transfer_mode=AscendDirect
2026-08-19T08:42:33.838514+00:00   INFO pegaflow_core::instance: instance.rs:706 Sealed instance topology: instance=61028eef-61ff-45b7-bdec-ad05de1ca0db-9362deac4b0147e5868aa1f7dd379f5b, num_layers=72, tp_size=1, world_size=1, total_slots=72
2026-08-19T08:42:33.838566+00:00   INFO pegaflow_core::instance: instance.rs:719 Initialized GPU context: device_id=0, numa_node=NUMA6
2026-08-19T08:42:33.838596+00:00   INFO pegaflow_core: lib.rs:452 Registered context batch: instance=61028eef-61ff-45b7-bdec-ad05de1ca0db-9362deac4b0147e5868aa1f7dd379f5b, namespace=perf-t5-d-iso-c1-0, device=0, layers=72, tp_rank=0/1, pp_rank=0
2026-08-19T08:42:33.841566+00:00   INFO pegaflow_server::registry: registry.rs:217 IPC import timing: device_id=3 size_bytes=624427008 import_ms=3.36 (perf-t1)
2026-08-19T08:42:33.845308+00:00   INFO pegaflow_server::registry: registry.rs:217 IPC import timing: device_id=3 size_bytes=624427008 import_ms=3.20 (perf-t1)
2026-08-19T08:42:33.849090+00:00   INFO pegaflow_server::registry: registry.rs:217 IPC import timing: device_id=3 size_bytes=624427008 import_ms=3.23 (perf-t1)
2026-08-19T08:42:33.852867+00:00   INFO pegaflow_server::registry: registry.rs:217 IPC import timing: device_id=3 size_bytes=624427008 import_ms=3.24 (perf-t1)
2026-08-19T08:42:33.856587+00:00   INFO pegaflow_server::registry: registry.rs:217 IPC import timing: device_id=3 size_bytes=624427008 import_ms=3.20 (perf-t1)
2026-08-19T08:42:33.860291+00:00   INFO pegaflow_server::registry: registry.rs:217 IPC import timing: device_id=3 size_bytes=624427008 import_ms=3.16 (perf-t1)
2026-08-19T08:42:33.864091+00:00   INFO pegaflow_server::registry: registry.rs:217 IPC import timing: device_id=3 size_bytes=624427008 import_ms=3.26 (perf-t1)
2026-08-19T08:42:33.867882+00:00   INFO pegaflow_server::registry: registry.rs:217 IPC import timing: device_id=3 size_bytes=624427008 import_ms=3.22 (perf-t1)
2026-08-19T08:42:33.871695+00:00   INFO pegaflow_server::registry: registry.rs:217 IPC import timing: device_id=3 size_bytes=624427008 import_ms=3.25 (perf-t1)
2026-08-19T08:42:33.875467+00:00   INFO pegaflow_server::registry: registry.rs:217 IPC import timing: device_id=3 size_bytes=624427008 import_ms=3.22 (perf-t1)
2026-08-19T08:42:33.879133+00:00   INFO pegaflow_server::registry: registry.rs:217 IPC import timing: device_id=3 size_bytes=624427008 import_ms=3.14 (perf-t1)
2026-08-19T08:42:33.882966+00:00   INFO pegaflow_server::registry: registry.rs:217 IPC import timing: device_id=3 size_bytes=624427008 import_ms=3.28 (perf-t1)
2026-08-19T08:42:33.886788+00:00   INFO pegaflow_server::registry: registry.rs:217 IPC import timing: device_id=3 size_bytes=624427008 import_ms=3.29 (perf-t1)
2026-08-19T08:42:33.890456+00:00   INFO pegaflow_server::registry: registry.rs:217 IPC import timing: device_id=3 size_bytes=624427008 import_ms=3.14 (perf-t1)
2026-08-19T08:42:33.894686+00:00   INFO pegaflow_server::registry: registry.rs:217 IPC import timing: device_id=3 size_bytes=624427008 import_ms=3.66 (perf-t1)
2026-08-19T08:42:33.898375+00:00   INFO pegaflow_server::registry: registry.rs:217 IPC import timing: device_id=3 size_bytes=624427008 import_ms=3.17 (perf-t1)
2026-08-19T08:42:33.902211+00:00   INFO pegaflow_server::registry: registry.rs:217 IPC import timing: device_id=3 size_bytes=624427008 import_ms=3.18 (perf-t1)
2026-08-19T08:42:33.905974+00:00   INFO pegaflow_server::registry: registry.rs:217 IPC import timing: device_id=3 size_bytes=624427008 import_ms=3.19 (perf-t1)
2026-08-19T08:42:33.910004+00:00   INFO pegaflow_server::registry: registry.rs:217 IPC import timing: device_id=3 size_bytes=624427008 import_ms=3.50 (perf-t1)
2026-08-19T08:42:33.916162+00:00   INFO pegaflow_server::registry: registry.rs:217 IPC import timing: device_id=3 size_bytes=624427008 import_ms=5.62 (perf-t1)
2026-08-19T08:42:33.920073+00:00   INFO pegaflow_server::registry: registry.rs:217 IPC import timing: device_id=3 size_bytes=624427008 import_ms=3.33 (perf-t1)
2026-08-19T08:42:33.923789+00:00   INFO pegaflow_server::registry: registry.rs:217 IPC import timing: device_id=3 size_bytes=624427008 import_ms=3.17 (perf-t1)
2026-08-19T08:42:33.927421+00:00   INFO pegaflow_server::registry: registry.rs:217 IPC import timing: device_id=3 size_bytes=624427008 import_ms=3.11 (perf-t1)
2026-08-19T08:42:33.931030+00:00   INFO pegaflow_server::registry: registry.rs:217 IPC import timing: device_id=3 size_bytes=624427008 import_ms=3.05 (perf-t1)
2026-08-19T08:42:33.934691+00:00   INFO pegaflow_server::registry: registry.rs:217 IPC import timing: device_id=3 size_bytes=624427008 import_ms=3.13 (perf-t1)
2026-08-19T08:42:33.938452+00:00   INFO pegaflow_server::registry: registry.rs:217 IPC import timing: device_id=3 size_bytes=624427008 import_ms=3.23 (perf-t1)
2026-08-19T08:42:33.944644+00:00   INFO pegaflow_server::registry: registry.rs:217 IPC import timing: device_id=3 size_bytes=624427008 import_ms=5.64 (perf-t1)
2026-08-19T08:42:33.948321+00:00   INFO pegaflow_server::registry: registry.rs:217 IPC import timing: device_id=3 size_bytes=624427008 import_ms=3.15 (perf-t1)
2026-08-19T08:42:33.953252+00:00   INFO pegaflow_server::registry: registry.rs:217 IPC import timing: device_id=3 size_bytes=624427008 import_ms=4.35 (perf-t1)
2026-08-19T08:42:33.957066+00:00   INFO pegaflow_server::registry: registry.rs:217 IPC import timing: device_id=3 size_bytes=624427008 import_ms=3.27 (perf-t1)
2026-08-19T08:42:33.963752+00:00   INFO pegaflow_server::registry: registry.rs:217 IPC import timing: device_id=3 size_bytes=624427008 import_ms=6.16 (perf-t1)
2026-08-19T08:42:33.967414+00:00   INFO pegaflow_server::registry: registry.rs:217 IPC import timing: device_id=3 size_bytes=624427008 import_ms=3.15 (perf-t1)
2026-08-19T08:42:33.971031+00:00   INFO pegaflow_server::registry: registry.rs:217 IPC import timing: device_id=3 size_bytes=624427008 import_ms=3.07 (perf-t1)
2026-08-19T08:42:33.974686+00:00   INFO pegaflow_server::registry: registry.rs:217 IPC import timing: device_id=3 size_bytes=624427008 import_ms=3.11 (perf-t1)
2026-08-19T08:42:33.978593+00:00   INFO pegaflow_server::registry: registry.rs:217 IPC import timing: device_id=3 size_bytes=624427008 import_ms=3.14 (perf-t1)
2026-08-19T08:42:33.982300+00:00   INFO pegaflow_server::registry: registry.rs:217 IPC import timing: device_id=3 size_bytes=624427008 import_ms=3.14 (perf-t1)
2026-08-19T08:42:33.985910+00:00   INFO pegaflow_server::registry: registry.rs:217 IPC import timing: device_id=3 size_bytes=624427008 import_ms=3.09 (perf-t1)
2026-08-19T08:42:33.989585+00:00   INFO pegaflow_server::registry: registry.rs:217 IPC import timing: device_id=3 size_bytes=624427008 import_ms=3.15 (perf-t1)
2026-08-19T08:42:33.993281+00:00   INFO pegaflow_server::registry: registry.rs:217 IPC import timing: device_id=3 size_bytes=624427008 import_ms=3.15 (perf-t1)
2026-08-19T08:42:33.996969+00:00   INFO pegaflow_server::registry: registry.rs:217 IPC import timing: device_id=3 size_bytes=624427008 import_ms=3.16 (perf-t1)
2026-08-19T08:42:34.000670+00:00   INFO pegaflow_server::registry: registry.rs:217 IPC import timing: device_id=3 size_bytes=624427008 import_ms=3.18 (perf-t1)
2026-08-19T08:42:34.004291+00:00   INFO pegaflow_server::registry: registry.rs:217 IPC import timing: device_id=3 size_bytes=624427008 import_ms=3.07 (perf-t1)
2026-08-19T08:42:34.007982+00:00   INFO pegaflow_server::registry: registry.rs:217 IPC import timing: device_id=3 size_bytes=624427008 import_ms=3.15 (perf-t1)
2026-08-19T08:42:34.011657+00:00   INFO pegaflow_server::registry: registry.rs:217 IPC import timing: device_id=3 size_bytes=624427008 import_ms=3.14 (perf-t1)
2026-08-19T08:42:34.016901+00:00   INFO pegaflow_server::registry: registry.rs:217 IPC import timing: device_id=3 size_bytes=624427008 import_ms=4.70 (perf-t1)
2026-08-19T08:42:34.020938+00:00   INFO pegaflow_server::registry: registry.rs:217 IPC import timing: device_id=3 size_bytes=624427008 import_ms=3.52 (perf-t1)
2026-08-19T08:42:34.033018+00:00   INFO pegaflow_server::registry: registry.rs:217 IPC import timing: device_id=3 size_bytes=624427008 import_ms=11.56 (perf-t1)
2026-08-19T08:42:34.036683+00:00   INFO pegaflow_server::registry: registry.rs:217 IPC import timing: device_id=3 size_bytes=624427008 import_ms=3.15 (perf-t1)
2026-08-19T08:42:34.040431+00:00   INFO pegaflow_server::registry: registry.rs:217 IPC import timing: device_id=3 size_bytes=624427008 import_ms=3.18 (perf-t1)
2026-08-19T08:42:34.044039+00:00   INFO pegaflow_server::registry: registry.rs:217 IPC import timing: device_id=3 size_bytes=624427008 import_ms=3.08 (perf-t1)
2026-08-19T08:42:34.047642+00:00   INFO pegaflow_server::registry: registry.rs:217 IPC import timing: device_id=3 size_bytes=624427008 import_ms=3.07 (perf-t1)
2026-08-19T08:42:34.051316+00:00   INFO pegaflow_server::registry: registry.rs:217 IPC import timing: device_id=3 size_bytes=624427008 import_ms=3.13 (perf-t1)
2026-08-19T08:42:34.054946+00:00   INFO pegaflow_server::registry: registry.rs:217 IPC import timing: device_id=3 size_bytes=624427008 import_ms=3.10 (perf-t1)
2026-08-19T08:42:34.058566+00:00   INFO pegaflow_server::registry: registry.rs:217 IPC import timing: device_id=3 size_bytes=624427008 import_ms=3.10 (perf-t1)
2026-08-19T08:42:34.062353+00:00   INFO pegaflow_server::registry: registry.rs:217 IPC import timing: device_id=3 size_bytes=624427008 import_ms=3.23 (perf-t1)
2026-08-19T08:42:34.067870+00:00   INFO pegaflow_server::registry: registry.rs:217 IPC import timing: device_id=3 size_bytes=624427008 import_ms=5.00 (perf-t1)
2026-08-19T08:42:34.071683+00:00   INFO pegaflow_server::registry: registry.rs:217 IPC import timing: device_id=3 size_bytes=624427008 import_ms=3.20 (perf-t1)
2026-08-19T08:42:34.075396+00:00   INFO pegaflow_server::registry: registry.rs:217 IPC import timing: device_id=3 size_bytes=624427008 import_ms=3.17 (perf-t1)
2026-08-19T08:42:34.079007+00:00   INFO pegaflow_server::registry: registry.rs:217 IPC import timing: device_id=3 size_bytes=624427008 import_ms=3.09 (perf-t1)
2026-08-19T08:42:34.082483+00:00   INFO pegaflow_server::registry: registry.rs:217 IPC import timing: device_id=3 size_bytes=624427008 import_ms=2.97 (perf-t1)
2026-08-19T08:42:34.087874+00:00   INFO pegaflow_server::registry: registry.rs:217 IPC import timing: device_id=3 size_bytes=624427008 import_ms=4.83 (perf-t1)
2026-08-19T08:42:34.096924+00:00   INFO pegaflow_server::registry: registry.rs:217 IPC import timing: device_id=3 size_bytes=624427008 import_ms=8.51 (perf-t1)
2026-08-19T08:42:34.100723+00:00   INFO pegaflow_server::registry: registry.rs:217 IPC import timing: device_id=3 size_bytes=624427008 import_ms=3.20 (perf-t1)
2026-08-19T08:42:34.104354+00:00   INFO pegaflow_server::registry: registry.rs:217 IPC import timing: device_id=3 size_bytes=624427008 import_ms=3.03 (perf-t1)
2026-08-19T08:42:34.108002+00:00   INFO pegaflow_server::registry: registry.rs:217 IPC import timing: device_id=3 size_bytes=624427008 import_ms=3.11 (perf-t1)
2026-08-19T08:42:34.111643+00:00   INFO pegaflow_server::registry: registry.rs:217 IPC import timing: device_id=3 size_bytes=624427008 import_ms=3.10 (perf-t1)
2026-08-19T08:42:34.117772+00:00   INFO pegaflow_server::registry: registry.rs:217 IPC import timing: device_id=3 size_bytes=624427008 import_ms=5.58 (perf-t1)
2026-08-19T08:42:34.121553+00:00   INFO pegaflow_server::registry: registry.rs:217 IPC import timing: device_id=3 size_bytes=624427008 import_ms=3.26 (perf-t1)
2026-08-19T08:42:34.125543+00:00   INFO pegaflow_server::registry: registry.rs:217 IPC import timing: device_id=3 size_bytes=624427008 import_ms=3.47 (perf-t1)
2026-08-19T08:42:34.129223+00:00   INFO pegaflow_server::registry: registry.rs:217 IPC import timing: device_id=3 size_bytes=624427008 import_ms=3.13 (perf-t1)
2026-08-19T08:42:34.132892+00:00   INFO pegaflow_server::registry: registry.rs:217 IPC import timing: device_id=3 size_bytes=624427008 import_ms=3.14 (perf-t1)
2026-08-19T08:42:34.137490+00:00   INFO pegaflow_core::gpu_worker: gpu_worker.rs:338 GPU worker initialized: device=3 backend=ascend_batch device_id=3
2026-08-19T08:42:34.138058+00:00   INFO pegaflow_core::gpu_worker: gpu_worker.rs:338 GPU worker initialized: device=3 backend=ascend_batch device_id=3
2026-08-19T08:42:34.138249+00:00   INFO pegaflow_core::gpu_worker: gpu_worker.rs:200 GPU worker pool started: device=3, numa_node=NUMA0, transfer_mode=AscendDirect
2026-08-19T08:42:34.138895+00:00   INFO pegaflow_core::instance: instance.rs:706 Sealed instance topology: instance=5ad06cc9-84ac-430d-abc8-32db91133bfe-0b665ff0eb4f41e68b5f570736ea2ec1, num_layers=72, tp_size=1, world_size=1, total_slots=72
2026-08-19T08:42:34.138943+00:00   INFO pegaflow_core::instance: instance.rs:719 Initialized GPU context: device_id=3, numa_node=NUMA0
2026-08-19T08:42:34.138970+00:00   INFO pegaflow_core: lib.rs:452 Registered context batch: instance=5ad06cc9-84ac-430d-abc8-32db91133bfe-0b665ff0eb4f41e68b5f570736ea2ec1, namespace=perf-t5-d-iso-c1-3, device=3, layers=72, tp_rank=0/1, pp_rank=0
2026-08-19T08:42:37.125387+00:00   INFO pegaflow_server::registry: registry.rs:217 IPC import timing: device_id=1 size_bytes=624427008 import_ms=3.92 (perf-t1)
2026-08-19T08:42:37.129630+00:00   INFO pegaflow_server::registry: registry.rs:217 IPC import timing: device_id=1 size_bytes=624427008 import_ms=3.32 (perf-t1)
2026-08-19T08:42:37.133411+00:00   INFO pegaflow_server::registry: registry.rs:217 IPC import timing: device_id=1 size_bytes=624427008 import_ms=3.23 (perf-t1)
2026-08-19T08:42:37.137168+00:00   INFO pegaflow_server::registry: registry.rs:217 IPC import timing: device_id=1 size_bytes=624427008 import_ms=3.23 (perf-t1)
2026-08-19T08:42:37.141224+00:00   INFO pegaflow_server::registry: registry.rs:217 IPC import timing: device_id=1 size_bytes=624427008 import_ms=3.44 (perf-t1)
2026-08-19T08:42:37.145021+00:00   INFO pegaflow_server::registry: registry.rs:217 IPC import timing: device_id=1 size_bytes=624427008 import_ms=3.24 (perf-t1)
2026-08-19T08:42:37.148703+00:00   INFO pegaflow_server::registry: registry.rs:217 IPC import timing: device_id=1 size_bytes=624427008 import_ms=3.17 (perf-t1)
2026-08-19T08:42:37.152516+00:00   INFO pegaflow_server::registry: registry.rs:217 IPC import timing: device_id=1 size_bytes=624427008 import_ms=3.25 (perf-t1)
2026-08-19T08:42:37.156234+00:00   INFO pegaflow_server::registry: registry.rs:217 IPC import timing: device_id=1 size_bytes=624427008 import_ms=3.18 (perf-t1)
2026-08-19T08:42:37.160046+00:00   INFO pegaflow_server::registry: registry.rs:217 IPC import timing: device_id=1 size_bytes=624427008 import_ms=3.26 (perf-t1)
2026-08-19T08:42:37.164248+00:00   INFO pegaflow_server::registry: registry.rs:217 IPC import timing: device_id=1 size_bytes=624427008 import_ms=3.63 (perf-t1)
2026-08-19T08:42:37.167951+00:00   INFO pegaflow_server::registry: registry.rs:217 IPC import timing: device_id=1 size_bytes=624427008 import_ms=3.18 (perf-t1)
2026-08-19T08:42:37.172111+00:00   INFO pegaflow_server::registry: registry.rs:217 IPC import timing: device_id=1 size_bytes=624427008 import_ms=3.63 (perf-t1)
2026-08-19T08:42:37.175837+00:00   INFO pegaflow_server::registry: registry.rs:217 IPC import timing: device_id=1 size_bytes=624427008 import_ms=3.16 (perf-t1)
2026-08-19T08:42:37.179453+00:00   INFO pegaflow_server::registry: registry.rs:217 IPC import timing: device_id=1 size_bytes=624427008 import_ms=3.07 (perf-t1)
2026-08-19T08:42:37.183123+00:00   INFO pegaflow_server::registry: registry.rs:217 IPC import timing: device_id=1 size_bytes=624427008 import_ms=3.13 (perf-t1)
2026-08-19T08:42:37.186808+00:00   INFO pegaflow_server::registry: registry.rs:217 IPC import timing: device_id=1 size_bytes=624427008 import_ms=3.13 (perf-t1)
2026-08-19T08:42:37.190728+00:00   INFO pegaflow_server::registry: registry.rs:217 IPC import timing: device_id=1 size_bytes=624427008 import_ms=3.38 (perf-t1)
2026-08-19T08:42:37.194412+00:00   INFO pegaflow_server::registry: registry.rs:217 IPC import timing: device_id=1 size_bytes=624427008 import_ms=3.17 (perf-t1)
2026-08-19T08:42:37.198037+00:00   INFO pegaflow_server::registry: registry.rs:217 IPC import timing: device_id=1 size_bytes=624427008 import_ms=3.09 (perf-t1)
2026-08-19T08:42:37.201619+00:00   INFO pegaflow_server::registry: registry.rs:217 IPC import timing: device_id=1 size_bytes=624427008 import_ms=3.07 (perf-t1)
2026-08-19T08:42:37.205320+00:00   INFO pegaflow_server::registry: registry.rs:217 IPC import timing: device_id=1 size_bytes=624427008 import_ms=3.20 (perf-t1)
2026-08-19T08:42:37.209104+00:00   INFO pegaflow_server::registry: registry.rs:217 IPC import timing: device_id=1 size_bytes=624427008 import_ms=3.24 (perf-t1)
2026-08-19T08:42:37.212841+00:00   INFO pegaflow_server::registry: registry.rs:217 IPC import timing: device_id=1 size_bytes=624427008 import_ms=3.19 (perf-t1)
2026-08-19T08:42:37.219534+00:00   INFO pegaflow_server::registry: registry.rs:217 IPC import timing: device_id=1 size_bytes=624427008 import_ms=6.18 (perf-t1)
2026-08-19T08:42:37.223333+00:00   INFO pegaflow_server::registry: registry.rs:217 IPC import timing: device_id=1 size_bytes=624427008 import_ms=3.24 (perf-t1)
2026-08-19T08:42:37.227283+00:00   INFO pegaflow_server::registry: registry.rs:217 IPC import timing: device_id=1 size_bytes=624427008 import_ms=3.42 (perf-t1)
2026-08-19T08:42:37.231067+00:00   INFO pegaflow_server::registry: registry.rs:217 IPC import timing: device_id=1 size_bytes=624427008 import_ms=3.26 (perf-t1)
2026-08-19T08:42:37.234970+00:00   INFO pegaflow_server::registry: registry.rs:217 IPC import timing: device_id=1 size_bytes=624427008 import_ms=3.36 (perf-t1)
2026-08-19T08:42:37.239684+00:00   INFO pegaflow_server::registry: registry.rs:217 IPC import timing: device_id=1 size_bytes=624427008 import_ms=4.16 (perf-t1)
2026-08-19T08:42:37.243558+00:00   INFO pegaflow_server::registry: registry.rs:217 IPC import timing: device_id=1 size_bytes=624427008 import_ms=3.35 (perf-t1)
2026-08-19T08:42:37.247444+00:00   INFO pegaflow_server::registry: registry.rs:217 IPC import timing: device_id=1 size_bytes=624427008 import_ms=3.33 (perf-t1)
2026-08-19T08:42:37.251338+00:00   INFO pegaflow_server::registry: registry.rs:217 IPC import timing: device_id=1 size_bytes=624427008 import_ms=3.37 (perf-t1)
2026-08-19T08:42:37.255030+00:00   INFO pegaflow_server::registry: registry.rs:217 IPC import timing: device_id=1 size_bytes=624427008 import_ms=3.15 (perf-t1)
2026-08-19T08:42:37.258822+00:00   INFO pegaflow_server::registry: registry.rs:217 IPC import timing: device_id=1 size_bytes=624427008 import_ms=3.25 (perf-t1)
2026-08-19T08:42:37.262865+00:00   INFO pegaflow_server::registry: registry.rs:217 IPC import timing: device_id=1 size_bytes=624427008 import_ms=3.52 (perf-t1)
2026-08-19T08:42:37.268368+00:00   INFO pegaflow_server::registry: registry.rs:217 IPC import timing: device_id=1 size_bytes=624427008 import_ms=4.99 (perf-t1)
2026-08-19T08:42:37.271927+00:00   INFO pegaflow_server::registry: registry.rs:217 IPC import timing: device_id=1 size_bytes=624427008 import_ms=3.02 (perf-t1)
2026-08-19T08:42:37.275558+00:00   INFO pegaflow_server::registry: registry.rs:217 IPC import timing: device_id=1 size_bytes=624427008 import_ms=3.12 (perf-t1)
2026-08-19T08:42:37.279173+00:00   INFO pegaflow_server::registry: registry.rs:217 IPC import timing: device_id=1 size_bytes=624427008 import_ms=3.11 (perf-t1)
2026-08-19T08:42:37.282952+00:00   INFO pegaflow_server::registry: registry.rs:217 IPC import timing: device_id=1 size_bytes=624427008 import_ms=3.24 (perf-t1)
2026-08-19T08:42:37.286666+00:00   INFO pegaflow_server::registry: registry.rs:217 IPC import timing: device_id=1 size_bytes=624427008 import_ms=3.16 (perf-t1)
2026-08-19T08:42:37.290375+00:00   INFO pegaflow_server::registry: registry.rs:217 IPC import timing: device_id=1 size_bytes=624427008 import_ms=3.20 (perf-t1)
2026-08-19T08:42:37.294020+00:00   INFO pegaflow_server::registry: registry.rs:217 IPC import timing: device_id=1 size_bytes=624427008 import_ms=3.14 (perf-t1)
2026-08-19T08:42:37.297774+00:00   INFO pegaflow_server::registry: registry.rs:217 IPC import timing: device_id=1 size_bytes=624427008 import_ms=3.20 (perf-t1)
2026-08-19T08:42:37.302748+00:00   INFO pegaflow_server::registry: registry.rs:217 IPC import timing: device_id=1 size_bytes=624427008 import_ms=4.47 (perf-t1)
2026-08-19T08:42:37.306434+00:00   INFO pegaflow_server::registry: registry.rs:217 IPC import timing: device_id=1 size_bytes=624427008 import_ms=3.18 (perf-t1)
2026-08-19T08:42:37.310194+00:00   INFO pegaflow_server::registry: registry.rs:217 IPC import timing: device_id=1 size_bytes=624427008 import_ms=3.15 (perf-t1)
2026-08-19T08:42:37.313889+00:00   INFO pegaflow_server::registry: registry.rs:217 IPC import timing: device_id=1 size_bytes=624427008 import_ms=3.15 (perf-t1)
2026-08-19T08:42:37.317518+00:00   INFO pegaflow_server::registry: registry.rs:217 IPC import timing: device_id=1 size_bytes=624427008 import_ms=3.11 (perf-t1)
2026-08-19T08:42:37.321174+00:00   INFO pegaflow_server::registry: registry.rs:217 IPC import timing: device_id=1 size_bytes=624427008 import_ms=3.12 (perf-t1)
2026-08-19T08:42:37.324721+00:00   INFO pegaflow_server::registry: registry.rs:217 IPC import timing: device_id=1 size_bytes=624427008 import_ms=3.05 (perf-t1)
2026-08-19T08:42:37.328388+00:00   INFO pegaflow_server::registry: registry.rs:217 IPC import timing: device_id=1 size_bytes=624427008 import_ms=3.15 (perf-t1)
2026-08-19T08:42:37.332067+00:00   INFO pegaflow_server::registry: registry.rs:217 IPC import timing: device_id=1 size_bytes=624427008 import_ms=3.14 (perf-t1)
2026-08-19T08:42:37.335674+00:00   INFO pegaflow_server::registry: registry.rs:217 IPC import timing: device_id=1 size_bytes=624427008 import_ms=3.09 (perf-t1)
2026-08-19T08:42:37.339218+00:00   INFO pegaflow_server::registry: registry.rs:217 IPC import timing: device_id=1 size_bytes=624427008 import_ms=3.03 (perf-t1)
2026-08-19T08:42:37.342958+00:00   INFO pegaflow_server::registry: registry.rs:217 IPC import timing: device_id=1 size_bytes=624427008 import_ms=3.20 (perf-t1)
2026-08-19T08:42:37.346673+00:00   INFO pegaflow_server::registry: registry.rs:217 IPC import timing: device_id=1 size_bytes=624427008 import_ms=3.11 (perf-t1)
2026-08-19T08:42:37.350361+00:00   INFO pegaflow_server::registry: registry.rs:217 IPC import timing: device_id=1 size_bytes=624427008 import_ms=3.17 (perf-t1)
2026-08-19T08:42:37.353989+00:00   INFO pegaflow_server::registry: registry.rs:217 IPC import timing: device_id=1 size_bytes=624427008 import_ms=3.09 (perf-t1)
2026-08-19T08:42:37.361993+00:00   INFO pegaflow_server::registry: registry.rs:217 IPC import timing: device_id=1 size_bytes=624427008 import_ms=7.50 (perf-t1)
2026-08-19T08:42:37.374806+00:00   INFO pegaflow_server::registry: registry.rs:217 IPC import timing: device_id=1 size_bytes=624427008 import_ms=12.31 (perf-t1)
2026-08-19T08:42:37.378586+00:00   INFO pegaflow_server::registry: registry.rs:217 IPC import timing: device_id=1 size_bytes=624427008 import_ms=3.21 (perf-t1)
2026-08-19T08:42:37.382390+00:00   INFO pegaflow_server::registry: registry.rs:217 IPC import timing: device_id=1 size_bytes=624427008 import_ms=3.28 (perf-t1)
2026-08-19T08:42:37.386210+00:00   INFO pegaflow_server::registry: registry.rs:217 IPC import timing: device_id=1 size_bytes=624427008 import_ms=3.16 (perf-t1)
2026-08-19T08:42:37.390108+00:00   INFO pegaflow_server::registry: registry.rs:217 IPC import timing: device_id=1 size_bytes=624427008 import_ms=3.29 (perf-t1)
2026-08-19T08:42:37.396172+00:00   INFO pegaflow_server::registry: registry.rs:217 IPC import timing: device_id=1 size_bytes=624427008 import_ms=5.52 (perf-t1)
2026-08-19T08:42:37.407580+00:00   INFO pegaflow_server::registry: registry.rs:217 IPC import timing: device_id=1 size_bytes=624427008 import_ms=10.82 (perf-t1)
2026-08-19T08:42:37.411495+00:00   INFO pegaflow_server::registry: registry.rs:217 IPC import timing: device_id=1 size_bytes=624427008 import_ms=3.27 (perf-t1)
2026-08-19T08:42:37.419106+00:00   INFO pegaflow_server::registry: registry.rs:217 IPC import timing: device_id=1 size_bytes=624427008 import_ms=7.05 (perf-t1)
2026-08-19T08:42:37.422976+00:00   INFO pegaflow_server::registry: registry.rs:217 IPC import timing: device_id=1 size_bytes=624427008 import_ms=3.28 (perf-t1)
2026-08-19T08:42:37.426875+00:00   INFO pegaflow_server::registry: registry.rs:217 IPC import timing: device_id=1 size_bytes=624427008 import_ms=3.31 (perf-t1)
2026-08-19T08:42:37.431524+00:00   INFO pegaflow_core::gpu_worker: gpu_worker.rs:338 GPU worker initialized: device=1 backend=ascend_batch device_id=1
2026-08-19T08:42:37.431953+00:00   INFO pegaflow_core::gpu_worker: gpu_worker.rs:338 GPU worker initialized: device=1 backend=ascend_batch device_id=1
2026-08-19T08:42:37.432157+00:00   INFO pegaflow_core::gpu_worker: gpu_worker.rs:200 GPU worker pool started: device=1, numa_node=NUMA0, transfer_mode=AscendDirect
2026-08-19T08:42:37.432881+00:00   INFO pegaflow_core::instance: instance.rs:706 Sealed instance topology: instance=1e440739-afaa-4b91-b5fd-cf5ab9f0141b-761e358f077b4254b4c520bc53d703a6, num_layers=72, tp_size=1, world_size=1, total_slots=72
2026-08-19T08:42:37.432945+00:00   INFO pegaflow_core::instance: instance.rs:719 Initialized GPU context: device_id=1, numa_node=NUMA0
2026-08-19T08:42:37.432981+00:00   INFO pegaflow_core: lib.rs:452 Registered context batch: instance=1e440739-afaa-4b91-b5fd-cf5ab9f0141b-761e358f077b4254b4c520bc53d703a6, namespace=perf-t5-d-iso-c1-1, device=1, layers=72, tp_rank=0/1, pp_rank=0
2026-08-19T08:42:44.952211+00:00   INFO pegaflow_server::service: service.rs:931 Session opened: instance_id=5ad06cc9-84ac-430d-abc8-32db91133bfe-0b665ff0eb4f41e68b5f570736ea2ec1 namespace=perf-t5-d-iso-c1-3 tp_size=1 world_size=1 token=1
2026-08-19T08:42:55.110921+00:00   INFO pegaflow_server::service: service.rs:931 Session opened: instance_id=1e440739-afaa-4b91-b5fd-cf5ab9f0141b-761e358f077b4254b4c520bc53d703a6 namespace=perf-t5-d-iso-c1-1 tp_size=1 world_size=1 token=2
2026-08-19T08:42:58.991575+00:00   INFO pegaflow_server::service: service.rs:931 Session opened: instance_id=e5487ce8-bc5a-44c6-a0c9-e25ee0d56bdf-3a8998245f33451bb8203dfc1a38072d namespace=perf-t5-d-iso-c1-2 tp_size=1 world_size=1 token=3
2026-08-19T08:42:59.383846+00:00   INFO pegaflow_server::service: service.rs:931 Session opened: instance_id=61028eef-61ff-45b7-bdec-ad05de1ca0db-9362deac4b0147e5868aa1f7dd379f5b namespace=perf-t5-d-iso-c1-0 tp_size=1 world_size=1 token=4
2026-08-19T08:43:05.780014+00:00   INFO pegaflow_core::storage::prefetch: prefetch.rs:316 Prefetch local-hit timing: req_id=cmpl-perf-19f18d5d37a9-0-bd303023 total_keys=76 hit=0 missing=76 key_build=54.002µs cache_scan=21.67µs task_schedule=6.61µs total=152.724µs
2026-08-19T08:43:39.671924+00:00   INFO pegaflow_core::storage::prefetch: prefetch.rs:316 Prefetch local-hit timing: req_id=cmpl-perf-8a045f6f7623-0-8cbe1a8f total_keys=76 hit=0 missing=76 key_build=53.682µs cache_scan=19.46µs task_schedule=6.521µs total=109.313µs
2026-08-19T08:43:42.249977+00:00   INFO pegaflow_core::storage::prefetch: prefetch.rs:316 Prefetch local-hit timing: req_id=cmpl-perf-d6351c19261b-0-94cba55e total_keys=76 hit=0 missing=76 key_build=47.381µs cache_scan=20.251µs task_schedule=6.56µs total=102.313µs
2026-08-19T08:43:44.809749+00:00   INFO pegaflow_core::storage::prefetch: prefetch.rs:316 Prefetch local-hit timing: req_id=cmpl-perf-9b9aef9af633-0-b4affbd0 total_keys=76 hit=0 missing=76 key_build=44.451µs cache_scan=20.161µs task_schedule=6.99µs total=98.323µs
2026-08-19T08:43:54.462601+00:00   INFO pegaflow_core::storage::prefetch: prefetch.rs:316 Prefetch local-hit timing: req_id=cmpl-perf-c713c111270b-0-938300d3 total_keys=1 hit=0 missing=1 key_build=8.99µs cache_scan=15.66µs task_schedule=6.181µs total=53.481µs
2026-08-19T08:43:56.260769+00:00   INFO pegaflow_core::storage::prefetch: prefetch.rs:316 Prefetch local-hit timing: req_id=cmpl-perf-84fe04a953f7-0-969531e3 total_keys=1 hit=0 missing=1 key_build=8.92µs cache_scan=20.501µs task_schedule=6.31µs total=63.112µs
2026-08-19T08:43:58.057589+00:00   INFO pegaflow_core::storage::prefetch: prefetch.rs:316 Prefetch local-hit timing: req_id=cmpl-perf-099b7651df9f-0-bdaf8720 total_keys=1 hit=0 missing=1 key_build=9.12µs cache_scan=27.341µs task_schedule=6.62µs total=70.122µs
2026-08-19T08:43:59.825064+00:00   INFO pegaflow_core::storage::prefetch: prefetch.rs:316 Prefetch local-hit timing: req_id=cmpl-perf-2e5c955dce61-0-96ce8ecf total_keys=1 hit=0 missing=1 key_build=8.261µs cache_scan=11.08µs task_schedule=4.6µs total=44.672µs
2026-08-19T08:44:04.886485+00:00   INFO pegaflow_server::service: service.rs:955 Session closed: instance_id=5ad06cc9-84ac-430d-abc8-32db91133bfe-0b665ff0eb4f41e68b5f570736ea2ec1 token=1 — running cleanup
2026-08-19T08:44:05.437054+00:00   INFO pegaflow_core: lib.rs:471 Unregistered instance: 5ad06cc9-84ac-430d-abc8-32db91133bfe-0b665ff0eb4f41e68b5f570736ea2ec1
2026-08-19T08:44:06.145520+00:00   INFO pegaflow_server::service: service.rs:955 Session closed: instance_id=1e440739-afaa-4b91-b5fd-cf5ab9f0141b-761e358f077b4254b4c520bc53d703a6 token=2 — running cleanup
2026-08-19T08:44:06.773773+00:00   INFO pegaflow_server::service: service.rs:59 Session cleanup (stream closed): dropped 72 device tensors for instance 1e440739-afaa-4b91-b5fd-cf5ab9f0141b-761e358f077b4254b4c520bc53d703a6
2026-08-19T08:44:06.774041+00:00   INFO pegaflow_core: lib.rs:471 Unregistered instance: 1e440739-afaa-4b91-b5fd-cf5ab9f0141b-761e358f077b4254b4c520bc53d703a6
2026-08-19T08:44:07.760663+00:00   INFO pegaflow_server::service: service.rs:955 Session closed: instance_id=61028eef-61ff-45b7-bdec-ad05de1ca0db-9362deac4b0147e5868aa1f7dd379f5b token=4 — running cleanup
2026-08-19T08:44:08.429137+00:00   INFO pegaflow_core: lib.rs:471 Unregistered instance: 61028eef-61ff-45b7-bdec-ad05de1ca0db-9362deac4b0147e5868aa1f7dd379f5b
2026-08-19T08:44:09.128595+00:00   INFO pegaflow_server::service: service.rs:955 Session closed: instance_id=e5487ce8-bc5a-44c6-a0c9-e25ee0d56bdf-3a8998245f33451bb8203dfc1a38072d token=3 — running cleanup
2026-08-19T08:44:09.730159+00:00   INFO pegaflow_core: lib.rs:471 Unregistered instance: e5487ce8-bc5a-44c6-a0c9-e25ee0d56bdf-3a8998245f33451bb8203dfc1a38072d
