2026-08-19T07:43:41.933544+00:00   INFO pegaflow_server: lib.rs:480 Starting pega-engine-server v0.23.3
2026-08-19T07:43:42.763652+00:00   INFO pegaflow_server: lib.rs:319 Ascend ACL runtime initialized, device 0 set as current
2026-08-19T07:43:42.763858+00:00   INFO pegaflow_server::check_ascend_version: check_ascend_version.rs:40 Ascend preflight: minimum required version 1.16.0
2026-08-19T07:43:42.763935+00:00   INFO pegaflow_server::check_ascend_version: check_ascend_version.rs:52 Ascend preflight: runtime version 1.17.0 detected
2026-08-19T07:43:42.763976+00:00   INFO pegaflow_server: lib.rs:498 Using specified device(s): [0, 1, 2, 3]
2026-08-19T07:43:51.882973+00:00   INFO pegaflow_server: lib.rs:397 Initialized context for device 0 in 0.01s
2026-08-19T07:43:52.653872+00:00   INFO pegaflow_server: lib.rs:397 Initialized context for device 1 in 0.77s
2026-08-19T07:43:53.392841+00:00   INFO pegaflow_server: lib.rs:397 Initialized context for device 2 in 0.74s
2026-08-19T07:43:54.146432+00:00   INFO pegaflow_server: lib.rs:397 Initialized context for device 3 in 0.75s
2026-08-19T07:43:54.146670+00:00   INFO pegaflow_server: lib.rs:507 Device runtime initialized for 4 device(s): [0, 1, 2, 3]
2026-08-19T07:43:54.146999+00:00   INFO pegaflow_server: lib.rs:528 Creating PegaEngine with pinned memory pool: 16.00 GiB (17179869184 bytes), hugepages=false
2026-08-19T07:43:54.175225+00:00   INFO pegaflow_server: lib.rs:446 Prometheus metrics exporter enabled
2026-08-19T07:43:54.175516+00:00   INFO opentelemetry: metrics.rs:29  name="MeterProvider.GlobalSet" message=Global meter provider is set. Meters can now be created using global::meter() or global::meter_with_scope().
2026-08-19T07:43:59.571852+00:00   INFO pegaflow_common::numa: numa.rs:650 === Device-NUMA Topology ===
2026-08-19T07:43:59.572027+00:00   INFO pegaflow_common::numa: numa.rs:651 NUMA nodes: 8
2026-08-19T07:43:59.572076+00:00   INFO pegaflow_common::numa: numa.rs:659   Device 0 -> NUMA6
2026-08-19T07:43:59.572099+00:00   INFO pegaflow_common::numa: numa.rs:659   Device 1 -> NUMA0
2026-08-19T07:43:59.572119+00:00   INFO pegaflow_common::numa: numa.rs:659   Device 2 -> NUMA6
2026-08-19T07:43:59.572139+00:00   INFO pegaflow_common::numa: numa.rs:659   Device 3 -> NUMA0
2026-08-19T07:43:59.572157+00:00   INFO pegaflow_common::numa: numa.rs:659   Device 4 -> NUMA4
2026-08-19T07:43:59.572176+00:00   INFO pegaflow_common::numa: numa.rs:659   Device 5 -> NUMA2
2026-08-19T07:43:59.572195+00:00   INFO pegaflow_common::numa: numa.rs:659   Device 6 -> NUMA4
2026-08-19T07:43:59.572213+00:00   INFO pegaflow_common::numa: numa.rs:659   Device 7 -> NUMA2
2026-08-19T07:43:59.572274+00:00   INFO pegaflow_core: lib.rs:163 Auto-enabling NUMA-aware memory allocation for 4 GPU-local NUMA nodes (8 CPU NUMA nodes detected)
2026-08-19T07:43:59.572299+00:00   INFO pegaflow_core::storage: mod.rs:150 Creating NUMA-aware pinned pools for 4 nodes
2026-08-19T07:43:59.572362+00:00   INFO pegaflow_core::pinned_pool: pinned_pool.rs:547 Creating NUMA-aware pools: total=16.0 GiB, nodes=4, per_node=4.0 GiB, shards_per_node=1
2026-08-19T07:43:59.573787+00:00   INFO pegaflow_core::pinned_pool: pinned_pool.rs:203 Allocating pinned memory pool with aclrtMallocHost mapped pages
2026-08-19T07:43:59.573979+00:00   INFO pegaflow_core::pinned_pool: pinned_pool.rs:262 Ascend pinned pool on NUMA node NUMA0 → using device 1
2026-08-19T07:43:59.745670+00:00   INFO pegaflow_core::pinned_pool: pinned_pool.rs:213 Pinned pool: backing_size=4.0 GiB, unit_size=512 B, max_units=8388608, allocatable_size=4.0 GiB
2026-08-19T07:44:00.088488+00:00   INFO pegaflow_core::pinned_pool: pinned_pool.rs:580 Created pinned pool on NUMA0: capacity=4.0 GiB
2026-08-19T07:44:00.089837+00:00   INFO pegaflow_core::pinned_pool: pinned_pool.rs:203 Allocating pinned memory pool with aclrtMallocHost mapped pages
2026-08-19T07:44:00.089938+00:00   INFO pegaflow_core::pinned_pool: pinned_pool.rs:262 Ascend pinned pool on NUMA node NUMA2 → using device 5
2026-08-19T07:44:01.024778+00:00   INFO pegaflow_core::pinned_pool: pinned_pool.rs:213 Pinned pool: backing_size=4.0 GiB, unit_size=512 B, max_units=8388608, allocatable_size=4.0 GiB
2026-08-19T07:44:01.368425+00:00   INFO pegaflow_core::pinned_pool: pinned_pool.rs:580 Created pinned pool on NUMA2: capacity=4.0 GiB
2026-08-19T07:44:01.369415+00:00   INFO pegaflow_core::pinned_pool: pinned_pool.rs:203 Allocating pinned memory pool with aclrtMallocHost mapped pages
2026-08-19T07:44:01.369474+00:00   INFO pegaflow_core::pinned_pool: pinned_pool.rs:262 Ascend pinned pool on NUMA node NUMA4 → using device 6
2026-08-19T07:44:02.280951+00:00   INFO pegaflow_core::pinned_pool: pinned_pool.rs:213 Pinned pool: backing_size=4.0 GiB, unit_size=512 B, max_units=8388608, allocatable_size=4.0 GiB
2026-08-19T07:44:02.617078+00:00   INFO pegaflow_core::pinned_pool: pinned_pool.rs:580 Created pinned pool on NUMA4: capacity=4.0 GiB
2026-08-19T07:44:02.618348+00:00   INFO pegaflow_core::pinned_pool: pinned_pool.rs:203 Allocating pinned memory pool with aclrtMallocHost mapped pages
2026-08-19T07:44:02.618541+00:00   INFO pegaflow_core::pinned_pool: pinned_pool.rs:262 Ascend pinned pool on NUMA node NUMA6 → using device 2
2026-08-19T07:44:02.783834+00:00   INFO pegaflow_core::pinned_pool: pinned_pool.rs:213 Pinned pool: backing_size=4.0 GiB, unit_size=512 B, max_units=8388608, allocatable_size=4.0 GiB
2026-08-19T07:44:03.121019+00:00   INFO pegaflow_core::pinned_pool: pinned_pool.rs:580 Created pinned pool on NUMA6: capacity=4.0 GiB
2026-08-19T07:44:03.121924+00:00   INFO pegaflow_server: lib.rs:688 Background GC task started (interval=60s, inflight_max_age=5m, failed_remote_max_age=5m)
2026-08-19T07:44:03.122414+00:00   INFO pegaflow_server::http_server: http_server.rs:187 Starting HTTP server on 0.0.0.0:9091 (/health, /metrics, /instances, /instances/cleanup, /cache/memory/cleanup)
2026-08-19T07:44:03.122536+00:00   INFO pegaflow_server: lib.rs:716 PegaEngine gRPC server listening on 0.0.0.0:50080
2026-08-19T07:46:03.339747+00:00   INFO pegaflow_server::registry: registry.rs:217 IPC import timing: device_id=3 size_bytes=624427008 import_ms=42.74 (perf-t1)
2026-08-19T07:46:03.383994+00:00   INFO pegaflow_server::registry: registry.rs:217 IPC import timing: device_id=3 size_bytes=624427008 import_ms=42.27 (perf-t1)
2026-08-19T07:46:03.388362+00:00   INFO pegaflow_server::registry: registry.rs:217 IPC import timing: device_id=3 size_bytes=624427008 import_ms=3.39 (perf-t1)
2026-08-19T07:46:03.432477+00:00   INFO pegaflow_server::registry: registry.rs:217 IPC import timing: device_id=3 size_bytes=624427008 import_ms=43.53 (perf-t1)
2026-08-19T07:46:03.436579+00:00   INFO pegaflow_server::registry: registry.rs:217 IPC import timing: device_id=3 size_bytes=624427008 import_ms=3.44 (perf-t1)
2026-08-19T07:46:03.479895+00:00   INFO pegaflow_server::registry: registry.rs:217 IPC import timing: device_id=3 size_bytes=624427008 import_ms=42.81 (perf-t1)
2026-08-19T07:46:03.483796+00:00   INFO pegaflow_server::registry: registry.rs:217 IPC import timing: device_id=3 size_bytes=624427008 import_ms=3.34 (perf-t1)
2026-08-19T07:46:03.528075+00:00   INFO pegaflow_server::registry: registry.rs:217 IPC import timing: device_id=3 size_bytes=624427008 import_ms=43.72 (perf-t1)
2026-08-19T07:46:03.532195+00:00   INFO pegaflow_server::registry: registry.rs:217 IPC import timing: device_id=3 size_bytes=624427008 import_ms=3.54 (perf-t1)
2026-08-19T07:46:03.576414+00:00   INFO pegaflow_server::registry: registry.rs:217 IPC import timing: device_id=3 size_bytes=624427008 import_ms=43.69 (perf-t1)
2026-08-19T07:46:03.623869+00:00   INFO pegaflow_server::registry: registry.rs:217 IPC import timing: device_id=3 size_bytes=624427008 import_ms=46.82 (perf-t1)
2026-08-19T07:46:03.627947+00:00   INFO pegaflow_server::registry: registry.rs:217 IPC import timing: device_id=3 size_bytes=624427008 import_ms=3.50 (perf-t1)
2026-08-19T07:46:03.671968+00:00   INFO pegaflow_server::registry: registry.rs:217 IPC import timing: device_id=3 size_bytes=624427008 import_ms=43.48 (perf-t1)
2026-08-19T07:46:03.675984+00:00   INFO pegaflow_server::registry: registry.rs:217 IPC import timing: device_id=3 size_bytes=624427008 import_ms=3.43 (perf-t1)
2026-08-19T07:46:03.720060+00:00   INFO pegaflow_server::registry: registry.rs:217 IPC import timing: device_id=3 size_bytes=624427008 import_ms=43.52 (perf-t1)
2026-08-19T07:46:03.723883+00:00   INFO pegaflow_server::registry: registry.rs:217 IPC import timing: device_id=3 size_bytes=624427008 import_ms=3.18 (perf-t1)
2026-08-19T07:46:03.768166+00:00   INFO pegaflow_server::registry: registry.rs:217 IPC import timing: device_id=3 size_bytes=624427008 import_ms=43.72 (perf-t1)
2026-08-19T07:46:03.772131+00:00   INFO pegaflow_server::registry: registry.rs:217 IPC import timing: device_id=3 size_bytes=624427008 import_ms=3.38 (perf-t1)
2026-08-19T07:46:03.815913+00:00   INFO pegaflow_server::registry: registry.rs:217 IPC import timing: device_id=3 size_bytes=624427008 import_ms=43.21 (perf-t1)
2026-08-19T07:46:03.820025+00:00   INFO pegaflow_server::registry: registry.rs:217 IPC import timing: device_id=3 size_bytes=624427008 import_ms=3.54 (perf-t1)
2026-08-19T07:46:03.863910+00:00   INFO pegaflow_server::registry: registry.rs:217 IPC import timing: device_id=3 size_bytes=624427008 import_ms=43.33 (perf-t1)
2026-08-19T07:46:03.867833+00:00   INFO pegaflow_server::registry: registry.rs:217 IPC import timing: device_id=3 size_bytes=624427008 import_ms=3.37 (perf-t1)
2026-08-19T07:46:03.912071+00:00   INFO pegaflow_server::registry: registry.rs:217 IPC import timing: device_id=3 size_bytes=624427008 import_ms=43.67 (perf-t1)
2026-08-19T07:46:03.916155+00:00   INFO pegaflow_server::registry: registry.rs:217 IPC import timing: device_id=3 size_bytes=624427008 import_ms=3.47 (perf-t1)
2026-08-19T07:46:03.958626+00:00   INFO pegaflow_server::registry: registry.rs:217 IPC import timing: device_id=3 size_bytes=624427008 import_ms=41.93 (perf-t1)
2026-08-19T07:46:04.000097+00:00   INFO pegaflow_server::registry: registry.rs:217 IPC import timing: device_id=3 size_bytes=624427008 import_ms=40.93 (perf-t1)
2026-08-19T07:46:04.004625+00:00   INFO pegaflow_server::registry: registry.rs:217 IPC import timing: device_id=3 size_bytes=624427008 import_ms=3.91 (perf-t1)
2026-08-19T07:46:04.008616+00:00   INFO pegaflow_server::registry: registry.rs:217 IPC import timing: device_id=3 size_bytes=624427008 import_ms=3.45 (perf-t1)
2026-08-19T07:46:04.051826+00:00   INFO pegaflow_server::registry: registry.rs:217 IPC import timing: device_id=3 size_bytes=624427008 import_ms=42.66 (perf-t1)
2026-08-19T07:46:04.058880+00:00   INFO pegaflow_server::registry: registry.rs:217 IPC import timing: device_id=3 size_bytes=624427008 import_ms=6.36 (perf-t1)
2026-08-19T07:46:04.095892+00:00   INFO pegaflow_server::registry: registry.rs:217 IPC import timing: device_id=3 size_bytes=624427008 import_ms=36.49 (perf-t1)
2026-08-19T07:46:04.099794+00:00   INFO pegaflow_server::registry: registry.rs:217 IPC import timing: device_id=3 size_bytes=624427008 import_ms=3.32 (perf-t1)
2026-08-19T07:46:04.143913+00:00   INFO pegaflow_server::registry: registry.rs:217 IPC import timing: device_id=3 size_bytes=624427008 import_ms=43.59 (perf-t1)
2026-08-19T07:46:04.147661+00:00   INFO pegaflow_server::registry: registry.rs:217 IPC import timing: device_id=3 size_bytes=624427008 import_ms=3.21 (perf-t1)
2026-08-19T07:46:04.192152+00:00   INFO pegaflow_server::registry: registry.rs:217 IPC import timing: device_id=3 size_bytes=624427008 import_ms=43.95 (perf-t1)
2026-08-19T07:46:04.196003+00:00   INFO pegaflow_server::registry: registry.rs:217 IPC import timing: device_id=3 size_bytes=624427008 import_ms=3.21 (perf-t1)
2026-08-19T07:46:04.235941+00:00   INFO pegaflow_server::registry: registry.rs:217 IPC import timing: device_id=3 size_bytes=624427008 import_ms=39.37 (perf-t1)
2026-08-19T07:46:04.239921+00:00   INFO pegaflow_server::registry: registry.rs:217 IPC import timing: device_id=3 size_bytes=624427008 import_ms=3.39 (perf-t1)
2026-08-19T07:46:04.304956+00:00   INFO pegaflow_server::registry: registry.rs:217 IPC import timing: device_id=3 size_bytes=624427008 import_ms=64.48 (perf-t1)
2026-08-19T07:46:04.353737+00:00   INFO pegaflow_server::registry: registry.rs:217 IPC import timing: device_id=3 size_bytes=624427008 import_ms=47.67 (perf-t1)
2026-08-19T07:46:04.404258+00:00   INFO pegaflow_server::registry: registry.rs:217 IPC import timing: device_id=3 size_bytes=624427008 import_ms=49.40 (perf-t1)
2026-08-19T07:46:04.448322+00:00   INFO pegaflow_server::registry: registry.rs:217 IPC import timing: device_id=3 size_bytes=624427008 import_ms=43.44 (perf-t1)
2026-08-19T07:46:04.497229+00:00   INFO pegaflow_server::registry: registry.rs:217 IPC import timing: device_id=3 size_bytes=624427008 import_ms=48.34 (perf-t1)
2026-08-19T07:46:04.544663+00:00   INFO pegaflow_server::registry: registry.rs:217 IPC import timing: device_id=3 size_bytes=624427008 import_ms=46.88 (perf-t1)
2026-08-19T07:46:04.592616+00:00   INFO pegaflow_server::registry: registry.rs:217 IPC import timing: device_id=3 size_bytes=624427008 import_ms=47.43 (perf-t1)
2026-08-19T07:46:04.641748+00:00   INFO pegaflow_server::registry: registry.rs:217 IPC import timing: device_id=3 size_bytes=624427008 import_ms=48.58 (perf-t1)
2026-08-19T07:46:04.645716+00:00   INFO pegaflow_server::registry: registry.rs:217 IPC import timing: device_id=3 size_bytes=624427008 import_ms=3.40 (perf-t1)
2026-08-19T07:46:04.687956+00:00   INFO pegaflow_server::registry: registry.rs:217 IPC import timing: device_id=3 size_bytes=624427008 import_ms=41.74 (perf-t1)
2026-08-19T07:46:04.692031+00:00   INFO pegaflow_server::registry: registry.rs:217 IPC import timing: device_id=3 size_bytes=624427008 import_ms=3.51 (perf-t1)
2026-08-19T07:46:04.744036+00:00   INFO pegaflow_server::registry: registry.rs:217 IPC import timing: device_id=3 size_bytes=624427008 import_ms=51.42 (perf-t1)
2026-08-19T07:46:04.747861+00:00   INFO pegaflow_server::registry: registry.rs:217 IPC import timing: device_id=3 size_bytes=624427008 import_ms=3.26 (perf-t1)
2026-08-19T07:46:04.795962+00:00   INFO pegaflow_server::registry: registry.rs:217 IPC import timing: device_id=3 size_bytes=624427008 import_ms=47.57 (perf-t1)
2026-08-19T07:46:04.800107+00:00   INFO pegaflow_server::registry: registry.rs:217 IPC import timing: device_id=3 size_bytes=624427008 import_ms=3.53 (perf-t1)
2026-08-19T07:46:04.844082+00:00   INFO pegaflow_server::registry: registry.rs:217 IPC import timing: device_id=3 size_bytes=624427008 import_ms=43.45 (perf-t1)
2026-08-19T07:46:04.848605+00:00   INFO pegaflow_server::registry: registry.rs:217 IPC import timing: device_id=3 size_bytes=624427008 import_ms=3.98 (perf-t1)
2026-08-19T07:46:04.888194+00:00   INFO pegaflow_server::registry: registry.rs:217 IPC import timing: device_id=3 size_bytes=624427008 import_ms=39.05 (perf-t1)
2026-08-19T07:46:04.892001+00:00   INFO pegaflow_server::registry: registry.rs:217 IPC import timing: device_id=3 size_bytes=624427008 import_ms=3.28 (perf-t1)
2026-08-19T07:46:04.936045+00:00   INFO pegaflow_server::registry: registry.rs:217 IPC import timing: device_id=3 size_bytes=624427008 import_ms=43.37 (perf-t1)
2026-08-19T07:46:04.940142+00:00   INFO pegaflow_server::registry: registry.rs:217 IPC import timing: device_id=3 size_bytes=624427008 import_ms=3.52 (perf-t1)
2026-08-19T07:46:04.983839+00:00   INFO pegaflow_server::registry: registry.rs:217 IPC import timing: device_id=3 size_bytes=624427008 import_ms=43.18 (perf-t1)
2026-08-19T07:46:04.987634+00:00   INFO pegaflow_server::registry: registry.rs:217 IPC import timing: device_id=3 size_bytes=624427008 import_ms=3.22 (perf-t1)
2026-08-19T07:46:05.033417+00:00   INFO pegaflow_server::registry: registry.rs:217 IPC import timing: device_id=3 size_bytes=624427008 import_ms=45.28 (perf-t1)
2026-08-19T07:46:05.037501+00:00   INFO pegaflow_server::registry: registry.rs:217 IPC import timing: device_id=3 size_bytes=624427008 import_ms=3.53 (perf-t1)
2026-08-19T07:46:05.079873+00:00   INFO pegaflow_server::registry: registry.rs:217 IPC import timing: device_id=3 size_bytes=624427008 import_ms=41.88 (perf-t1)
2026-08-19T07:46:05.083853+00:00   INFO pegaflow_server::registry: registry.rs:217 IPC import timing: device_id=3 size_bytes=624427008 import_ms=3.44 (perf-t1)
2026-08-19T07:46:05.128082+00:00   INFO pegaflow_server::registry: registry.rs:217 IPC import timing: device_id=3 size_bytes=624427008 import_ms=43.66 (perf-t1)
2026-08-19T07:46:05.132007+00:00   INFO pegaflow_server::registry: registry.rs:217 IPC import timing: device_id=3 size_bytes=624427008 import_ms=3.39 (perf-t1)
2026-08-19T07:46:05.176088+00:00   INFO pegaflow_server::registry: registry.rs:217 IPC import timing: device_id=3 size_bytes=624427008 import_ms=43.56 (perf-t1)
2026-08-19T07:46:05.179961+00:00   INFO pegaflow_server::registry: registry.rs:217 IPC import timing: device_id=3 size_bytes=624427008 import_ms=3.29 (perf-t1)
2026-08-19T07:46:05.224216+00:00   INFO pegaflow_server::registry: registry.rs:217 IPC import timing: device_id=3 size_bytes=624427008 import_ms=43.72 (perf-t1)
2026-08-19T07:46:05.228037+00:00   INFO pegaflow_server::registry: registry.rs:217 IPC import timing: device_id=3 size_bytes=624427008 import_ms=3.23 (perf-t1)
2026-08-19T07:46:05.274118+00:00   INFO pegaflow_server::registry: registry.rs:217 IPC import timing: device_id=3 size_bytes=624427008 import_ms=45.52 (perf-t1)
2026-08-19T07:46:05.319352+00:00   INFO pegaflow_core::gpu_worker: gpu_worker.rs:338 GPU worker initialized: device=3 backend=ascend_batch device_id=3
2026-08-19T07:46:05.319853+00:00   INFO pegaflow_core::gpu_worker: gpu_worker.rs:338 GPU worker initialized: device=3 backend=ascend_batch device_id=3
2026-08-19T07:46:05.320033+00:00   INFO pegaflow_core::gpu_worker: gpu_worker.rs:200 GPU worker pool started: device=3, numa_node=NUMA0, transfer_mode=AscendDirect
2026-08-19T07:46:05.320158+00:00   INFO pegaflow_server::registry: registry.rs:217 IPC import timing: device_id=0 size_bytes=624427008 import_ms=45.25 (perf-t1)
2026-08-19T07:46:05.320824+00:00   INFO pegaflow_core::instance: instance.rs:706 Sealed instance topology: instance=3c25d945-c104-414c-9557-803b3c6c1edc-aed8e8a19ba44fd093151aa38aca904d, num_layers=72, tp_size=1, world_size=1, total_slots=72
2026-08-19T07:46:05.320895+00:00   INFO pegaflow_core::instance: instance.rs:719 Initialized GPU context: device_id=3, numa_node=NUMA0
2026-08-19T07:46:05.320930+00:00   INFO pegaflow_core: lib.rs:452 Registered context batch: instance=3c25d945-c104-414c-9557-803b3c6c1edc-aed8e8a19ba44fd093151aa38aca904d, namespace=perf-t5-c-iso-c2-3, device=3, layers=72, tp_rank=0/1, pp_rank=0
2026-08-19T07:46:05.324192+00:00   INFO pegaflow_server::registry: registry.rs:217 IPC import timing: device_id=0 size_bytes=624427008 import_ms=3.49 (perf-t1)
2026-08-19T07:46:05.363814+00:00   INFO pegaflow_server::registry: registry.rs:217 IPC import timing: device_id=0 size_bytes=624427008 import_ms=39.06 (perf-t1)
2026-08-19T07:46:05.367893+00:00   INFO pegaflow_server::registry: registry.rs:217 IPC import timing: device_id=0 size_bytes=624427008 import_ms=3.57 (perf-t1)
2026-08-19T07:46:05.411864+00:00   INFO pegaflow_server::registry: registry.rs:217 IPC import timing: device_id=0 size_bytes=624427008 import_ms=43.42 (perf-t1)
2026-08-19T07:46:05.416715+00:00   INFO pegaflow_server::registry: registry.rs:217 IPC import timing: device_id=0 size_bytes=624427008 import_ms=4.23 (perf-t1)
2026-08-19T07:46:05.420543+00:00   INFO pegaflow_server::registry: registry.rs:217 IPC import timing: device_id=0 size_bytes=624427008 import_ms=3.31 (perf-t1)
2026-08-19T07:46:05.464048+00:00   INFO pegaflow_server::registry: registry.rs:217 IPC import timing: device_id=0 size_bytes=624427008 import_ms=43.00 (perf-t1)
2026-08-19T07:46:05.468030+00:00   INFO pegaflow_server::registry: registry.rs:217 IPC import timing: device_id=0 size_bytes=624427008 import_ms=3.41 (perf-t1)
2026-08-19T07:46:05.514181+00:00   INFO pegaflow_server::registry: registry.rs:217 IPC import timing: device_id=0 size_bytes=624427008 import_ms=45.60 (perf-t1)
2026-08-19T07:46:05.560028+00:00   INFO pegaflow_server::registry: registry.rs:217 IPC import timing: device_id=0 size_bytes=624427008 import_ms=45.32 (perf-t1)
2026-08-19T07:46:05.607794+00:00   INFO pegaflow_server::registry: registry.rs:217 IPC import timing: device_id=0 size_bytes=624427008 import_ms=44.34 (perf-t1)
2026-08-19T07:46:05.611645+00:00   INFO pegaflow_server::registry: registry.rs:217 IPC import timing: device_id=0 size_bytes=624427008 import_ms=3.25 (perf-t1)
2026-08-19T07:46:05.615905+00:00   INFO pegaflow_server::registry: registry.rs:217 IPC import timing: device_id=0 size_bytes=624427008 import_ms=3.76 (perf-t1)
2026-08-19T07:46:05.673589+00:00   INFO pegaflow_server::registry: registry.rs:217 IPC import timing: device_id=0 size_bytes=624427008 import_ms=57.13 (perf-t1)
2026-08-19T07:46:05.677402+00:00   INFO pegaflow_server::registry: registry.rs:217 IPC import timing: device_id=0 size_bytes=624427008 import_ms=3.27 (perf-t1)
2026-08-19T07:46:05.719962+00:00   INFO pegaflow_server::registry: registry.rs:217 IPC import timing: device_id=0 size_bytes=624427008 import_ms=42.06 (perf-t1)
2026-08-19T07:46:05.723813+00:00   INFO pegaflow_server::registry: registry.rs:217 IPC import timing: device_id=0 size_bytes=624427008 import_ms=3.27 (perf-t1)
2026-08-19T07:46:05.769943+00:00   INFO pegaflow_server::registry: registry.rs:217 IPC import timing: device_id=0 size_bytes=624427008 import_ms=45.64 (perf-t1)
2026-08-19T07:46:05.773779+00:00   INFO pegaflow_server::registry: registry.rs:217 IPC import timing: device_id=0 size_bytes=624427008 import_ms=3.33 (perf-t1)
2026-08-19T07:46:05.816024+00:00   INFO pegaflow_server::registry: registry.rs:217 IPC import timing: device_id=0 size_bytes=624427008 import_ms=41.66 (perf-t1)
2026-08-19T07:46:05.858692+00:00   INFO pegaflow_server::registry: registry.rs:217 IPC import timing: device_id=0 size_bytes=624427008 import_ms=42.12 (perf-t1)
2026-08-19T07:46:05.909324+00:00   INFO pegaflow_server::registry: registry.rs:217 IPC import timing: device_id=0 size_bytes=624427008 import_ms=50.10 (perf-t1)
2026-08-19T07:46:05.961424+00:00   INFO pegaflow_server::registry: registry.rs:217 IPC import timing: device_id=0 size_bytes=624427008 import_ms=51.54 (perf-t1)
2026-08-19T07:46:05.965312+00:00   INFO pegaflow_server::registry: registry.rs:217 IPC import timing: device_id=0 size_bytes=624427008 import_ms=3.37 (perf-t1)
2026-08-19T07:46:06.006705+00:00   INFO pegaflow_server::registry: registry.rs:217 IPC import timing: device_id=0 size_bytes=624427008 import_ms=40.85 (perf-t1)
2026-08-19T07:46:06.010753+00:00   INFO pegaflow_server::registry: registry.rs:217 IPC import timing: device_id=0 size_bytes=624427008 import_ms=3.46 (perf-t1)
2026-08-19T07:46:06.054423+00:00   INFO pegaflow_server::registry: registry.rs:217 IPC import timing: device_id=0 size_bytes=624427008 import_ms=43.15 (perf-t1)
2026-08-19T07:46:06.061350+00:00   INFO pegaflow_server::registry: registry.rs:217 IPC import timing: device_id=0 size_bytes=624427008 import_ms=6.40 (perf-t1)
2026-08-19T07:46:06.107759+00:00   INFO pegaflow_server::registry: registry.rs:217 IPC import timing: device_id=0 size_bytes=624427008 import_ms=45.83 (perf-t1)
2026-08-19T07:46:06.154909+00:00   INFO pegaflow_server::registry: registry.rs:217 IPC import timing: device_id=0 size_bytes=624427008 import_ms=46.61 (perf-t1)
2026-08-19T07:46:06.202172+00:00   INFO pegaflow_server::registry: registry.rs:217 IPC import timing: device_id=0 size_bytes=624427008 import_ms=46.73 (perf-t1)
2026-08-19T07:46:06.206204+00:00   INFO pegaflow_server::registry: registry.rs:217 IPC import timing: device_id=0 size_bytes=624427008 import_ms=3.43 (perf-t1)
2026-08-19T07:46:06.250859+00:00   INFO pegaflow_server::registry: registry.rs:217 IPC import timing: device_id=0 size_bytes=624427008 import_ms=44.14 (perf-t1)
2026-08-19T07:46:06.261121+00:00   INFO pegaflow_server::registry: registry.rs:217 IPC import timing: device_id=0 size_bytes=624427008 import_ms=9.72 (perf-t1)
2026-08-19T07:46:06.298610+00:00   INFO pegaflow_server::registry: registry.rs:217 IPC import timing: device_id=0 size_bytes=624427008 import_ms=36.95 (perf-t1)
2026-08-19T07:46:06.302434+00:00   INFO pegaflow_server::registry: registry.rs:217 IPC import timing: device_id=0 size_bytes=624427008 import_ms=3.30 (perf-t1)
2026-08-19T07:46:06.346275+00:00   INFO pegaflow_server::registry: registry.rs:217 IPC import timing: device_id=0 size_bytes=624427008 import_ms=43.32 (perf-t1)
2026-08-19T07:46:06.350148+00:00   INFO pegaflow_server::registry: registry.rs:217 IPC import timing: device_id=0 size_bytes=624427008 import_ms=3.31 (perf-t1)
2026-08-19T07:46:06.390573+00:00   INFO pegaflow_server::registry: registry.rs:217 IPC import timing: device_id=0 size_bytes=624427008 import_ms=39.92 (perf-t1)
2026-08-19T07:46:06.394362+00:00   INFO pegaflow_server::registry: registry.rs:217 IPC import timing: device_id=0 size_bytes=624427008 import_ms=3.26 (perf-t1)
2026-08-19T07:46:06.438308+00:00   INFO pegaflow_server::registry: registry.rs:217 IPC import timing: device_id=0 size_bytes=624427008 import_ms=43.41 (perf-t1)
2026-08-19T07:46:06.441935+00:00   INFO pegaflow_server::registry: registry.rs:217 IPC import timing: device_id=0 size_bytes=624427008 import_ms=3.11 (perf-t1)
2026-08-19T07:46:06.482156+00:00   INFO pegaflow_server::registry: registry.rs:217 IPC import timing: device_id=0 size_bytes=624427008 import_ms=39.73 (perf-t1)
2026-08-19T07:46:06.486152+00:00   INFO pegaflow_server::registry: registry.rs:217 IPC import timing: device_id=0 size_bytes=624427008 import_ms=3.46 (perf-t1)
2026-08-19T07:46:06.539973+00:00   INFO pegaflow_server::registry: registry.rs:217 IPC import timing: device_id=0 size_bytes=624427008 import_ms=53.32 (perf-t1)
2026-08-19T07:46:06.578549+00:00   INFO pegaflow_server::registry: registry.rs:217 IPC import timing: device_id=0 size_bytes=624427008 import_ms=38.04 (perf-t1)
2026-08-19T07:46:06.582564+00:00   INFO pegaflow_server::registry: registry.rs:217 IPC import timing: device_id=0 size_bytes=624427008 import_ms=3.43 (perf-t1)
2026-08-19T07:46:06.626164+00:00   INFO pegaflow_server::registry: registry.rs:217 IPC import timing: device_id=0 size_bytes=624427008 import_ms=43.08 (perf-t1)
2026-08-19T07:46:06.630077+00:00   INFO pegaflow_server::registry: registry.rs:217 IPC import timing: device_id=0 size_bytes=624427008 import_ms=3.41 (perf-t1)
2026-08-19T07:46:06.674241+00:00   INFO pegaflow_server::registry: registry.rs:217 IPC import timing: device_id=0 size_bytes=624427008 import_ms=43.62 (perf-t1)
2026-08-19T07:46:06.677960+00:00   INFO pegaflow_server::registry: registry.rs:217 IPC import timing: device_id=0 size_bytes=624427008 import_ms=3.22 (perf-t1)
2026-08-19T07:46:06.726137+00:00   INFO pegaflow_server::registry: registry.rs:217 IPC import timing: device_id=0 size_bytes=624427008 import_ms=47.67 (perf-t1)
2026-08-19T07:46:06.777509+00:00   INFO pegaflow_server::registry: registry.rs:217 IPC import timing: device_id=0 size_bytes=624427008 import_ms=50.83 (perf-t1)
2026-08-19T07:46:06.781530+00:00   INFO pegaflow_server::registry: registry.rs:217 IPC import timing: device_id=0 size_bytes=624427008 import_ms=3.49 (perf-t1)
2026-08-19T07:46:06.826533+00:00   INFO pegaflow_server::registry: registry.rs:217 IPC import timing: device_id=0 size_bytes=624427008 import_ms=44.49 (perf-t1)
2026-08-19T07:46:06.831123+00:00   INFO pegaflow_server::registry: registry.rs:217 IPC import timing: device_id=0 size_bytes=624427008 import_ms=4.07 (perf-t1)
2026-08-19T07:46:06.874225+00:00   INFO pegaflow_server::registry: registry.rs:217 IPC import timing: device_id=0 size_bytes=624427008 import_ms=42.47 (perf-t1)
2026-08-19T07:46:06.878092+00:00   INFO pegaflow_server::registry: registry.rs:217 IPC import timing: device_id=0 size_bytes=624427008 import_ms=3.35 (perf-t1)
2026-08-19T07:46:06.921977+00:00   INFO pegaflow_server::registry: registry.rs:217 IPC import timing: device_id=0 size_bytes=624427008 import_ms=43.38 (perf-t1)
2026-08-19T07:46:06.925979+00:00   INFO pegaflow_server::registry: registry.rs:217 IPC import timing: device_id=0 size_bytes=624427008 import_ms=3.46 (perf-t1)
2026-08-19T07:46:06.971449+00:00   INFO pegaflow_server::registry: registry.rs:217 IPC import timing: device_id=0 size_bytes=624427008 import_ms=44.97 (perf-t1)
2026-08-19T07:46:06.975600+00:00   INFO pegaflow_server::registry: registry.rs:217 IPC import timing: device_id=0 size_bytes=624427008 import_ms=3.63 (perf-t1)
2026-08-19T07:46:07.018283+00:00   INFO pegaflow_server::registry: registry.rs:217 IPC import timing: device_id=0 size_bytes=624427008 import_ms=42.15 (perf-t1)
2026-08-19T07:46:07.022087+00:00   INFO pegaflow_server::registry: registry.rs:217 IPC import timing: device_id=0 size_bytes=624427008 import_ms=3.24 (perf-t1)
2026-08-19T07:46:07.067087+00:00   INFO pegaflow_server::registry: registry.rs:217 IPC import timing: device_id=0 size_bytes=624427008 import_ms=44.48 (perf-t1)
2026-08-19T07:46:07.114198+00:00   INFO pegaflow_server::registry: registry.rs:217 IPC import timing: device_id=0 size_bytes=624427008 import_ms=46.57 (perf-t1)
2026-08-19T07:46:07.118002+00:00   INFO pegaflow_server::registry: registry.rs:217 IPC import timing: device_id=0 size_bytes=624427008 import_ms=3.29 (perf-t1)
2026-08-19T07:46:07.162433+00:00   INFO pegaflow_server::registry: registry.rs:217 IPC import timing: device_id=0 size_bytes=624427008 import_ms=43.92 (perf-t1)
2026-08-19T07:46:07.166155+00:00   INFO pegaflow_server::registry: registry.rs:217 IPC import timing: device_id=0 size_bytes=624427008 import_ms=3.17 (perf-t1)
2026-08-19T07:46:07.169832+00:00   INFO pegaflow_server::registry: registry.rs:217 IPC import timing: device_id=0 size_bytes=624427008 import_ms=3.17 (perf-t1)
2026-08-19T07:46:07.210326+00:00   INFO pegaflow_server::registry: registry.rs:217 IPC import timing: device_id=0 size_bytes=624427008 import_ms=40.00 (perf-t1)
2026-08-19T07:46:07.251392+00:00   INFO pegaflow_core::gpu_worker: gpu_worker.rs:338 GPU worker initialized: device=0 backend=ascend_batch device_id=0
2026-08-19T07:46:07.251869+00:00   INFO pegaflow_core::gpu_worker: gpu_worker.rs:338 GPU worker initialized: device=0 backend=ascend_batch device_id=0
2026-08-19T07:46:07.252041+00:00   INFO pegaflow_core::gpu_worker: gpu_worker.rs:200 GPU worker pool started: device=0, numa_node=NUMA6, transfer_mode=AscendDirect
2026-08-19T07:46:07.252796+00:00   INFO pegaflow_core::instance: instance.rs:706 Sealed instance topology: instance=0daf4f66-3da2-466f-9b0d-3ed0e3d8005a-c1bd0f6a1cf34105b7fa40863dd78cca, num_layers=72, tp_size=1, world_size=1, total_slots=72
2026-08-19T07:46:07.252875+00:00   INFO pegaflow_core::instance: instance.rs:719 Initialized GPU context: device_id=0, numa_node=NUMA6
2026-08-19T07:46:07.252910+00:00   INFO pegaflow_core: lib.rs:452 Registered context batch: instance=0daf4f66-3da2-466f-9b0d-3ed0e3d8005a-c1bd0f6a1cf34105b7fa40863dd78cca, namespace=perf-t5-c-iso-c2-0, device=0, layers=72, tp_rank=0/1, pp_rank=0
2026-08-19T07:46:07.254013+00:00   INFO pegaflow_server::registry: registry.rs:217 IPC import timing: device_id=1 size_bytes=624427008 import_ms=42.90 (perf-t1)
2026-08-19T07:46:07.258373+00:00   INFO pegaflow_server::registry: registry.rs:217 IPC import timing: device_id=1 size_bytes=624427008 import_ms=3.80 (perf-t1)
2026-08-19T07:46:07.302138+00:00   INFO pegaflow_server::registry: registry.rs:217 IPC import timing: device_id=1 size_bytes=624427008 import_ms=43.24 (perf-t1)
2026-08-19T07:46:07.306034+00:00   INFO pegaflow_server::registry: registry.rs:217 IPC import timing: device_id=1 size_bytes=624427008 import_ms=3.36 (perf-t1)
2026-08-19T07:46:07.350452+00:00   INFO pegaflow_server::registry: registry.rs:217 IPC import timing: device_id=1 size_bytes=624427008 import_ms=43.91 (perf-t1)
2026-08-19T07:46:07.354365+00:00   INFO pegaflow_server::registry: registry.rs:217 IPC import timing: device_id=1 size_bytes=624427008 import_ms=3.40 (perf-t1)
2026-08-19T07:46:07.393918+00:00   INFO pegaflow_server::registry: registry.rs:217 IPC import timing: device_id=1 size_bytes=624427008 import_ms=39.02 (perf-t1)
2026-08-19T07:46:07.397966+00:00   INFO pegaflow_server::registry: registry.rs:217 IPC import timing: device_id=1 size_bytes=624427008 import_ms=3.49 (perf-t1)
2026-08-19T07:46:07.442097+00:00   INFO pegaflow_server::registry: registry.rs:217 IPC import timing: device_id=1 size_bytes=624427008 import_ms=43.61 (perf-t1)
2026-08-19T07:46:07.446128+00:00   INFO pegaflow_server::registry: registry.rs:217 IPC import timing: device_id=1 size_bytes=624427008 import_ms=3.47 (perf-t1)
2026-08-19T07:46:07.450287+00:00   INFO pegaflow_server::registry: registry.rs:217 IPC import timing: device_id=1 size_bytes=624427008 import_ms=3.65 (perf-t1)
2026-08-19T07:46:07.454125+00:00   INFO pegaflow_server::registry: registry.rs:217 IPC import timing: device_id=1 size_bytes=624427008 import_ms=3.31 (perf-t1)
2026-08-19T07:46:07.458272+00:00   INFO pegaflow_server::registry: registry.rs:217 IPC import timing: device_id=1 size_bytes=624427008 import_ms=3.62 (perf-t1)
2026-08-19T07:46:07.463401+00:00   INFO pegaflow_server::registry: registry.rs:217 IPC import timing: device_id=1 size_bytes=624427008 import_ms=4.63 (perf-t1)
2026-08-19T07:46:07.467128+00:00   INFO pegaflow_server::registry: registry.rs:217 IPC import timing: device_id=1 size_bytes=624427008 import_ms=3.23 (perf-t1)
2026-08-19T07:46:07.470983+00:00   INFO pegaflow_server::registry: registry.rs:217 IPC import timing: device_id=1 size_bytes=624427008 import_ms=3.31 (perf-t1)
2026-08-19T07:46:07.474938+00:00   INFO pegaflow_server::registry: registry.rs:217 IPC import timing: device_id=1 size_bytes=624427008 import_ms=3.45 (perf-t1)
2026-08-19T07:46:07.478711+00:00   INFO pegaflow_server::registry: registry.rs:217 IPC import timing: device_id=1 size_bytes=624427008 import_ms=3.26 (perf-t1)
2026-08-19T07:46:07.482739+00:00   INFO pegaflow_server::registry: registry.rs:217 IPC import timing: device_id=1 size_bytes=624427008 import_ms=3.49 (perf-t1)
2026-08-19T07:46:07.486668+00:00   INFO pegaflow_server::registry: registry.rs:217 IPC import timing: device_id=1 size_bytes=624427008 import_ms=3.44 (perf-t1)
2026-08-19T07:46:07.490319+00:00   INFO pegaflow_server::registry: registry.rs:217 IPC import timing: device_id=1 size_bytes=624427008 import_ms=3.15 (perf-t1)
2026-08-19T07:46:07.494448+00:00   INFO pegaflow_server::registry: registry.rs:217 IPC import timing: device_id=1 size_bytes=624427008 import_ms=3.61 (perf-t1)
2026-08-19T07:46:07.498369+00:00   INFO pegaflow_server::registry: registry.rs:217 IPC import timing: device_id=1 size_bytes=624427008 import_ms=3.42 (perf-t1)
2026-08-19T07:46:07.502259+00:00   INFO pegaflow_server::registry: registry.rs:217 IPC import timing: device_id=1 size_bytes=624427008 import_ms=3.40 (perf-t1)
2026-08-19T07:46:07.505911+00:00   INFO pegaflow_server::registry: registry.rs:217 IPC import timing: device_id=1 size_bytes=624427008 import_ms=3.13 (perf-t1)
2026-08-19T07:46:07.509757+00:00   INFO pegaflow_server::registry: registry.rs:217 IPC import timing: device_id=1 size_bytes=624427008 import_ms=3.35 (perf-t1)
2026-08-19T07:46:07.513672+00:00   INFO pegaflow_server::registry: registry.rs:217 IPC import timing: device_id=1 size_bytes=624427008 import_ms=3.39 (perf-t1)
2026-08-19T07:46:07.517386+00:00   INFO pegaflow_server::registry: registry.rs:217 IPC import timing: device_id=1 size_bytes=624427008 import_ms=3.17 (perf-t1)
2026-08-19T07:46:07.522504+00:00   INFO pegaflow_server::registry: registry.rs:217 IPC import timing: device_id=1 size_bytes=624427008 import_ms=4.60 (perf-t1)
2026-08-19T07:46:07.527993+00:00   INFO pegaflow_server::registry: registry.rs:217 IPC import timing: device_id=1 size_bytes=624427008 import_ms=4.94 (perf-t1)
2026-08-19T07:46:07.537667+00:00   INFO pegaflow_server::registry: registry.rs:217 IPC import timing: device_id=1 size_bytes=624427008 import_ms=9.12 (perf-t1)
2026-08-19T07:46:07.541317+00:00   INFO pegaflow_server::registry: registry.rs:217 IPC import timing: device_id=1 size_bytes=624427008 import_ms=3.14 (perf-t1)
2026-08-19T07:46:07.545053+00:00   INFO pegaflow_server::registry: registry.rs:217 IPC import timing: device_id=1 size_bytes=624427008 import_ms=3.23 (perf-t1)
2026-08-19T07:46:07.548684+00:00   INFO pegaflow_server::registry: registry.rs:217 IPC import timing: device_id=1 size_bytes=624427008 import_ms=3.10 (perf-t1)
2026-08-19T07:46:07.552394+00:00   INFO pegaflow_server::registry: registry.rs:217 IPC import timing: device_id=1 size_bytes=624427008 import_ms=3.20 (perf-t1)
2026-08-19T07:46:07.556643+00:00   INFO pegaflow_server::registry: registry.rs:217 IPC import timing: device_id=1 size_bytes=624427008 import_ms=3.52 (perf-t1)
2026-08-19T07:46:07.560473+00:00   INFO pegaflow_server::registry: registry.rs:217 IPC import timing: device_id=1 size_bytes=624427008 import_ms=3.27 (perf-t1)
2026-08-19T07:46:07.564075+00:00   INFO pegaflow_server::registry: registry.rs:217 IPC import timing: device_id=1 size_bytes=624427008 import_ms=3.09 (perf-t1)
2026-08-19T07:46:07.567829+00:00   INFO pegaflow_server::registry: registry.rs:217 IPC import timing: device_id=1 size_bytes=624427008 import_ms=3.22 (perf-t1)
2026-08-19T07:46:07.571620+00:00   INFO pegaflow_server::registry: registry.rs:217 IPC import timing: device_id=1 size_bytes=624427008 import_ms=3.24 (perf-t1)
2026-08-19T07:46:07.575263+00:00   INFO pegaflow_server::registry: registry.rs:217 IPC import timing: device_id=1 size_bytes=624427008 import_ms=3.12 (perf-t1)
2026-08-19T07:46:07.578954+00:00   INFO pegaflow_server::registry: registry.rs:217 IPC import timing: device_id=1 size_bytes=624427008 import_ms=3.19 (perf-t1)
2026-08-19T07:46:07.582629+00:00   INFO pegaflow_server::registry: registry.rs:217 IPC import timing: device_id=1 size_bytes=624427008 import_ms=3.14 (perf-t1)
2026-08-19T07:46:07.586365+00:00   INFO pegaflow_server::registry: registry.rs:217 IPC import timing: device_id=1 size_bytes=624427008 import_ms=3.18 (perf-t1)
2026-08-19T07:46:07.591645+00:00   INFO pegaflow_server::registry: registry.rs:217 IPC import timing: device_id=1 size_bytes=624427008 import_ms=4.75 (perf-t1)
2026-08-19T07:46:07.595529+00:00   INFO pegaflow_server::registry: registry.rs:217 IPC import timing: device_id=1 size_bytes=624427008 import_ms=3.31 (perf-t1)
2026-08-19T07:46:07.599249+00:00   INFO pegaflow_server::registry: registry.rs:217 IPC import timing: device_id=1 size_bytes=624427008 import_ms=3.19 (perf-t1)
2026-08-19T07:46:07.602902+00:00   INFO pegaflow_server::registry: registry.rs:217 IPC import timing: device_id=1 size_bytes=624427008 import_ms=3.13 (perf-t1)
2026-08-19T07:46:07.606663+00:00   INFO pegaflow_server::registry: registry.rs:217 IPC import timing: device_id=1 size_bytes=624427008 import_ms=3.22 (perf-t1)
2026-08-19T07:46:07.613622+00:00   INFO pegaflow_server::registry: registry.rs:217 IPC import timing: device_id=1 size_bytes=624427008 import_ms=6.41 (perf-t1)
2026-08-19T07:46:07.617379+00:00   INFO pegaflow_server::registry: registry.rs:217 IPC import timing: device_id=1 size_bytes=624427008 import_ms=3.24 (perf-t1)
2026-08-19T07:46:07.621071+00:00   INFO pegaflow_server::registry: registry.rs:217 IPC import timing: device_id=1 size_bytes=624427008 import_ms=3.17 (perf-t1)
2026-08-19T07:46:07.624883+00:00   INFO pegaflow_server::registry: registry.rs:217 IPC import timing: device_id=1 size_bytes=624427008 import_ms=3.27 (perf-t1)
2026-08-19T07:46:07.628602+00:00   INFO pegaflow_server::registry: registry.rs:217 IPC import timing: device_id=1 size_bytes=624427008 import_ms=3.21 (perf-t1)
2026-08-19T07:46:07.632253+00:00   INFO pegaflow_server::registry: registry.rs:217 IPC import timing: device_id=1 size_bytes=624427008 import_ms=3.15 (perf-t1)
2026-08-19T07:46:07.635967+00:00   INFO pegaflow_server::registry: registry.rs:217 IPC import timing: device_id=1 size_bytes=624427008 import_ms=3.18 (perf-t1)
2026-08-19T07:46:07.639632+00:00   INFO pegaflow_server::registry: registry.rs:217 IPC import timing: device_id=1 size_bytes=624427008 import_ms=3.15 (perf-t1)
2026-08-19T07:46:07.643382+00:00   INFO pegaflow_server::registry: registry.rs:217 IPC import timing: device_id=1 size_bytes=624427008 import_ms=3.16 (perf-t1)
2026-08-19T07:46:07.647230+00:00   INFO pegaflow_server::registry: registry.rs:217 IPC import timing: device_id=1 size_bytes=624427008 import_ms=3.31 (perf-t1)
2026-08-19T07:46:07.650932+00:00   INFO pegaflow_server::registry: registry.rs:217 IPC import timing: device_id=1 size_bytes=624427008 import_ms=3.19 (perf-t1)
2026-08-19T07:46:07.656445+00:00   INFO pegaflow_server::registry: registry.rs:217 IPC import timing: device_id=1 size_bytes=624427008 import_ms=5.01 (perf-t1)
2026-08-19T07:46:07.663542+00:00   INFO pegaflow_server::registry: registry.rs:217 IPC import timing: device_id=1 size_bytes=624427008 import_ms=6.55 (perf-t1)
2026-08-19T07:46:07.667301+00:00   INFO pegaflow_server::registry: registry.rs:217 IPC import timing: device_id=1 size_bytes=624427008 import_ms=3.25 (perf-t1)
2026-08-19T07:46:07.670988+00:00   INFO pegaflow_server::registry: registry.rs:217 IPC import timing: device_id=1 size_bytes=624427008 import_ms=3.19 (perf-t1)
2026-08-19T07:46:07.674542+00:00   INFO pegaflow_server::registry: registry.rs:217 IPC import timing: device_id=1 size_bytes=624427008 import_ms=3.02 (perf-t1)
2026-08-19T07:46:07.678220+00:00   INFO pegaflow_server::registry: registry.rs:217 IPC import timing: device_id=1 size_bytes=624427008 import_ms=3.17 (perf-t1)
2026-08-19T07:46:07.681854+00:00   INFO pegaflow_server::registry: registry.rs:217 IPC import timing: device_id=1 size_bytes=624427008 import_ms=3.14 (perf-t1)
2026-08-19T07:46:07.685446+00:00   INFO pegaflow_server::registry: registry.rs:217 IPC import timing: device_id=1 size_bytes=624427008 import_ms=3.07 (perf-t1)
2026-08-19T07:46:07.689064+00:00   INFO pegaflow_server::registry: registry.rs:217 IPC import timing: device_id=1 size_bytes=624427008 import_ms=3.13 (perf-t1)
2026-08-19T07:46:07.692532+00:00   INFO pegaflow_server::registry: registry.rs:217 IPC import timing: device_id=1 size_bytes=624427008 import_ms=2.98 (perf-t1)
2026-08-19T07:46:07.699743+00:00   INFO pegaflow_server::registry: registry.rs:217 IPC import timing: device_id=1 size_bytes=624427008 import_ms=6.70 (perf-t1)
2026-08-19T07:46:07.703388+00:00   INFO pegaflow_server::registry: registry.rs:217 IPC import timing: device_id=1 size_bytes=624427008 import_ms=3.16 (perf-t1)
2026-08-19T07:46:07.707327+00:00   INFO pegaflow_server::registry: registry.rs:217 IPC import timing: device_id=2 size_bytes=624427008 import_ms=3.25 (perf-t1)
2026-08-19T07:46:07.707699+00:00   INFO pegaflow_core::gpu_worker: gpu_worker.rs:338 GPU worker initialized: device=1 backend=ascend_batch device_id=1
2026-08-19T07:46:07.708278+00:00   INFO pegaflow_core::gpu_worker: gpu_worker.rs:338 GPU worker initialized: device=1 backend=ascend_batch device_id=1
2026-08-19T07:46:07.708493+00:00   INFO pegaflow_core::gpu_worker: gpu_worker.rs:200 GPU worker pool started: device=1, numa_node=NUMA0, transfer_mode=AscendDirect
2026-08-19T07:46:07.709151+00:00   INFO pegaflow_core::instance: instance.rs:706 Sealed instance topology: instance=e5b7dd6b-02e2-4eaf-9099-067b00350509-e9fba6dc8c37458fbbe489d55bc11c27, num_layers=72, tp_size=1, world_size=1, total_slots=72
2026-08-19T07:46:07.709202+00:00   INFO pegaflow_core::instance: instance.rs:719 Initialized GPU context: device_id=1, numa_node=NUMA0
2026-08-19T07:46:07.709229+00:00   INFO pegaflow_core: lib.rs:452 Registered context batch: instance=e5b7dd6b-02e2-4eaf-9099-067b00350509-e9fba6dc8c37458fbbe489d55bc11c27, namespace=perf-t5-c-iso-c2-1, device=1, layers=72, tp_rank=0/1, pp_rank=0
2026-08-19T07:46:07.713895+00:00   INFO pegaflow_server::registry: registry.rs:217 IPC import timing: device_id=2 size_bytes=624427008 import_ms=6.03 (perf-t1)
2026-08-19T07:46:07.717951+00:00   INFO pegaflow_server::registry: registry.rs:217 IPC import timing: device_id=2 size_bytes=624427008 import_ms=3.54 (perf-t1)
2026-08-19T07:46:07.721965+00:00   INFO pegaflow_server::registry: registry.rs:217 IPC import timing: device_id=2 size_bytes=624427008 import_ms=3.50 (perf-t1)
2026-08-19T07:46:07.725799+00:00   INFO pegaflow_server::registry: registry.rs:217 IPC import timing: device_id=2 size_bytes=624427008 import_ms=3.28 (perf-t1)
2026-08-19T07:46:07.729672+00:00   INFO pegaflow_server::registry: registry.rs:217 IPC import timing: device_id=2 size_bytes=624427008 import_ms=3.36 (perf-t1)
2026-08-19T07:46:07.733303+00:00   INFO pegaflow_server::registry: registry.rs:217 IPC import timing: device_id=2 size_bytes=624427008 import_ms=3.14 (perf-t1)
2026-08-19T07:46:07.737110+00:00   INFO pegaflow_server::registry: registry.rs:217 IPC import timing: device_id=2 size_bytes=624427008 import_ms=3.24 (perf-t1)
2026-08-19T07:46:07.740972+00:00   INFO pegaflow_server::registry: registry.rs:217 IPC import timing: device_id=2 size_bytes=624427008 import_ms=3.31 (perf-t1)
2026-08-19T07:46:07.744875+00:00   INFO pegaflow_server::registry: registry.rs:217 IPC import timing: device_id=2 size_bytes=624427008 import_ms=3.32 (perf-t1)
2026-08-19T07:46:07.748816+00:00   INFO pegaflow_server::registry: registry.rs:217 IPC import timing: device_id=2 size_bytes=624427008 import_ms=3.36 (perf-t1)
2026-08-19T07:46:07.752636+00:00   INFO pegaflow_server::registry: registry.rs:217 IPC import timing: device_id=2 size_bytes=624427008 import_ms=3.28 (perf-t1)
2026-08-19T07:46:07.756379+00:00   INFO pegaflow_server::registry: registry.rs:217 IPC import timing: device_id=2 size_bytes=624427008 import_ms=3.25 (perf-t1)
2026-08-19T07:46:07.760192+00:00   INFO pegaflow_server::registry: registry.rs:217 IPC import timing: device_id=2 size_bytes=624427008 import_ms=3.28 (perf-t1)
2026-08-19T07:46:07.764375+00:00   INFO pegaflow_server::registry: registry.rs:217 IPC import timing: device_id=2 size_bytes=624427008 import_ms=3.67 (perf-t1)
2026-08-19T07:46:07.767959+00:00   INFO pegaflow_server::registry: registry.rs:217 IPC import timing: device_id=2 size_bytes=624427008 import_ms=3.06 (perf-t1)
2026-08-19T07:46:07.771566+00:00   INFO pegaflow_server::registry: registry.rs:217 IPC import timing: device_id=2 size_bytes=624427008 import_ms=3.08 (perf-t1)
2026-08-19T07:46:07.775167+00:00   INFO pegaflow_server::registry: registry.rs:217 IPC import timing: device_id=2 size_bytes=624427008 import_ms=3.09 (perf-t1)
2026-08-19T07:46:07.778789+00:00   INFO pegaflow_server::registry: registry.rs:217 IPC import timing: device_id=2 size_bytes=624427008 import_ms=3.13 (perf-t1)
2026-08-19T07:46:07.782418+00:00   INFO pegaflow_server::registry: registry.rs:217 IPC import timing: device_id=2 size_bytes=624427008 import_ms=3.10 (perf-t1)
2026-08-19T07:46:07.786013+00:00   INFO pegaflow_server::registry: registry.rs:217 IPC import timing: device_id=2 size_bytes=624427008 import_ms=3.03 (perf-t1)
2026-08-19T07:46:07.789660+00:00   INFO pegaflow_server::registry: registry.rs:217 IPC import timing: device_id=2 size_bytes=624427008 import_ms=3.14 (perf-t1)
2026-08-19T07:46:07.793351+00:00   INFO pegaflow_server::registry: registry.rs:217 IPC import timing: device_id=2 size_bytes=624427008 import_ms=3.16 (perf-t1)
2026-08-19T07:46:07.796997+00:00   INFO pegaflow_server::registry: registry.rs:217 IPC import timing: device_id=2 size_bytes=624427008 import_ms=3.13 (perf-t1)
2026-08-19T07:46:07.800678+00:00   INFO pegaflow_server::registry: registry.rs:217 IPC import timing: device_id=2 size_bytes=624427008 import_ms=3.18 (perf-t1)
2026-08-19T07:46:07.804576+00:00   INFO pegaflow_server::registry: registry.rs:217 IPC import timing: device_id=2 size_bytes=624427008 import_ms=3.36 (perf-t1)
2026-08-19T07:46:07.808245+00:00   INFO pegaflow_server::registry: registry.rs:217 IPC import timing: device_id=2 size_bytes=624427008 import_ms=3.17 (perf-t1)
2026-08-19T07:46:07.812279+00:00   INFO pegaflow_server::registry: registry.rs:217 IPC import timing: device_id=2 size_bytes=624427008 import_ms=3.53 (perf-t1)
2026-08-19T07:46:07.816025+00:00   INFO pegaflow_server::registry: registry.rs:217 IPC import timing: device_id=2 size_bytes=624427008 import_ms=3.20 (perf-t1)
2026-08-19T07:46:07.821324+00:00   INFO pegaflow_server::registry: registry.rs:217 IPC import timing: device_id=2 size_bytes=624427008 import_ms=4.74 (perf-t1)
2026-08-19T07:46:07.825529+00:00   INFO pegaflow_server::registry: registry.rs:217 IPC import timing: device_id=2 size_bytes=624427008 import_ms=3.71 (perf-t1)
2026-08-19T07:46:07.829257+00:00   INFO pegaflow_server::registry: registry.rs:217 IPC import timing: device_id=2 size_bytes=624427008 import_ms=3.20 (perf-t1)
2026-08-19T07:46:07.833232+00:00   INFO pegaflow_server::registry: registry.rs:217 IPC import timing: device_id=2 size_bytes=624427008 import_ms=3.48 (perf-t1)
2026-08-19T07:46:07.836886+00:00   INFO pegaflow_server::registry: registry.rs:217 IPC import timing: device_id=2 size_bytes=624427008 import_ms=3.14 (perf-t1)
2026-08-19T07:46:07.840697+00:00   INFO pegaflow_server::registry: registry.rs:217 IPC import timing: device_id=2 size_bytes=624427008 import_ms=3.28 (perf-t1)
2026-08-19T07:46:07.844536+00:00   INFO pegaflow_server::registry: registry.rs:217 IPC import timing: device_id=2 size_bytes=624427008 import_ms=3.33 (perf-t1)
2026-08-19T07:46:07.848275+00:00   INFO pegaflow_server::registry: registry.rs:217 IPC import timing: device_id=2 size_bytes=624427008 import_ms=3.23 (perf-t1)
2026-08-19T07:46:07.852083+00:00   INFO pegaflow_server::registry: registry.rs:217 IPC import timing: device_id=2 size_bytes=624427008 import_ms=3.25 (perf-t1)
2026-08-19T07:46:07.855737+00:00   INFO pegaflow_server::registry: registry.rs:217 IPC import timing: device_id=2 size_bytes=624427008 import_ms=3.13 (perf-t1)
2026-08-19T07:46:07.859366+00:00   INFO pegaflow_server::registry: registry.rs:217 IPC import timing: device_id=2 size_bytes=624427008 import_ms=3.13 (perf-t1)
2026-08-19T07:46:07.863274+00:00   INFO pegaflow_server::registry: registry.rs:217 IPC import timing: device_id=2 size_bytes=624427008 import_ms=3.38 (perf-t1)
2026-08-19T07:46:07.866936+00:00   INFO pegaflow_server::registry: registry.rs:217 IPC import timing: device_id=2 size_bytes=624427008 import_ms=3.14 (perf-t1)
2026-08-19T07:46:07.870539+00:00   INFO pegaflow_server::registry: registry.rs:217 IPC import timing: device_id=2 size_bytes=624427008 import_ms=3.11 (perf-t1)
2026-08-19T07:46:07.874171+00:00   INFO pegaflow_server::registry: registry.rs:217 IPC import timing: device_id=2 size_bytes=624427008 import_ms=3.13 (perf-t1)
2026-08-19T07:46:07.878056+00:00   INFO pegaflow_server::registry: registry.rs:217 IPC import timing: device_id=2 size_bytes=624427008 import_ms=3.36 (perf-t1)
2026-08-19T07:46:07.883070+00:00   INFO pegaflow_server::registry: registry.rs:217 IPC import timing: device_id=2 size_bytes=624427008 import_ms=4.51 (perf-t1)
2026-08-19T07:46:07.886847+00:00   INFO pegaflow_server::registry: registry.rs:217 IPC import timing: device_id=2 size_bytes=624427008 import_ms=3.27 (perf-t1)
2026-08-19T07:46:07.890505+00:00   INFO pegaflow_server::registry: registry.rs:217 IPC import timing: device_id=2 size_bytes=624427008 import_ms=3.13 (perf-t1)
2026-08-19T07:46:07.894181+00:00   INFO pegaflow_server::registry: registry.rs:217 IPC import timing: device_id=2 size_bytes=624427008 import_ms=3.18 (perf-t1)
2026-08-19T07:46:07.897861+00:00   INFO pegaflow_server::registry: registry.rs:217 IPC import timing: device_id=2 size_bytes=624427008 import_ms=3.17 (perf-t1)
2026-08-19T07:46:07.905078+00:00   INFO pegaflow_server::registry: registry.rs:217 IPC import timing: device_id=2 size_bytes=624427008 import_ms=6.68 (perf-t1)
2026-08-19T07:46:07.911158+00:00   INFO pegaflow_server::registry: registry.rs:217 IPC import timing: device_id=2 size_bytes=624427008 import_ms=5.57 (perf-t1)
2026-08-19T07:46:07.915437+00:00   INFO pegaflow_server::registry: registry.rs:217 IPC import timing: device_id=2 size_bytes=624427008 import_ms=3.78 (perf-t1)
2026-08-19T07:46:07.919181+00:00   INFO pegaflow_server::registry: registry.rs:217 IPC import timing: device_id=2 size_bytes=624427008 import_ms=3.21 (perf-t1)
2026-08-19T07:46:07.922837+00:00   INFO pegaflow_server::registry: registry.rs:217 IPC import timing: device_id=2 size_bytes=624427008 import_ms=3.14 (perf-t1)
2026-08-19T07:46:07.926716+00:00   INFO pegaflow_server::registry: registry.rs:217 IPC import timing: device_id=2 size_bytes=624427008 import_ms=3.37 (perf-t1)
2026-08-19T07:46:07.930380+00:00   INFO pegaflow_server::registry: registry.rs:217 IPC import timing: device_id=2 size_bytes=624427008 import_ms=3.12 (perf-t1)
2026-08-19T07:46:07.934136+00:00   INFO pegaflow_server::registry: registry.rs:217 IPC import timing: device_id=2 size_bytes=624427008 import_ms=3.16 (perf-t1)
2026-08-19T07:46:07.937745+00:00   INFO pegaflow_server::registry: registry.rs:217 IPC import timing: device_id=2 size_bytes=624427008 import_ms=3.10 (perf-t1)
2026-08-19T07:46:07.941379+00:00   INFO pegaflow_server::registry: registry.rs:217 IPC import timing: device_id=2 size_bytes=624427008 import_ms=3.10 (perf-t1)
2026-08-19T07:46:07.945013+00:00   INFO pegaflow_server::registry: registry.rs:217 IPC import timing: device_id=2 size_bytes=624427008 import_ms=3.13 (perf-t1)
2026-08-19T07:46:07.949864+00:00   INFO pegaflow_server::registry: registry.rs:217 IPC import timing: device_id=2 size_bytes=624427008 import_ms=4.35 (perf-t1)
2026-08-19T07:46:07.953807+00:00   INFO pegaflow_server::registry: registry.rs:217 IPC import timing: device_id=2 size_bytes=624427008 import_ms=3.41 (perf-t1)
2026-08-19T07:46:07.957557+00:00   INFO pegaflow_server::registry: registry.rs:217 IPC import timing: device_id=2 size_bytes=624427008 import_ms=3.25 (perf-t1)
2026-08-19T07:46:07.961309+00:00   INFO pegaflow_server::registry: registry.rs:217 IPC import timing: device_id=2 size_bytes=624427008 import_ms=3.25 (perf-t1)
2026-08-19T07:46:07.965117+00:00   INFO pegaflow_server::registry: registry.rs:217 IPC import timing: device_id=2 size_bytes=624427008 import_ms=3.29 (perf-t1)
2026-08-19T07:46:07.968740+00:00   INFO pegaflow_server::registry: registry.rs:217 IPC import timing: device_id=2 size_bytes=624427008 import_ms=3.14 (perf-t1)
2026-08-19T07:46:07.972402+00:00   INFO pegaflow_server::registry: registry.rs:217 IPC import timing: device_id=2 size_bytes=624427008 import_ms=3.16 (perf-t1)
2026-08-19T07:46:07.976104+00:00   INFO pegaflow_server::registry: registry.rs:217 IPC import timing: device_id=2 size_bytes=624427008 import_ms=3.17 (perf-t1)
2026-08-19T07:46:07.979640+00:00   INFO pegaflow_server::registry: registry.rs:217 IPC import timing: device_id=2 size_bytes=624427008 import_ms=3.01 (perf-t1)
2026-08-19T07:46:07.983282+00:00   INFO pegaflow_server::registry: registry.rs:217 IPC import timing: device_id=2 size_bytes=624427008 import_ms=3.15 (perf-t1)
2026-08-19T07:46:07.986997+00:00   INFO pegaflow_server::registry: registry.rs:217 IPC import timing: device_id=2 size_bytes=624427008 import_ms=3.13 (perf-t1)
2026-08-19T07:46:07.990944+00:00   INFO pegaflow_core::gpu_worker: gpu_worker.rs:338 GPU worker initialized: device=2 backend=ascend_batch device_id=2
2026-08-19T07:46:07.991360+00:00   INFO pegaflow_core::gpu_worker: gpu_worker.rs:338 GPU worker initialized: device=2 backend=ascend_batch device_id=2
2026-08-19T07:46:07.991542+00:00   INFO pegaflow_core::gpu_worker: gpu_worker.rs:200 GPU worker pool started: device=2, numa_node=NUMA6, transfer_mode=AscendDirect
2026-08-19T07:46:07.992194+00:00   INFO pegaflow_core::instance: instance.rs:706 Sealed instance topology: instance=4e0807dd-4b0a-483d-b17f-22c6ef6f8bdf-3c6e0f7287a8435dbbf5db7b55b4dc9b, num_layers=72, tp_size=1, world_size=1, total_slots=72
2026-08-19T07:46:07.992245+00:00   INFO pegaflow_core::instance: instance.rs:719 Initialized GPU context: device_id=2, numa_node=NUMA6
2026-08-19T07:46:07.992272+00:00   INFO pegaflow_core: lib.rs:452 Registered context batch: instance=4e0807dd-4b0a-483d-b17f-22c6ef6f8bdf-3c6e0f7287a8435dbbf5db7b55b4dc9b, namespace=perf-t5-c-iso-c2-2, device=2, layers=72, tp_rank=0/1, pp_rank=0
2026-08-19T07:46:17.922629+00:00   INFO pegaflow_server::service: service.rs:931 Session opened: instance_id=3c25d945-c104-414c-9557-803b3c6c1edc-aed8e8a19ba44fd093151aa38aca904d namespace=perf-t5-c-iso-c2-3 tp_size=1 world_size=1 token=1
2026-08-19T07:46:25.933606+00:00   INFO pegaflow_server::service: service.rs:931 Session opened: instance_id=0daf4f66-3da2-466f-9b0d-3ed0e3d8005a-c1bd0f6a1cf34105b7fa40863dd78cca namespace=perf-t5-c-iso-c2-0 tp_size=1 world_size=1 token=2
2026-08-19T07:46:28.415339+00:00   INFO pegaflow_server::service: service.rs:931 Session opened: instance_id=e5b7dd6b-02e2-4eaf-9099-067b00350509-e9fba6dc8c37458fbbe489d55bc11c27 namespace=perf-t5-c-iso-c2-1 tp_size=1 world_size=1 token=3
2026-08-19T07:46:30.377226+00:00   INFO pegaflow_server::service: service.rs:931 Session opened: instance_id=4e0807dd-4b0a-483d-b17f-22c6ef6f8bdf-3c6e0f7287a8435dbbf5db7b55b4dc9b namespace=perf-t5-c-iso-c2-2 tp_size=1 world_size=1 token=4
2026-08-19T07:46:37.460356+00:00   INFO pegaflow_core::storage::prefetch: prefetch.rs:316 Prefetch local-hit timing: req_id=cmpl-perf-99e02768b40e-0-9c3dd35b total_keys=76 hit=0 missing=76 key_build=54.291µs cache_scan=21.37µs task_schedule=6.831µs total=198.404µs
2026-08-19T07:47:11.265325+00:00   INFO pegaflow_core::storage::prefetch: prefetch.rs:316 Prefetch local-hit timing: req_id=cmpl-perf-56920f1c5d8e-0-a49f0e83 total_keys=76 hit=0 missing=76 key_build=54.211µs cache_scan=14.661µs task_schedule=5.8µs total=103.402µs
2026-08-19T07:47:13.833171+00:00   INFO pegaflow_core::storage::prefetch: prefetch.rs:316 Prefetch local-hit timing: req_id=cmpl-perf-129a43b7e112-0-a00e70f2 total_keys=76 hit=0 missing=76 key_build=44.131µs cache_scan=20.43µs task_schedule=6.45µs total=98.412µs
2026-08-19T07:47:16.385679+00:00   INFO pegaflow_core::storage::prefetch: prefetch.rs:316 Prefetch local-hit timing: req_id=cmpl-perf-d4f9a0e46a75-0-b35be096 total_keys=76 hit=0 missing=76 key_build=41.941µs cache_scan=20.761µs task_schedule=6.26µs total=96.312µs
2026-08-19T07:47:25.982454+00:00   INFO pegaflow_core::storage::prefetch: prefetch.rs:316 Prefetch local-hit timing: req_id=cmpl-perf-65766c105eaf-0-aaf6cf08 total_keys=1 hit=0 missing=1 key_build=6.86µs cache_scan=9.34µs task_schedule=5.89µs total=41.221µs
2026-08-19T07:47:27.739771+00:00   INFO pegaflow_core::storage::prefetch: prefetch.rs:316 Prefetch local-hit timing: req_id=cmpl-perf-060a811e6764-0-9ca77243 total_keys=1 hit=0 missing=1 key_build=9.26µs cache_scan=21.52µs task_schedule=6.981µs total=64.441µs
2026-08-19T07:47:29.509912+00:00   INFO pegaflow_core::storage::prefetch: prefetch.rs:316 Prefetch local-hit timing: req_id=cmpl-perf-71b8104b8ac8-0-b2ff0075 total_keys=1 hit=0 missing=1 key_build=9µs cache_scan=19.961µs task_schedule=6.05µs total=69.142µs
2026-08-19T07:47:31.286868+00:00   INFO pegaflow_core::storage::prefetch: prefetch.rs:316 Prefetch local-hit timing: req_id=cmpl-perf-af2db5aab6c3-0-aad8d0cb total_keys=1 hit=0 missing=1 key_build=8.96µs cache_scan=17.521µs task_schedule=6.71µs total=60.151µs
2026-08-19T07:47:36.139605+00:00   INFO pegaflow_server::service: service.rs:955 Session closed: instance_id=3c25d945-c104-414c-9557-803b3c6c1edc-aed8e8a19ba44fd093151aa38aca904d token=1 — running cleanup
2026-08-19T07:47:36.738063+00:00   INFO pegaflow_core: lib.rs:471 Unregistered instance: 3c25d945-c104-414c-9557-803b3c6c1edc-aed8e8a19ba44fd093151aa38aca904d
2026-08-19T07:47:37.452714+00:00   INFO pegaflow_server::service: service.rs:955 Session closed: instance_id=e5b7dd6b-02e2-4eaf-9099-067b00350509-e9fba6dc8c37458fbbe489d55bc11c27 token=3 — running cleanup
2026-08-19T07:47:38.050957+00:00   INFO pegaflow_core: lib.rs:471 Unregistered instance: e5b7dd6b-02e2-4eaf-9099-067b00350509-e9fba6dc8c37458fbbe489d55bc11c27
2026-08-19T07:47:38.770109+00:00   INFO pegaflow_server::service: service.rs:955 Session closed: instance_id=0daf4f66-3da2-466f-9b0d-3ed0e3d8005a-c1bd0f6a1cf34105b7fa40863dd78cca token=2 — running cleanup
2026-08-19T07:47:39.435834+00:00   INFO pegaflow_server::service: service.rs:59 Session cleanup (stream closed): dropped 72 device tensors for instance 0daf4f66-3da2-466f-9b0d-3ed0e3d8005a-c1bd0f6a1cf34105b7fa40863dd78cca
2026-08-19T07:47:39.436090+00:00   INFO pegaflow_core: lib.rs:471 Unregistered instance: 0daf4f66-3da2-466f-9b0d-3ed0e3d8005a-c1bd0f6a1cf34105b7fa40863dd78cca
2026-08-19T07:47:40.036300+00:00   INFO pegaflow_server::service: service.rs:955 Session closed: instance_id=4e0807dd-4b0a-483d-b17f-22c6ef6f8bdf-3c6e0f7287a8435dbbf5db7b55b4dc9b token=4 — running cleanup
2026-08-19T07:47:40.722898+00:00   INFO pegaflow_server::service: service.rs:59 Session cleanup (stream closed): dropped 72 device tensors for instance 4e0807dd-4b0a-483d-b17f-22c6ef6f8bdf-3c6e0f7287a8435dbbf5db7b55b4dc9b
2026-08-19T07:47:40.723166+00:00   INFO pegaflow_core: lib.rs:471 Unregistered instance: 4e0807dd-4b0a-483d-b17f-22c6ef6f8bdf-3c6e0f7287a8435dbbf5db7b55b4dc9b
