2026-08-19T08:57:02.567382+00:00   INFO pegaflow_server: lib.rs:480 Starting pega-engine-server v0.23.3
2026-08-19T08:57:03.437265+00:00   INFO pegaflow_server: lib.rs:319 Ascend ACL runtime initialized, device 0 set as current
2026-08-19T08:57:03.440701+00:00   INFO pegaflow_server::check_ascend_version: check_ascend_version.rs:40 Ascend preflight: minimum required version 1.16.0
2026-08-19T08:57:03.440810+00:00   INFO pegaflow_server::check_ascend_version: check_ascend_version.rs:52 Ascend preflight: runtime version 1.17.0 detected
2026-08-19T08:57:03.440853+00:00   INFO pegaflow_server: lib.rs:498 Using specified device(s): [0, 1, 2, 3]
2026-08-19T08:57:12.683430+00:00   INFO pegaflow_server: lib.rs:397 Initialized context for device 0 in 0.01s
2026-08-19T08:57:13.444645+00:00   INFO pegaflow_server: lib.rs:397 Initialized context for device 1 in 0.76s
2026-08-19T08:57:14.198111+00:00   INFO pegaflow_server: lib.rs:397 Initialized context for device 2 in 0.75s
2026-08-19T08:57:14.940491+00:00   INFO pegaflow_server: lib.rs:397 Initialized context for device 3 in 0.74s
2026-08-19T08:57:14.940728+00:00   INFO pegaflow_server: lib.rs:507 Device runtime initialized for 4 device(s): [0, 1, 2, 3]
2026-08-19T08:57:14.941070+00:00   INFO pegaflow_server: lib.rs:528 Creating PegaEngine with pinned memory pool: 16.00 GiB (17179869184 bytes), hugepages=false
2026-08-19T08:57:14.969923+00:00   INFO pegaflow_server: lib.rs:446 Prometheus metrics exporter enabled
2026-08-19T08:57:14.970231+00:00   INFO opentelemetry: metrics.rs:29  name="MeterProvider.GlobalSet" message=Global meter provider is set. Meters can now be created using global::meter() or global::meter_with_scope().
2026-08-19T08:57:20.360547+00:00   INFO pegaflow_common::numa: numa.rs:650 === Device-NUMA Topology ===
2026-08-19T08:57:20.360721+00:00   INFO pegaflow_common::numa: numa.rs:651 NUMA nodes: 8
2026-08-19T08:57:20.360769+00:00   INFO pegaflow_common::numa: numa.rs:659   Device 0 -> NUMA6
2026-08-19T08:57:20.360792+00:00   INFO pegaflow_common::numa: numa.rs:659   Device 1 -> NUMA0
2026-08-19T08:57:20.360812+00:00   INFO pegaflow_common::numa: numa.rs:659   Device 2 -> NUMA6
2026-08-19T08:57:20.360832+00:00   INFO pegaflow_common::numa: numa.rs:659   Device 3 -> NUMA0
2026-08-19T08:57:20.360851+00:00   INFO pegaflow_common::numa: numa.rs:659   Device 4 -> NUMA4
2026-08-19T08:57:20.360870+00:00   INFO pegaflow_common::numa: numa.rs:659   Device 5 -> NUMA2
2026-08-19T08:57:20.360888+00:00   INFO pegaflow_common::numa: numa.rs:659   Device 6 -> NUMA4
2026-08-19T08:57:20.360906+00:00   INFO pegaflow_common::numa: numa.rs:659   Device 7 -> NUMA2
2026-08-19T08:57:20.360971+00:00   INFO pegaflow_core: lib.rs:163 Auto-enabling NUMA-aware memory allocation for 4 GPU-local NUMA nodes (8 CPU NUMA nodes detected)
2026-08-19T08:57:20.360997+00:00   INFO pegaflow_core::storage: mod.rs:150 Creating NUMA-aware pinned pools for 4 nodes
2026-08-19T08:57:20.361032+00:00   INFO pegaflow_core::pinned_pool: pinned_pool.rs:547 Creating NUMA-aware pools: total=16.0 GiB, nodes=4, per_node=4.0 GiB, shards_per_node=1
2026-08-19T08:57:20.362512+00:00   INFO pegaflow_core::pinned_pool: pinned_pool.rs:203 Allocating pinned memory pool with aclrtMallocHost mapped pages
2026-08-19T08:57:20.362704+00:00   INFO pegaflow_core::pinned_pool: pinned_pool.rs:262 Ascend pinned pool on NUMA node NUMA0 → using device 3
2026-08-19T08:57:20.534773+00:00   INFO pegaflow_core::pinned_pool: pinned_pool.rs:213 Pinned pool: backing_size=4.0 GiB, unit_size=512 B, max_units=8388608, allocatable_size=4.0 GiB
2026-08-19T08:57:20.879935+00:00   INFO pegaflow_core::pinned_pool: pinned_pool.rs:580 Created pinned pool on NUMA0: capacity=4.0 GiB
2026-08-19T08:57:20.880936+00:00   INFO pegaflow_core::pinned_pool: pinned_pool.rs:203 Allocating pinned memory pool with aclrtMallocHost mapped pages
2026-08-19T08:57:20.881108+00:00   INFO pegaflow_core::pinned_pool: pinned_pool.rs:262 Ascend pinned pool on NUMA node NUMA2 → using device 5
2026-08-19T08:57:21.792440+00:00   INFO pegaflow_core::pinned_pool: pinned_pool.rs:213 Pinned pool: backing_size=4.0 GiB, unit_size=512 B, max_units=8388608, allocatable_size=4.0 GiB
2026-08-19T08:57:22.137261+00:00   INFO pegaflow_core::pinned_pool: pinned_pool.rs:580 Created pinned pool on NUMA2: capacity=4.0 GiB
2026-08-19T08:57:22.138499+00:00   INFO pegaflow_core::pinned_pool: pinned_pool.rs:203 Allocating pinned memory pool with aclrtMallocHost mapped pages
2026-08-19T08:57:22.138566+00:00   INFO pegaflow_core::pinned_pool: pinned_pool.rs:262 Ascend pinned pool on NUMA node NUMA4 → using device 6
2026-08-19T08:57:23.036779+00:00   INFO pegaflow_core::pinned_pool: pinned_pool.rs:213 Pinned pool: backing_size=4.0 GiB, unit_size=512 B, max_units=8388608, allocatable_size=4.0 GiB
2026-08-19T08:57:23.373448+00:00   INFO pegaflow_core::pinned_pool: pinned_pool.rs:580 Created pinned pool on NUMA4: capacity=4.0 GiB
2026-08-19T08:57:23.374771+00:00   INFO pegaflow_core::pinned_pool: pinned_pool.rs:203 Allocating pinned memory pool with aclrtMallocHost mapped pages
2026-08-19T08:57:23.374958+00:00   INFO pegaflow_core::pinned_pool: pinned_pool.rs:262 Ascend pinned pool on NUMA node NUMA6 → using device 0
2026-08-19T08:57:23.539591+00:00   INFO pegaflow_core::pinned_pool: pinned_pool.rs:213 Pinned pool: backing_size=4.0 GiB, unit_size=512 B, max_units=8388608, allocatable_size=4.0 GiB
2026-08-19T08:57:23.874851+00:00   INFO pegaflow_core::pinned_pool: pinned_pool.rs:580 Created pinned pool on NUMA6: capacity=4.0 GiB
2026-08-19T08:57:23.875785+00:00   INFO pegaflow_server: lib.rs:688 Background GC task started (interval=60s, inflight_max_age=5m, failed_remote_max_age=5m)
2026-08-19T08:57:23.876283+00:00   INFO pegaflow_server::http_server: http_server.rs:187 Starting HTTP server on 0.0.0.0:9091 (/health, /metrics, /instances, /instances/cleanup, /cache/memory/cleanup)
2026-08-19T08:57:23.876426+00:00   INFO pegaflow_server: lib.rs:716 PegaEngine gRPC server listening on 0.0.0.0:50080
2026-08-19T08:59:24.785643+00:00   INFO pegaflow_server::registry: registry.rs:217 IPC import timing: device_id=3 size_bytes=624689152 import_ms=11.72 (perf-t1)
2026-08-19T08:59:24.790825+00:00   INFO pegaflow_server::registry: registry.rs:217 IPC import timing: device_id=3 size_bytes=624689152 import_ms=3.14 (perf-t1)
2026-08-19T08:59:24.794649+00:00   INFO pegaflow_server::registry: registry.rs:217 IPC import timing: device_id=3 size_bytes=624689152 import_ms=3.22 (perf-t1)
2026-08-19T08:59:24.798556+00:00   INFO pegaflow_server::registry: registry.rs:217 IPC import timing: device_id=3 size_bytes=624689152 import_ms=3.36 (perf-t1)
2026-08-19T08:59:24.802536+00:00   INFO pegaflow_server::registry: registry.rs:217 IPC import timing: device_id=3 size_bytes=624689152 import_ms=3.30 (perf-t1)
2026-08-19T08:59:24.807774+00:00   INFO pegaflow_server::registry: registry.rs:217 IPC import timing: device_id=3 size_bytes=624689152 import_ms=4.68 (perf-t1)
2026-08-19T08:59:24.811595+00:00   INFO pegaflow_server::registry: registry.rs:217 IPC import timing: device_id=3 size_bytes=624689152 import_ms=3.21 (perf-t1)
2026-08-19T08:59:24.815393+00:00   INFO pegaflow_server::registry: registry.rs:217 IPC import timing: device_id=3 size_bytes=624689152 import_ms=3.16 (perf-t1)
2026-08-19T08:59:24.820642+00:00   INFO pegaflow_server::registry: registry.rs:217 IPC import timing: device_id=3 size_bytes=624689152 import_ms=4.65 (perf-t1)
2026-08-19T08:59:24.824484+00:00   INFO pegaflow_server::registry: registry.rs:217 IPC import timing: device_id=3 size_bytes=624689152 import_ms=3.24 (perf-t1)
2026-08-19T08:59:24.829707+00:00   INFO pegaflow_server::registry: registry.rs:217 IPC import timing: device_id=3 size_bytes=624689152 import_ms=3.36 (perf-t1)
2026-08-19T08:59:24.833878+00:00   INFO pegaflow_server::registry: registry.rs:217 IPC import timing: device_id=3 size_bytes=624689152 import_ms=3.47 (perf-t1)
2026-08-19T08:59:24.837979+00:00   INFO pegaflow_server::registry: registry.rs:217 IPC import timing: device_id=3 size_bytes=624689152 import_ms=3.35 (perf-t1)
2026-08-19T08:59:24.841956+00:00   INFO pegaflow_server::registry: registry.rs:217 IPC import timing: device_id=3 size_bytes=624689152 import_ms=3.30 (perf-t1)
2026-08-19T08:59:24.845788+00:00   INFO pegaflow_server::registry: registry.rs:217 IPC import timing: device_id=3 size_bytes=624689152 import_ms=3.20 (perf-t1)
2026-08-19T08:59:24.849809+00:00   INFO pegaflow_server::registry: registry.rs:217 IPC import timing: device_id=3 size_bytes=624689152 import_ms=3.30 (perf-t1)
2026-08-19T08:59:24.858158+00:00   INFO pegaflow_server::registry: registry.rs:217 IPC import timing: device_id=3 size_bytes=624689152 import_ms=7.58 (perf-t1)
2026-08-19T08:59:24.862063+00:00   INFO pegaflow_server::registry: registry.rs:217 IPC import timing: device_id=3 size_bytes=624689152 import_ms=3.24 (perf-t1)
2026-08-19T08:59:24.866039+00:00   INFO pegaflow_server::registry: registry.rs:217 IPC import timing: device_id=3 size_bytes=624689152 import_ms=3.40 (perf-t1)
2026-08-19T08:59:24.871221+00:00   INFO pegaflow_server::registry: registry.rs:217 IPC import timing: device_id=3 size_bytes=624689152 import_ms=4.54 (perf-t1)
2026-08-19T08:59:24.876778+00:00   INFO pegaflow_server::registry: registry.rs:217 IPC import timing: device_id=3 size_bytes=624689152 import_ms=4.96 (perf-t1)
2026-08-19T08:59:24.880620+00:00   INFO pegaflow_server::registry: registry.rs:217 IPC import timing: device_id=3 size_bytes=624689152 import_ms=3.27 (perf-t1)
2026-08-19T08:59:24.884443+00:00   INFO pegaflow_server::registry: registry.rs:217 IPC import timing: device_id=3 size_bytes=624689152 import_ms=3.17 (perf-t1)
2026-08-19T08:59:24.888200+00:00   INFO pegaflow_server::registry: registry.rs:217 IPC import timing: device_id=3 size_bytes=624689152 import_ms=3.16 (perf-t1)
2026-08-19T08:59:24.891901+00:00   INFO pegaflow_server::registry: registry.rs:217 IPC import timing: device_id=3 size_bytes=624689152 import_ms=3.12 (perf-t1)
2026-08-19T08:59:24.895732+00:00   INFO pegaflow_server::registry: registry.rs:217 IPC import timing: device_id=3 size_bytes=624689152 import_ms=3.18 (perf-t1)
2026-08-19T08:59:24.899388+00:00   INFO pegaflow_server::registry: registry.rs:217 IPC import timing: device_id=3 size_bytes=624689152 import_ms=3.08 (perf-t1)
2026-08-19T08:59:24.903221+00:00   INFO pegaflow_server::registry: registry.rs:217 IPC import timing: device_id=3 size_bytes=624689152 import_ms=3.26 (perf-t1)
2026-08-19T08:59:24.907021+00:00   INFO pegaflow_server::registry: registry.rs:217 IPC import timing: device_id=3 size_bytes=624689152 import_ms=3.16 (perf-t1)
2026-08-19T08:59:24.912453+00:00   INFO pegaflow_server::registry: registry.rs:217 IPC import timing: device_id=3 size_bytes=624689152 import_ms=4.71 (perf-t1)
2026-08-19T08:59:24.916386+00:00   INFO pegaflow_server::registry: registry.rs:217 IPC import timing: device_id=3 size_bytes=624689152 import_ms=3.32 (perf-t1)
2026-08-19T08:59:24.920207+00:00   INFO pegaflow_server::registry: registry.rs:217 IPC import timing: device_id=3 size_bytes=624689152 import_ms=3.16 (perf-t1)
2026-08-19T08:59:24.926963+00:00   INFO pegaflow_server::registry: registry.rs:217 IPC import timing: device_id=3 size_bytes=624689152 import_ms=6.16 (perf-t1)
2026-08-19T08:59:24.930883+00:00   INFO pegaflow_server::registry: registry.rs:217 IPC import timing: device_id=3 size_bytes=624689152 import_ms=3.32 (perf-t1)
2026-08-19T08:59:24.935060+00:00   INFO pegaflow_server::registry: registry.rs:217 IPC import timing: device_id=3 size_bytes=624689152 import_ms=3.53 (perf-t1)
2026-08-19T08:59:24.938753+00:00   INFO pegaflow_server::registry: registry.rs:217 IPC import timing: device_id=3 size_bytes=624689152 import_ms=3.12 (perf-t1)
2026-08-19T08:59:24.942544+00:00   INFO pegaflow_server::registry: registry.rs:217 IPC import timing: device_id=3 size_bytes=624689152 import_ms=3.21 (perf-t1)
2026-08-19T08:59:24.946429+00:00   INFO pegaflow_server::registry: registry.rs:217 IPC import timing: device_id=3 size_bytes=624689152 import_ms=3.23 (perf-t1)
2026-08-19T08:59:24.950207+00:00   INFO pegaflow_server::registry: registry.rs:217 IPC import timing: device_id=3 size_bytes=624689152 import_ms=3.19 (perf-t1)
2026-08-19T08:59:24.953926+00:00   INFO pegaflow_server::registry: registry.rs:217 IPC import timing: device_id=3 size_bytes=624689152 import_ms=3.17 (perf-t1)
2026-08-19T08:59:24.957683+00:00   INFO pegaflow_server::registry: registry.rs:217 IPC import timing: device_id=3 size_bytes=624689152 import_ms=3.14 (perf-t1)
2026-08-19T08:59:24.961814+00:00   INFO pegaflow_server::registry: registry.rs:217 IPC import timing: device_id=3 size_bytes=624689152 import_ms=3.59 (perf-t1)
2026-08-19T08:59:24.965545+00:00   INFO pegaflow_server::registry: registry.rs:217 IPC import timing: device_id=3 size_bytes=624689152 import_ms=3.18 (perf-t1)
2026-08-19T08:59:24.969268+00:00   INFO pegaflow_server::registry: registry.rs:217 IPC import timing: device_id=3 size_bytes=624689152 import_ms=3.15 (perf-t1)
2026-08-19T08:59:24.972974+00:00   INFO pegaflow_server::registry: registry.rs:217 IPC import timing: device_id=3 size_bytes=624689152 import_ms=3.14 (perf-t1)
2026-08-19T08:59:24.978088+00:00   INFO pegaflow_server::registry: registry.rs:217 IPC import timing: device_id=3 size_bytes=624689152 import_ms=4.57 (perf-t1)
2026-08-19T08:59:24.982005+00:00   INFO pegaflow_server::registry: registry.rs:217 IPC import timing: device_id=3 size_bytes=624689152 import_ms=3.31 (perf-t1)
2026-08-19T08:59:24.985796+00:00   INFO pegaflow_server::registry: registry.rs:217 IPC import timing: device_id=3 size_bytes=624689152 import_ms=3.24 (perf-t1)
2026-08-19T08:59:24.989500+00:00   INFO pegaflow_server::registry: registry.rs:217 IPC import timing: device_id=3 size_bytes=624689152 import_ms=3.16 (perf-t1)
2026-08-19T08:59:24.993207+00:00   INFO pegaflow_server::registry: registry.rs:217 IPC import timing: device_id=3 size_bytes=624689152 import_ms=3.13 (perf-t1)
2026-08-19T08:59:24.996896+00:00   INFO pegaflow_server::registry: registry.rs:217 IPC import timing: device_id=3 size_bytes=624689152 import_ms=3.15 (perf-t1)
2026-08-19T08:59:25.000623+00:00   INFO pegaflow_server::registry: registry.rs:217 IPC import timing: device_id=3 size_bytes=624689152 import_ms=3.17 (perf-t1)
2026-08-19T08:59:25.004360+00:00   INFO pegaflow_server::registry: registry.rs:217 IPC import timing: device_id=3 size_bytes=624689152 import_ms=3.15 (perf-t1)
2026-08-19T08:59:25.008218+00:00   INFO pegaflow_server::registry: registry.rs:217 IPC import timing: device_id=3 size_bytes=624689152 import_ms=3.34 (perf-t1)
2026-08-19T08:59:25.011821+00:00   INFO pegaflow_server::registry: registry.rs:217 IPC import timing: device_id=3 size_bytes=624689152 import_ms=3.05 (perf-t1)
2026-08-19T08:59:25.015669+00:00   INFO pegaflow_server::registry: registry.rs:217 IPC import timing: device_id=3 size_bytes=624689152 import_ms=3.25 (perf-t1)
2026-08-19T08:59:25.019363+00:00   INFO pegaflow_server::registry: registry.rs:217 IPC import timing: device_id=3 size_bytes=624689152 import_ms=3.16 (perf-t1)
2026-08-19T08:59:25.023194+00:00   INFO pegaflow_server::registry: registry.rs:217 IPC import timing: device_id=3 size_bytes=624689152 import_ms=3.13 (perf-t1)
2026-08-19T08:59:25.030161+00:00   INFO pegaflow_server::registry: registry.rs:217 IPC import timing: device_id=3 size_bytes=624689152 import_ms=3.19 (perf-t1)
2026-08-19T08:59:25.033930+00:00   INFO pegaflow_server::registry: registry.rs:217 IPC import timing: device_id=3 size_bytes=624689152 import_ms=3.10 (perf-t1)
2026-08-19T08:59:25.037881+00:00   INFO pegaflow_server::registry: registry.rs:217 IPC import timing: device_id=3 size_bytes=624689152 import_ms=3.37 (perf-t1)
2026-08-19T08:59:25.043172+00:00   INFO pegaflow_server::registry: registry.rs:217 IPC import timing: device_id=3 size_bytes=624689152 import_ms=4.74 (perf-t1)
2026-08-19T08:59:25.047028+00:00   INFO pegaflow_server::registry: registry.rs:217 IPC import timing: device_id=3 size_bytes=624689152 import_ms=3.26 (perf-t1)
2026-08-19T08:59:25.050635+00:00   INFO pegaflow_server::registry: registry.rs:217 IPC import timing: device_id=3 size_bytes=624689152 import_ms=3.07 (perf-t1)
2026-08-19T08:59:25.054482+00:00   INFO pegaflow_server::registry: registry.rs:217 IPC import timing: device_id=3 size_bytes=624689152 import_ms=3.29 (perf-t1)
2026-08-19T08:59:25.058217+00:00   INFO pegaflow_server::registry: registry.rs:217 IPC import timing: device_id=3 size_bytes=624689152 import_ms=3.11 (perf-t1)
2026-08-19T08:59:25.061943+00:00   INFO pegaflow_server::registry: registry.rs:217 IPC import timing: device_id=3 size_bytes=624689152 import_ms=3.19 (perf-t1)
2026-08-19T08:59:25.066129+00:00   INFO pegaflow_server::registry: registry.rs:217 IPC import timing: device_id=3 size_bytes=624689152 import_ms=3.65 (perf-t1)
2026-08-19T08:59:25.071160+00:00   INFO pegaflow_server::registry: registry.rs:217 IPC import timing: device_id=3 size_bytes=624689152 import_ms=4.46 (perf-t1)
2026-08-19T08:59:25.076629+00:00   INFO pegaflow_server::registry: registry.rs:217 IPC import timing: device_id=3 size_bytes=624689152 import_ms=4.93 (perf-t1)
2026-08-19T08:59:25.080435+00:00   INFO pegaflow_server::registry: registry.rs:217 IPC import timing: device_id=3 size_bytes=624689152 import_ms=3.26 (perf-t1)
2026-08-19T08:59:25.084151+00:00   INFO pegaflow_server::registry: registry.rs:217 IPC import timing: device_id=3 size_bytes=624689152 import_ms=3.15 (perf-t1)
2026-08-19T08:59:25.088984+00:00   INFO pegaflow_core::gpu_worker: gpu_worker.rs:338 GPU worker initialized: device=3 backend=ascend_batch device_id=3
2026-08-19T08:59:25.089569+00:00   INFO pegaflow_core::gpu_worker: gpu_worker.rs:338 GPU worker initialized: device=3 backend=ascend_batch device_id=3
2026-08-19T08:59:25.089771+00:00   INFO pegaflow_core::gpu_worker: gpu_worker.rs:200 GPU worker pool started: device=3, numa_node=NUMA0, transfer_mode=AscendDirect
2026-08-19T08:59:25.090515+00:00   INFO pegaflow_core::instance: instance.rs:706 Sealed instance topology: instance=b342d636-d6c7-4148-8d5e-b749d90af805-6c1e51f0f1ff4272ba4464a92e135f20, num_layers=72, tp_size=1, world_size=1, total_slots=72
2026-08-19T08:59:25.090567+00:00   INFO pegaflow_core::instance: instance.rs:719 Initialized GPU context: device_id=3, numa_node=NUMA0
2026-08-19T08:59:25.090597+00:00   INFO pegaflow_core: lib.rs:452 Registered context batch: instance=b342d636-d6c7-4148-8d5e-b749d90af805-6c1e51f0f1ff4272ba4464a92e135f20, namespace=perf-t5-d-iso-c3-3, device=3, layers=72, tp_rank=0/1, pp_rank=0
2026-08-19T08:59:26.989573+00:00   INFO pegaflow_server::registry: registry.rs:217 IPC import timing: device_id=1 size_bytes=624427008 import_ms=3.79 (perf-t1)
2026-08-19T08:59:26.993908+00:00   INFO pegaflow_server::registry: registry.rs:217 IPC import timing: device_id=1 size_bytes=624427008 import_ms=3.41 (perf-t1)
2026-08-19T08:59:27.000563+00:00   INFO pegaflow_server::registry: registry.rs:217 IPC import timing: device_id=1 size_bytes=624427008 import_ms=3.39 (perf-t1)
2026-08-19T08:59:27.004571+00:00   INFO pegaflow_server::registry: registry.rs:217 IPC import timing: device_id=1 size_bytes=624427008 import_ms=3.38 (perf-t1)
2026-08-19T08:59:27.008582+00:00   INFO pegaflow_server::registry: registry.rs:217 IPC import timing: device_id=1 size_bytes=624427008 import_ms=3.38 (perf-t1)
2026-08-19T08:59:27.012998+00:00   INFO pegaflow_server::registry: registry.rs:217 IPC import timing: device_id=1 size_bytes=624427008 import_ms=3.74 (perf-t1)
2026-08-19T08:59:27.016870+00:00   INFO pegaflow_server::registry: registry.rs:217 IPC import timing: device_id=1 size_bytes=624427008 import_ms=3.26 (perf-t1)
2026-08-19T08:59:27.021936+00:00   INFO pegaflow_server::registry: registry.rs:217 IPC import timing: device_id=1 size_bytes=624427008 import_ms=4.47 (perf-t1)
2026-08-19T08:59:27.028943+00:00   INFO pegaflow_server::registry: registry.rs:217 IPC import timing: device_id=1 size_bytes=624427008 import_ms=6.35 (perf-t1)
2026-08-19T08:59:27.032968+00:00   INFO pegaflow_server::registry: registry.rs:217 IPC import timing: device_id=1 size_bytes=624427008 import_ms=3.42 (perf-t1)
2026-08-19T08:59:27.038393+00:00   INFO pegaflow_server::registry: registry.rs:217 IPC import timing: device_id=1 size_bytes=624427008 import_ms=4.80 (perf-t1)
2026-08-19T08:59:27.042833+00:00   INFO pegaflow_server::registry: registry.rs:217 IPC import timing: device_id=1 size_bytes=624427008 import_ms=3.74 (perf-t1)
2026-08-19T08:59:27.046828+00:00   INFO pegaflow_server::registry: registry.rs:217 IPC import timing: device_id=1 size_bytes=624427008 import_ms=3.34 (perf-t1)
2026-08-19T08:59:27.050675+00:00   INFO pegaflow_server::registry: registry.rs:217 IPC import timing: device_id=1 size_bytes=624427008 import_ms=3.26 (perf-t1)
2026-08-19T08:59:27.054498+00:00   INFO pegaflow_server::registry: registry.rs:217 IPC import timing: device_id=1 size_bytes=624427008 import_ms=3.19 (perf-t1)
2026-08-19T08:59:27.058177+00:00   INFO pegaflow_server::registry: registry.rs:217 IPC import timing: device_id=1 size_bytes=624427008 import_ms=3.07 (perf-t1)
2026-08-19T08:59:27.062063+00:00   INFO pegaflow_server::registry: registry.rs:217 IPC import timing: device_id=1 size_bytes=624427008 import_ms=3.29 (perf-t1)
2026-08-19T08:59:27.065846+00:00   INFO pegaflow_server::registry: registry.rs:217 IPC import timing: device_id=1 size_bytes=624427008 import_ms=3.16 (perf-t1)
2026-08-19T08:59:27.071426+00:00   INFO pegaflow_server::registry: registry.rs:217 IPC import timing: device_id=1 size_bytes=624427008 import_ms=5.00 (perf-t1)
2026-08-19T08:59:27.076903+00:00   INFO pegaflow_server::registry: registry.rs:217 IPC import timing: device_id=1 size_bytes=624427008 import_ms=4.88 (perf-t1)
2026-08-19T08:59:27.080706+00:00   INFO pegaflow_server::registry: registry.rs:217 IPC import timing: device_id=1 size_bytes=624427008 import_ms=3.16 (perf-t1)
2026-08-19T08:59:27.084470+00:00   INFO pegaflow_server::registry: registry.rs:217 IPC import timing: device_id=1 size_bytes=624427008 import_ms=3.20 (perf-t1)
2026-08-19T08:59:27.088237+00:00   INFO pegaflow_server::registry: registry.rs:217 IPC import timing: device_id=1 size_bytes=624427008 import_ms=3.18 (perf-t1)
2026-08-19T08:59:27.092084+00:00   INFO pegaflow_server::registry: registry.rs:217 IPC import timing: device_id=1 size_bytes=624427008 import_ms=3.20 (perf-t1)
2026-08-19T08:59:27.095866+00:00   INFO pegaflow_server::registry: registry.rs:217 IPC import timing: device_id=1 size_bytes=624427008 import_ms=3.20 (perf-t1)
2026-08-19T08:59:27.099718+00:00   INFO pegaflow_server::registry: registry.rs:217 IPC import timing: device_id=1 size_bytes=624427008 import_ms=3.21 (perf-t1)
2026-08-19T08:59:27.103513+00:00   INFO pegaflow_server::registry: registry.rs:217 IPC import timing: device_id=1 size_bytes=624427008 import_ms=3.20 (perf-t1)
2026-08-19T08:59:27.107326+00:00   INFO pegaflow_server::registry: registry.rs:217 IPC import timing: device_id=1 size_bytes=624427008 import_ms=3.24 (perf-t1)
2026-08-19T08:59:27.111134+00:00   INFO pegaflow_server::registry: registry.rs:217 IPC import timing: device_id=1 size_bytes=624427008 import_ms=3.22 (perf-t1)
2026-08-19T08:59:27.116617+00:00   INFO pegaflow_server::registry: registry.rs:217 IPC import timing: device_id=1 size_bytes=624427008 import_ms=4.82 (perf-t1)
2026-08-19T08:59:27.120503+00:00   INFO pegaflow_server::registry: registry.rs:217 IPC import timing: device_id=1 size_bytes=624427008 import_ms=3.29 (perf-t1)
2026-08-19T08:59:27.126921+00:00   INFO pegaflow_server::registry: registry.rs:217 IPC import timing: device_id=1 size_bytes=624427008 import_ms=5.84 (perf-t1)
2026-08-19T08:59:27.130708+00:00   INFO pegaflow_server::registry: registry.rs:217 IPC import timing: device_id=1 size_bytes=624427008 import_ms=3.16 (perf-t1)
2026-08-19T08:59:27.134472+00:00   INFO pegaflow_server::registry: registry.rs:217 IPC import timing: device_id=1 size_bytes=624427008 import_ms=3.16 (perf-t1)
2026-08-19T08:59:27.138253+00:00   INFO pegaflow_server::registry: registry.rs:217 IPC import timing: device_id=1 size_bytes=624427008 import_ms=3.18 (perf-t1)
2026-08-19T08:59:27.142142+00:00   INFO pegaflow_server::registry: registry.rs:217 IPC import timing: device_id=1 size_bytes=624427008 import_ms=3.25 (perf-t1)
2026-08-19T08:59:27.145951+00:00   INFO pegaflow_server::registry: registry.rs:217 IPC import timing: device_id=1 size_bytes=624427008 import_ms=3.21 (perf-t1)
2026-08-19T08:59:27.149900+00:00   INFO pegaflow_server::registry: registry.rs:217 IPC import timing: device_id=1 size_bytes=624427008 import_ms=3.37 (perf-t1)
2026-08-19T08:59:27.153727+00:00   INFO pegaflow_server::registry: registry.rs:217 IPC import timing: device_id=1 size_bytes=624427008 import_ms=3.19 (perf-t1)
2026-08-19T08:59:27.157518+00:00   INFO pegaflow_server::registry: registry.rs:217 IPC import timing: device_id=1 size_bytes=624427008 import_ms=3.22 (perf-t1)
2026-08-19T08:59:27.161447+00:00   INFO pegaflow_server::registry: registry.rs:217 IPC import timing: device_id=1 size_bytes=624427008 import_ms=3.34 (perf-t1)
2026-08-19T08:59:27.165334+00:00   INFO pegaflow_server::registry: registry.rs:217 IPC import timing: device_id=1 size_bytes=624427008 import_ms=3.26 (perf-t1)
2026-08-19T08:59:27.169069+00:00   INFO pegaflow_server::registry: registry.rs:217 IPC import timing: device_id=1 size_bytes=624427008 import_ms=3.15 (perf-t1)
2026-08-19T08:59:27.172881+00:00   INFO pegaflow_server::registry: registry.rs:217 IPC import timing: device_id=1 size_bytes=624427008 import_ms=3.22 (perf-t1)
2026-08-19T08:59:27.176736+00:00   INFO pegaflow_server::registry: registry.rs:217 IPC import timing: device_id=1 size_bytes=624427008 import_ms=3.23 (perf-t1)
2026-08-19T08:59:27.181943+00:00   INFO pegaflow_server::registry: registry.rs:217 IPC import timing: device_id=1 size_bytes=624427008 import_ms=4.62 (perf-t1)
2026-08-19T08:59:27.185759+00:00   INFO pegaflow_server::registry: registry.rs:217 IPC import timing: device_id=1 size_bytes=624427008 import_ms=3.22 (perf-t1)
2026-08-19T08:59:27.189569+00:00   INFO pegaflow_server::registry: registry.rs:217 IPC import timing: device_id=1 size_bytes=624427008 import_ms=3.17 (perf-t1)
2026-08-19T08:59:27.193548+00:00   INFO pegaflow_server::registry: registry.rs:217 IPC import timing: device_id=1 size_bytes=624427008 import_ms=3.37 (perf-t1)
2026-08-19T08:59:27.197487+00:00   INFO pegaflow_server::registry: registry.rs:217 IPC import timing: device_id=1 size_bytes=624427008 import_ms=3.33 (perf-t1)
2026-08-19T08:59:27.201415+00:00   INFO pegaflow_server::registry: registry.rs:217 IPC import timing: device_id=1 size_bytes=624427008 import_ms=3.28 (perf-t1)
2026-08-19T08:59:27.205211+00:00   INFO pegaflow_server::registry: registry.rs:217 IPC import timing: device_id=1 size_bytes=624427008 import_ms=3.20 (perf-t1)
2026-08-19T08:59:27.209185+00:00   INFO pegaflow_server::registry: registry.rs:217 IPC import timing: device_id=1 size_bytes=624427008 import_ms=3.36 (perf-t1)
2026-08-19T08:59:27.213036+00:00   INFO pegaflow_server::registry: registry.rs:217 IPC import timing: device_id=1 size_bytes=624427008 import_ms=3.24 (perf-t1)
2026-08-19T08:59:27.216958+00:00   INFO pegaflow_server::registry: registry.rs:217 IPC import timing: device_id=1 size_bytes=624427008 import_ms=3.28 (perf-t1)
2026-08-19T08:59:27.221240+00:00   INFO pegaflow_server::registry: registry.rs:217 IPC import timing: device_id=1 size_bytes=624427008 import_ms=3.67 (perf-t1)
2026-08-19T08:59:27.228416+00:00   INFO pegaflow_server::registry: registry.rs:217 IPC import timing: device_id=1 size_bytes=624427008 import_ms=6.55 (perf-t1)
2026-08-19T08:59:27.232501+00:00   INFO pegaflow_server::registry: registry.rs:217 IPC import timing: device_id=1 size_bytes=624427008 import_ms=3.32 (perf-t1)
2026-08-19T08:59:27.236393+00:00   INFO pegaflow_server::registry: registry.rs:217 IPC import timing: device_id=1 size_bytes=624427008 import_ms=3.29 (perf-t1)
2026-08-19T08:59:27.240313+00:00   INFO pegaflow_server::registry: registry.rs:217 IPC import timing: device_id=1 size_bytes=624427008 import_ms=3.25 (perf-t1)
2026-08-19T08:59:27.244262+00:00   INFO pegaflow_server::registry: registry.rs:217 IPC import timing: device_id=1 size_bytes=624427008 import_ms=3.27 (perf-t1)
2026-08-19T08:59:27.249496+00:00   INFO pegaflow_server::registry: registry.rs:217 IPC import timing: device_id=1 size_bytes=624427008 import_ms=4.60 (perf-t1)
2026-08-19T08:59:27.253432+00:00   INFO pegaflow_server::registry: registry.rs:217 IPC import timing: device_id=1 size_bytes=624427008 import_ms=3.33 (perf-t1)
2026-08-19T08:59:27.257393+00:00   INFO pegaflow_server::registry: registry.rs:217 IPC import timing: device_id=1 size_bytes=624427008 import_ms=3.32 (perf-t1)
2026-08-19T08:59:27.261144+00:00   INFO pegaflow_server::registry: registry.rs:217 IPC import timing: device_id=1 size_bytes=624427008 import_ms=3.15 (perf-t1)
2026-08-19T08:59:27.264996+00:00   INFO pegaflow_server::registry: registry.rs:217 IPC import timing: device_id=1 size_bytes=624427008 import_ms=3.26 (perf-t1)
2026-08-19T08:59:27.271506+00:00   INFO pegaflow_server::registry: registry.rs:217 IPC import timing: device_id=1 size_bytes=624427008 import_ms=5.88 (perf-t1)
2026-08-19T08:59:27.276841+00:00   INFO pegaflow_server::registry: registry.rs:217 IPC import timing: device_id=1 size_bytes=624427008 import_ms=4.74 (perf-t1)
2026-08-19T08:59:27.280707+00:00   INFO pegaflow_server::registry: registry.rs:217 IPC import timing: device_id=1 size_bytes=624427008 import_ms=3.27 (perf-t1)
2026-08-19T08:59:27.284544+00:00   INFO pegaflow_server::registry: registry.rs:217 IPC import timing: device_id=1 size_bytes=624427008 import_ms=3.19 (perf-t1)
2026-08-19T08:59:27.288439+00:00   INFO pegaflow_server::registry: registry.rs:217 IPC import timing: device_id=1 size_bytes=624427008 import_ms=3.30 (perf-t1)
2026-08-19T08:59:27.292248+00:00   INFO pegaflow_server::registry: registry.rs:217 IPC import timing: device_id=1 size_bytes=624427008 import_ms=3.22 (perf-t1)
2026-08-19T08:59:27.296908+00:00   INFO pegaflow_core::gpu_worker: gpu_worker.rs:338 GPU worker initialized: device=1 backend=ascend_batch device_id=1
2026-08-19T08:59:27.297485+00:00   INFO pegaflow_core::gpu_worker: gpu_worker.rs:338 GPU worker initialized: device=1 backend=ascend_batch device_id=1
2026-08-19T08:59:27.297667+00:00   INFO pegaflow_core::gpu_worker: gpu_worker.rs:200 GPU worker pool started: device=1, numa_node=NUMA0, transfer_mode=AscendDirect
2026-08-19T08:59:27.298427+00:00   INFO pegaflow_core::instance: instance.rs:706 Sealed instance topology: instance=0cae5977-7cf4-4b86-92a6-3d45fc9a5c85-e20d3261fbfe48c99c2ad09e9383f05d, num_layers=72, tp_size=1, world_size=1, total_slots=72
2026-08-19T08:59:27.298496+00:00   INFO pegaflow_core::instance: instance.rs:719 Initialized GPU context: device_id=1, numa_node=NUMA0
2026-08-19T08:59:27.298529+00:00   INFO pegaflow_core: lib.rs:452 Registered context batch: instance=0cae5977-7cf4-4b86-92a6-3d45fc9a5c85-e20d3261fbfe48c99c2ad09e9383f05d, namespace=perf-t5-d-iso-c3-1, device=1, layers=72, tp_rank=0/1, pp_rank=0
2026-08-19T08:59:29.620999+00:00   INFO pegaflow_server::registry: registry.rs:217 IPC import timing: device_id=2 size_bytes=624427008 import_ms=3.85 (perf-t1)
2026-08-19T08:59:29.625538+00:00   INFO pegaflow_server::registry: registry.rs:217 IPC import timing: device_id=2 size_bytes=624427008 import_ms=3.66 (perf-t1)
2026-08-19T08:59:29.629377+00:00   INFO pegaflow_server::registry: registry.rs:217 IPC import timing: device_id=2 size_bytes=624427008 import_ms=3.26 (perf-t1)
2026-08-19T08:59:29.633389+00:00   INFO pegaflow_server::registry: registry.rs:217 IPC import timing: device_id=2 size_bytes=624427008 import_ms=3.39 (perf-t1)
2026-08-19T08:59:29.637302+00:00   INFO pegaflow_server::registry: registry.rs:217 IPC import timing: device_id=2 size_bytes=624427008 import_ms=3.36 (perf-t1)
2026-08-19T08:59:29.641329+00:00   INFO pegaflow_server::registry: registry.rs:217 IPC import timing: device_id=2 size_bytes=624427008 import_ms=3.49 (perf-t1)
2026-08-19T08:59:29.645193+00:00   INFO pegaflow_server::registry: registry.rs:217 IPC import timing: device_id=2 size_bytes=624427008 import_ms=3.27 (perf-t1)
2026-08-19T08:59:29.649106+00:00   INFO pegaflow_server::registry: registry.rs:217 IPC import timing: device_id=2 size_bytes=624427008 import_ms=3.32 (perf-t1)
2026-08-19T08:59:29.653058+00:00   INFO pegaflow_server::registry: registry.rs:217 IPC import timing: device_id=2 size_bytes=624427008 import_ms=3.38 (perf-t1)
2026-08-19T08:59:29.657033+00:00   INFO pegaflow_server::registry: registry.rs:217 IPC import timing: device_id=2 size_bytes=624427008 import_ms=3.40 (perf-t1)
2026-08-19T08:59:29.660936+00:00   INFO pegaflow_server::registry: registry.rs:217 IPC import timing: device_id=2 size_bytes=624427008 import_ms=3.35 (perf-t1)
2026-08-19T08:59:29.664727+00:00   INFO pegaflow_server::registry: registry.rs:217 IPC import timing: device_id=2 size_bytes=624427008 import_ms=3.26 (perf-t1)
2026-08-19T08:59:29.671568+00:00   INFO pegaflow_server::registry: registry.rs:217 IPC import timing: device_id=2 size_bytes=624427008 import_ms=6.28 (perf-t1)
2026-08-19T08:59:29.677260+00:00   INFO pegaflow_server::registry: registry.rs:217 IPC import timing: device_id=2 size_bytes=624427008 import_ms=5.16 (perf-t1)
2026-08-19T08:59:29.681099+00:00   INFO pegaflow_server::registry: registry.rs:217 IPC import timing: device_id=2 size_bytes=624427008 import_ms=3.28 (perf-t1)
2026-08-19T08:59:29.684750+00:00   INFO pegaflow_server::registry: registry.rs:217 IPC import timing: device_id=2 size_bytes=624427008 import_ms=3.05 (perf-t1)
2026-08-19T08:59:29.688479+00:00   INFO pegaflow_server::registry: registry.rs:217 IPC import timing: device_id=2 size_bytes=624427008 import_ms=3.19 (perf-t1)
2026-08-19T08:59:29.692292+00:00   INFO pegaflow_server::registry: registry.rs:217 IPC import timing: device_id=2 size_bytes=624427008 import_ms=3.24 (perf-t1)
2026-08-19T08:59:29.696038+00:00   INFO pegaflow_server::registry: registry.rs:217 IPC import timing: device_id=2 size_bytes=624427008 import_ms=3.15 (perf-t1)
2026-08-19T08:59:29.699755+00:00   INFO pegaflow_server::registry: registry.rs:217 IPC import timing: device_id=2 size_bytes=624427008 import_ms=3.17 (perf-t1)
2026-08-19T08:59:29.703528+00:00   INFO pegaflow_server::registry: registry.rs:217 IPC import timing: device_id=2 size_bytes=624427008 import_ms=3.23 (perf-t1)
2026-08-19T08:59:29.707283+00:00   INFO pegaflow_server::registry: registry.rs:217 IPC import timing: device_id=2 size_bytes=624427008 import_ms=3.19 (perf-t1)
2026-08-19T08:59:29.710991+00:00   INFO pegaflow_server::registry: registry.rs:217 IPC import timing: device_id=2 size_bytes=624427008 import_ms=3.16 (perf-t1)
2026-08-19T08:59:29.714734+00:00   INFO pegaflow_server::registry: registry.rs:217 IPC import timing: device_id=2 size_bytes=624427008 import_ms=3.21 (perf-t1)
2026-08-19T08:59:29.718428+00:00   INFO pegaflow_server::registry: registry.rs:217 IPC import timing: device_id=2 size_bytes=624427008 import_ms=3.12 (perf-t1)
2026-08-19T08:59:29.722138+00:00   INFO pegaflow_server::registry: registry.rs:217 IPC import timing: device_id=2 size_bytes=624427008 import_ms=3.17 (perf-t1)
2026-08-19T08:59:29.726993+00:00   INFO pegaflow_server::registry: registry.rs:217 IPC import timing: device_id=2 size_bytes=624427008 import_ms=4.29 (perf-t1)
2026-08-19T08:59:29.730843+00:00   INFO pegaflow_server::registry: registry.rs:217 IPC import timing: device_id=2 size_bytes=624427008 import_ms=3.28 (perf-t1)
2026-08-19T08:59:29.734585+00:00   INFO pegaflow_server::registry: registry.rs:217 IPC import timing: device_id=2 size_bytes=624427008 import_ms=3.21 (perf-t1)
2026-08-19T08:59:29.739491+00:00   INFO pegaflow_server::registry: registry.rs:217 IPC import timing: device_id=2 size_bytes=624427008 import_ms=4.31 (perf-t1)
2026-08-19T08:59:29.743476+00:00   INFO pegaflow_server::registry: registry.rs:217 IPC import timing: device_id=2 size_bytes=624427008 import_ms=3.42 (perf-t1)
2026-08-19T08:59:29.747317+00:00   INFO pegaflow_server::registry: registry.rs:217 IPC import timing: device_id=2 size_bytes=624427008 import_ms=3.31 (perf-t1)
2026-08-19T08:59:29.751060+00:00   INFO pegaflow_server::registry: registry.rs:217 IPC import timing: device_id=2 size_bytes=624427008 import_ms=3.20 (perf-t1)
2026-08-19T08:59:29.755101+00:00   INFO pegaflow_server::registry: registry.rs:217 IPC import timing: device_id=2 size_bytes=624427008 import_ms=3.46 (perf-t1)
2026-08-19T08:59:29.758799+00:00   INFO pegaflow_server::registry: registry.rs:217 IPC import timing: device_id=2 size_bytes=624427008 import_ms=3.16 (perf-t1)
2026-08-19T08:59:29.762815+00:00   INFO pegaflow_server::registry: registry.rs:217 IPC import timing: device_id=2 size_bytes=624427008 import_ms=3.27 (perf-t1)
2026-08-19T08:59:29.766740+00:00   INFO pegaflow_server::registry: registry.rs:217 IPC import timing: device_id=2 size_bytes=624427008 import_ms=3.33 (perf-t1)
2026-08-19T08:59:29.770395+00:00   INFO pegaflow_server::registry: registry.rs:217 IPC import timing: device_id=2 size_bytes=624427008 import_ms=3.11 (perf-t1)
2026-08-19T08:59:29.774081+00:00   INFO pegaflow_server::registry: registry.rs:217 IPC import timing: device_id=2 size_bytes=624427008 import_ms=3.16 (perf-t1)
2026-08-19T08:59:29.778040+00:00   INFO pegaflow_server::registry: registry.rs:217 IPC import timing: device_id=2 size_bytes=624427008 import_ms=3.40 (perf-t1)
2026-08-19T08:59:29.781769+00:00   INFO pegaflow_server::registry: registry.rs:217 IPC import timing: device_id=2 size_bytes=624427008 import_ms=3.20 (perf-t1)
2026-08-19T08:59:29.785514+00:00   INFO pegaflow_server::registry: registry.rs:217 IPC import timing: device_id=2 size_bytes=624427008 import_ms=3.21 (perf-t1)
2026-08-19T08:59:29.789185+00:00   INFO pegaflow_server::registry: registry.rs:217 IPC import timing: device_id=2 size_bytes=624427008 import_ms=3.12 (perf-t1)
2026-08-19T08:59:29.792964+00:00   INFO pegaflow_server::registry: registry.rs:217 IPC import timing: device_id=2 size_bytes=624427008 import_ms=3.24 (perf-t1)
2026-08-19T08:59:29.796694+00:00   INFO pegaflow_server::registry: registry.rs:217 IPC import timing: device_id=2 size_bytes=624427008 import_ms=3.20 (perf-t1)
2026-08-19T08:59:29.801847+00:00   INFO pegaflow_server::registry: registry.rs:217 IPC import timing: device_id=2 size_bytes=624427008 import_ms=4.59 (perf-t1)
2026-08-19T08:59:29.805542+00:00   INFO pegaflow_server::registry: registry.rs:217 IPC import timing: device_id=2 size_bytes=624427008 import_ms=3.16 (perf-t1)
2026-08-19T08:59:29.809247+00:00   INFO pegaflow_server::registry: registry.rs:217 IPC import timing: device_id=2 size_bytes=624427008 import_ms=3.16 (perf-t1)
2026-08-19T08:59:29.812924+00:00   INFO pegaflow_server::registry: registry.rs:217 IPC import timing: device_id=2 size_bytes=624427008 import_ms=3.15 (perf-t1)
2026-08-19T08:59:29.816682+00:00   INFO pegaflow_server::registry: registry.rs:217 IPC import timing: device_id=2 size_bytes=624427008 import_ms=3.15 (perf-t1)
2026-08-19T08:59:29.820357+00:00   INFO pegaflow_server::registry: registry.rs:217 IPC import timing: device_id=2 size_bytes=624427008 import_ms=3.13 (perf-t1)
2026-08-19T08:59:29.823984+00:00   INFO pegaflow_server::registry: registry.rs:217 IPC import timing: device_id=2 size_bytes=624427008 import_ms=3.11 (perf-t1)
2026-08-19T08:59:29.827933+00:00   INFO pegaflow_server::registry: registry.rs:217 IPC import timing: device_id=2 size_bytes=624427008 import_ms=3.39 (perf-t1)
2026-08-19T08:59:29.831672+00:00   INFO pegaflow_server::registry: registry.rs:217 IPC import timing: device_id=2 size_bytes=624427008 import_ms=3.19 (perf-t1)
2026-08-19T08:59:29.835446+00:00   INFO pegaflow_server::registry: registry.rs:217 IPC import timing: device_id=2 size_bytes=624427008 import_ms=3.25 (perf-t1)
2026-08-19T08:59:29.839131+00:00   INFO pegaflow_server::registry: registry.rs:217 IPC import timing: device_id=2 size_bytes=624427008 import_ms=3.12 (perf-t1)
2026-08-19T08:59:29.842939+00:00   INFO pegaflow_server::registry: registry.rs:217 IPC import timing: device_id=2 size_bytes=624427008 import_ms=3.28 (perf-t1)
2026-08-19T08:59:29.846783+00:00   INFO pegaflow_server::registry: registry.rs:217 IPC import timing: device_id=2 size_bytes=624427008 import_ms=3.21 (perf-t1)
2026-08-19T08:59:29.850577+00:00   INFO pegaflow_server::registry: registry.rs:217 IPC import timing: device_id=2 size_bytes=624427008 import_ms=3.16 (perf-t1)
2026-08-19T08:59:29.854326+00:00   INFO pegaflow_server::registry: registry.rs:217 IPC import timing: device_id=2 size_bytes=624427008 import_ms=3.19 (perf-t1)
2026-08-19T08:59:29.858406+00:00   INFO pegaflow_server::registry: registry.rs:217 IPC import timing: device_id=2 size_bytes=624427008 import_ms=3.54 (perf-t1)
2026-08-19T08:59:29.863822+00:00   INFO pegaflow_server::registry: registry.rs:217 IPC import timing: device_id=2 size_bytes=624427008 import_ms=4.83 (perf-t1)
2026-08-19T08:59:29.867682+00:00   INFO pegaflow_server::registry: registry.rs:217 IPC import timing: device_id=2 size_bytes=624427008 import_ms=3.29 (perf-t1)
2026-08-19T08:59:29.871367+00:00   INFO pegaflow_server::registry: registry.rs:217 IPC import timing: device_id=2 size_bytes=624427008 import_ms=3.15 (perf-t1)
2026-08-19T08:59:29.876409+00:00   INFO pegaflow_server::registry: registry.rs:217 IPC import timing: device_id=2 size_bytes=624427008 import_ms=4.49 (perf-t1)
2026-08-19T08:59:29.880022+00:00   INFO pegaflow_server::registry: registry.rs:217 IPC import timing: device_id=2 size_bytes=624427008 import_ms=3.07 (perf-t1)
2026-08-19T08:59:29.883736+00:00   INFO pegaflow_server::registry: registry.rs:217 IPC import timing: device_id=2 size_bytes=624427008 import_ms=3.16 (perf-t1)
2026-08-19T08:59:29.887520+00:00   INFO pegaflow_server::registry: registry.rs:217 IPC import timing: device_id=2 size_bytes=624427008 import_ms=3.20 (perf-t1)
2026-08-19T08:59:29.891625+00:00   INFO pegaflow_server::registry: registry.rs:217 IPC import timing: device_id=2 size_bytes=624427008 import_ms=3.56 (perf-t1)
2026-08-19T08:59:29.895282+00:00   INFO pegaflow_server::registry: registry.rs:217 IPC import timing: device_id=2 size_bytes=624427008 import_ms=3.12 (perf-t1)
2026-08-19T08:59:29.899035+00:00   INFO pegaflow_server::registry: registry.rs:217 IPC import timing: device_id=2 size_bytes=624427008 import_ms=3.19 (perf-t1)
2026-08-19T08:59:29.902772+00:00   INFO pegaflow_server::registry: registry.rs:217 IPC import timing: device_id=2 size_bytes=624427008 import_ms=3.21 (perf-t1)
2026-08-19T08:59:29.907162+00:00   INFO pegaflow_core::gpu_worker: gpu_worker.rs:338 GPU worker initialized: device=2 backend=ascend_batch device_id=2
2026-08-19T08:59:29.907521+00:00   INFO pegaflow_core::gpu_worker: gpu_worker.rs:338 GPU worker initialized: device=2 backend=ascend_batch device_id=2
2026-08-19T08:59:29.907695+00:00   INFO pegaflow_core::gpu_worker: gpu_worker.rs:200 GPU worker pool started: device=2, numa_node=NUMA6, transfer_mode=AscendDirect
2026-08-19T08:59:29.908438+00:00   INFO pegaflow_core::instance: instance.rs:706 Sealed instance topology: instance=03ed5a19-96fa-4134-9683-5f6c5d2855d7-ea3b08455f0440f6a1a9acb2854cf00f, num_layers=72, tp_size=1, world_size=1, total_slots=72
2026-08-19T08:59:29.908503+00:00   INFO pegaflow_core::instance: instance.rs:719 Initialized GPU context: device_id=2, numa_node=NUMA6
2026-08-19T08:59:29.908534+00:00   INFO pegaflow_core: lib.rs:452 Registered context batch: instance=03ed5a19-96fa-4134-9683-5f6c5d2855d7-ea3b08455f0440f6a1a9acb2854cf00f, namespace=perf-t5-d-iso-c3-2, device=2, layers=72, tp_rank=0/1, pp_rank=0
2026-08-19T08:59:32.309853+00:00   INFO pegaflow_server::registry: registry.rs:217 IPC import timing: device_id=0 size_bytes=624427008 import_ms=4.09 (perf-t1)
2026-08-19T08:59:32.314266+00:00   INFO pegaflow_server::registry: registry.rs:217 IPC import timing: device_id=0 size_bytes=624427008 import_ms=3.51 (perf-t1)
2026-08-19T08:59:32.318210+00:00   INFO pegaflow_server::registry: registry.rs:217 IPC import timing: device_id=0 size_bytes=624427008 import_ms=3.33 (perf-t1)
2026-08-19T08:59:32.322241+00:00   INFO pegaflow_server::registry: registry.rs:217 IPC import timing: device_id=0 size_bytes=624427008 import_ms=3.45 (perf-t1)
2026-08-19T08:59:32.328269+00:00   INFO pegaflow_server::registry: registry.rs:217 IPC import timing: device_id=0 size_bytes=624427008 import_ms=5.40 (perf-t1)
2026-08-19T08:59:32.332342+00:00   INFO pegaflow_server::registry: registry.rs:217 IPC import timing: device_id=0 size_bytes=624427008 import_ms=3.46 (perf-t1)
2026-08-19T08:59:32.336271+00:00   INFO pegaflow_server::registry: registry.rs:217 IPC import timing: device_id=0 size_bytes=624427008 import_ms=3.35 (perf-t1)
2026-08-19T08:59:32.340624+00:00   INFO pegaflow_server::registry: registry.rs:217 IPC import timing: device_id=0 size_bytes=624427008 import_ms=3.71 (perf-t1)
2026-08-19T08:59:32.344607+00:00   INFO pegaflow_server::registry: registry.rs:217 IPC import timing: device_id=0 size_bytes=624427008 import_ms=3.39 (perf-t1)
2026-08-19T08:59:32.348772+00:00   INFO pegaflow_server::registry: registry.rs:217 IPC import timing: device_id=0 size_bytes=624427008 import_ms=3.58 (perf-t1)
2026-08-19T08:59:32.352811+00:00   INFO pegaflow_server::registry: registry.rs:217 IPC import timing: device_id=0 size_bytes=624427008 import_ms=3.43 (perf-t1)
2026-08-19T08:59:32.356613+00:00   INFO pegaflow_server::registry: registry.rs:217 IPC import timing: device_id=0 size_bytes=624427008 import_ms=3.24 (perf-t1)
2026-08-19T08:59:32.360400+00:00   INFO pegaflow_server::registry: registry.rs:217 IPC import timing: device_id=0 size_bytes=624427008 import_ms=3.24 (perf-t1)
2026-08-19T08:59:32.364402+00:00   INFO pegaflow_server::registry: registry.rs:217 IPC import timing: device_id=0 size_bytes=624427008 import_ms=3.38 (perf-t1)
2026-08-19T08:59:32.368131+00:00   INFO pegaflow_server::registry: registry.rs:217 IPC import timing: device_id=0 size_bytes=624427008 import_ms=3.17 (perf-t1)
2026-08-19T08:59:32.372868+00:00   INFO pegaflow_server::registry: registry.rs:217 IPC import timing: device_id=0 size_bytes=624427008 import_ms=4.13 (perf-t1)
2026-08-19T08:59:32.376820+00:00   INFO pegaflow_server::registry: registry.rs:217 IPC import timing: device_id=0 size_bytes=624427008 import_ms=3.33 (perf-t1)
2026-08-19T08:59:32.380619+00:00   INFO pegaflow_server::registry: registry.rs:217 IPC import timing: device_id=0 size_bytes=624427008 import_ms=3.23 (perf-t1)
2026-08-19T08:59:32.384521+00:00   INFO pegaflow_server::registry: registry.rs:217 IPC import timing: device_id=0 size_bytes=624427008 import_ms=3.31 (perf-t1)
2026-08-19T08:59:32.388388+00:00   INFO pegaflow_server::registry: registry.rs:217 IPC import timing: device_id=0 size_bytes=624427008 import_ms=3.24 (perf-t1)
2026-08-19T08:59:32.392127+00:00   INFO pegaflow_server::registry: registry.rs:217 IPC import timing: device_id=0 size_bytes=624427008 import_ms=3.17 (perf-t1)
2026-08-19T08:59:32.395905+00:00   INFO pegaflow_server::registry: registry.rs:217 IPC import timing: device_id=0 size_bytes=624427008 import_ms=3.22 (perf-t1)
2026-08-19T08:59:32.399773+00:00   INFO pegaflow_server::registry: registry.rs:217 IPC import timing: device_id=0 size_bytes=624427008 import_ms=3.25 (perf-t1)
2026-08-19T08:59:32.403601+00:00   INFO pegaflow_server::registry: registry.rs:217 IPC import timing: device_id=0 size_bytes=624427008 import_ms=3.25 (perf-t1)
2026-08-19T08:59:32.407607+00:00   INFO pegaflow_server::registry: registry.rs:217 IPC import timing: device_id=0 size_bytes=624427008 import_ms=3.44 (perf-t1)
2026-08-19T08:59:32.411678+00:00   INFO pegaflow_server::registry: registry.rs:217 IPC import timing: device_id=0 size_bytes=624427008 import_ms=3.46 (perf-t1)
2026-08-19T08:59:32.415524+00:00   INFO pegaflow_server::registry: registry.rs:217 IPC import timing: device_id=0 size_bytes=624427008 import_ms=3.27 (perf-t1)
2026-08-19T08:59:32.419426+00:00   INFO pegaflow_server::registry: registry.rs:217 IPC import timing: device_id=0 size_bytes=624427008 import_ms=3.33 (perf-t1)
2026-08-19T08:59:32.423282+00:00   INFO pegaflow_server::registry: registry.rs:217 IPC import timing: device_id=0 size_bytes=624427008 import_ms=3.24 (perf-t1)
2026-08-19T08:59:32.431062+00:00   INFO pegaflow_server::registry: registry.rs:217 IPC import timing: device_id=0 size_bytes=624427008 import_ms=7.16 (perf-t1)
2026-08-19T08:59:32.435161+00:00   INFO pegaflow_server::registry: registry.rs:217 IPC import timing: device_id=0 size_bytes=624427008 import_ms=3.49 (perf-t1)
2026-08-19T08:59:32.438997+00:00   INFO pegaflow_server::registry: registry.rs:217 IPC import timing: device_id=0 size_bytes=624427008 import_ms=3.22 (perf-t1)
2026-08-19T08:59:32.442809+00:00   INFO pegaflow_server::registry: registry.rs:217 IPC import timing: device_id=0 size_bytes=624427008 import_ms=3.24 (perf-t1)
2026-08-19T08:59:32.446533+00:00   INFO pegaflow_server::registry: registry.rs:217 IPC import timing: device_id=0 size_bytes=624427008 import_ms=3.15 (perf-t1)
2026-08-19T08:59:32.450634+00:00   INFO pegaflow_server::registry: registry.rs:217 IPC import timing: device_id=0 size_bytes=624427008 import_ms=3.47 (perf-t1)
2026-08-19T08:59:32.463428+00:00   INFO pegaflow_server::registry: registry.rs:217 IPC import timing: device_id=0 size_bytes=624427008 import_ms=12.22 (perf-t1)
2026-08-19T08:59:32.467358+00:00   INFO pegaflow_server::registry: registry.rs:217 IPC import timing: device_id=0 size_bytes=624427008 import_ms=3.31 (perf-t1)
2026-08-19T08:59:32.471289+00:00   INFO pegaflow_server::registry: registry.rs:217 IPC import timing: device_id=0 size_bytes=624427008 import_ms=3.30 (perf-t1)
2026-08-19T08:59:32.477190+00:00   INFO pegaflow_server::registry: registry.rs:217 IPC import timing: device_id=0 size_bytes=624427008 import_ms=5.34 (perf-t1)
2026-08-19T08:59:32.481053+00:00   INFO pegaflow_server::registry: registry.rs:217 IPC import timing: device_id=0 size_bytes=624427008 import_ms=3.31 (perf-t1)
2026-08-19T08:59:32.485100+00:00   INFO pegaflow_server::registry: registry.rs:217 IPC import timing: device_id=0 size_bytes=624427008 import_ms=3.47 (perf-t1)
2026-08-19T08:59:32.488888+00:00   INFO pegaflow_server::registry: registry.rs:217 IPC import timing: device_id=0 size_bytes=624427008 import_ms=3.21 (perf-t1)
2026-08-19T08:59:32.492570+00:00   INFO pegaflow_server::registry: registry.rs:217 IPC import timing: device_id=0 size_bytes=624427008 import_ms=3.13 (perf-t1)
2026-08-19T08:59:32.496417+00:00   INFO pegaflow_server::registry: registry.rs:217 IPC import timing: device_id=0 size_bytes=624427008 import_ms=3.31 (perf-t1)
2026-08-19T08:59:32.500176+00:00   INFO pegaflow_server::registry: registry.rs:217 IPC import timing: device_id=0 size_bytes=624427008 import_ms=3.18 (perf-t1)
2026-08-19T08:59:32.505478+00:00   INFO pegaflow_server::registry: registry.rs:217 IPC import timing: device_id=0 size_bytes=624427008 import_ms=4.76 (perf-t1)
2026-08-19T08:59:32.509331+00:00   INFO pegaflow_server::registry: registry.rs:217 IPC import timing: device_id=0 size_bytes=624427008 import_ms=3.31 (perf-t1)
2026-08-19T08:59:32.513089+00:00   INFO pegaflow_server::registry: registry.rs:217 IPC import timing: device_id=0 size_bytes=624427008 import_ms=3.18 (perf-t1)
2026-08-19T08:59:32.516816+00:00   INFO pegaflow_server::registry: registry.rs:217 IPC import timing: device_id=0 size_bytes=624427008 import_ms=3.19 (perf-t1)
2026-08-19T08:59:32.520549+00:00   INFO pegaflow_server::registry: registry.rs:217 IPC import timing: device_id=0 size_bytes=624427008 import_ms=3.19 (perf-t1)
2026-08-19T08:59:32.527211+00:00   INFO pegaflow_server::registry: registry.rs:217 IPC import timing: device_id=0 size_bytes=624427008 import_ms=6.09 (perf-t1)
2026-08-19T08:59:32.530853+00:00   INFO pegaflow_server::registry: registry.rs:217 IPC import timing: device_id=0 size_bytes=624427008 import_ms=3.10 (perf-t1)
2026-08-19T08:59:32.534566+00:00   INFO pegaflow_server::registry: registry.rs:217 IPC import timing: device_id=0 size_bytes=624427008 import_ms=3.18 (perf-t1)
2026-08-19T08:59:32.538351+00:00   INFO pegaflow_server::registry: registry.rs:217 IPC import timing: device_id=0 size_bytes=624427008 import_ms=3.23 (perf-t1)
2026-08-19T08:59:32.542092+00:00   INFO pegaflow_server::registry: registry.rs:217 IPC import timing: device_id=0 size_bytes=624427008 import_ms=3.20 (perf-t1)
2026-08-19T08:59:32.545725+00:00   INFO pegaflow_server::registry: registry.rs:217 IPC import timing: device_id=0 size_bytes=624427008 import_ms=3.09 (perf-t1)
2026-08-19T08:59:32.550028+00:00   INFO pegaflow_server::registry: registry.rs:217 IPC import timing: device_id=0 size_bytes=624427008 import_ms=3.74 (perf-t1)
2026-08-19T08:59:32.553870+00:00   INFO pegaflow_server::registry: registry.rs:217 IPC import timing: device_id=0 size_bytes=624427008 import_ms=3.21 (perf-t1)
2026-08-19T08:59:32.557991+00:00   INFO pegaflow_server::registry: registry.rs:217 IPC import timing: device_id=0 size_bytes=624427008 import_ms=3.58 (perf-t1)
2026-08-19T08:59:32.561747+00:00   INFO pegaflow_server::registry: registry.rs:217 IPC import timing: device_id=0 size_bytes=624427008 import_ms=3.18 (perf-t1)
2026-08-19T08:59:32.565489+00:00   INFO pegaflow_server::registry: registry.rs:217 IPC import timing: device_id=0 size_bytes=624427008 import_ms=3.19 (perf-t1)
2026-08-19T08:59:32.570557+00:00   INFO pegaflow_server::registry: registry.rs:217 IPC import timing: device_id=0 size_bytes=624427008 import_ms=4.53 (perf-t1)
2026-08-19T08:59:32.574604+00:00   INFO pegaflow_server::registry: registry.rs:217 IPC import timing: device_id=0 size_bytes=624427008 import_ms=3.47 (perf-t1)
2026-08-19T08:59:32.578342+00:00   INFO pegaflow_server::registry: registry.rs:217 IPC import timing: device_id=0 size_bytes=624427008 import_ms=3.20 (perf-t1)
2026-08-19T08:59:32.581976+00:00   INFO pegaflow_server::registry: registry.rs:217 IPC import timing: device_id=0 size_bytes=624427008 import_ms=3.09 (perf-t1)
2026-08-19T08:59:32.585723+00:00   INFO pegaflow_server::registry: registry.rs:217 IPC import timing: device_id=0 size_bytes=624427008 import_ms=3.18 (perf-t1)
2026-08-19T08:59:32.589422+00:00   INFO pegaflow_server::registry: registry.rs:217 IPC import timing: device_id=0 size_bytes=624427008 import_ms=3.16 (perf-t1)
2026-08-19T08:59:32.593166+00:00   INFO pegaflow_server::registry: registry.rs:217 IPC import timing: device_id=0 size_bytes=624427008 import_ms=3.19 (perf-t1)
2026-08-19T08:59:32.596978+00:00   INFO pegaflow_server::registry: registry.rs:217 IPC import timing: device_id=0 size_bytes=624427008 import_ms=3.23 (perf-t1)
2026-08-19T08:59:32.600736+00:00   INFO pegaflow_server::registry: registry.rs:217 IPC import timing: device_id=0 size_bytes=624427008 import_ms=3.21 (perf-t1)
2026-08-19T08:59:32.604539+00:00   INFO pegaflow_server::registry: registry.rs:217 IPC import timing: device_id=0 size_bytes=624427008 import_ms=3.26 (perf-t1)
2026-08-19T08:59:32.608304+00:00   INFO pegaflow_server::registry: registry.rs:217 IPC import timing: device_id=0 size_bytes=624427008 import_ms=3.19 (perf-t1)
2026-08-19T08:59:32.612785+00:00   INFO pegaflow_core::gpu_worker: gpu_worker.rs:338 GPU worker initialized: device=0 backend=ascend_batch device_id=0
2026-08-19T08:59:32.613102+00:00   INFO pegaflow_core::gpu_worker: gpu_worker.rs:338 GPU worker initialized: device=0 backend=ascend_batch device_id=0
2026-08-19T08:59:32.613288+00:00   INFO pegaflow_core::gpu_worker: gpu_worker.rs:200 GPU worker pool started: device=0, numa_node=NUMA6, transfer_mode=AscendDirect
2026-08-19T08:59:32.613973+00:00   INFO pegaflow_core::instance: instance.rs:706 Sealed instance topology: instance=2ad56d81-c1e7-484e-9451-a3caba52d1c5-cde54602621849bc9c4fcf8c6ea2be8a, num_layers=72, tp_size=1, world_size=1, total_slots=72
2026-08-19T08:59:32.614025+00:00   INFO pegaflow_core::instance: instance.rs:719 Initialized GPU context: device_id=0, numa_node=NUMA6
2026-08-19T08:59:32.614056+00:00   INFO pegaflow_core: lib.rs:452 Registered context batch: instance=2ad56d81-c1e7-484e-9451-a3caba52d1c5-cde54602621849bc9c4fcf8c6ea2be8a, namespace=perf-t5-d-iso-c3-0, device=0, layers=72, tp_rank=0/1, pp_rank=0
2026-08-19T08:59:42.008773+00:00   INFO pegaflow_server::service: service.rs:931 Session opened: instance_id=b342d636-d6c7-4148-8d5e-b749d90af805-6c1e51f0f1ff4272ba4464a92e135f20 namespace=perf-t5-d-iso-c3-3 tp_size=1 world_size=1 token=1
2026-08-19T08:59:50.214201+00:00   INFO pegaflow_server::service: service.rs:931 Session opened: instance_id=0cae5977-7cf4-4b86-92a6-3d45fc9a5c85-e20d3261fbfe48c99c2ad09e9383f05d namespace=perf-t5-d-iso-c3-1 tp_size=1 world_size=1 token=2
2026-08-19T08:59:56.892783+00:00   INFO pegaflow_server::service: service.rs:931 Session opened: instance_id=2ad56d81-c1e7-484e-9451-a3caba52d1c5-cde54602621849bc9c4fcf8c6ea2be8a namespace=perf-t5-d-iso-c3-0 tp_size=1 world_size=1 token=3
2026-08-19T08:59:58.940599+00:00   INFO pegaflow_server::service: service.rs:931 Session opened: instance_id=03ed5a19-96fa-4134-9683-5f6c5d2855d7-ea3b08455f0440f6a1a9acb2854cf00f namespace=perf-t5-d-iso-c3-2 tp_size=1 world_size=1 token=4
2026-08-19T09:00:07.845991+00:00   INFO pegaflow_core::storage::prefetch: prefetch.rs:316 Prefetch local-hit timing: req_id=cmpl-perf-ce5d7f3b02b6-0-af55c5f8 total_keys=76 hit=0 missing=76 key_build=114.102µs cache_scan=20.85µs task_schedule=7.021µs total=210.454µs
2026-08-19T09:00:41.712224+00:00   INFO pegaflow_core::storage::prefetch: prefetch.rs:316 Prefetch local-hit timing: req_id=cmpl-perf-5b5d848872d1-0-bbe519e8 total_keys=76 hit=0 missing=76 key_build=49.731µs cache_scan=13.18µs task_schedule=5.45µs total=92.902µs
2026-08-19T09:00:44.307653+00:00   INFO pegaflow_core::storage::prefetch: prefetch.rs:316 Prefetch local-hit timing: req_id=cmpl-perf-18bbab6c6606-0-be3ded49 total_keys=76 hit=0 missing=76 key_build=47.731µs cache_scan=21.85µs task_schedule=6.2µs total=105.812µs
2026-08-19T09:00:46.869425+00:00   INFO pegaflow_core::storage::prefetch: prefetch.rs:316 Prefetch local-hit timing: req_id=cmpl-perf-d672e514e1da-0-adc65d9f total_keys=76 hit=0 missing=76 key_build=43.051µs cache_scan=20.72µs task_schedule=6.41µs total=96.972µs
2026-08-19T09:00:56.509620+00:00   INFO pegaflow_core::storage::prefetch: prefetch.rs:316 Prefetch local-hit timing: req_id=cmpl-perf-1d5f822d4ca7-0-b40c2ce2 total_keys=1 hit=0 missing=1 key_build=8.36µs cache_scan=18.91µs task_schedule=6.441µs total=67.181µs
2026-08-19T09:00:58.296326+00:00   INFO pegaflow_core::storage::prefetch: prefetch.rs:316 Prefetch local-hit timing: req_id=cmpl-perf-397e612650d9-0-a7e4d521 total_keys=1 hit=0 missing=1 key_build=9.161µs cache_scan=19.49µs task_schedule=6.94µs total=61.942µs
2026-08-19T09:01:00.090225+00:00   INFO pegaflow_core::storage::prefetch: prefetch.rs:316 Prefetch local-hit timing: req_id=cmpl-perf-686b5cc21722-0-9a3ebddf total_keys=1 hit=0 missing=1 key_build=8.99µs cache_scan=22.06µs task_schedule=6.221µs total=65.811µs
2026-08-19T09:01:01.860456+00:00   INFO pegaflow_core::storage::prefetch: prefetch.rs:316 Prefetch local-hit timing: req_id=cmpl-perf-30286a753c76-0-bb52bbf2 total_keys=1 hit=0 missing=1 key_build=8.871µs cache_scan=21.56µs task_schedule=6.8µs total=65.092µs
2026-08-19T09:01:06.938384+00:00   INFO pegaflow_server::service: service.rs:955 Session closed: instance_id=b342d636-d6c7-4148-8d5e-b749d90af805-6c1e51f0f1ff4272ba4464a92e135f20 token=1 — running cleanup
2026-08-19T09:01:07.478010+00:00   INFO pegaflow_server::service: service.rs:59 Session cleanup (stream closed): dropped 72 device tensors for instance b342d636-d6c7-4148-8d5e-b749d90af805-6c1e51f0f1ff4272ba4464a92e135f20
2026-08-19T09:01:07.478264+00:00   INFO pegaflow_core: lib.rs:471 Unregistered instance: b342d636-d6c7-4148-8d5e-b749d90af805-6c1e51f0f1ff4272ba4464a92e135f20
2026-08-19T09:01:08.250839+00:00   INFO pegaflow_server::service: service.rs:955 Session closed: instance_id=0cae5977-7cf4-4b86-92a6-3d45fc9a5c85-e20d3261fbfe48c99c2ad09e9383f05d token=2 — running cleanup
2026-08-19T09:01:08.867901+00:00   INFO pegaflow_core: lib.rs:471 Unregistered instance: 0cae5977-7cf4-4b86-92a6-3d45fc9a5c85-e20d3261fbfe48c99c2ad09e9383f05d
2026-08-19T09:01:09.608090+00:00   INFO pegaflow_server::service: service.rs:955 Session closed: instance_id=2ad56d81-c1e7-484e-9451-a3caba52d1c5-cde54602621849bc9c4fcf8c6ea2be8a token=3 — running cleanup
2026-08-19T09:01:10.283261+00:00   INFO pegaflow_core: lib.rs:471 Unregistered instance: 2ad56d81-c1e7-484e-9451-a3caba52d1c5-cde54602621849bc9c4fcf8c6ea2be8a
2026-08-19T09:01:10.922191+00:00   INFO pegaflow_server::service: service.rs:955 Session closed: instance_id=03ed5a19-96fa-4134-9683-5f6c5d2855d7-ea3b08455f0440f6a1a9acb2854cf00f token=4 — running cleanup
2026-08-19T09:01:11.583842+00:00   INFO pegaflow_core: lib.rs:471 Unregistered instance: 03ed5a19-96fa-4134-9683-5f6c5d2855d7-ea3b08455f0440f6a1a9acb2854cf00f
