2026-08-19T07:56:25.945306+00:00   INFO pegaflow_server: lib.rs:480 Starting pega-engine-server v0.23.3
2026-08-19T07:56:26.799074+00:00   INFO pegaflow_server: lib.rs:319 Ascend ACL runtime initialized, device 0 set as current
2026-08-19T07:56:26.799281+00:00   INFO pegaflow_server::check_ascend_version: check_ascend_version.rs:40 Ascend preflight: minimum required version 1.16.0
2026-08-19T07:56:26.799359+00:00   INFO pegaflow_server::check_ascend_version: check_ascend_version.rs:52 Ascend preflight: runtime version 1.17.0 detected
2026-08-19T07:56:26.799402+00:00   INFO pegaflow_server: lib.rs:498 Using specified device(s): [0, 1, 2, 3]
2026-08-19T07:56:35.788316+00:00   INFO pegaflow_server: lib.rs:397 Initialized context for device 0 in 0.01s
2026-08-19T07:56:36.543827+00:00   INFO pegaflow_server: lib.rs:397 Initialized context for device 1 in 0.76s
2026-08-19T07:56:37.284971+00:00   INFO pegaflow_server: lib.rs:397 Initialized context for device 2 in 0.74s
2026-08-19T07:56:38.063958+00:00   INFO pegaflow_server: lib.rs:397 Initialized context for device 3 in 0.78s
2026-08-19T07:56:38.064199+00:00   INFO pegaflow_server: lib.rs:507 Device runtime initialized for 4 device(s): [0, 1, 2, 3]
2026-08-19T07:56:38.064575+00:00   INFO pegaflow_server: lib.rs:528 Creating PegaEngine with pinned memory pool: 16.00 GiB (17179869184 bytes), hugepages=false
2026-08-19T07:56:38.095724+00:00   INFO pegaflow_server: lib.rs:446 Prometheus metrics exporter enabled
2026-08-19T07:56:38.098325+00:00   INFO opentelemetry: metrics.rs:29  name="MeterProvider.GlobalSet" message=Global meter provider is set. Meters can now be created using global::meter() or global::meter_with_scope().
2026-08-19T07:56:43.466532+00:00   INFO pegaflow_common::numa: numa.rs:650 === Device-NUMA Topology ===
2026-08-19T07:56:43.466701+00:00   INFO pegaflow_common::numa: numa.rs:651 NUMA nodes: 8
2026-08-19T07:56:43.466749+00:00   INFO pegaflow_common::numa: numa.rs:659   Device 0 -> NUMA6
2026-08-19T07:56:43.466773+00:00   INFO pegaflow_common::numa: numa.rs:659   Device 1 -> NUMA0
2026-08-19T07:56:43.466792+00:00   INFO pegaflow_common::numa: numa.rs:659   Device 2 -> NUMA6
2026-08-19T07:56:43.466811+00:00   INFO pegaflow_common::numa: numa.rs:659   Device 3 -> NUMA0
2026-08-19T07:56:43.466829+00:00   INFO pegaflow_common::numa: numa.rs:659   Device 4 -> NUMA4
2026-08-19T07:56:43.466847+00:00   INFO pegaflow_common::numa: numa.rs:659   Device 5 -> NUMA2
2026-08-19T07:56:43.466866+00:00   INFO pegaflow_common::numa: numa.rs:659   Device 6 -> NUMA4
2026-08-19T07:56:43.466884+00:00   INFO pegaflow_common::numa: numa.rs:659   Device 7 -> NUMA2
2026-08-19T07:56:43.466945+00:00   INFO pegaflow_core: lib.rs:163 Auto-enabling NUMA-aware memory allocation for 4 GPU-local NUMA nodes (8 CPU NUMA nodes detected)
2026-08-19T07:56:43.466970+00:00   INFO pegaflow_core::storage: mod.rs:150 Creating NUMA-aware pinned pools for 4 nodes
2026-08-19T07:56:43.467004+00:00   INFO pegaflow_core::pinned_pool: pinned_pool.rs:547 Creating NUMA-aware pools: total=16.0 GiB, nodes=4, per_node=4.0 GiB, shards_per_node=1
2026-08-19T07:56:43.468413+00:00   INFO pegaflow_core::pinned_pool: pinned_pool.rs:203 Allocating pinned memory pool with aclrtMallocHost mapped pages
2026-08-19T07:56:43.468627+00:00   INFO pegaflow_core::pinned_pool: pinned_pool.rs:262 Ascend pinned pool on NUMA node NUMA0 → using device 3
2026-08-19T07:56:43.640214+00:00   INFO pegaflow_core::pinned_pool: pinned_pool.rs:213 Pinned pool: backing_size=4.0 GiB, unit_size=512 B, max_units=8388608, allocatable_size=4.0 GiB
2026-08-19T07:56:43.983405+00:00   INFO pegaflow_core::pinned_pool: pinned_pool.rs:580 Created pinned pool on NUMA0: capacity=4.0 GiB
2026-08-19T07:56:43.984414+00:00   INFO pegaflow_core::pinned_pool: pinned_pool.rs:203 Allocating pinned memory pool with aclrtMallocHost mapped pages
2026-08-19T07:56:43.984577+00:00   INFO pegaflow_core::pinned_pool: pinned_pool.rs:262 Ascend pinned pool on NUMA node NUMA2 → using device 7
2026-08-19T07:56:44.916389+00:00   INFO pegaflow_core::pinned_pool: pinned_pool.rs:213 Pinned pool: backing_size=4.0 GiB, unit_size=512 B, max_units=8388608, allocatable_size=4.0 GiB
2026-08-19T07:56:45.257744+00:00   INFO pegaflow_core::pinned_pool: pinned_pool.rs:580 Created pinned pool on NUMA2: capacity=4.0 GiB
2026-08-19T07:56:45.258846+00:00   INFO pegaflow_core::pinned_pool: pinned_pool.rs:203 Allocating pinned memory pool with aclrtMallocHost mapped pages
2026-08-19T07:56:45.258902+00:00   INFO pegaflow_core::pinned_pool: pinned_pool.rs:262 Ascend pinned pool on NUMA node NUMA4 → using device 6
2026-08-19T07:56:46.195223+00:00   INFO pegaflow_core::pinned_pool: pinned_pool.rs:213 Pinned pool: backing_size=4.0 GiB, unit_size=512 B, max_units=8388608, allocatable_size=4.0 GiB
2026-08-19T07:56:46.530590+00:00   INFO pegaflow_core::pinned_pool: pinned_pool.rs:580 Created pinned pool on NUMA4: capacity=4.0 GiB
2026-08-19T07:56:46.531920+00:00   INFO pegaflow_core::pinned_pool: pinned_pool.rs:203 Allocating pinned memory pool with aclrtMallocHost mapped pages
2026-08-19T07:56:46.532107+00:00   INFO pegaflow_core::pinned_pool: pinned_pool.rs:262 Ascend pinned pool on NUMA node NUMA6 → using device 0
2026-08-19T07:56:46.697020+00:00   INFO pegaflow_core::pinned_pool: pinned_pool.rs:213 Pinned pool: backing_size=4.0 GiB, unit_size=512 B, max_units=8388608, allocatable_size=4.0 GiB
2026-08-19T07:56:47.032781+00:00   INFO pegaflow_core::pinned_pool: pinned_pool.rs:580 Created pinned pool on NUMA6: capacity=4.0 GiB
2026-08-19T07:56:47.033629+00:00   INFO pegaflow_server: lib.rs:688 Background GC task started (interval=60s, inflight_max_age=5m, failed_remote_max_age=5m)
2026-08-19T07:56:47.034134+00:00   INFO pegaflow_server::http_server: http_server.rs:187 Starting HTTP server on 0.0.0.0:9091 (/health, /metrics, /instances, /instances/cleanup, /cache/memory/cleanup)
2026-08-19T07:56:47.034254+00:00   INFO pegaflow_server: lib.rs:716 PegaEngine gRPC server listening on 0.0.0.0:50080
2026-08-19T07:58:48.065883+00:00   INFO pegaflow_server::registry: registry.rs:217 IPC import timing: device_id=3 size_bytes=624427008 import_ms=77.35 (perf-t1)
2026-08-19T07:58:48.116542+00:00   INFO pegaflow_server::registry: registry.rs:217 IPC import timing: device_id=3 size_bytes=624427008 import_ms=48.73 (perf-t1)
2026-08-19T07:58:48.172994+00:00   INFO pegaflow_server::registry: registry.rs:217 IPC import timing: device_id=3 size_bytes=624427008 import_ms=55.83 (perf-t1)
2026-08-19T07:58:48.273334+00:00   INFO pegaflow_server::registry: registry.rs:217 IPC import timing: device_id=3 size_bytes=624427008 import_ms=99.78 (perf-t1)
2026-08-19T07:58:48.368375+00:00   INFO pegaflow_server::registry: registry.rs:217 IPC import timing: device_id=3 size_bytes=624427008 import_ms=94.00 (perf-t1)
2026-08-19T07:58:48.464586+00:00   INFO pegaflow_server::registry: registry.rs:217 IPC import timing: device_id=3 size_bytes=624427008 import_ms=95.63 (perf-t1)
2026-08-19T07:58:48.516164+00:00   INFO pegaflow_server::registry: registry.rs:217 IPC import timing: device_id=3 size_bytes=624427008 import_ms=51.01 (perf-t1)
2026-08-19T07:58:48.564122+00:00   INFO pegaflow_server::registry: registry.rs:217 IPC import timing: device_id=3 size_bytes=624427008 import_ms=47.36 (perf-t1)
2026-08-19T07:58:48.612145+00:00   INFO pegaflow_server::registry: registry.rs:217 IPC import timing: device_id=3 size_bytes=624427008 import_ms=47.43 (perf-t1)
2026-08-19T07:58:48.663156+00:00   INFO pegaflow_server::registry: registry.rs:217 IPC import timing: device_id=3 size_bytes=624427008 import_ms=50.43 (perf-t1)
2026-08-19T07:58:48.716120+00:00   INFO pegaflow_server::registry: registry.rs:217 IPC import timing: device_id=3 size_bytes=624427008 import_ms=52.38 (perf-t1)
2026-08-19T07:58:48.764810+00:00   INFO pegaflow_server::registry: registry.rs:217 IPC import timing: device_id=3 size_bytes=624427008 import_ms=48.13 (perf-t1)
2026-08-19T07:58:48.812295+00:00   INFO pegaflow_server::registry: registry.rs:217 IPC import timing: device_id=3 size_bytes=624427008 import_ms=46.90 (perf-t1)
2026-08-19T07:58:48.856067+00:00   INFO pegaflow_server::registry: registry.rs:217 IPC import timing: device_id=3 size_bytes=624427008 import_ms=43.16 (perf-t1)
2026-08-19T07:58:48.908115+00:00   INFO pegaflow_server::registry: registry.rs:217 IPC import timing: device_id=3 size_bytes=624427008 import_ms=51.42 (perf-t1)
2026-08-19T07:58:48.915047+00:00   INFO pegaflow_server::registry: registry.rs:217 IPC import timing: device_id=3 size_bytes=624427008 import_ms=6.25 (perf-t1)
2026-08-19T07:58:48.955920+00:00   INFO pegaflow_server::registry: registry.rs:217 IPC import timing: device_id=3 size_bytes=624427008 import_ms=40.32 (perf-t1)
2026-08-19T07:58:49.004361+00:00   INFO pegaflow_server::registry: registry.rs:217 IPC import timing: device_id=3 size_bytes=624427008 import_ms=47.86 (perf-t1)
2026-08-19T07:58:49.009844+00:00   INFO pegaflow_server::registry: registry.rs:217 IPC import timing: device_id=3 size_bytes=624427008 import_ms=4.92 (perf-t1)
2026-08-19T07:58:49.052666+00:00   INFO pegaflow_server::registry: registry.rs:217 IPC import timing: device_id=3 size_bytes=624427008 import_ms=42.25 (perf-t1)
2026-08-19T07:58:49.060426+00:00   INFO pegaflow_server::registry: registry.rs:217 IPC import timing: device_id=3 size_bytes=624427008 import_ms=7.21 (perf-t1)
2026-08-19T07:58:49.100211+00:00   INFO pegaflow_server::registry: registry.rs:217 IPC import timing: device_id=3 size_bytes=624427008 import_ms=39.26 (perf-t1)
2026-08-19T07:58:49.143947+00:00   INFO pegaflow_server::registry: registry.rs:217 IPC import timing: device_id=3 size_bytes=624427008 import_ms=43.14 (perf-t1)
2026-08-19T07:58:49.167254+00:00   INFO pegaflow_server::registry: registry.rs:217 IPC import timing: device_id=3 size_bytes=624427008 import_ms=22.73 (perf-t1)
2026-08-19T07:58:49.208165+00:00   INFO pegaflow_server::registry: registry.rs:217 IPC import timing: device_id=3 size_bytes=624427008 import_ms=40.38 (perf-t1)
2026-08-19T07:58:49.263609+00:00   INFO pegaflow_server::registry: registry.rs:217 IPC import timing: device_id=3 size_bytes=624427008 import_ms=54.83 (perf-t1)
2026-08-19T07:58:49.308034+00:00   INFO pegaflow_server::registry: registry.rs:217 IPC import timing: device_id=3 size_bytes=624427008 import_ms=43.88 (perf-t1)
2026-08-19T07:58:49.356062+00:00   INFO pegaflow_server::registry: registry.rs:217 IPC import timing: device_id=3 size_bytes=624427008 import_ms=47.46 (perf-t1)
2026-08-19T07:58:49.400129+00:00   INFO pegaflow_server::registry: registry.rs:217 IPC import timing: device_id=3 size_bytes=624427008 import_ms=43.47 (perf-t1)
2026-08-19T07:58:49.445716+00:00   INFO pegaflow_server::registry: registry.rs:217 IPC import timing: device_id=3 size_bytes=624427008 import_ms=44.87 (perf-t1)
2026-08-19T07:58:49.500047+00:00   INFO pegaflow_server::registry: registry.rs:217 IPC import timing: device_id=3 size_bytes=624427008 import_ms=53.79 (perf-t1)
2026-08-19T07:58:49.530130+00:00   INFO pegaflow_server::registry: registry.rs:217 IPC import timing: device_id=3 size_bytes=624427008 import_ms=29.48 (perf-t1)
2026-08-19T07:58:49.534380+00:00   INFO pegaflow_server::registry: registry.rs:217 IPC import timing: device_id=3 size_bytes=624427008 import_ms=3.70 (perf-t1)
2026-08-19T07:58:49.577762+00:00   INFO pegaflow_server::registry: registry.rs:217 IPC import timing: device_id=3 size_bytes=624427008 import_ms=42.86 (perf-t1)
2026-08-19T07:58:49.581830+00:00   INFO pegaflow_server::registry: registry.rs:217 IPC import timing: device_id=3 size_bytes=624427008 import_ms=3.50 (perf-t1)
2026-08-19T07:58:49.625902+00:00   INFO pegaflow_server::registry: registry.rs:217 IPC import timing: device_id=3 size_bytes=624427008 import_ms=43.53 (perf-t1)
2026-08-19T07:58:49.629916+00:00   INFO pegaflow_server::registry: registry.rs:217 IPC import timing: device_id=3 size_bytes=624427008 import_ms=3.44 (perf-t1)
2026-08-19T07:58:49.674828+00:00   INFO pegaflow_server::registry: registry.rs:217 IPC import timing: device_id=3 size_bytes=624427008 import_ms=44.34 (perf-t1)
2026-08-19T07:58:49.722032+00:00   INFO pegaflow_server::registry: registry.rs:217 IPC import timing: device_id=3 size_bytes=624427008 import_ms=46.65 (perf-t1)
2026-08-19T07:58:49.726049+00:00   INFO pegaflow_server::registry: registry.rs:217 IPC import timing: device_id=3 size_bytes=624427008 import_ms=3.46 (perf-t1)
2026-08-19T07:58:49.769786+00:00   INFO pegaflow_server::registry: registry.rs:217 IPC import timing: device_id=3 size_bytes=624427008 import_ms=43.17 (perf-t1)
2026-08-19T07:58:49.773720+00:00   INFO pegaflow_server::registry: registry.rs:217 IPC import timing: device_id=3 size_bytes=624427008 import_ms=3.41 (perf-t1)
2026-08-19T07:58:49.777565+00:00   INFO pegaflow_server::registry: registry.rs:217 IPC import timing: device_id=3 size_bytes=624427008 import_ms=3.32 (perf-t1)
2026-08-19T07:58:49.781495+00:00   INFO pegaflow_server::registry: registry.rs:217 IPC import timing: device_id=3 size_bytes=624427008 import_ms=3.38 (perf-t1)
2026-08-19T07:58:49.785342+00:00   INFO pegaflow_server::registry: registry.rs:217 IPC import timing: device_id=3 size_bytes=624427008 import_ms=3.33 (perf-t1)
2026-08-19T07:58:49.790719+00:00   INFO pegaflow_server::registry: registry.rs:217 IPC import timing: device_id=3 size_bytes=624427008 import_ms=4.84 (perf-t1)
2026-08-19T07:58:49.812253+00:00   INFO pegaflow_server::registry: registry.rs:217 IPC import timing: device_id=3 size_bytes=624427008 import_ms=20.93 (perf-t1)
2026-08-19T07:58:49.824034+00:00   INFO pegaflow_server::registry: registry.rs:217 IPC import timing: device_id=3 size_bytes=624427008 import_ms=11.20 (perf-t1)
2026-08-19T07:58:49.827835+00:00   INFO pegaflow_server::registry: registry.rs:217 IPC import timing: device_id=3 size_bytes=624427008 import_ms=3.24 (perf-t1)
2026-08-19T07:58:49.832036+00:00   INFO pegaflow_server::registry: registry.rs:217 IPC import timing: device_id=3 size_bytes=624427008 import_ms=3.63 (perf-t1)
2026-08-19T07:58:49.836018+00:00   INFO pegaflow_server::registry: registry.rs:217 IPC import timing: device_id=3 size_bytes=624427008 import_ms=3.43 (perf-t1)
2026-08-19T07:58:49.839645+00:00   INFO pegaflow_server::registry: registry.rs:217 IPC import timing: device_id=3 size_bytes=624427008 import_ms=3.07 (perf-t1)
2026-08-19T07:58:49.844836+00:00   INFO pegaflow_server::registry: registry.rs:217 IPC import timing: device_id=3 size_bytes=624427008 import_ms=4.63 (perf-t1)
2026-08-19T07:58:49.849900+00:00   INFO pegaflow_server::registry: registry.rs:217 IPC import timing: device_id=3 size_bytes=624427008 import_ms=4.54 (perf-t1)
2026-08-19T07:58:49.855067+00:00   INFO pegaflow_server::registry: registry.rs:217 IPC import timing: device_id=3 size_bytes=624427008 import_ms=4.63 (perf-t1)
2026-08-19T07:58:49.860107+00:00   INFO pegaflow_server::registry: registry.rs:217 IPC import timing: device_id=3 size_bytes=624427008 import_ms=4.45 (perf-t1)
2026-08-19T07:58:49.865461+00:00   INFO pegaflow_server::registry: registry.rs:217 IPC import timing: device_id=3 size_bytes=624427008 import_ms=4.80 (perf-t1)
2026-08-19T07:58:49.869407+00:00   INFO pegaflow_server::registry: registry.rs:217 IPC import timing: device_id=3 size_bytes=624427008 import_ms=3.26 (perf-t1)
2026-08-19T07:58:49.873256+00:00   INFO pegaflow_server::registry: registry.rs:217 IPC import timing: device_id=3 size_bytes=624427008 import_ms=3.28 (perf-t1)
2026-08-19T07:58:49.877000+00:00   INFO pegaflow_server::registry: registry.rs:217 IPC import timing: device_id=3 size_bytes=624427008 import_ms=3.22 (perf-t1)
2026-08-19T07:58:49.880623+00:00   INFO pegaflow_server::registry: registry.rs:217 IPC import timing: device_id=3 size_bytes=624427008 import_ms=3.09 (perf-t1)
2026-08-19T07:58:49.885692+00:00   INFO pegaflow_server::registry: registry.rs:217 IPC import timing: device_id=3 size_bytes=624427008 import_ms=4.54 (perf-t1)
2026-08-19T07:58:49.889585+00:00   INFO pegaflow_server::registry: registry.rs:217 IPC import timing: device_id=3 size_bytes=624427008 import_ms=3.34 (perf-t1)
2026-08-19T07:58:49.893328+00:00   INFO pegaflow_server::registry: registry.rs:217 IPC import timing: device_id=3 size_bytes=624427008 import_ms=3.22 (perf-t1)
2026-08-19T07:58:49.897131+00:00   INFO pegaflow_server::registry: registry.rs:217 IPC import timing: device_id=3 size_bytes=624427008 import_ms=3.26 (perf-t1)
2026-08-19T07:58:49.900931+00:00   INFO pegaflow_server::registry: registry.rs:217 IPC import timing: device_id=3 size_bytes=624427008 import_ms=3.21 (perf-t1)
2026-08-19T07:58:49.907468+00:00   INFO pegaflow_server::registry: registry.rs:217 IPC import timing: device_id=3 size_bytes=624427008 import_ms=5.97 (perf-t1)
2026-08-19T07:58:49.913234+00:00   INFO pegaflow_server::registry: registry.rs:217 IPC import timing: device_id=3 size_bytes=624427008 import_ms=5.25 (perf-t1)
2026-08-19T07:58:49.917165+00:00   INFO pegaflow_server::registry: registry.rs:217 IPC import timing: device_id=3 size_bytes=624427008 import_ms=3.35 (perf-t1)
2026-08-19T07:58:49.920852+00:00   INFO pegaflow_server::registry: registry.rs:217 IPC import timing: device_id=3 size_bytes=624427008 import_ms=3.13 (perf-t1)
2026-08-19T07:58:49.924653+00:00   INFO pegaflow_server::registry: registry.rs:217 IPC import timing: device_id=3 size_bytes=624427008 import_ms=3.27 (perf-t1)
2026-08-19T07:58:49.928476+00:00   INFO pegaflow_server::registry: registry.rs:217 IPC import timing: device_id=3 size_bytes=624427008 import_ms=3.27 (perf-t1)
2026-08-19T07:58:49.932703+00:00   INFO pegaflow_server::registry: registry.rs:217 IPC import timing: device_id=1 size_bytes=624427008 import_ms=3.43 (perf-t1)
2026-08-19T07:58:49.933180+00:00   INFO pegaflow_core::gpu_worker: gpu_worker.rs:338 GPU worker initialized: device=3 backend=ascend_batch device_id=3
2026-08-19T07:58:49.933884+00:00   INFO pegaflow_core::gpu_worker: gpu_worker.rs:338 GPU worker initialized: device=3 backend=ascend_batch device_id=3
2026-08-19T07:58:49.934123+00:00   INFO pegaflow_core::gpu_worker: gpu_worker.rs:200 GPU worker pool started: device=3, numa_node=NUMA0, transfer_mode=AscendDirect
2026-08-19T07:58:49.934859+00:00   INFO pegaflow_core::instance: instance.rs:706 Sealed instance topology: instance=5cfe0b34-b71a-46e3-ab53-8fe2f08c3d52-daec1047016b40c394785e4c1d29be95, num_layers=72, tp_size=1, world_size=1, total_slots=72
2026-08-19T07:58:49.934911+00:00   INFO pegaflow_core::instance: instance.rs:719 Initialized GPU context: device_id=3, numa_node=NUMA0
2026-08-19T07:58:49.934943+00:00   INFO pegaflow_core: lib.rs:452 Registered context batch: instance=5cfe0b34-b71a-46e3-ab53-8fe2f08c3d52-daec1047016b40c394785e4c1d29be95, namespace=perf-t5-c-iso-c3-3, device=3, layers=72, tp_rank=0/1, pp_rank=0
2026-08-19T07:58:49.936641+00:00   INFO pegaflow_server::registry: registry.rs:217 IPC import timing: device_id=1 size_bytes=624427008 import_ms=3.39 (perf-t1)
2026-08-19T07:58:49.942179+00:00   INFO pegaflow_server::registry: registry.rs:217 IPC import timing: device_id=1 size_bytes=624427008 import_ms=4.95 (perf-t1)
2026-08-19T07:58:49.946061+00:00   INFO pegaflow_server::registry: registry.rs:217 IPC import timing: device_id=1 size_bytes=624427008 import_ms=3.35 (perf-t1)
2026-08-19T07:58:49.949961+00:00   INFO pegaflow_server::registry: registry.rs:217 IPC import timing: device_id=1 size_bytes=624427008 import_ms=3.34 (perf-t1)
2026-08-19T07:58:49.953866+00:00   INFO pegaflow_server::registry: registry.rs:217 IPC import timing: device_id=1 size_bytes=624427008 import_ms=3.34 (perf-t1)
2026-08-19T07:58:49.957686+00:00   INFO pegaflow_server::registry: registry.rs:217 IPC import timing: device_id=1 size_bytes=624427008 import_ms=3.28 (perf-t1)
2026-08-19T07:58:49.962668+00:00   INFO pegaflow_server::registry: registry.rs:217 IPC import timing: device_id=1 size_bytes=624427008 import_ms=4.46 (perf-t1)
2026-08-19T07:58:49.971143+00:00   INFO pegaflow_server::registry: registry.rs:217 IPC import timing: device_id=1 size_bytes=624427008 import_ms=3.34 (perf-t1)
2026-08-19T07:58:49.974984+00:00   INFO pegaflow_server::registry: registry.rs:217 IPC import timing: device_id=1 size_bytes=624427008 import_ms=3.27 (perf-t1)
2026-08-19T07:58:49.978863+00:00   INFO pegaflow_server::registry: registry.rs:217 IPC import timing: device_id=1 size_bytes=624427008 import_ms=3.33 (perf-t1)
2026-08-19T07:58:49.982605+00:00   INFO pegaflow_server::registry: registry.rs:217 IPC import timing: device_id=1 size_bytes=624427008 import_ms=3.18 (perf-t1)
2026-08-19T07:58:49.986508+00:00   INFO pegaflow_server::registry: registry.rs:217 IPC import timing: device_id=1 size_bytes=624427008 import_ms=3.36 (perf-t1)
2026-08-19T07:58:49.990397+00:00   INFO pegaflow_server::registry: registry.rs:217 IPC import timing: device_id=1 size_bytes=624427008 import_ms=3.31 (perf-t1)
2026-08-19T07:58:49.994199+00:00   INFO pegaflow_server::registry: registry.rs:217 IPC import timing: device_id=1 size_bytes=624427008 import_ms=3.22 (perf-t1)
2026-08-19T07:58:49.998063+00:00   INFO pegaflow_server::registry: registry.rs:217 IPC import timing: device_id=1 size_bytes=624427008 import_ms=3.30 (perf-t1)
2026-08-19T07:58:50.001705+00:00   INFO pegaflow_server::registry: registry.rs:217 IPC import timing: device_id=1 size_bytes=624427008 import_ms=3.12 (perf-t1)
2026-08-19T07:58:50.005374+00:00   INFO pegaflow_server::registry: registry.rs:217 IPC import timing: device_id=1 size_bytes=624427008 import_ms=3.13 (perf-t1)
2026-08-19T07:58:50.009062+00:00   INFO pegaflow_server::registry: registry.rs:217 IPC import timing: device_id=1 size_bytes=624427008 import_ms=3.18 (perf-t1)
2026-08-19T07:58:50.015656+00:00   INFO pegaflow_server::registry: registry.rs:217 IPC import timing: device_id=1 size_bytes=624427008 import_ms=6.08 (perf-t1)
2026-08-19T07:58:50.019270+00:00   INFO pegaflow_server::registry: registry.rs:217 IPC import timing: device_id=1 size_bytes=624427008 import_ms=3.06 (perf-t1)
2026-08-19T07:58:50.022908+00:00   INFO pegaflow_server::registry: registry.rs:217 IPC import timing: device_id=1 size_bytes=624427008 import_ms=3.12 (perf-t1)
2026-08-19T07:58:50.026542+00:00   INFO pegaflow_server::registry: registry.rs:217 IPC import timing: device_id=1 size_bytes=624427008 import_ms=3.12 (perf-t1)
2026-08-19T07:58:50.030508+00:00   INFO pegaflow_server::registry: registry.rs:217 IPC import timing: device_id=1 size_bytes=624427008 import_ms=3.43 (perf-t1)
2026-08-19T07:58:50.034086+00:00   INFO pegaflow_server::registry: registry.rs:217 IPC import timing: device_id=1 size_bytes=624427008 import_ms=3.06 (perf-t1)
2026-08-19T07:58:50.037886+00:00   INFO pegaflow_server::registry: registry.rs:217 IPC import timing: device_id=1 size_bytes=624427008 import_ms=3.27 (perf-t1)
2026-08-19T07:58:50.041527+00:00   INFO pegaflow_server::registry: registry.rs:217 IPC import timing: device_id=1 size_bytes=624427008 import_ms=3.10 (perf-t1)
2026-08-19T07:58:50.045189+00:00   INFO pegaflow_server::registry: registry.rs:217 IPC import timing: device_id=1 size_bytes=624427008 import_ms=3.15 (perf-t1)
2026-08-19T07:58:50.048828+00:00   INFO pegaflow_server::registry: registry.rs:217 IPC import timing: device_id=1 size_bytes=624427008 import_ms=3.12 (perf-t1)
2026-08-19T07:58:50.053760+00:00   INFO pegaflow_server::registry: registry.rs:217 IPC import timing: device_id=1 size_bytes=624427008 import_ms=4.35 (perf-t1)
2026-08-19T07:58:50.059811+00:00   INFO pegaflow_server::registry: registry.rs:217 IPC import timing: device_id=1 size_bytes=624427008 import_ms=5.53 (perf-t1)
2026-08-19T07:58:50.065170+00:00   INFO pegaflow_server::registry: registry.rs:217 IPC import timing: device_id=1 size_bytes=624427008 import_ms=4.84 (perf-t1)
2026-08-19T07:58:50.068902+00:00   INFO pegaflow_server::registry: registry.rs:217 IPC import timing: device_id=1 size_bytes=624427008 import_ms=3.18 (perf-t1)
2026-08-19T07:58:50.073103+00:00   INFO pegaflow_server::registry: registry.rs:217 IPC import timing: device_id=1 size_bytes=624427008 import_ms=3.68 (perf-t1)
2026-08-19T07:58:50.076755+00:00   INFO pegaflow_server::registry: registry.rs:217 IPC import timing: device_id=1 size_bytes=624427008 import_ms=3.12 (perf-t1)
2026-08-19T07:58:50.080449+00:00   INFO pegaflow_server::registry: registry.rs:217 IPC import timing: device_id=1 size_bytes=624427008 import_ms=3.16 (perf-t1)
2026-08-19T07:58:50.084165+00:00   INFO pegaflow_server::registry: registry.rs:217 IPC import timing: device_id=1 size_bytes=624427008 import_ms=3.20 (perf-t1)
2026-08-19T07:58:50.087905+00:00   INFO pegaflow_server::registry: registry.rs:217 IPC import timing: device_id=1 size_bytes=624427008 import_ms=3.17 (perf-t1)
2026-08-19T07:58:50.094155+00:00   INFO pegaflow_server::registry: registry.rs:217 IPC import timing: device_id=1 size_bytes=624427008 import_ms=5.68 (perf-t1)
2026-08-19T07:58:50.097827+00:00   INFO pegaflow_server::registry: registry.rs:217 IPC import timing: device_id=1 size_bytes=624427008 import_ms=3.16 (perf-t1)
2026-08-19T07:58:50.101487+00:00   INFO pegaflow_server::registry: registry.rs:217 IPC import timing: device_id=1 size_bytes=624427008 import_ms=3.14 (perf-t1)
2026-08-19T07:58:50.105142+00:00   INFO pegaflow_server::registry: registry.rs:217 IPC import timing: device_id=1 size_bytes=624427008 import_ms=3.11 (perf-t1)
2026-08-19T07:58:50.108718+00:00   INFO pegaflow_server::registry: registry.rs:217 IPC import timing: device_id=1 size_bytes=624427008 import_ms=3.05 (perf-t1)
2026-08-19T07:58:50.114741+00:00   INFO pegaflow_server::registry: registry.rs:217 IPC import timing: device_id=1 size_bytes=624427008 import_ms=5.51 (perf-t1)
2026-08-19T07:58:50.118486+00:00   INFO pegaflow_server::registry: registry.rs:217 IPC import timing: device_id=1 size_bytes=624427008 import_ms=3.20 (perf-t1)
2026-08-19T07:58:50.123639+00:00   INFO pegaflow_server::registry: registry.rs:217 IPC import timing: device_id=1 size_bytes=624427008 import_ms=4.64 (perf-t1)
2026-08-19T07:58:50.127250+00:00   INFO pegaflow_server::registry: registry.rs:217 IPC import timing: device_id=1 size_bytes=624427008 import_ms=3.09 (perf-t1)
2026-08-19T07:58:50.130880+00:00   INFO pegaflow_server::registry: registry.rs:217 IPC import timing: device_id=1 size_bytes=624427008 import_ms=3.09 (perf-t1)
2026-08-19T07:58:50.134662+00:00   INFO pegaflow_server::registry: registry.rs:217 IPC import timing: device_id=1 size_bytes=624427008 import_ms=3.26 (perf-t1)
2026-08-19T07:58:50.138268+00:00   INFO pegaflow_server::registry: registry.rs:217 IPC import timing: device_id=1 size_bytes=624427008 import_ms=3.10 (perf-t1)
2026-08-19T07:58:50.141915+00:00   INFO pegaflow_server::registry: registry.rs:217 IPC import timing: device_id=1 size_bytes=624427008 import_ms=3.10 (perf-t1)
2026-08-19T07:58:50.145448+00:00   INFO pegaflow_server::registry: registry.rs:217 IPC import timing: device_id=1 size_bytes=624427008 import_ms=3.02 (perf-t1)
2026-08-19T07:58:50.149077+00:00   INFO pegaflow_server::registry: registry.rs:217 IPC import timing: device_id=1 size_bytes=624427008 import_ms=3.11 (perf-t1)
2026-08-19T07:58:50.152805+00:00   INFO pegaflow_server::registry: registry.rs:217 IPC import timing: device_id=1 size_bytes=624427008 import_ms=3.19 (perf-t1)
2026-08-19T07:58:50.156448+00:00   INFO pegaflow_server::registry: registry.rs:217 IPC import timing: device_id=1 size_bytes=624427008 import_ms=3.13 (perf-t1)
2026-08-19T07:58:50.159988+00:00   INFO pegaflow_server::registry: registry.rs:217 IPC import timing: device_id=1 size_bytes=624427008 import_ms=3.03 (perf-t1)
2026-08-19T07:58:50.163766+00:00   INFO pegaflow_server::registry: registry.rs:217 IPC import timing: device_id=1 size_bytes=624427008 import_ms=3.26 (perf-t1)
2026-08-19T07:58:50.167613+00:00   INFO pegaflow_server::registry: registry.rs:217 IPC import timing: device_id=1 size_bytes=624427008 import_ms=3.17 (perf-t1)
2026-08-19T07:58:50.171342+00:00   INFO pegaflow_server::registry: registry.rs:217 IPC import timing: device_id=1 size_bytes=624427008 import_ms=3.21 (perf-t1)
2026-08-19T07:58:50.175089+00:00   INFO pegaflow_server::registry: registry.rs:217 IPC import timing: device_id=1 size_bytes=624427008 import_ms=3.22 (perf-t1)
2026-08-19T07:58:50.178661+00:00   INFO pegaflow_server::registry: registry.rs:217 IPC import timing: device_id=1 size_bytes=624427008 import_ms=3.02 (perf-t1)
2026-08-19T07:58:50.183679+00:00   INFO pegaflow_server::registry: registry.rs:217 IPC import timing: device_id=1 size_bytes=624427008 import_ms=4.51 (perf-t1)
2026-08-19T07:58:50.187604+00:00   INFO pegaflow_server::registry: registry.rs:217 IPC import timing: device_id=1 size_bytes=624427008 import_ms=3.40 (perf-t1)
2026-08-19T07:58:50.191330+00:00   INFO pegaflow_server::registry: registry.rs:217 IPC import timing: device_id=1 size_bytes=624427008 import_ms=3.13 (perf-t1)
2026-08-19T07:58:50.194873+00:00   INFO pegaflow_server::registry: registry.rs:217 IPC import timing: device_id=1 size_bytes=624427008 import_ms=3.00 (perf-t1)
2026-08-19T07:58:50.198525+00:00   INFO pegaflow_server::registry: registry.rs:217 IPC import timing: device_id=1 size_bytes=624427008 import_ms=3.13 (perf-t1)
2026-08-19T07:58:50.202212+00:00   INFO pegaflow_server::registry: registry.rs:217 IPC import timing: device_id=1 size_bytes=624427008 import_ms=3.12 (perf-t1)
2026-08-19T07:58:50.205858+00:00   INFO pegaflow_server::registry: registry.rs:217 IPC import timing: device_id=1 size_bytes=624427008 import_ms=3.13 (perf-t1)
2026-08-19T07:58:50.209543+00:00   INFO pegaflow_server::registry: registry.rs:217 IPC import timing: device_id=1 size_bytes=624427008 import_ms=3.16 (perf-t1)
2026-08-19T07:58:50.216466+00:00   INFO pegaflow_server::registry: registry.rs:217 IPC import timing: device_id=1 size_bytes=624427008 import_ms=6.37 (perf-t1)
2026-08-19T07:58:50.220192+00:00   INFO pegaflow_server::registry: registry.rs:217 IPC import timing: device_id=1 size_bytes=624427008 import_ms=3.20 (perf-t1)
2026-08-19T07:58:50.223891+00:00   INFO pegaflow_server::registry: registry.rs:217 IPC import timing: device_id=1 size_bytes=624427008 import_ms=3.16 (perf-t1)
2026-08-19T07:58:50.227531+00:00   INFO pegaflow_core::gpu_worker: gpu_worker.rs:338 GPU worker initialized: device=1 backend=ascend_batch device_id=1
2026-08-19T07:58:50.227899+00:00   INFO pegaflow_server::registry: registry.rs:217 IPC import timing: device_id=2 size_bytes=624427008 import_ms=3.24 (perf-t1)
2026-08-19T07:58:50.228082+00:00   INFO pegaflow_core::gpu_worker: gpu_worker.rs:338 GPU worker initialized: device=1 backend=ascend_batch device_id=1
2026-08-19T07:58:50.228267+00:00   INFO pegaflow_core::gpu_worker: gpu_worker.rs:200 GPU worker pool started: device=1, numa_node=NUMA0, transfer_mode=AscendDirect
2026-08-19T07:58:50.228993+00:00   INFO pegaflow_core::instance: instance.rs:706 Sealed instance topology: instance=951b6637-ed9d-4a76-a1b1-60950c22176b-cee77aa9f45646f58aeac38785fe620c, num_layers=72, tp_size=1, world_size=1, total_slots=72
2026-08-19T07:58:50.229057+00:00   INFO pegaflow_core::instance: instance.rs:719 Initialized GPU context: device_id=1, numa_node=NUMA0
2026-08-19T07:58:50.229092+00:00   INFO pegaflow_core: lib.rs:452 Registered context batch: instance=951b6637-ed9d-4a76-a1b1-60950c22176b-cee77aa9f45646f58aeac38785fe620c, namespace=perf-t5-c-iso-c3-1, device=1, layers=72, tp_rank=0/1, pp_rank=0
2026-08-19T07:58:50.231717+00:00   INFO pegaflow_server::registry: registry.rs:217 IPC import timing: device_id=2 size_bytes=624427008 import_ms=3.27 (perf-t1)
2026-08-19T07:58:50.235575+00:00   INFO pegaflow_server::registry: registry.rs:217 IPC import timing: device_id=2 size_bytes=624427008 import_ms=3.33 (perf-t1)
2026-08-19T07:58:50.239500+00:00   INFO pegaflow_server::registry: registry.rs:217 IPC import timing: device_id=2 size_bytes=624427008 import_ms=3.37 (perf-t1)
2026-08-19T07:58:50.243234+00:00   INFO pegaflow_server::registry: registry.rs:217 IPC import timing: device_id=2 size_bytes=624427008 import_ms=3.21 (perf-t1)
2026-08-19T07:58:50.246975+00:00   INFO pegaflow_server::registry: registry.rs:217 IPC import timing: device_id=2 size_bytes=624427008 import_ms=3.22 (perf-t1)
2026-08-19T07:58:50.250691+00:00   INFO pegaflow_server::registry: registry.rs:217 IPC import timing: device_id=2 size_bytes=624427008 import_ms=3.16 (perf-t1)
2026-08-19T07:58:50.257665+00:00   INFO pegaflow_server::registry: registry.rs:217 IPC import timing: device_id=2 size_bytes=624427008 import_ms=6.45 (perf-t1)
2026-08-19T07:58:50.261554+00:00   INFO pegaflow_server::registry: registry.rs:217 IPC import timing: device_id=2 size_bytes=624427008 import_ms=3.29 (perf-t1)
2026-08-19T07:58:50.265389+00:00   INFO pegaflow_server::registry: registry.rs:217 IPC import timing: device_id=2 size_bytes=624427008 import_ms=3.27 (perf-t1)
2026-08-19T07:58:50.269221+00:00   INFO pegaflow_server::registry: registry.rs:217 IPC import timing: device_id=2 size_bytes=624427008 import_ms=3.30 (perf-t1)
2026-08-19T07:58:50.273075+00:00   INFO pegaflow_server::registry: registry.rs:217 IPC import timing: device_id=2 size_bytes=624427008 import_ms=3.32 (perf-t1)
2026-08-19T07:58:50.276921+00:00   INFO pegaflow_server::registry: registry.rs:217 IPC import timing: device_id=2 size_bytes=624427008 import_ms=3.29 (perf-t1)
2026-08-19T07:58:50.280684+00:00   INFO pegaflow_server::registry: registry.rs:217 IPC import timing: device_id=2 size_bytes=624427008 import_ms=3.24 (perf-t1)
2026-08-19T07:58:50.284298+00:00   INFO pegaflow_server::registry: registry.rs:217 IPC import timing: device_id=2 size_bytes=624427008 import_ms=3.09 (perf-t1)
2026-08-19T07:58:50.288051+00:00   INFO pegaflow_server::registry: registry.rs:217 IPC import timing: device_id=2 size_bytes=624427008 import_ms=3.15 (perf-t1)
2026-08-19T07:58:50.294234+00:00   INFO pegaflow_server::registry: registry.rs:217 IPC import timing: device_id=2 size_bytes=624427008 import_ms=5.63 (perf-t1)
2026-08-19T07:58:50.298173+00:00   INFO pegaflow_server::registry: registry.rs:217 IPC import timing: device_id=2 size_bytes=624427008 import_ms=3.40 (perf-t1)
2026-08-19T07:58:50.301965+00:00   INFO pegaflow_server::registry: registry.rs:217 IPC import timing: device_id=2 size_bytes=624427008 import_ms=3.23 (perf-t1)
2026-08-19T07:58:50.305952+00:00   INFO pegaflow_server::registry: registry.rs:217 IPC import timing: device_id=2 size_bytes=624427008 import_ms=3.46 (perf-t1)
2026-08-19T07:58:50.309593+00:00   INFO pegaflow_server::registry: registry.rs:217 IPC import timing: device_id=2 size_bytes=624427008 import_ms=3.11 (perf-t1)
2026-08-19T07:58:50.314760+00:00   INFO pegaflow_server::registry: registry.rs:217 IPC import timing: device_id=2 size_bytes=624427008 import_ms=4.62 (perf-t1)
2026-08-19T07:58:50.318491+00:00   INFO pegaflow_server::registry: registry.rs:217 IPC import timing: device_id=2 size_bytes=624427008 import_ms=3.21 (perf-t1)
2026-08-19T07:58:50.322169+00:00   INFO pegaflow_server::registry: registry.rs:217 IPC import timing: device_id=2 size_bytes=624427008 import_ms=3.16 (perf-t1)
2026-08-19T07:58:50.325735+00:00   INFO pegaflow_server::registry: registry.rs:217 IPC import timing: device_id=2 size_bytes=624427008 import_ms=3.01 (perf-t1)
2026-08-19T07:58:50.329374+00:00   INFO pegaflow_server::registry: registry.rs:217 IPC import timing: device_id=2 size_bytes=624427008 import_ms=3.13 (perf-t1)
2026-08-19T07:58:50.332977+00:00   INFO pegaflow_server::registry: registry.rs:217 IPC import timing: device_id=2 size_bytes=624427008 import_ms=3.09 (perf-t1)
2026-08-19T07:58:50.336650+00:00   INFO pegaflow_server::registry: registry.rs:217 IPC import timing: device_id=2 size_bytes=624427008 import_ms=3.12 (perf-t1)
2026-08-19T07:58:50.340407+00:00   INFO pegaflow_server::registry: registry.rs:217 IPC import timing: device_id=2 size_bytes=624427008 import_ms=3.24 (perf-t1)
2026-08-19T07:58:50.345204+00:00   INFO pegaflow_server::registry: registry.rs:217 IPC import timing: device_id=2 size_bytes=624427008 import_ms=4.25 (perf-t1)
2026-08-19T07:58:50.349111+00:00   INFO pegaflow_server::registry: registry.rs:217 IPC import timing: device_id=2 size_bytes=624427008 import_ms=3.36 (perf-t1)
2026-08-19T07:58:50.352687+00:00   INFO pegaflow_server::registry: registry.rs:217 IPC import timing: device_id=2 size_bytes=624427008 import_ms=3.06 (perf-t1)
2026-08-19T07:58:50.357230+00:00   INFO pegaflow_server::registry: registry.rs:217 IPC import timing: device_id=2 size_bytes=624427008 import_ms=4.02 (perf-t1)
2026-08-19T07:58:50.360913+00:00   INFO pegaflow_server::registry: registry.rs:217 IPC import timing: device_id=2 size_bytes=624427008 import_ms=3.13 (perf-t1)
2026-08-19T07:58:50.364648+00:00   INFO pegaflow_server::registry: registry.rs:217 IPC import timing: device_id=2 size_bytes=624427008 import_ms=3.22 (perf-t1)
2026-08-19T07:58:50.368505+00:00   INFO pegaflow_server::registry: registry.rs:217 IPC import timing: device_id=2 size_bytes=624427008 import_ms=3.13 (perf-t1)
2026-08-19T07:58:50.372184+00:00   INFO pegaflow_server::registry: registry.rs:217 IPC import timing: device_id=2 size_bytes=624427008 import_ms=3.13 (perf-t1)
2026-08-19T07:58:50.375781+00:00   INFO pegaflow_server::registry: registry.rs:217 IPC import timing: device_id=2 size_bytes=624427008 import_ms=3.08 (perf-t1)
2026-08-19T07:58:50.379445+00:00   INFO pegaflow_server::registry: registry.rs:217 IPC import timing: device_id=2 size_bytes=624427008 import_ms=3.14 (perf-t1)
2026-08-19T07:58:50.383173+00:00   INFO pegaflow_server::registry: registry.rs:217 IPC import timing: device_id=2 size_bytes=624427008 import_ms=3.19 (perf-t1)
2026-08-19T07:58:50.386812+00:00   INFO pegaflow_server::registry: registry.rs:217 IPC import timing: device_id=2 size_bytes=624427008 import_ms=3.12 (perf-t1)
2026-08-19T07:58:50.390667+00:00   INFO pegaflow_server::registry: registry.rs:217 IPC import timing: device_id=2 size_bytes=624427008 import_ms=3.34 (perf-t1)
2026-08-19T07:58:50.394422+00:00   INFO pegaflow_server::registry: registry.rs:217 IPC import timing: device_id=2 size_bytes=624427008 import_ms=3.16 (perf-t1)
2026-08-19T07:58:50.398134+00:00   INFO pegaflow_server::registry: registry.rs:217 IPC import timing: device_id=2 size_bytes=624427008 import_ms=3.17 (perf-t1)
2026-08-19T07:58:50.401845+00:00   INFO pegaflow_server::registry: registry.rs:217 IPC import timing: device_id=2 size_bytes=624427008 import_ms=3.19 (perf-t1)
2026-08-19T07:58:50.406785+00:00   INFO pegaflow_server::registry: registry.rs:217 IPC import timing: device_id=2 size_bytes=624427008 import_ms=4.40 (perf-t1)
2026-08-19T07:58:50.410509+00:00   INFO pegaflow_server::registry: registry.rs:217 IPC import timing: device_id=2 size_bytes=624427008 import_ms=3.21 (perf-t1)
2026-08-19T07:58:50.414211+00:00   INFO pegaflow_server::registry: registry.rs:217 IPC import timing: device_id=2 size_bytes=624427008 import_ms=3.19 (perf-t1)
2026-08-19T07:58:50.418302+00:00   INFO pegaflow_server::registry: registry.rs:217 IPC import timing: device_id=2 size_bytes=624427008 import_ms=3.55 (perf-t1)
2026-08-19T07:58:50.421987+00:00   INFO pegaflow_server::registry: registry.rs:217 IPC import timing: device_id=2 size_bytes=624427008 import_ms=3.13 (perf-t1)
2026-08-19T07:58:50.425586+00:00   INFO pegaflow_server::registry: registry.rs:217 IPC import timing: device_id=2 size_bytes=624427008 import_ms=3.09 (perf-t1)
2026-08-19T07:58:50.429094+00:00   INFO pegaflow_server::registry: registry.rs:217 IPC import timing: device_id=2 size_bytes=624427008 import_ms=3.00 (perf-t1)
2026-08-19T07:58:50.432760+00:00   INFO pegaflow_server::registry: registry.rs:217 IPC import timing: device_id=2 size_bytes=624427008 import_ms=3.12 (perf-t1)
2026-08-19T07:58:50.436377+00:00   INFO pegaflow_server::registry: registry.rs:217 IPC import timing: device_id=2 size_bytes=624427008 import_ms=3.10 (perf-t1)
2026-08-19T07:58:50.440134+00:00   INFO pegaflow_server::registry: registry.rs:217 IPC import timing: device_id=2 size_bytes=624427008 import_ms=3.25 (perf-t1)
2026-08-19T07:58:50.443711+00:00   INFO pegaflow_server::registry: registry.rs:217 IPC import timing: device_id=2 size_bytes=624427008 import_ms=3.02 (perf-t1)
2026-08-19T07:58:50.447395+00:00   INFO pegaflow_server::registry: registry.rs:217 IPC import timing: device_id=2 size_bytes=624427008 import_ms=3.17 (perf-t1)
2026-08-19T07:58:50.451098+00:00   INFO pegaflow_server::registry: registry.rs:217 IPC import timing: device_id=2 size_bytes=624427008 import_ms=3.11 (perf-t1)
2026-08-19T07:58:50.457789+00:00   INFO pegaflow_server::registry: registry.rs:217 IPC import timing: device_id=2 size_bytes=624427008 import_ms=6.15 (perf-t1)
2026-08-19T07:58:50.461590+00:00   INFO pegaflow_server::registry: registry.rs:217 IPC import timing: device_id=2 size_bytes=624427008 import_ms=3.28 (perf-t1)
2026-08-19T07:58:50.465186+00:00   INFO pegaflow_server::registry: registry.rs:217 IPC import timing: device_id=2 size_bytes=624427008 import_ms=3.08 (perf-t1)
2026-08-19T07:58:50.470184+00:00   INFO pegaflow_server::registry: registry.rs:217 IPC import timing: device_id=2 size_bytes=624427008 import_ms=4.44 (perf-t1)
2026-08-19T07:58:50.474080+00:00   INFO pegaflow_server::registry: registry.rs:217 IPC import timing: device_id=2 size_bytes=624427008 import_ms=3.37 (perf-t1)
2026-08-19T07:58:50.477760+00:00   INFO pegaflow_server::registry: registry.rs:217 IPC import timing: device_id=2 size_bytes=624427008 import_ms=3.16 (perf-t1)
2026-08-19T07:58:50.481342+00:00   INFO pegaflow_server::registry: registry.rs:217 IPC import timing: device_id=2 size_bytes=624427008 import_ms=3.03 (perf-t1)
2026-08-19T07:58:50.489697+00:00   INFO pegaflow_server::registry: registry.rs:217 IPC import timing: device_id=2 size_bytes=624427008 import_ms=7.83 (perf-t1)
2026-08-19T07:58:50.494206+00:00   INFO pegaflow_server::registry: registry.rs:217 IPC import timing: device_id=2 size_bytes=624427008 import_ms=4.00 (perf-t1)
2026-08-19T07:58:50.503349+00:00   INFO pegaflow_server::registry: registry.rs:217 IPC import timing: device_id=2 size_bytes=624427008 import_ms=8.60 (perf-t1)
2026-08-19T07:58:50.507018+00:00   INFO pegaflow_server::registry: registry.rs:217 IPC import timing: device_id=2 size_bytes=624427008 import_ms=3.15 (perf-t1)
2026-08-19T07:58:50.510665+00:00   INFO pegaflow_server::registry: registry.rs:217 IPC import timing: device_id=2 size_bytes=624427008 import_ms=3.13 (perf-t1)
2026-08-19T07:58:50.515069+00:00   INFO pegaflow_server::registry: registry.rs:217 IPC import timing: device_id=2 size_bytes=624427008 import_ms=3.86 (perf-t1)
2026-08-19T07:58:50.518749+00:00   INFO pegaflow_server::registry: registry.rs:217 IPC import timing: device_id=2 size_bytes=624427008 import_ms=3.17 (perf-t1)
2026-08-19T07:58:50.522706+00:00   INFO pegaflow_server::registry: registry.rs:217 IPC import timing: device_id=0 size_bytes=624427008 import_ms=3.24 (perf-t1)
2026-08-19T07:58:50.522943+00:00   INFO pegaflow_core::gpu_worker: gpu_worker.rs:338 GPU worker initialized: device=2 backend=ascend_batch device_id=2
2026-08-19T07:58:50.523333+00:00   INFO pegaflow_core::gpu_worker: gpu_worker.rs:338 GPU worker initialized: device=2 backend=ascend_batch device_id=2
2026-08-19T07:58:50.523560+00:00   INFO pegaflow_core::gpu_worker: gpu_worker.rs:200 GPU worker pool started: device=2, numa_node=NUMA6, transfer_mode=AscendDirect
2026-08-19T07:58:50.524206+00:00   INFO pegaflow_core::instance: instance.rs:706 Sealed instance topology: instance=e7f09bbe-4e70-4870-b58c-9a0d5e1bf56b-81a5d6349b9c43959edaa432ee38696a, num_layers=72, tp_size=1, world_size=1, total_slots=72
2026-08-19T07:58:50.524255+00:00   INFO pegaflow_core::instance: instance.rs:719 Initialized GPU context: device_id=2, numa_node=NUMA6
2026-08-19T07:58:50.524282+00:00   INFO pegaflow_core: lib.rs:452 Registered context batch: instance=e7f09bbe-4e70-4870-b58c-9a0d5e1bf56b-81a5d6349b9c43959edaa432ee38696a, namespace=perf-t5-c-iso-c3-2, device=2, layers=72, tp_rank=0/1, pp_rank=0
2026-08-19T07:58:50.526555+00:00   INFO pegaflow_server::registry: registry.rs:217 IPC import timing: device_id=0 size_bytes=624427008 import_ms=3.28 (perf-t1)
2026-08-19T07:58:50.530542+00:00   INFO pegaflow_server::registry: registry.rs:217 IPC import timing: device_id=0 size_bytes=624427008 import_ms=3.44 (perf-t1)
2026-08-19T07:58:50.534347+00:00   INFO pegaflow_server::registry: registry.rs:217 IPC import timing: device_id=0 size_bytes=624427008 import_ms=3.28 (perf-t1)
2026-08-19T07:58:50.538258+00:00   INFO pegaflow_server::registry: registry.rs:217 IPC import timing: device_id=0 size_bytes=624427008 import_ms=3.36 (perf-t1)
2026-08-19T07:58:50.542081+00:00   INFO pegaflow_server::registry: registry.rs:217 IPC import timing: device_id=0 size_bytes=624427008 import_ms=3.31 (perf-t1)
2026-08-19T07:58:50.545710+00:00   INFO pegaflow_server::registry: registry.rs:217 IPC import timing: device_id=0 size_bytes=624427008 import_ms=3.12 (perf-t1)
2026-08-19T07:58:50.549657+00:00   INFO pegaflow_server::registry: registry.rs:217 IPC import timing: device_id=0 size_bytes=624427008 import_ms=3.42 (perf-t1)
2026-08-19T07:58:50.553702+00:00   INFO pegaflow_server::registry: registry.rs:217 IPC import timing: device_id=0 size_bytes=624427008 import_ms=3.51 (perf-t1)
2026-08-19T07:58:50.557458+00:00   INFO pegaflow_server::registry: registry.rs:217 IPC import timing: device_id=0 size_bytes=624427008 import_ms=3.20 (perf-t1)
2026-08-19T07:58:50.561172+00:00   INFO pegaflow_server::registry: registry.rs:217 IPC import timing: device_id=0 size_bytes=624427008 import_ms=3.17 (perf-t1)
2026-08-19T07:58:50.564976+00:00   INFO pegaflow_server::registry: registry.rs:217 IPC import timing: device_id=0 size_bytes=624427008 import_ms=3.29 (perf-t1)
2026-08-19T07:58:50.568747+00:00   INFO pegaflow_server::registry: registry.rs:217 IPC import timing: device_id=0 size_bytes=624427008 import_ms=3.27 (perf-t1)
2026-08-19T07:58:50.572448+00:00   INFO pegaflow_server::registry: registry.rs:217 IPC import timing: device_id=0 size_bytes=624427008 import_ms=3.16 (perf-t1)
2026-08-19T07:58:50.576058+00:00   INFO pegaflow_server::registry: registry.rs:217 IPC import timing: device_id=0 size_bytes=624427008 import_ms=3.11 (perf-t1)
2026-08-19T07:58:50.579633+00:00   INFO pegaflow_server::registry: registry.rs:217 IPC import timing: device_id=0 size_bytes=624427008 import_ms=3.02 (perf-t1)
2026-08-19T07:58:50.583287+00:00   INFO pegaflow_server::registry: registry.rs:217 IPC import timing: device_id=0 size_bytes=624427008 import_ms=3.12 (perf-t1)
2026-08-19T07:58:50.586905+00:00   INFO pegaflow_server::registry: registry.rs:217 IPC import timing: device_id=0 size_bytes=624427008 import_ms=3.11 (perf-t1)
2026-08-19T07:58:50.590539+00:00   INFO pegaflow_server::registry: registry.rs:217 IPC import timing: device_id=0 size_bytes=624427008 import_ms=3.12 (perf-t1)
2026-08-19T07:58:50.594244+00:00   INFO pegaflow_server::registry: registry.rs:217 IPC import timing: device_id=0 size_bytes=624427008 import_ms=3.10 (perf-t1)
2026-08-19T07:58:50.597815+00:00   INFO pegaflow_server::registry: registry.rs:217 IPC import timing: device_id=0 size_bytes=624427008 import_ms=3.04 (perf-t1)
2026-08-19T07:58:50.601421+00:00   INFO pegaflow_server::registry: registry.rs:217 IPC import timing: device_id=0 size_bytes=624427008 import_ms=3.09 (perf-t1)
2026-08-19T07:58:50.605080+00:00   INFO pegaflow_server::registry: registry.rs:217 IPC import timing: device_id=0 size_bytes=624427008 import_ms=3.11 (perf-t1)
2026-08-19T07:58:50.608730+00:00   INFO pegaflow_server::registry: registry.rs:217 IPC import timing: device_id=0 size_bytes=624427008 import_ms=3.13 (perf-t1)
2026-08-19T07:58:50.612387+00:00   INFO pegaflow_server::registry: registry.rs:217 IPC import timing: device_id=0 size_bytes=624427008 import_ms=3.12 (perf-t1)
2026-08-19T07:58:50.617378+00:00   INFO pegaflow_server::registry: registry.rs:217 IPC import timing: device_id=0 size_bytes=624427008 import_ms=4.44 (perf-t1)
2026-08-19T07:58:50.621029+00:00   INFO pegaflow_server::registry: registry.rs:217 IPC import timing: device_id=0 size_bytes=624427008 import_ms=3.14 (perf-t1)
2026-08-19T07:58:50.624651+00:00   INFO pegaflow_server::registry: registry.rs:217 IPC import timing: device_id=0 size_bytes=624427008 import_ms=3.11 (perf-t1)
2026-08-19T07:58:50.628308+00:00   INFO pegaflow_server::registry: registry.rs:217 IPC import timing: device_id=0 size_bytes=624427008 import_ms=3.12 (perf-t1)
2026-08-19T07:58:50.631954+00:00   INFO pegaflow_server::registry: registry.rs:217 IPC import timing: device_id=0 size_bytes=624427008 import_ms=3.07 (perf-t1)
2026-08-19T07:58:50.635618+00:00   INFO pegaflow_server::registry: registry.rs:217 IPC import timing: device_id=0 size_bytes=624427008 import_ms=3.13 (perf-t1)
2026-08-19T07:58:50.639238+00:00   INFO pegaflow_server::registry: registry.rs:217 IPC import timing: device_id=0 size_bytes=624427008 import_ms=3.08 (perf-t1)
2026-08-19T07:58:50.642901+00:00   INFO pegaflow_server::registry: registry.rs:217 IPC import timing: device_id=0 size_bytes=624427008 import_ms=3.16 (perf-t1)
2026-08-19T07:58:50.646467+00:00   INFO pegaflow_server::registry: registry.rs:217 IPC import timing: device_id=0 size_bytes=624427008 import_ms=3.04 (perf-t1)
2026-08-19T07:58:50.650082+00:00   INFO pegaflow_server::registry: registry.rs:217 IPC import timing: device_id=0 size_bytes=624427008 import_ms=3.08 (perf-t1)
2026-08-19T07:58:50.653977+00:00   INFO pegaflow_server::registry: registry.rs:217 IPC import timing: device_id=0 size_bytes=624427008 import_ms=3.39 (perf-t1)
2026-08-19T07:58:50.662679+00:00   INFO pegaflow_server::registry: registry.rs:217 IPC import timing: device_id=0 size_bytes=624427008 import_ms=8.20 (perf-t1)
2026-08-19T07:58:50.668975+00:00   INFO pegaflow_server::registry: registry.rs:217 IPC import timing: device_id=0 size_bytes=624427008 import_ms=5.75 (perf-t1)
2026-08-19T07:58:50.672623+00:00   INFO pegaflow_server::registry: registry.rs:217 IPC import timing: device_id=0 size_bytes=624427008 import_ms=3.13 (perf-t1)
2026-08-19T07:58:50.676283+00:00   INFO pegaflow_server::registry: registry.rs:217 IPC import timing: device_id=0 size_bytes=624427008 import_ms=3.15 (perf-t1)
2026-08-19T07:58:50.680156+00:00   INFO pegaflow_server::registry: registry.rs:217 IPC import timing: device_id=0 size_bytes=624427008 import_ms=3.32 (perf-t1)
2026-08-19T07:58:50.683976+00:00   INFO pegaflow_server::registry: registry.rs:217 IPC import timing: device_id=0 size_bytes=624427008 import_ms=3.25 (perf-t1)
2026-08-19T07:58:50.687525+00:00   INFO pegaflow_server::registry: registry.rs:217 IPC import timing: device_id=0 size_bytes=624427008 import_ms=3.02 (perf-t1)
2026-08-19T07:58:50.691182+00:00   INFO pegaflow_server::registry: registry.rs:217 IPC import timing: device_id=0 size_bytes=624427008 import_ms=3.10 (perf-t1)
2026-08-19T07:58:50.694813+00:00   INFO pegaflow_server::registry: registry.rs:217 IPC import timing: device_id=0 size_bytes=624427008 import_ms=3.12 (perf-t1)
2026-08-19T07:58:50.699611+00:00   INFO pegaflow_server::registry: registry.rs:217 IPC import timing: device_id=0 size_bytes=624427008 import_ms=4.27 (perf-t1)
2026-08-19T07:58:50.704652+00:00   INFO pegaflow_server::registry: registry.rs:217 IPC import timing: device_id=0 size_bytes=624427008 import_ms=4.54 (perf-t1)
2026-08-19T07:58:50.708796+00:00   INFO pegaflow_server::registry: registry.rs:217 IPC import timing: device_id=0 size_bytes=624427008 import_ms=3.59 (perf-t1)
2026-08-19T07:58:50.714908+00:00   INFO pegaflow_server::registry: registry.rs:217 IPC import timing: device_id=0 size_bytes=624427008 import_ms=5.60 (perf-t1)
2026-08-19T07:58:50.718502+00:00   INFO pegaflow_server::registry: registry.rs:217 IPC import timing: device_id=0 size_bytes=624427008 import_ms=3.09 (perf-t1)
2026-08-19T07:58:50.722152+00:00   INFO pegaflow_server::registry: registry.rs:217 IPC import timing: device_id=0 size_bytes=624427008 import_ms=3.10 (perf-t1)
2026-08-19T07:58:50.725719+00:00   INFO pegaflow_server::registry: registry.rs:217 IPC import timing: device_id=0 size_bytes=624427008 import_ms=3.04 (perf-t1)
2026-08-19T07:58:50.729365+00:00   INFO pegaflow_server::registry: registry.rs:217 IPC import timing: device_id=0 size_bytes=624427008 import_ms=3.14 (perf-t1)
2026-08-19T07:58:50.733138+00:00   INFO pegaflow_server::registry: registry.rs:217 IPC import timing: device_id=0 size_bytes=624427008 import_ms=3.21 (perf-t1)
2026-08-19T07:58:50.736768+00:00   INFO pegaflow_server::registry: registry.rs:217 IPC import timing: device_id=0 size_bytes=624427008 import_ms=3.11 (perf-t1)
2026-08-19T07:58:50.740344+00:00   INFO pegaflow_server::registry: registry.rs:217 IPC import timing: device_id=0 size_bytes=624427008 import_ms=3.05 (perf-t1)
2026-08-19T07:58:50.744017+00:00   INFO pegaflow_server::registry: registry.rs:217 IPC import timing: device_id=0 size_bytes=624427008 import_ms=3.13 (perf-t1)
2026-08-19T07:58:50.747734+00:00   INFO pegaflow_server::registry: registry.rs:217 IPC import timing: device_id=0 size_bytes=624427008 import_ms=3.09 (perf-t1)
2026-08-19T07:58:50.751379+00:00   INFO pegaflow_server::registry: registry.rs:217 IPC import timing: device_id=0 size_bytes=624427008 import_ms=3.13 (perf-t1)
2026-08-19T07:58:50.755167+00:00   INFO pegaflow_server::registry: registry.rs:217 IPC import timing: device_id=0 size_bytes=624427008 import_ms=3.24 (perf-t1)
2026-08-19T07:58:50.758712+00:00   INFO pegaflow_server::registry: registry.rs:217 IPC import timing: device_id=0 size_bytes=624427008 import_ms=3.02 (perf-t1)
2026-08-19T07:58:50.763831+00:00   INFO pegaflow_server::registry: registry.rs:217 IPC import timing: device_id=0 size_bytes=624427008 import_ms=4.61 (perf-t1)
2026-08-19T07:58:50.767782+00:00   INFO pegaflow_server::registry: registry.rs:217 IPC import timing: device_id=0 size_bytes=624427008 import_ms=3.38 (perf-t1)
2026-08-19T07:58:50.771394+00:00   INFO pegaflow_server::registry: registry.rs:217 IPC import timing: device_id=0 size_bytes=624427008 import_ms=3.10 (perf-t1)
2026-08-19T07:58:50.774891+00:00   INFO pegaflow_server::registry: registry.rs:217 IPC import timing: device_id=0 size_bytes=624427008 import_ms=2.99 (perf-t1)
2026-08-19T07:58:50.778610+00:00   INFO pegaflow_server::registry: registry.rs:217 IPC import timing: device_id=0 size_bytes=624427008 import_ms=3.18 (perf-t1)
2026-08-19T07:58:50.782207+00:00   INFO pegaflow_server::registry: registry.rs:217 IPC import timing: device_id=0 size_bytes=624427008 import_ms=3.08 (perf-t1)
2026-08-19T07:58:50.785821+00:00   INFO pegaflow_server::registry: registry.rs:217 IPC import timing: device_id=0 size_bytes=624427008 import_ms=3.10 (perf-t1)
2026-08-19T07:58:50.789450+00:00   INFO pegaflow_server::registry: registry.rs:217 IPC import timing: device_id=0 size_bytes=624427008 import_ms=3.09 (perf-t1)
2026-08-19T07:58:50.810229+00:00   INFO pegaflow_server::registry: registry.rs:217 IPC import timing: device_id=0 size_bytes=624427008 import_ms=20.22 (perf-t1)
2026-08-19T07:58:50.820175+00:00   INFO pegaflow_server::registry: registry.rs:217 IPC import timing: device_id=0 size_bytes=624427008 import_ms=9.41 (perf-t1)
2026-08-19T07:58:50.824396+00:00   INFO pegaflow_server::registry: registry.rs:217 IPC import timing: device_id=0 size_bytes=624427008 import_ms=3.64 (perf-t1)
2026-08-19T07:58:50.827726+00:00   INFO pegaflow_core::gpu_worker: gpu_worker.rs:338 GPU worker initialized: device=0 backend=ascend_batch device_id=0
2026-08-19T07:58:50.828090+00:00   INFO pegaflow_core::gpu_worker: gpu_worker.rs:338 GPU worker initialized: device=0 backend=ascend_batch device_id=0
2026-08-19T07:58:50.828266+00:00   INFO pegaflow_core::gpu_worker: gpu_worker.rs:200 GPU worker pool started: device=0, numa_node=NUMA6, transfer_mode=AscendDirect
2026-08-19T07:58:50.828915+00:00   INFO pegaflow_core::instance: instance.rs:706 Sealed instance topology: instance=c579d5bc-c104-47b9-9977-43df4b84db08-9f0f5cfd83f24a5094c449b84a0b3cbc, num_layers=72, tp_size=1, world_size=1, total_slots=72
2026-08-19T07:58:50.828974+00:00   INFO pegaflow_core::instance: instance.rs:719 Initialized GPU context: device_id=0, numa_node=NUMA6
2026-08-19T07:58:50.829008+00:00   INFO pegaflow_core: lib.rs:452 Registered context batch: instance=c579d5bc-c104-47b9-9977-43df4b84db08-9f0f5cfd83f24a5094c449b84a0b3cbc, namespace=perf-t5-c-iso-c3-0, device=0, layers=72, tp_rank=0/1, pp_rank=0
2026-08-19T07:59:07.591215+00:00   INFO pegaflow_server::service: service.rs:931 Session opened: instance_id=951b6637-ed9d-4a76-a1b1-60950c22176b-cee77aa9f45646f58aeac38785fe620c namespace=perf-t5-c-iso-c3-1 tp_size=1 world_size=1 token=1
2026-08-19T07:59:13.841044+00:00   INFO pegaflow_server::service: service.rs:931 Session opened: instance_id=c579d5bc-c104-47b9-9977-43df4b84db08-9f0f5cfd83f24a5094c449b84a0b3cbc namespace=perf-t5-c-iso-c3-0 tp_size=1 world_size=1 token=2
2026-08-19T07:59:16.976064+00:00   INFO pegaflow_server::service: service.rs:931 Session opened: instance_id=e7f09bbe-4e70-4870-b58c-9a0d5e1bf56b-81a5d6349b9c43959edaa432ee38696a namespace=perf-t5-c-iso-c3-2 tp_size=1 world_size=1 token=3
2026-08-19T07:59:17.262031+00:00   INFO pegaflow_server::service: service.rs:931 Session opened: instance_id=5cfe0b34-b71a-46e3-ab53-8fe2f08c3d52-daec1047016b40c394785e4c1d29be95 namespace=perf-t5-c-iso-c3-3 tp_size=1 world_size=1 token=4
2026-08-19T07:59:24.479414+00:00   INFO pegaflow_core::storage::prefetch: prefetch.rs:316 Prefetch local-hit timing: req_id=cmpl-perf-86810e1d97e3-0-ae7be55d total_keys=76 hit=0 missing=76 key_build=52.7µs cache_scan=21.629µs task_schedule=6.18µs total=161.638µs
2026-08-19T07:59:58.322036+00:00   INFO pegaflow_core::storage::prefetch: prefetch.rs:316 Prefetch local-hit timing: req_id=cmpl-perf-c76d3be5ec4d-0-bbeb7e2c total_keys=76 hit=0 missing=76 key_build=49.49µs cache_scan=14.27µs task_schedule=6.28µs total=93.89µs
2026-08-19T08:00:00.884149+00:00   INFO pegaflow_core::storage::prefetch: prefetch.rs:316 Prefetch local-hit timing: req_id=cmpl-perf-a3ecfb489333-0-8b429a25 total_keys=76 hit=0 missing=76 key_build=44.86µs cache_scan=18.89µs task_schedule=6.3µs total=96.079µs
2026-08-19T08:00:03.446553+00:00   INFO pegaflow_core::storage::prefetch: prefetch.rs:316 Prefetch local-hit timing: req_id=cmpl-perf-79e7c612dd6f-0-b6af9253 total_keys=76 hit=0 missing=76 key_build=43.459µs cache_scan=19.34µs task_schedule=6.49µs total=96.379µs
2026-08-19T08:00:13.053268+00:00   INFO pegaflow_core::storage::prefetch: prefetch.rs:316 Prefetch local-hit timing: req_id=cmpl-perf-7f52fe70ac98-0-b8191678 total_keys=1 hit=0 missing=1 key_build=8.39µs cache_scan=18.14µs task_schedule=6.28µs total=58.76µs
2026-08-19T08:00:14.824908+00:00   INFO pegaflow_core::storage::prefetch: prefetch.rs:316 Prefetch local-hit timing: req_id=cmpl-perf-5ec54345d6d7-0-8c1f655d total_keys=1 hit=0 missing=1 key_build=9.299µs cache_scan=20.08µs task_schedule=6.76µs total=64.719µs
2026-08-19T08:00:16.595279+00:00   INFO pegaflow_core::storage::prefetch: prefetch.rs:316 Prefetch local-hit timing: req_id=cmpl-perf-f0bef0a6ad5f-0-9cb17a1b total_keys=1 hit=0 missing=1 key_build=9.52µs cache_scan=20.75µs task_schedule=6.34µs total=64.33µs
2026-08-19T08:00:18.374155+00:00   INFO pegaflow_core::storage::prefetch: prefetch.rs:316 Prefetch local-hit timing: req_id=cmpl-perf-f0d784c4f630-0-9d30e05d total_keys=1 hit=0 missing=1 key_build=7.06µs cache_scan=11.33µs task_schedule=4.66µs total=40.52µs
2026-08-19T08:00:23.199427+00:00   INFO pegaflow_server::service: service.rs:955 Session closed: instance_id=951b6637-ed9d-4a76-a1b1-60950c22176b-cee77aa9f45646f58aeac38785fe620c token=1 — running cleanup
2026-08-19T08:00:23.842943+00:00   INFO pegaflow_server::service: service.rs:59 Session cleanup (stream closed): dropped 72 device tensors for instance 951b6637-ed9d-4a76-a1b1-60950c22176b-cee77aa9f45646f58aeac38785fe620c
2026-08-19T08:00:23.843190+00:00   INFO pegaflow_core: lib.rs:471 Unregistered instance: 951b6637-ed9d-4a76-a1b1-60950c22176b-cee77aa9f45646f58aeac38785fe620c
2026-08-19T08:00:24.515262+00:00   INFO pegaflow_server::service: service.rs:955 Session closed: instance_id=c579d5bc-c104-47b9-9977-43df4b84db08-9f0f5cfd83f24a5094c449b84a0b3cbc token=2 — running cleanup
2026-08-19T08:00:25.112895+00:00   INFO pegaflow_core: lib.rs:471 Unregistered instance: c579d5bc-c104-47b9-9977-43df4b84db08-9f0f5cfd83f24a5094c449b84a0b3cbc
2026-08-19T08:00:25.930378+00:00   INFO pegaflow_server::service: service.rs:955 Session closed: instance_id=e7f09bbe-4e70-4870-b58c-9a0d5e1bf56b-81a5d6349b9c43959edaa432ee38696a token=3 — running cleanup
2026-08-19T08:00:26.551001+00:00   INFO pegaflow_core: lib.rs:471 Unregistered instance: e7f09bbe-4e70-4870-b58c-9a0d5e1bf56b-81a5d6349b9c43959edaa432ee38696a
2026-08-19T08:00:27.144860+00:00   INFO pegaflow_server::service: service.rs:955 Session closed: instance_id=5cfe0b34-b71a-46e3-ab53-8fe2f08c3d52-daec1047016b40c394785e4c1d29be95 token=4 — running cleanup
2026-08-19T08:00:27.856845+00:00   INFO pegaflow_server::service: service.rs:59 Session cleanup (stream closed): dropped 72 device tensors for instance 5cfe0b34-b71a-46e3-ab53-8fe2f08c3d52-daec1047016b40c394785e4c1d29be95
2026-08-19T08:00:27.857074+00:00   INFO pegaflow_core: lib.rs:471 Unregistered instance: 5cfe0b34-b71a-46e3-ab53-8fe2f08c3d52-daec1047016b40c394785e4c1d29be95
